training q vs greedy: 30000 games, alpha 0.2, epsilon 0.2 -> 0.02, reward margin; alpha_end 0.02, lam 0.98, average 100
(best checkpoint kept by margin vs greedy; play it as linear:runs\linear\pass8\p8a_q_lam98_greedy_decay_s3.json@best)
live: runs\linear\pass8\p8a_q_lam98_greedy_decay_s3.json rewritten every 500 games (watch with ttr-dash --live runs\linear\pass8\p8a_q_lam98_greedy_decay_s3.json)
   500 games  eps 0.110  train win 0.00 margin -154.1  |td| 0.043  eval vs random win 1.00 (+128.2)  vs greedy win 0.00 (-92.8)  [30s]
  1000 games  eps 0.020  train win 0.00 margin -102.2  |td| 0.022  eval vs random win 0.99 (+115.3)  vs greedy win 0.00 (-97.2)  [60s]
  1500 games  eps 0.020  train win 0.00 margin -119.3  |td| 0.026  eval vs random win 0.96 (+103.0)  vs greedy win 0.00 (-111.9)  [102s]
  2000 games  eps 0.020  train win 0.00 margin -119.0  |td| 0.018  eval vs random win 0.93 (+85.8)  vs greedy win 0.00 (-118.2)  [143s]
  2500 games  eps 0.020  train win 0.00 margin -117.7  |td| 0.019  eval vs random win 0.93 (+90.4)  vs greedy win 0.00 (-124.3)  [185s]
  3000 games  eps 0.020  train win 0.00 margin -116.5  |td| 0.016  eval vs random win 0.98 (+116.0)  vs greedy win 0.00 (-105.1)  [228s]
  3500 games  eps 0.020  train win 0.00 margin  -95.4  |td| 0.025  eval vs random win 1.00 (+128.2)  vs greedy win 0.00 (-60.4)  [271s]
  4000 games  eps 0.020  train win 0.10 margin  -41.7  |td| 0.025  eval vs random win 1.00 (+127.9)  vs greedy win 0.28 (-20.5)  [316s]
  4500 games  eps 0.020  train win 0.26 margin  -20.9  |td| 0.024  eval vs random win 1.00 (+143.4)  vs greedy win 0.38 (-12.9)  [358s]
  5000 games  eps 0.020  train win 0.34 margin  -14.3  |td| 0.026  eval vs random win 1.00 (+125.3)  vs greedy win 0.51 (-2.5)  [399s]
  5500 games  eps 0.020  train win 0.39 margin   -7.6  |td| 0.025  eval vs random win 1.00 (+127.8)  vs greedy win 0.44 (-4.2)  [439s]
  6000 games  eps 0.020  train win 0.41 margin   -7.2  |td| 0.023  eval vs random win 1.00 (+134.4)  vs greedy win 0.40 (-5.2)  [480s]
  6500 games  eps 0.020  train win 0.46 margin   -3.7  |td| 0.023  eval vs random win 1.00 (+139.5)  vs greedy win 0.57 (+4.5)  [519s]
  7000 games  eps 0.020  train win 0.42 margin  -11.0  |td| 0.024  eval vs random win 1.00 (+128.5)  vs greedy win 0.56 (+2.9)  [559s]
  7500 games  eps 0.020  train win 0.50 margin   -0.4  |td| 0.022  eval vs random win 1.00 (+141.9)  vs greedy win 0.62 (+10.9)  [599s]
  8000 games  eps 0.020  train win 0.44 margin   -2.1  |td| 0.021  eval vs random win 1.00 (+154.3)  vs greedy win 0.55 (+8.7)  [637s]
  8500 games  eps 0.020  train win 0.55 margin   +3.2  |td| 0.021  eval vs random win 1.00 (+145.2)  vs greedy win 0.66 (+11.2)  [676s]
  9000 games  eps 0.020  train win 0.50 margin   +2.6  |td| 0.020  eval vs random win 1.00 (+145.7)  vs greedy win 0.63 (+9.0)  [714s]
  9500 games  eps 0.020  train win 0.55 margin   -0.1  |td| 0.021  eval vs random win 1.00 (+136.2)  vs greedy win 0.52 (+1.9)  [752s]
 10000 games  eps 0.020  train win 0.49 margin   -2.0  |td| 0.021  eval vs random win 1.00 (+136.8)  vs greedy win 0.59 (+7.0)  [790s]
 10500 games  eps 0.020  train win 0.54 margin   +1.9  |td| 0.020  eval vs random win 1.00 (+145.9)  vs greedy win 0.64 (+9.3)  [827s]
 11000 games  eps 0.020  train win 0.52 margin   +0.1  |td| 0.023  eval vs random win 1.00 (+145.2)  vs greedy win 0.53 (+2.7)  [865s]
 11500 games  eps 0.020  train win 0.53 margin   +2.1  |td| 0.020  eval vs random win 1.00 (+151.2)  vs greedy win 0.67 (+9.9)  [903s]
 12000 games  eps 0.020  train win 0.51 margin   -1.4  |td| 0.023  eval vs random win 1.00 (+143.1)  vs greedy win 0.46 (-4.9)  [941s]
 12500 games  eps 0.020  train win 0.45 margin   -4.6  |td| 0.023  eval vs random win 1.00 (+150.3)  vs greedy win 0.61 (+5.3)  [980s]
 13000 games  eps 0.020  train win 0.57 margin   +5.4  |td| 0.020  eval vs random win 1.00 (+138.5)  vs greedy win 0.67 (+11.1)  [1017s]
 13500 games  eps 0.020  train win 0.53 margin   +2.8  |td| 0.020  eval vs random win 1.00 (+148.7)  vs greedy win 0.72 (+15.6)  [1054s]
 14000 games  eps 0.020  train win 0.42 margin   -6.8  |td| 0.023  eval vs random win 1.00 (+134.7)  vs greedy win 0.53 (+4.2)  [1092s]
 14500 games  eps 0.020  train win 0.50 margin   +1.2  |td| 0.021  eval vs random win 1.00 (+142.3)  vs greedy win 0.59 (+9.1)  [1130s]
 15000 games  eps 0.020  train win 0.57 margin   +5.1  |td| 0.019  eval vs random win 1.00 (+142.2)  vs greedy win 0.61 (+11.1)  [1168s]
 15500 games  eps 0.020  train win 0.43 margin   -5.0  |td| 0.024  eval vs random win 1.00 (+142.4)  vs greedy win 0.60 (+4.0)  [1207s]
 16000 games  eps 0.020  train win 0.53 margin   +1.8  |td| 0.020  eval vs random win 1.00 (+139.8)  vs greedy win 0.69 (+13.2)  [1246s]
 16500 games  eps 0.020  train win 0.54 margin   +0.5  |td| 0.020  eval vs random win 1.00 (+138.5)  vs greedy win 0.57 (+5.7)  [1286s]
 17000 games  eps 0.020  train win 0.33 margin  -18.6  |td| 0.026  eval vs random win 1.00 (+138.3)  vs greedy win 0.38 (-16.0)  [1328s]
 17500 games  eps 0.020  train win 0.40 margin  -10.2  |td| 0.027  eval vs random win 1.00 (+139.0)  vs greedy win 0.49 (-4.7)  [1369s]
 18000 games  eps 0.020  train win 0.53 margin   +0.3  |td| 0.023  eval vs random win 1.00 (+136.0)  vs greedy win 0.68 (+9.9)  [1410s]
 18500 games  eps 0.020  train win 0.50 margin   +0.9  |td| 0.020  eval vs random win 1.00 (+139.6)  vs greedy win 0.64 (+9.5)  [1449s]
 19000 games  eps 0.020  train win 0.51 margin   +1.5  |td| 0.019  eval vs random win 1.00 (+143.2)  vs greedy win 0.61 (+10.0)  [1488s]
 19500 games  eps 0.020  train win 0.52 margin   +2.1  |td| 0.019  eval vs random win 1.00 (+138.1)  vs greedy win 0.50 (+2.0)  [1528s]
 20000 games  eps 0.020  train win 0.51 margin   +1.6  |td| 0.021  eval vs random win 1.00 (+143.6)  vs greedy win 0.67 (+11.3)  [1566s]
 20500 games  eps 0.020  train win 0.56 margin   +5.3  |td| 0.020  eval vs random win 1.00 (+147.1)  vs greedy win 0.66 (+9.3)  [1604s]
 21000 games  eps 0.020  train win 0.59 margin   +5.9  |td| 0.020  eval vs random win 1.00 (+144.3)  vs greedy win 0.60 (+8.6)  [1643s]
 21500 games  eps 0.020  train win 0.54 margin   +2.5  |td| 0.021  eval vs random win 1.00 (+150.0)  vs greedy win 0.61 (+7.5)  [1680s]
 22000 games  eps 0.020  train win 0.53 margin   +1.9  |td| 0.020  eval vs random win 1.00 (+139.3)  vs greedy win 0.69 (+10.9)  [1717s]
 22500 games  eps 0.020  train win 0.50 margin   +0.5  |td| 0.021  eval vs random win 1.00 (+141.9)  vs greedy win 0.66 (+10.1)  [1755s]
 23000 games  eps 0.020  train win 0.55 margin   +2.5  |td| 0.021  eval vs random win 1.00 (+139.0)  vs greedy win 0.55 (+4.0)  [1793s]
 23500 games  eps 0.020  train win 0.53 margin   +1.0  |td| 0.021  eval vs random win 1.00 (+144.1)  vs greedy win 0.63 (+11.3)  [1830s]
 24000 games  eps 0.020  train win 0.51 margin   +1.9  |td| 0.021  eval vs random win 1.00 (+137.3)  vs greedy win 0.59 (+8.0)  [1868s]
 24500 games  eps 0.020  train win 0.52 margin   +0.7  |td| 0.021  eval vs random win 1.00 (+141.7)  vs greedy win 0.60 (+10.9)  [1904s]
 25000 games  eps 0.020  train win 0.52 margin   +1.5  |td| 0.020  eval vs random win 1.00 (+146.8)  vs greedy win 0.49 (-0.3)  [1941s]
 25500 games  eps 0.020  train win 0.51 margin   +0.8  |td| 0.020  eval vs random win 1.00 (+144.5)  vs greedy win 0.62 (+5.1)  [1978s]
 26000 games  eps 0.020  train win 0.50 margin   -0.9  |td| 0.021  eval vs random win 1.00 (+136.6)  vs greedy win 0.58 (+4.4)  [2015s]
 26500 games  eps 0.020  train win 0.50 margin   +1.0  |td| 0.022  eval vs random win 1.00 (+140.6)  vs greedy win 0.56 (+4.2)  [2052s]
 27000 games  eps 0.020  train win 0.48 margin   -1.1  |td| 0.022  eval vs random win 1.00 (+143.4)  vs greedy win 0.59 (+1.4)  [2089s]
 27500 games  eps 0.020  train win 0.50 margin   -1.4  |td| 0.022  eval vs random win 1.00 (+136.0)  vs greedy win 0.51 (+0.0)  [2129s]
 28000 games  eps 0.020  train win 0.49 margin   -0.0  |td| 0.021  eval vs random win 1.00 (+146.4)  vs greedy win 0.70 (+10.8)  [2168s]
 28500 games  eps 0.020  train win 0.55 margin   +4.1  |td| 0.020  eval vs random win 1.00 (+150.1)  vs greedy win 0.54 (+2.9)  [2207s]
 29000 games  eps 0.020  train win 0.59 margin   +5.3  |td| 0.020  eval vs random win 1.00 (+148.2)  vs greedy win 0.62 (+11.4)  [2246s]
 29500 games  eps 0.020  train win 0.58 margin   +4.6  |td| 0.020  eval vs random win 1.00 (+142.6)  vs greedy win 0.64 (+9.5)  [2283s]
 30000 games  eps 0.020  train win 0.55 margin   +3.6  |td| 0.020  eval vs random win 1.00 (+150.3)  vs greedy win 0.53 (+3.7)  [2321s]
saved runs\linear\pass8\p8a_q_lam98_greedy_decay_s3.json  (ttr-dash runs\linear\pass8\p8a_q_lam98_greedy_decay_s3.json to analyze)
