training q vs greedy: 30000 games, alpha 0.2, epsilon 0.2 -> 0.02, reward margin; alpha_end 0.02, lam 0.98, average 100
(best checkpoint kept by margin vs greedy; play it as linear:runs\linear\pass8\p8a_q_lam98_greedy_decay_s0.json@best)
live: runs\linear\pass8\p8a_q_lam98_greedy_decay_s0.json rewritten every 500 games (watch with ttr-dash --live runs\linear\pass8\p8a_q_lam98_greedy_decay_s0.json)
   500 games  eps 0.110  train win 0.00 margin -143.6  |td| 0.036  eval vs random win 0.99 (+113.5)  vs greedy win 0.00 (-100.6)  [27s]
  1000 games  eps 0.020  train win 0.00 margin -101.7  |td| 0.021  eval vs random win 1.00 (+119.8)  vs greedy win 0.00 (-97.4)  [57s]
  1500 games  eps 0.020  train win 0.00 margin  -98.4  |td| 0.019  eval vs random win 0.99 (+114.7)  vs greedy win 0.00 (-91.0)  [93s]
  2000 games  eps 0.020  train win 0.01 margin  -84.2  |td| 0.027  eval vs random win 1.00 (+108.4)  vs greedy win 0.00 (-67.3)  [132s]
  2500 games  eps 0.020  train win 0.21 margin  -27.7  |td| 0.036  eval vs random win 1.00 (+142.4)  vs greedy win 0.44 (-2.5)  [174s]
  3000 games  eps 0.020  train win 0.29 margin  -18.4  |td| 0.029  eval vs random win 1.00 (+137.4)  vs greedy win 0.53 (-4.0)  [212s]
  3500 games  eps 0.020  train win 0.35 margin  -13.1  |td| 0.029  eval vs random win 1.00 (+138.5)  vs greedy win 0.36 (-11.8)  [252s]
  4000 games  eps 0.020  train win 0.40 margin   -7.2  |td| 0.030  eval vs random win 1.00 (+148.1)  vs greedy win 0.62 (+9.3)  [293s]
  4500 games  eps 0.020  train win 0.52 margin   +0.9  |td| 0.023  eval vs random win 1.00 (+146.8)  vs greedy win 0.55 (+3.8)  [332s]
  5000 games  eps 0.020  train win 0.50 margin   -0.5  |td| 0.025  eval vs random win 1.00 (+136.0)  vs greedy win 0.55 (+3.2)  [371s]
  5500 games  eps 0.020  train win 0.48 margin   -1.8  |td| 0.025  eval vs random win 1.00 (+143.6)  vs greedy win 0.60 (+6.3)  [410s]
  6000 games  eps 0.020  train win 0.51 margin   -1.3  |td| 0.024  eval vs random win 1.00 (+135.2)  vs greedy win 0.60 (+6.6)  [450s]
  6500 games  eps 0.020  train win 0.25 margin  -23.0  |td| 0.028  eval vs random win 1.00 (+142.3)  vs greedy win 0.45 (-8.1)  [489s]
  7000 games  eps 0.020  train win 0.41 margin   -9.2  |td| 0.028  eval vs random win 1.00 (+147.0)  vs greedy win 0.63 (+8.9)  [529s]
  7500 games  eps 0.020  train win 0.52 margin   +1.8  |td| 0.020  eval vs random win 1.00 (+149.9)  vs greedy win 0.58 (+6.4)  [569s]
  8000 games  eps 0.020  train win 0.45 margin   -2.3  |td| 0.022  eval vs random win 1.00 (+149.8)  vs greedy win 0.64 (+12.0)  [607s]
  8500 games  eps 0.020  train win 0.44 margin   -6.0  |td| 0.024  eval vs random win 1.00 (+135.6)  vs greedy win 0.41 (-11.6)  [647s]
  9000 games  eps 0.020  train win 0.34 margin  -18.7  |td| 0.029  eval vs random win 1.00 (+136.5)  vs greedy win 0.41 (-13.6)  [689s]
  9500 games  eps 0.020  train win 0.37 margin  -13.6  |td| 0.029  eval vs random win 1.00 (+134.5)  vs greedy win 0.55 (+2.8)  [730s]
 10000 games  eps 0.020  train win 0.36 margin  -10.8  |td| 0.025  eval vs random win 1.00 (+148.3)  vs greedy win 0.43 (-3.7)  [768s]
 10500 games  eps 0.020  train win 0.42 margin   -4.5  |td| 0.021  eval vs random win 1.00 (+136.4)  vs greedy win 0.50 (-1.7)  [806s]
 11000 games  eps 0.020  train win 0.60 margin   +6.9  |td| 0.021  eval vs random win 1.00 (+144.3)  vs greedy win 0.62 (+10.4)  [844s]
 11500 games  eps 0.020  train win 0.52 margin   +1.7  |td| 0.020  eval vs random win 1.00 (+148.2)  vs greedy win 0.71 (+12.9)  [881s]
 12000 games  eps 0.020  train win 0.56 margin   +4.8  |td| 0.020  eval vs random win 1.00 (+149.6)  vs greedy win 0.61 (+8.4)  [919s]
 12500 games  eps 0.020  train win 0.53 margin   +2.9  |td| 0.020  eval vs random win 1.00 (+154.2)  vs greedy win 0.61 (+8.4)  [956s]
 13000 games  eps 0.020  train win 0.50 margin   -0.7  |td| 0.022  eval vs random win 1.00 (+138.0)  vs greedy win 0.56 (+4.8)  [994s]
 13500 games  eps 0.020  train win 0.46 margin   -5.7  |td| 0.024  eval vs random win 1.00 (+134.1)  vs greedy win 0.39 (-2.9)  [1032s]
 14000 games  eps 0.020  train win 0.54 margin   +2.2  |td| 0.020  eval vs random win 1.00 (+146.1)  vs greedy win 0.50 (+2.3)  [1070s]
 14500 games  eps 0.020  train win 0.57 margin   +4.4  |td| 0.020  eval vs random win 1.00 (+145.9)  vs greedy win 0.58 (+6.1)  [1108s]
 15000 games  eps 0.020  train win 0.48 margin   -2.1  |td| 0.022  eval vs random win 1.00 (+141.7)  vs greedy win 0.62 (+11.4)  [1147s]
 15500 games  eps 0.020  train win 0.54 margin   +2.5  |td| 0.022  eval vs random win 1.00 (+143.7)  vs greedy win 0.67 (+10.0)  [1186s]
 16000 games  eps 0.020  train win 0.54 margin   +2.2  |td| 0.021  eval vs random win 1.00 (+142.0)  vs greedy win 0.56 (+3.8)  [1226s]
 16500 games  eps 0.020  train win 0.40 margin  -10.4  |td| 0.025  eval vs random win 1.00 (+133.6)  vs greedy win 0.46 (-10.4)  [1267s]
 17000 games  eps 0.020  train win 0.30 margin  -23.8  |td| 0.028  eval vs random win 1.00 (+137.2)  vs greedy win 0.32 (-18.4)  [1310s]
 17500 games  eps 0.020  train win 0.33 margin  -17.6  |td| 0.029  eval vs random win 1.00 (+137.3)  vs greedy win 0.37 (-16.2)  [1353s]
 18000 games  eps 0.020  train win 0.45 margin   -4.5  |td| 0.025  eval vs random win 1.00 (+138.8)  vs greedy win 0.62 (+6.3)  [1394s]
 18500 games  eps 0.020  train win 0.55 margin   +2.6  |td| 0.021  eval vs random win 1.00 (+146.9)  vs greedy win 0.65 (+10.7)  [1434s]
 19000 games  eps 0.020  train win 0.58 margin   +4.8  |td| 0.020  eval vs random win 1.00 (+139.8)  vs greedy win 0.66 (+10.5)  [1474s]
 19500 games  eps 0.020  train win 0.56 margin   +5.1  |td| 0.020  eval vs random win 1.00 (+143.3)  vs greedy win 0.55 (+7.5)  [1514s]
 20000 games  eps 0.020  train win 0.51 margin   +1.0  |td| 0.020  eval vs random win 1.00 (+146.4)  vs greedy win 0.64 (+10.5)  [1553s]
 20500 games  eps 0.020  train win 0.59 margin   +6.2  |td| 0.020  eval vs random win 1.00 (+149.0)  vs greedy win 0.57 (+7.3)  [1591s]
 21000 games  eps 0.020  train win 0.50 margin   -1.1  |td| 0.024  eval vs random win 1.00 (+140.1)  vs greedy win 0.44 (-3.7)  [1630s]
 21500 games  eps 0.020  train win 0.37 margin  -15.7  |td| 0.028  eval vs random win 1.00 (+139.6)  vs greedy win 0.35 (-17.7)  [1670s]
 22000 games  eps 0.020  train win 0.31 margin  -22.1  |td| 0.029  eval vs random win 1.00 (+131.5)  vs greedy win 0.51 (-6.4)  [1711s]
 22500 games  eps 0.020  train win 0.33 margin  -17.1  |td| 0.029  eval vs random win 1.00 (+128.3)  vs greedy win 0.49 (-3.1)  [1751s]
 23000 games  eps 0.020  train win 0.44 margin   -6.3  |td| 0.029  eval vs random win 1.00 (+134.3)  vs greedy win 0.51 (+0.8)  [1789s]
 23500 games  eps 0.020  train win 0.51 margin   +1.6  |td| 0.023  eval vs random win 1.00 (+138.1)  vs greedy win 0.66 (+10.8)  [1828s]
 24000 games  eps 0.020  train win 0.54 margin   +0.4  |td| 0.021  eval vs random win 1.00 (+150.0)  vs greedy win 0.64 (+8.8)  [1866s]
 24500 games  eps 0.020  train win 0.54 margin   +5.1  |td| 0.019  eval vs random win 1.00 (+151.3)  vs greedy win 0.58 (+10.4)  [1903s]
 25000 games  eps 0.020  train win 0.55 margin   +4.1  |td| 0.019  eval vs random win 1.00 (+146.9)  vs greedy win 0.52 (+1.9)  [1940s]
 25500 games  eps 0.020  train win 0.55 margin   +3.5  |td| 0.019  eval vs random win 1.00 (+145.4)  vs greedy win 0.58 (+8.1)  [1977s]
 26000 games  eps 0.020  train win 0.39 margin   -6.4  |td| 0.020  eval vs random win 1.00 (+139.8)  vs greedy win 0.36 (-7.7)  [2013s]
 26500 games  eps 0.020  train win 0.54 margin   +2.0  |td| 0.022  eval vs random win 1.00 (+156.3)  vs greedy win 0.51 (+3.2)  [2049s]
 27000 games  eps 0.020  train win 0.54 margin   +3.4  |td| 0.020  eval vs random win 1.00 (+150.5)  vs greedy win 0.58 (+5.1)  [2085s]
 27500 games  eps 0.020  train win 0.64 margin   +9.2  |td| 0.021  eval vs random win 1.00 (+154.8)  vs greedy win 0.63 (+10.1)  [2123s]
 28000 games  eps 0.020  train win 0.61 margin   +7.3  |td| 0.020  eval vs random win 1.00 (+143.5)  vs greedy win 0.61 (+7.7)  [2161s]
 28500 games  eps 0.020  train win 0.55 margin   +2.7  |td| 0.021  eval vs random win 1.00 (+144.6)  vs greedy win 0.66 (+11.9)  [2200s]
 29000 games  eps 0.020  train win 0.60 margin   +6.2  |td| 0.021  eval vs random win 1.00 (+150.8)  vs greedy win 0.63 (+10.6)  [2239s]
 29500 games  eps 0.020  train win 0.60 margin   +5.4  |td| 0.019  eval vs random win 1.00 (+148.8)  vs greedy win 0.62 (+13.1)  [2276s]
 30000 games  eps 0.020  train win 0.61 margin   +6.6  |td| 0.020  eval vs random win 1.00 (+154.2)  vs greedy win 0.61 (+7.0)  [2314s]
saved runs\linear\pass8\p8a_q_lam98_greedy_decay_s0.json  (ttr-dash runs\linear\pass8\p8a_q_lam98_greedy_decay_s0.json to analyze)
