training q vs greedy: 30000 games, alpha 0.2, epsilon 0.2 -> 0.02, reward margin; alpha_end 0.02, lam 0.98, average 100
(best checkpoint kept by margin vs greedy; play it as linear:runs\linear\pass8\p8a_q_lam98_greedy_decay_s2.json@best)
live: runs\linear\pass8\p8a_q_lam98_greedy_decay_s2.json rewritten every 500 games (watch with ttr-dash --live runs\linear\pass8\p8a_q_lam98_greedy_decay_s2.json)
   500 games  eps 0.110  train win 0.00 margin -159.4  |td| 0.048  eval vs random win 1.00 (+128.0)  vs greedy win 0.00 (-90.2)  [30s]
  1000 games  eps 0.020  train win 0.00 margin  -98.2  |td| 0.023  eval vs random win 1.00 (+121.0)  vs greedy win 0.00 (-95.9)  [60s]
  1500 games  eps 0.020  train win 0.00 margin  -96.5  |td| 0.020  eval vs random win 0.99 (+116.9)  vs greedy win 0.00 (-90.8)  [96s]
  2000 games  eps 0.020  train win 0.00 margin  -82.1  |td| 0.026  eval vs random win 1.00 (+118.1)  vs greedy win 0.01 (-80.4)  [134s]
  2500 games  eps 0.020  train win 0.01 margin  -68.1  |td| 0.021  eval vs random win 1.00 (+121.1)  vs greedy win 0.00 (-63.8)  [174s]
  3000 games  eps 0.020  train win 0.08 margin  -50.0  |td| 0.025  eval vs random win 1.00 (+128.6)  vs greedy win 0.11 (-43.7)  [214s]
  3500 games  eps 0.020  train win 0.19 margin  -31.9  |td| 0.039  eval vs random win 1.00 (+146.3)  vs greedy win 0.62 (+10.3)  [256s]
  4000 games  eps 0.020  train win 0.36 margin  -13.1  |td| 0.029  eval vs random win 1.00 (+123.2)  vs greedy win 0.40 (-2.9)  [299s]
  4500 games  eps 0.020  train win 0.32 margin  -18.4  |td| 0.029  eval vs random win 0.99 (+125.2)  vs greedy win 0.35 (-18.2)  [340s]
  5000 games  eps 0.020  train win 0.40 margin  -17.1  |td| 0.031  eval vs random win 1.00 (+154.4)  vs greedy win 0.70 (+14.4)  [384s]
  5500 games  eps 0.020  train win 0.58 margin   +7.2  |td| 0.025  eval vs random win 1.00 (+141.8)  vs greedy win 0.55 (+5.8)  [424s]
  6000 games  eps 0.020  train win 0.53 margin   +2.8  |td| 0.022  eval vs random win 1.00 (+155.3)  vs greedy win 0.69 (+10.6)  [463s]
  6500 games  eps 0.020  train win 0.44 margin   -3.7  |td| 0.024  eval vs random win 1.00 (+148.3)  vs greedy win 0.54 (+0.7)  [500s]
  7000 games  eps 0.020  train win 0.19 margin  -27.3  |td| 0.024  eval vs random win 1.00 (+148.3)  vs greedy win 0.34 (-10.5)  [536s]
  7500 games  eps 0.020  train win 0.35 margin  -10.6  |td| 0.023  eval vs random win 1.00 (+150.7)  vs greedy win 0.41 (-4.7)  [572s]
  8000 games  eps 0.020  train win 0.33 margin  -11.6  |td| 0.023  eval vs random win 1.00 (+144.4)  vs greedy win 0.36 (-12.1)  [607s]
  8500 games  eps 0.020  train win 0.26 margin  -17.2  |td| 0.022  eval vs random win 1.00 (+136.3)  vs greedy win 0.37 (-9.7)  [642s]
  9000 games  eps 0.020  train win 0.31 margin  -13.8  |td| 0.021  eval vs random win 1.00 (+157.3)  vs greedy win 0.33 (-10.8)  [678s]
  9500 games  eps 0.020  train win 0.43 margin   -4.6  |td| 0.021  eval vs random win 1.00 (+152.7)  vs greedy win 0.54 (+1.9)  [715s]
 10000 games  eps 0.020  train win 0.59 margin   +6.6  |td| 0.020  eval vs random win 1.00 (+153.2)  vs greedy win 0.52 (+2.3)  [751s]
 10500 games  eps 0.020  train win 0.51 margin   +1.9  |td| 0.021  eval vs random win 1.00 (+150.0)  vs greedy win 0.50 (-1.2)  [788s]
 11000 games  eps 0.020  train win 0.46 margin   -3.7  |td| 0.020  eval vs random win 1.00 (+140.5)  vs greedy win 0.32 (-8.6)  [824s]
 11500 games  eps 0.020  train win 0.52 margin   +1.7  |td| 0.021  eval vs random win 1.00 (+153.0)  vs greedy win 0.50 (-0.5)  [861s]
 12000 games  eps 0.020  train win 0.50 margin   +1.3  |td| 0.021  eval vs random win 1.00 (+146.3)  vs greedy win 0.62 (+6.8)  [898s]
 12500 games  eps 0.020  train win 0.58 margin   +5.5  |td| 0.019  eval vs random win 1.00 (+142.4)  vs greedy win 0.51 (+1.2)  [935s]
 13000 games  eps 0.020  train win 0.59 margin   +4.2  |td| 0.018  eval vs random win 1.00 (+137.7)  vs greedy win 0.62 (+10.7)  [971s]
 13500 games  eps 0.020  train win 0.55 margin   +2.6  |td| 0.019  eval vs random win 1.00 (+153.3)  vs greedy win 0.61 (+8.3)  [1008s]
 14000 games  eps 0.020  train win 0.54 margin   +3.1  |td| 0.019  eval vs random win 1.00 (+152.1)  vs greedy win 0.61 (+5.8)  [1045s]
 14500 games  eps 0.020  train win 0.56 margin   +2.3  |td| 0.019  eval vs random win 1.00 (+144.7)  vs greedy win 0.68 (+9.7)  [1082s]
 15000 games  eps 0.020  train win 0.52 margin   +2.1  |td| 0.020  eval vs random win 1.00 (+149.2)  vs greedy win 0.59 (+1.6)  [1119s]
 15500 games  eps 0.020  train win 0.55 margin   +3.8  |td| 0.019  eval vs random win 1.00 (+153.3)  vs greedy win 0.58 (+4.8)  [1156s]
 16000 games  eps 0.020  train win 0.46 margin   -1.6  |td| 0.020  eval vs random win 1.00 (+152.9)  vs greedy win 0.63 (+6.6)  [1193s]
 16500 games  eps 0.020  train win 0.53 margin   +1.8  |td| 0.019  eval vs random win 1.00 (+146.5)  vs greedy win 0.54 (+0.4)  [1232s]
 17000 games  eps 0.020  train win 0.57 margin   +5.2  |td| 0.019  eval vs random win 1.00 (+152.8)  vs greedy win 0.57 (+6.7)  [1270s]
 17500 games  eps 0.020  train win 0.58 margin   +5.3  |td| 0.018  eval vs random win 1.00 (+144.0)  vs greedy win 0.71 (+12.1)  [1308s]
 18000 games  eps 0.020  train win 0.59 margin   +4.6  |td| 0.019  eval vs random win 1.00 (+147.8)  vs greedy win 0.60 (+7.0)  [1346s]
 18500 games  eps 0.020  train win 0.55 margin   +4.1  |td| 0.019  eval vs random win 1.00 (+146.9)  vs greedy win 0.55 (+3.2)  [1384s]
 19000 games  eps 0.020  train win 0.62 margin   +7.5  |td| 0.020  eval vs random win 1.00 (+148.2)  vs greedy win 0.71 (+19.1)  [1422s]
 19500 games  eps 0.020  train win 0.48 margin   -0.7  |td| 0.020  eval vs random win 1.00 (+150.2)  vs greedy win 0.58 (+6.5)  [1460s]
 20000 games  eps 0.020  train win 0.57 margin   +5.6  |td| 0.019  eval vs random win 1.00 (+142.3)  vs greedy win 0.52 (+6.9)  [1498s]
 20500 games  eps 0.020  train win 0.64 margin   +9.5  |td| 0.019  eval vs random win 1.00 (+148.6)  vs greedy win 0.73 (+17.9)  [1536s]
 21000 games  eps 0.020  train win 0.51 margin   +1.9  |td| 0.021  eval vs random win 1.00 (+148.8)  vs greedy win 0.60 (+5.6)  [1573s]
 21500 games  eps 0.020  train win 0.53 margin   +2.6  |td| 0.019  eval vs random win 1.00 (+151.8)  vs greedy win 0.65 (+7.8)  [1610s]
 22000 games  eps 0.020  train win 0.60 margin   +5.9  |td| 0.019  eval vs random win 1.00 (+151.1)  vs greedy win 0.68 (+12.5)  [1646s]
 22500 games  eps 0.020  train win 0.57 margin   +5.7  |td| 0.019  eval vs random win 1.00 (+147.9)  vs greedy win 0.59 (+8.7)  [1682s]
 23000 games  eps 0.020  train win 0.61 margin   +6.4  |td| 0.019  eval vs random win 1.00 (+151.0)  vs greedy win 0.57 (+5.3)  [1718s]
 23500 games  eps 0.020  train win 0.56 margin   +3.1  |td| 0.018  eval vs random win 1.00 (+153.3)  vs greedy win 0.71 (+15.4)  [1754s]
 24000 games  eps 0.020  train win 0.55 margin   +3.7  |td| 0.019  eval vs random win 1.00 (+155.7)  vs greedy win 0.58 (+5.5)  [1790s]
 24500 games  eps 0.020  train win 0.61 margin   +5.5  |td| 0.019  eval vs random win 1.00 (+157.2)  vs greedy win 0.73 (+14.6)  [1826s]
 25000 games  eps 0.020  train win 0.60 margin   +6.0  |td| 0.018  eval vs random win 1.00 (+149.9)  vs greedy win 0.60 (+9.6)  [1862s]
 25500 games  eps 0.020  train win 0.64 margin   +8.3  |td| 0.018  eval vs random win 1.00 (+152.6)  vs greedy win 0.68 (+13.8)  [1897s]
 26000 games  eps 0.020  train win 0.60 margin   +7.7  |td| 0.019  eval vs random win 1.00 (+153.1)  vs greedy win 0.65 (+10.5)  [1932s]
 26500 games  eps 0.020  train win 0.62 margin   +7.0  |td| 0.018  eval vs random win 1.00 (+151.2)  vs greedy win 0.68 (+10.2)  [1968s]
 27000 games  eps 0.020  train win 0.60 margin   +7.7  |td| 0.018  eval vs random win 1.00 (+153.0)  vs greedy win 0.60 (+8.5)  [2004s]
 27500 games  eps 0.020  train win 0.61 margin   +7.9  |td| 0.019  eval vs random win 1.00 (+148.1)  vs greedy win 0.65 (+12.1)  [2039s]
 28000 games  eps 0.020  train win 0.59 margin   +6.5  |td| 0.019  eval vs random win 1.00 (+143.5)  vs greedy win 0.70 (+14.2)  [2074s]
 28500 games  eps 0.020  train win 0.56 margin   +4.9  |td| 0.019  eval vs random win 1.00 (+156.2)  vs greedy win 0.55 (+5.8)  [2110s]
 29000 games  eps 0.020  train win 0.58 margin   +6.4  |td| 0.019  eval vs random win 1.00 (+154.8)  vs greedy win 0.69 (+14.9)  [2147s]
 29500 games  eps 0.020  train win 0.63 margin   +8.2  |td| 0.019  eval vs random win 1.00 (+153.5)  vs greedy win 0.69 (+11.8)  [2185s]
 30000 games  eps 0.020  train win 0.58 margin   +7.2  |td| 0.019  eval vs random win 1.00 (+145.6)  vs greedy win 0.76 (+17.8)  [2222s]
saved runs\linear\pass8\p8a_q_lam98_greedy_decay_s2.json  (ttr-dash runs\linear\pass8\p8a_q_lam98_greedy_decay_s2.json to analyze)
