training q vs greedy: 30000 games, alpha 0.2, epsilon 0.2 -> 0.02, reward margin; alpha_end 0.02, lam 0.98, average 100
(best checkpoint kept by margin vs greedy; play it as linear:runs\linear\pass8\p8a_q_lam98_greedy_decay_s1.json@best)
live: runs\linear\pass8\p8a_q_lam98_greedy_decay_s1.json rewritten every 500 games (watch with ttr-dash --live runs\linear\pass8\p8a_q_lam98_greedy_decay_s1.json)
   500 games  eps 0.110  train win 0.00 margin -111.1  |td| 0.023  eval vs random win 1.00 (+113.3)  vs greedy win 0.00 (-97.3)  [25s]
  1000 games  eps 0.020  train win 0.00 margin  -99.8  |td| 0.015  eval vs random win 0.99 (+114.3)  vs greedy win 0.00 (-91.1)  [54s]
  1500 games  eps 0.020  train win 0.07 margin  -74.2  |td| 0.021  eval vs random win 1.00 (+148.9)  vs greedy win 0.18 (-38.1)  [90s]
  2000 games  eps 0.020  train win 0.33 margin  -18.9  |td| 0.033  eval vs random win 1.00 (+154.9)  vs greedy win 0.41 (-9.8)  [127s]
  2500 games  eps 0.020  train win 0.33 margin  -15.0  |td| 0.026  eval vs random win 1.00 (+155.5)  vs greedy win 0.33 (-9.2)  [166s]
  3000 games  eps 0.020  train win 0.35 margin  -13.3  |td| 0.025  eval vs random win 1.00 (+140.9)  vs greedy win 0.38 (-7.8)  [206s]
  3500 games  eps 0.020  train win 0.37 margin  -16.4  |td| 0.029  eval vs random win 1.00 (+139.6)  vs greedy win 0.38 (-17.3)  [247s]
  4000 games  eps 0.020  train win 0.35 margin  -10.7  |td| 0.026  eval vs random win 1.00 (+141.5)  vs greedy win 0.56 (+3.2)  [287s]
  4500 games  eps 0.020  train win 0.43 margin   -5.7  |td| 0.022  eval vs random win 1.00 (+137.8)  vs greedy win 0.30 (-13.8)  [327s]
  5000 games  eps 0.020  train win 0.26 margin  -23.3  |td| 0.030  eval vs random win 1.00 (+138.3)  vs greedy win 0.39 (-12.4)  [366s]
  5500 games  eps 0.020  train win 0.47 margin   -4.7  |td| 0.027  eval vs random win 1.00 (+143.2)  vs greedy win 0.50 (+3.5)  [407s]
  6000 games  eps 0.020  train win 0.28 margin  -17.9  |td| 0.026  eval vs random win 1.00 (+137.1)  vs greedy win 0.32 (-10.6)  [446s]
  6500 games  eps 0.020  train win 0.22 margin  -35.6  |td| 0.046  eval vs random win 1.00 (+143.0)  vs greedy win 0.45 (-6.3)  [486s]
  7000 games  eps 0.020  train win 0.06 margin  -79.5  |td| 0.061  eval vs random win 1.00 (+137.6)  vs greedy win 0.04 (-57.9)  [528s]
  7500 games  eps 0.020  train win 0.01 margin -112.2  |td| 0.056  eval vs random win 0.99 (+104.2)  vs greedy win 0.00 (-83.4)  [570s]
  8000 games  eps 0.020  train win 0.11 margin  -75.4  |td| 0.057  eval vs random win 1.00 (+108.4)  vs greedy win 0.09 (-34.3)  [613s]
  8500 games  eps 0.020  train win 0.28 margin  -29.1  |td| 0.046  eval vs random win 1.00 (+125.5)  vs greedy win 0.42 (+0.0)  [654s]
  9000 games  eps 0.020  train win 0.28 margin  -22.8  |td| 0.033  eval vs random win 1.00 (+113.6)  vs greedy win 0.23 (-23.6)  [694s]
  9500 games  eps 0.020  train win 0.27 margin  -21.6  |td| 0.027  eval vs random win 1.00 (+121.2)  vs greedy win 0.40 (-13.9)  [733s]
 10000 games  eps 0.020  train win 0.37 margin  -12.1  |td| 0.022  eval vs random win 1.00 (+135.1)  vs greedy win 0.45 (-3.6)  [772s]
 10500 games  eps 0.020  train win 0.43 margin   -3.7  |td| 0.020  eval vs random win 1.00 (+136.8)  vs greedy win 0.54 (+1.2)  [810s]
 11000 games  eps 0.020  train win 0.50 margin   +1.2  |td| 0.019  eval vs random win 1.00 (+137.6)  vs greedy win 0.58 (+4.6)  [848s]
 11500 games  eps 0.020  train win 0.54 margin   +4.4  |td| 0.018  eval vs random win 1.00 (+145.3)  vs greedy win 0.55 (+6.3)  [886s]
 12000 games  eps 0.020  train win 0.55 margin   +4.3  |td| 0.020  eval vs random win 1.00 (+149.5)  vs greedy win 0.59 (+7.8)  [924s]
 12500 games  eps 0.020  train win 0.40 margin  -11.0  |td| 0.023  eval vs random win 1.00 (+138.3)  vs greedy win 0.58 (+7.2)  [961s]
 13000 games  eps 0.020  train win 0.52 margin   +3.5  |td| 0.018  eval vs random win 1.00 (+145.3)  vs greedy win 0.64 (+7.5)  [998s]
 13500 games  eps 0.020  train win 0.57 margin   +4.7  |td| 0.018  eval vs random win 1.00 (+139.3)  vs greedy win 0.64 (+10.8)  [1036s]
 14000 games  eps 0.020  train win 0.28 margin  -19.6  |td| 0.020  eval vs random win 1.00 (+131.6)  vs greedy win 0.14 (-27.9)  [1073s]
 14500 games  eps 0.020  train win 0.29 margin  -16.2  |td| 0.020  eval vs random win 1.00 (+140.7)  vs greedy win 0.50 (-1.0)  [1109s]
 15000 games  eps 0.020  train win 0.46 margin   -0.9  |td| 0.018  eval vs random win 1.00 (+145.8)  vs greedy win 0.62 (+7.2)  [1146s]
 15500 games  eps 0.020  train win 0.42 margin   -4.8  |td| 0.017  eval vs random win 1.00 (+137.8)  vs greedy win 0.42 (-4.8)  [1185s]
 16000 games  eps 0.020  train win 0.44 margin   -4.6  |td| 0.018  eval vs random win 1.00 (+144.4)  vs greedy win 0.45 (-4.7)  [1223s]
 16500 games  eps 0.020  train win 0.48 margin   -1.5  |td| 0.019  eval vs random win 1.00 (+141.2)  vs greedy win 0.38 (-5.2)  [1262s]
 17000 games  eps 0.020  train win 0.51 margin   +0.2  |td| 0.018  eval vs random win 1.00 (+146.9)  vs greedy win 0.46 (+0.2)  [1301s]
 17500 games  eps 0.020  train win 0.37 margin   -9.1  |td| 0.019  eval vs random win 1.00 (+138.2)  vs greedy win 0.64 (+8.6)  [1339s]
 18000 games  eps 0.020  train win 0.36 margin   -8.1  |td| 0.019  eval vs random win 1.00 (+134.9)  vs greedy win 0.43 (-6.2)  [1376s]
 18500 games  eps 0.020  train win 0.47 margin   -3.0  |td| 0.017  eval vs random win 1.00 (+146.0)  vs greedy win 0.54 (+4.5)  [1414s]
 19000 games  eps 0.020  train win 0.49 margin   -0.6  |td| 0.018  eval vs random win 1.00 (+144.3)  vs greedy win 0.40 (-4.3)  [1452s]
 19500 games  eps 0.020  train win 0.47 margin   -2.5  |td| 0.018  eval vs random win 1.00 (+140.7)  vs greedy win 0.42 (-5.4)  [1490s]
 20000 games  eps 0.020  train win 0.37 margin  -10.5  |td| 0.018  eval vs random win 1.00 (+138.8)  vs greedy win 0.29 (-13.7)  [1528s]
 20500 games  eps 0.020  train win 0.52 margin   -0.6  |td| 0.018  eval vs random win 1.00 (+148.9)  vs greedy win 0.71 (+12.7)  [1565s]
 21000 games  eps 0.020  train win 0.34 margin  -10.6  |td| 0.017  eval vs random win 1.00 (+133.9)  vs greedy win 0.23 (-19.3)  [1602s]
 21500 games  eps 0.020  train win 0.22 margin  -21.7  |td| 0.018  eval vs random win 1.00 (+126.1)  vs greedy win 0.28 (-13.4)  [1637s]
 22000 games  eps 0.020  train win 0.50 margin   +0.5  |td| 0.017  eval vs random win 1.00 (+143.2)  vs greedy win 0.59 (+7.8)  [1674s]
 22500 games  eps 0.020  train win 0.52 margin   +2.6  |td| 0.017  eval vs random win 1.00 (+141.5)  vs greedy win 0.68 (+14.5)  [1711s]
 23000 games  eps 0.020  train win 0.57 margin   +3.2  |td| 0.016  eval vs random win 1.00 (+135.6)  vs greedy win 0.52 (+2.5)  [1748s]
 23500 games  eps 0.020  train win 0.29 margin  -14.3  |td| 0.017  eval vs random win 1.00 (+137.0)  vs greedy win 0.31 (-12.1)  [1784s]
 24000 games  eps 0.020  train win 0.37 margin   -8.9  |td| 0.019  eval vs random win 1.00 (+150.1)  vs greedy win 0.67 (+14.9)  [1819s]
 24500 games  eps 0.020  train win 0.61 margin   +7.8  |td| 0.019  eval vs random win 1.00 (+146.7)  vs greedy win 0.62 (+7.4)  [1856s]
 25000 games  eps 0.020  train win 0.36 margin  -10.8  |td| 0.018  eval vs random win 1.00 (+141.7)  vs greedy win 0.41 (-5.1)  [1891s]
 25500 games  eps 0.020  train win 0.35 margin  -10.3  |td| 0.018  eval vs random win 1.00 (+143.1)  vs greedy win 0.43 (-4.6)  [1926s]
 26000 games  eps 0.020  train win 0.61 margin   +8.5  |td| 0.018  eval vs random win 1.00 (+151.3)  vs greedy win 0.72 (+15.8)  [1961s]
 26500 games  eps 0.020  train win 0.60 margin   +6.8  |td| 0.016  eval vs random win 1.00 (+151.0)  vs greedy win 0.74 (+17.3)  [1997s]
 27000 games  eps 0.020  train win 0.63 margin  +10.4  |td| 0.016  eval vs random win 1.00 (+150.6)  vs greedy win 0.74 (+17.4)  [2033s]
 27500 games  eps 0.020  train win 0.63 margin   +9.3  |td| 0.016  eval vs random win 1.00 (+152.4)  vs greedy win 0.65 (+10.5)  [2069s]
 28000 games  eps 0.020  train win 0.41 margin   -6.5  |td| 0.018  eval vs random win 1.00 (+151.8)  vs greedy win 0.41 (-4.3)  [2104s]
 28500 games  eps 0.020  train win 0.32 margin  -13.2  |td| 0.018  eval vs random win 1.00 (+141.0)  vs greedy win 0.37 (-10.5)  [2140s]
 29000 games  eps 0.020  train win 0.38 margin   -8.1  |td| 0.017  eval vs random win 1.00 (+142.7)  vs greedy win 0.52 (+0.3)  [2177s]
 29500 games  eps 0.020  train win 0.66 margin   +9.4  |td| 0.023  eval vs random win 1.00 (+153.1)  vs greedy win 0.74 (+16.1)  [2214s]
 30000 games  eps 0.020  train win 0.65 margin  +10.4  |td| 0.020  eval vs random win 1.00 (+146.8)  vs greedy win 0.65 (+7.6)  [2253s]
saved runs\linear\pass8\p8a_q_lam98_greedy_decay_s1.json  (ttr-dash runs\linear\pass8\p8a_q_lam98_greedy_decay_s1.json to analyze)
