training q vs greedy: 30000 games, alpha 0.2, epsilon 0.2 -> 0.02, reward margin; alpha_end 0.02, lam 0.98, average 100
(best checkpoint kept by margin vs greedy; play it as linear:runs\linear\pass8\p8a_q_lam98_greedy_decay_s4.json@best)
live: runs\linear\pass8\p8a_q_lam98_greedy_decay_s4.json rewritten every 500 games (watch with ttr-dash --live runs\linear\pass8\p8a_q_lam98_greedy_decay_s4.json)
   500 games  eps 0.110  train win 0.00 margin -162.1  |td| 0.049  eval vs random win 0.98 (+106.9)  vs greedy win 0.01 (-87.4)  [31s]
  1000 games  eps 0.020  train win 0.00 margin -100.5  |td| 0.021  eval vs random win 0.97 (+109.5)  vs greedy win 0.00 (-99.1)  [62s]
  1500 games  eps 0.020  train win 0.00 margin -101.9  |td| 0.017  eval vs random win 0.98 (+112.3)  vs greedy win 0.00 (-100.0)  [97s]
  2000 games  eps 0.020  train win 0.00 margin -100.0  |td| 0.016  eval vs random win 0.99 (+107.8)  vs greedy win 0.00 (-99.3)  [133s]
  2500 games  eps 0.020  train win 0.02 margin  -79.3  |td| 0.027  eval vs random win 1.00 (+115.1)  vs greedy win 0.04 (-55.7)  [175s]
  3000 games  eps 0.020  train win 0.22 margin  -26.6  |td| 0.029  eval vs random win 1.00 (+135.3)  vs greedy win 0.39 (-9.7)  [218s]
  3500 games  eps 0.020  train win 0.32 margin  -18.9  |td| 0.028  eval vs random win 1.00 (+127.4)  vs greedy win 0.52 (-3.4)  [260s]
  4000 games  eps 0.020  train win 0.44 margin   -3.3  |td| 0.022  eval vs random win 1.00 (+135.9)  vs greedy win 0.64 (+8.9)  [300s]
  4500 games  eps 0.020  train win 0.40 margin   -8.5  |td| 0.023  eval vs random win 1.00 (+139.1)  vs greedy win 0.50 (+1.8)  [341s]
  5000 games  eps 0.020  train win 0.31 margin  -12.8  |td| 0.020  eval vs random win 1.00 (+119.9)  vs greedy win 0.20 (-20.9)  [381s]
  5500 games  eps 0.020  train win 0.36 margin  -15.5  |td| 0.026  eval vs random win 1.00 (+128.8)  vs greedy win 0.41 (-11.6)  [422s]
  6000 games  eps 0.020  train win 0.39 margin   -7.4  |td| 0.021  eval vs random win 1.00 (+125.0)  vs greedy win 0.31 (-11.4)  [462s]
  6500 games  eps 0.020  train win 0.37 margin  -11.0  |td| 0.020  eval vs random win 1.00 (+136.0)  vs greedy win 0.57 (+8.4)  [502s]
  7000 games  eps 0.020  train win 0.35 margin  -11.4  |td| 0.022  eval vs random win 1.00 (+124.4)  vs greedy win 0.47 (+0.8)  [542s]
  7500 games  eps 0.020  train win 0.36 margin   -9.7  |td| 0.022  eval vs random win 1.00 (+127.3)  vs greedy win 0.51 (+1.1)  [583s]
  8000 games  eps 0.020  train win 0.37 margin   -9.4  |td| 0.021  eval vs random win 1.00 (+130.3)  vs greedy win 0.54 (+2.9)  [622s]
  8500 games  eps 0.020  train win 0.40 margin   -6.4  |td| 0.019  eval vs random win 1.00 (+130.2)  vs greedy win 0.59 (+3.7)  [661s]
  9000 games  eps 0.020  train win 0.29 margin  -21.4  |td| 0.026  eval vs random win 1.00 (+133.1)  vs greedy win 0.45 (-3.6)  [701s]
  9500 games  eps 0.020  train win 0.29 margin  -25.9  |td| 0.028  eval vs random win 1.00 (+128.4)  vs greedy win 0.38 (-10.2)  [742s]
 10000 games  eps 0.020  train win 0.39 margin  -12.0  |td| 0.025  eval vs random win 1.00 (+138.3)  vs greedy win 0.55 (+2.5)  [782s]
 10500 games  eps 0.020  train win 0.50 margin   -1.1  |td| 0.022  eval vs random win 1.00 (+137.5)  vs greedy win 0.62 (+9.2)  [820s]
 11000 games  eps 0.020  train win 0.38 margin   -8.9  |td| 0.022  eval vs random win 1.00 (+126.2)  vs greedy win 0.45 (-1.5)  [858s]
 11500 games  eps 0.020  train win 0.43 margin   -4.2  |td| 0.020  eval vs random win 1.00 (+137.3)  vs greedy win 0.42 (-7.3)  [897s]
 12000 games  eps 0.020  train win 0.17 margin  -47.9  |td| 0.035  eval vs random win 0.99 (+100.1)  vs greedy win 0.00 (-66.1)  [937s]
 12500 games  eps 0.020  train win 0.07 margin  -68.2  |td| 0.060  eval vs random win 1.00 (+118.8)  vs greedy win 0.07 (-33.5)  [977s]
 13000 games  eps 0.020  train win 0.00 margin -107.3  |td| 0.053  eval vs random win 1.00 (+115.6)  vs greedy win 0.00 (-83.2)  [1018s]
 13500 games  eps 0.020  train win 0.00 margin -104.0  |td| 0.055  eval vs random win 1.00 (+127.4)  vs greedy win 0.00 (-82.0)  [1058s]
 14000 games  eps 0.020  train win 0.06 margin  -64.5  |td| 0.049  eval vs random win 1.00 (+141.2)  vs greedy win 0.28 (-14.6)  [1097s]
 14500 games  eps 0.020  train win 0.04 margin  -69.7  |td| 0.036  eval vs random win 1.00 (+116.7)  vs greedy win 0.01 (-70.1)  [1135s]
 15000 games  eps 0.020  train win 0.01 margin  -65.8  |td| 0.026  eval vs random win 0.99 (+123.1)  vs greedy win 0.02 (-57.0)  [1173s]
 15500 games  eps 0.020  train win 0.09 margin  -42.3  |td| 0.029  eval vs random win 1.00 (+117.4)  vs greedy win 0.04 (-43.4)  [1211s]
 16000 games  eps 0.020  train win 0.13 margin  -48.5  |td| 0.038  eval vs random win 0.99 (+123.8)  vs greedy win 0.00 (-72.0)  [1251s]
 16500 games  eps 0.020  train win 0.00 margin  -81.6  |td| 0.019  eval vs random win 1.00 (+108.7)  vs greedy win 0.00 (-78.2)  [1290s]
 17000 games  eps 0.020  train win 0.01 margin  -67.8  |td| 0.019  eval vs random win 1.00 (+139.4)  vs greedy win 0.00 (-65.0)  [1326s]
 17500 games  eps 0.020  train win 0.03 margin  -53.9  |td| 0.021  eval vs random win 1.00 (+124.7)  vs greedy win 0.06 (-40.2)  [1362s]
 18000 games  eps 0.020  train win 0.03 margin  -53.9  |td| 0.024  eval vs random win 1.00 (+129.2)  vs greedy win 0.03 (-53.4)  [1397s]
 18500 games  eps 0.020  train win 0.14 margin  -40.3  |td| 0.038  eval vs random win 1.00 (+136.7)  vs greedy win 0.32 (-17.5)  [1433s]
 19000 games  eps 0.020  train win 0.21 margin  -34.5  |td| 0.032  eval vs random win 1.00 (+138.8)  vs greedy win 0.25 (-31.9)  [1473s]
 19500 games  eps 0.020  train win 0.32 margin  -20.9  |td| 0.027  eval vs random win 1.00 (+131.6)  vs greedy win 0.31 (-15.4)  [1514s]
 20000 games  eps 0.020  train win 0.47 margin   -3.7  |td| 0.023  eval vs random win 1.00 (+140.2)  vs greedy win 0.51 (+1.7)  [1552s]
 20500 games  eps 0.020  train win 0.48 margin   -1.2  |td| 0.020  eval vs random win 1.00 (+157.3)  vs greedy win 0.58 (+4.2)  [1591s]
 21000 games  eps 0.020  train win 0.56 margin   +3.8  |td| 0.017  eval vs random win 1.00 (+145.1)  vs greedy win 0.61 (+8.3)  [1630s]
 21500 games  eps 0.020  train win 0.53 margin   +0.6  |td| 0.017  eval vs random win 1.00 (+142.3)  vs greedy win 0.59 (+3.0)  [1668s]
 22000 games  eps 0.020  train win 0.52 margin   -0.4  |td| 0.019  eval vs random win 1.00 (+139.3)  vs greedy win 0.61 (+6.7)  [1706s]
 22500 games  eps 0.020  train win 0.51 margin   +0.3  |td| 0.018  eval vs random win 1.00 (+141.1)  vs greedy win 0.59 (+3.1)  [1744s]
 23000 games  eps 0.020  train win 0.52 margin   +1.8  |td| 0.018  eval vs random win 1.00 (+154.9)  vs greedy win 0.48 (-2.5)  [1781s]
 23500 games  eps 0.020  train win 0.56 margin   +2.4  |td| 0.017  eval vs random win 1.00 (+150.2)  vs greedy win 0.74 (+10.9)  [1819s]
 24000 games  eps 0.020  train win 0.52 margin   +0.7  |td| 0.018  eval vs random win 1.00 (+139.7)  vs greedy win 0.53 (+3.4)  [1856s]
 24500 games  eps 0.020  train win 0.48 margin   -1.8  |td| 0.019  eval vs random win 1.00 (+145.7)  vs greedy win 0.57 (+3.0)  [1893s]
 25000 games  eps 0.020  train win 0.45 margin   -6.2  |td| 0.022  eval vs random win 1.00 (+139.8)  vs greedy win 0.48 (-5.5)  [1929s]
 25500 games  eps 0.020  train win 0.41 margin   -9.8  |td| 0.023  eval vs random win 1.00 (+134.4)  vs greedy win 0.41 (-11.4)  [1967s]
 26000 games  eps 0.020  train win 0.42 margin   -8.3  |td| 0.022  eval vs random win 1.00 (+131.3)  vs greedy win 0.48 (-4.1)  [2006s]
 26500 games  eps 0.020  train win 0.43 margin   -8.3  |td| 0.022  eval vs random win 1.00 (+137.0)  vs greedy win 0.52 (-2.4)  [2042s]
 27000 games  eps 0.020  train win 0.38 margin  -11.8  |td| 0.023  eval vs random win 1.00 (+137.7)  vs greedy win 0.51 (-5.4)  [2081s]
 27500 games  eps 0.020  train win 0.33 margin  -21.6  |td| 0.025  eval vs random win 1.00 (+134.7)  vs greedy win 0.22 (-26.9)  [2122s]
 28000 games  eps 0.020  train win 0.37 margin  -16.2  |td| 0.026  eval vs random win 1.00 (+138.7)  vs greedy win 0.31 (-16.4)  [2163s]
 28500 games  eps 0.020  train win 0.35 margin  -19.7  |td| 0.026  eval vs random win 1.00 (+138.5)  vs greedy win 0.40 (-14.7)  [2205s]
 29000 games  eps 0.020  train win 0.30 margin  -23.7  |td| 0.028  eval vs random win 1.00 (+132.8)  vs greedy win 0.34 (-18.4)  [2246s]
 29500 games  eps 0.020  train win 0.32 margin  -22.7  |td| 0.028  eval vs random win 1.00 (+139.0)  vs greedy win 0.29 (-22.5)  [2286s]
 30000 games  eps 0.020  train win 0.32 margin  -20.6  |td| 0.028  eval vs random win 1.00 (+142.5)  vs greedy win 0.35 (-12.9)  [2327s]
saved runs\linear\pass8\p8a_q_lam98_greedy_decay_s4.json  (ttr-dash runs\linear\pass8\p8a_q_lam98_greedy_decay_s4.json to analyze)
