training q vs self: 30000 games, alpha 0.2, epsilon 0.2 -> 0.02, reward margin; alpha_end 0.02, lam 0.98, average 100
(best checkpoint kept by margin vs greedy; play it as linear:runs\linear\pass8\p8b_q_lam98_self_decay_s0.json@best)
live: runs\linear\pass8\p8b_q_lam98_self_decay_s0.json rewritten every 500 games (watch with ttr-dash --live runs\linear\pass8\p8b_q_lam98_self_decay_s0.json)
   500 games  eps 0.110  train win 0.00 margin -143.6  |td| 0.036  eval vs random win 0.99 (+113.5)  vs greedy win 0.00 (-100.6)  [27s]
  1000 games  eps 0.020  train win 0.35 margin  -42.1  |td| 0.032  eval vs random win 1.00 (+107.2)  vs greedy win 0.00 (-82.2)  [60s]
  1500 games  eps 0.020  train win 0.42 margin  -16.5  |td| 0.035  eval vs random win 1.00 (+122.3)  vs greedy win 0.06 (-37.7)  [99s]
  2000 games  eps 0.020  train win 0.42 margin   -9.7  |td| 0.025  eval vs random win 1.00 (+125.6)  vs greedy win 0.32 (-18.5)  [145s]
  2500 games  eps 0.020  train win 0.43 margin   -8.7  |td| 0.032  eval vs random win 1.00 (+140.5)  vs greedy win 0.56 (+5.3)  [196s]
  3000 games  eps 0.020  train win 0.36 margin  -13.2  |td| 0.027  eval vs random win 1.00 (+139.9)  vs greedy win 0.56 (+7.2)  [245s]
  3500 games  eps 0.020  train win 0.37 margin   -9.7  |td| 0.026  eval vs random win 1.00 (+130.1)  vs greedy win 0.51 (+1.8)  [292s]
  4000 games  eps 0.020  train win 0.50 margin   -0.3  |td| 0.022  eval vs random win 1.00 (+132.0)  vs greedy win 0.57 (+1.1)  [338s]
  4500 games  eps 0.020  train win 0.49 margin   -1.0  |td| 0.020  eval vs random win 1.00 (+141.1)  vs greedy win 0.61 (+7.9)  [384s]
  5000 games  eps 0.020  train win 0.57 margin   +4.3  |td| 0.016  eval vs random win 1.00 (+140.8)  vs greedy win 0.69 (+9.8)  [432s]
  5500 games  eps 0.020  train win 0.45 margin   -1.6  |td| 0.017  eval vs random win 1.00 (+133.3)  vs greedy win 0.57 (+5.0)  [479s]
  6000 games  eps 0.020  train win 0.43 margin   -4.2  |td| 0.016  eval vs random win 1.00 (+152.2)  vs greedy win 0.48 (+2.1)  [521s]
  6500 games  eps 0.020  train win 0.40 margin   -5.6  |td| 0.018  eval vs random win 1.00 (+157.7)  vs greedy win 0.44 (+1.4)  [562s]
  7000 games  eps 0.020  train win 0.33 margin  -10.4  |td| 0.019  eval vs random win 1.00 (+167.2)  vs greedy win 0.39 (-2.4)  [604s]
  7500 games  eps 0.020  train win 0.28 margin  -15.2  |td| 0.019  eval vs random win 1.00 (+164.1)  vs greedy win 0.27 (-11.6)  [646s]
  8000 games  eps 0.020  train win 0.22 margin  -21.0  |td| 0.021  eval vs random win 1.00 (+154.1)  vs greedy win 0.37 (-8.4)  [688s]
  8500 games  eps 0.020  train win 0.19 margin  -29.9  |td| 0.026  eval vs random win 1.00 (+128.0)  vs greedy win 0.34 (-21.8)  [729s]
  9000 games  eps 0.020  train win 0.33 margin  -18.3  |td| 0.026  eval vs random win 1.00 (+154.4)  vs greedy win 0.57 (+8.1)  [771s]
  9500 games  eps 0.020  train win 0.39 margin  -13.4  |td| 0.024  eval vs random win 1.00 (+147.8)  vs greedy win 0.56 (+5.7)  [813s]
 10000 games  eps 0.020  train win 0.41 margin   -6.3  |td| 0.023  eval vs random win 1.00 (+162.9)  vs greedy win 0.61 (+5.4)  [856s]
 10500 games  eps 0.020  train win 0.54 margin   +3.3  |td| 0.020  eval vs random win 1.00 (+155.2)  vs greedy win 0.68 (+12.5)  [899s]
 11000 games  eps 0.020  train win 0.56 margin   +4.8  |td| 0.018  eval vs random win 1.00 (+161.1)  vs greedy win 0.62 (+13.1)  [940s]
 11500 games  eps 0.020  train win 0.48 margin   -3.5  |td| 0.017  eval vs random win 1.00 (+145.4)  vs greedy win 0.45 (-3.1)  [980s]
 12000 games  eps 0.020  train win 0.30 margin  -15.0  |td| 0.019  eval vs random win 1.00 (+152.0)  vs greedy win 0.47 (-3.8)  [1018s]
 12500 games  eps 0.020  train win 0.28 margin  -13.5  |td| 0.018  eval vs random win 1.00 (+147.2)  vs greedy win 0.37 (-7.0)  [1056s]
 13000 games  eps 0.020  train win 0.35 margin  -10.6  |td| 0.017  eval vs random win 1.00 (+145.3)  vs greedy win 0.45 (-3.3)  [1093s]
 13500 games  eps 0.020  train win 0.27 margin  -15.2  |td| 0.020  eval vs random win 1.00 (+164.0)  vs greedy win 0.37 (-6.9)  [1131s]
 14000 games  eps 0.020  train win 0.10 margin  -34.0  |td| 0.018  eval vs random win 1.00 (+132.8)  vs greedy win 0.08 (-38.4)  [1169s]
 14500 games  eps 0.020  train win 0.17 margin  -25.7  |td| 0.022  eval vs random win 1.00 (+146.9)  vs greedy win 0.29 (-15.5)  [1208s]
 15000 games  eps 0.020  train win 0.09 margin  -35.1  |td| 0.017  eval vs random win 1.00 (+133.6)  vs greedy win 0.10 (-29.5)  [1246s]
 15500 games  eps 0.020  train win 0.18 margin  -26.0  |td| 0.021  eval vs random win 1.00 (+138.1)  vs greedy win 0.12 (-34.7)  [1284s]
 16000 games  eps 0.020  train win 0.23 margin  -23.7  |td| 0.021  eval vs random win 1.00 (+139.6)  vs greedy win 0.35 (-11.7)  [1322s]
 16500 games  eps 0.020  train win 0.16 margin  -27.4  |td| 0.027  eval vs random win 1.00 (+131.0)  vs greedy win 0.21 (-26.5)  [1360s]
 17000 games  eps 0.020  train win 0.21 margin  -29.0  |td| 0.029  eval vs random win 1.00 (+138.5)  vs greedy win 0.29 (-20.5)  [1399s]
 17500 games  eps 0.020  train win 0.41 margin   -9.0  |td| 0.022  eval vs random win 1.00 (+144.3)  vs greedy win 0.59 (+2.8)  [1437s]
 18000 games  eps 0.020  train win 0.21 margin  -21.3  |td| 0.023  eval vs random win 1.00 (+131.5)  vs greedy win 0.36 (-13.7)  [1475s]
 18500 games  eps 0.020  train win 0.31 margin  -13.8  |td| 0.021  eval vs random win 1.00 (+149.1)  vs greedy win 0.34 (-8.2)  [1513s]
 19000 games  eps 0.020  train win 0.33 margin  -12.0  |td| 0.017  eval vs random win 1.00 (+145.9)  vs greedy win 0.39 (-8.1)  [1551s]
 19500 games  eps 0.020  train win 0.38 margin   -8.9  |td| 0.018  eval vs random win 1.00 (+141.1)  vs greedy win 0.43 (-5.7)  [1588s]
 20000 games  eps 0.020  train win 0.37 margin   -9.9  |td| 0.016  eval vs random win 1.00 (+143.9)  vs greedy win 0.31 (-10.0)  [1624s]
 20500 games  eps 0.020  train win 0.37 margin   -9.8  |td| 0.016  eval vs random win 1.00 (+158.7)  vs greedy win 0.52 (-2.4)  [1662s]
 21000 games  eps 0.020  train win 0.43 margin   -7.1  |td| 0.017  eval vs random win 1.00 (+143.1)  vs greedy win 0.40 (-8.0)  [1698s]
 21500 games  eps 0.020  train win 0.38 margin   -7.8  |td| 0.016  eval vs random win 1.00 (+146.3)  vs greedy win 0.42 (-7.4)  [1735s]
 22000 games  eps 0.020  train win 0.35 margin   -9.7  |td| 0.016  eval vs random win 1.00 (+140.5)  vs greedy win 0.55 (+1.4)  [1772s]
 22500 games  eps 0.020  train win 0.32 margin  -12.2  |td| 0.016  eval vs random win 1.00 (+139.7)  vs greedy win 0.43 (-5.3)  [1808s]
 23000 games  eps 0.020  train win 0.31 margin  -12.5  |td| 0.018  eval vs random win 1.00 (+133.4)  vs greedy win 0.39 (-9.4)  [1844s]
 23500 games  eps 0.020  train win 0.27 margin  -16.2  |td| 0.016  eval vs random win 1.00 (+139.8)  vs greedy win 0.30 (-15.1)  [1879s]
 24000 games  eps 0.020  train win 0.36 margin  -10.4  |td| 0.017  eval vs random win 1.00 (+139.7)  vs greedy win 0.30 (-12.2)  [1915s]
 24500 games  eps 0.020  train win 0.39 margin   -8.2  |td| 0.019  eval vs random win 1.00 (+147.9)  vs greedy win 0.44 (-3.1)  [1950s]
 25000 games  eps 0.020  train win 0.25 margin  -16.3  |td| 0.019  eval vs random win 1.00 (+137.3)  vs greedy win 0.36 (-10.6)  [1986s]
 25500 games  eps 0.020  train win 0.29 margin  -15.9  |td| 0.020  eval vs random win 1.00 (+137.2)  vs greedy win 0.25 (-18.6)  [2021s]
 26000 games  eps 0.020  train win 0.44 margin   -5.5  |td| 0.020  eval vs random win 1.00 (+146.7)  vs greedy win 0.45 (-0.7)  [2057s]
 26500 games  eps 0.020  train win 0.29 margin  -15.4  |td| 0.018  eval vs random win 1.00 (+139.1)  vs greedy win 0.24 (-19.1)  [2092s]
 27000 games  eps 0.020  train win 0.33 margin  -11.7  |td| 0.017  eval vs random win 1.00 (+143.6)  vs greedy win 0.51 (-2.4)  [2129s]
 27500 games  eps 0.020  train win 0.39 margin   -9.3  |td| 0.017  eval vs random win 1.00 (+145.0)  vs greedy win 0.40 (-4.1)  [2166s]
 28000 games  eps 0.020  train win 0.38 margin   -9.0  |td| 0.017  eval vs random win 1.00 (+139.7)  vs greedy win 0.41 (-7.4)  [2204s]
 28500 games  eps 0.020  train win 0.38 margin   -8.1  |td| 0.016  eval vs random win 1.00 (+150.0)  vs greedy win 0.42 (-4.0)  [2241s]
 29000 games  eps 0.020  train win 0.34 margin  -10.5  |td| 0.016  eval vs random win 1.00 (+141.2)  vs greedy win 0.36 (-5.6)  [2276s]
 29500 games  eps 0.020  train win 0.29 margin  -13.7  |td| 0.016  eval vs random win 1.00 (+143.6)  vs greedy win 0.37 (-12.8)  [2313s]
 30000 games  eps 0.020  train win 0.35 margin  -10.6  |td| 0.016  eval vs random win 1.00 (+145.3)  vs greedy win 0.45 (-6.8)  [2349s]
saved runs\linear\pass8\p8b_q_lam98_self_decay_s0.json  (ttr-dash runs\linear\pass8\p8b_q_lam98_self_decay_s0.json to analyze)
