training q vs random: 10000 games, alpha 0.05, epsilon 0.2 -> 0.02, reward margin
(best checkpoint kept by margin vs greedy; play it as linear:runs\linear\pass4\p4a_base_s1.json@best)
live: runs\linear\pass4\p4a_base_s1.json rewritten every 100 games (watch with ttr-dash --live runs\linear\pass4\p4a_base_s1.json)
   200 games  eps 0.164  train win 0.77 margin  +41.7  |td| 0.028  eval vs random win 0.00 (-294.4)  vs greedy win 0.00 (-415.5)  [20s]
   400 games  eps 0.128  train win 0.57 margin   +4.2  |td| 0.041  eval vs random win 1.00 (+134.3)  vs greedy win 0.00 (-92.6)  [90s]
   600 games  eps 0.092  train win 0.98 margin +115.1  |td| 0.022  eval vs random win 0.99 (+108.2)  vs greedy win 0.01 (-90.7)  [114s]
   800 games  eps 0.056  train win 0.98 margin +107.0  |td| 0.017  eval vs random win 1.00 (+114.7)  vs greedy win 0.00 (-88.5)  [135s]
  1000 games  eps 0.020  train win 0.99 margin +115.0  |td| 0.015  eval vs random win 0.99 (+102.7)  vs greedy win 0.01 (-69.7)  [160s]
  1200 games  eps 0.020  train win 1.00 margin +107.3  |td| 0.013  eval vs random win 1.00 (+119.3)  vs greedy win 0.02 (-53.6)  [183s]
  1400 games  eps 0.020  train win 1.00 margin +135.8  |td| 0.014  eval vs random win 1.00 (+138.7)  vs greedy win 0.27 (-19.0)  [215s]
  1600 games  eps 0.020  train win 1.00 margin +123.1  |td| 0.014  eval vs random win 1.00 (+108.5)  vs greedy win 0.09 (-41.4)  [238s]
  1800 games  eps 0.020  train win 1.00 margin +133.4  |td| 0.013  eval vs random win 1.00 (+152.7)  vs greedy win 0.28 (-16.5)  [258s]
  2000 games  eps 0.020  train win 0.99 margin +136.7  |td| 0.014  eval vs random win 0.99 (+111.7)  vs greedy win 0.01 (-65.6)  [286s]
  2200 games  eps 0.020  train win 1.00 margin +129.1  |td| 0.013  eval vs random win 1.00 (+139.2)  vs greedy win 0.35 (-11.8)  [306s]
  2400 games  eps 0.020  train win 1.00 margin +130.5  |td| 0.012  eval vs random win 1.00 (+125.1)  vs greedy win 0.27 (-18.3)  [335s]
  2600 games  eps 0.020  train win 1.00 margin +138.4  |td| 0.013  eval vs random win 1.00 (+147.8)  vs greedy win 0.04 (-29.6)  [360s]
  2800 games  eps 0.020  train win 1.00 margin +140.8  |td| 0.012  eval vs random win 1.00 (+139.2)  vs greedy win 0.18 (-25.3)  [387s]
  3000 games  eps 0.020  train win 1.00 margin +140.2  |td| 0.012  eval vs random win 1.00 (+144.1)  vs greedy win 0.42 (-6.3)  [412s]
  3200 games  eps 0.020  train win 1.00 margin +128.9  |td| 0.012  eval vs random win 1.00 (+135.0)  vs greedy win 0.44 (-4.7)  [433s]
  3400 games  eps 0.020  train win 1.00 margin +149.3  |td| 0.013  eval vs random win 1.00 (+148.1)  vs greedy win 0.50 (+1.0)  [455s]
  3600 games  eps 0.020  train win 1.00 margin +125.7  |td| 0.014  eval vs random win 1.00 (+142.1)  vs greedy win 0.48 (-2.4)  [483s]
  3800 games  eps 0.020  train win 1.00 margin +140.5  |td| 0.013  eval vs random win 1.00 (+152.0)  vs greedy win 0.23 (-23.4)  [506s]
  4000 games  eps 0.020  train win 1.00 margin +148.6  |td| 0.013  eval vs random win 1.00 (+150.4)  vs greedy win 0.24 (-17.8)  [533s]
  4200 games  eps 0.020  train win 1.00 margin +133.6  |td| 0.013  eval vs random win 1.00 (+126.7)  vs greedy win 0.27 (-16.9)  [558s]
  4400 games  eps 0.020  train win 0.99 margin +143.0  |td| 0.014  eval vs random win 1.00 (+148.6)  vs greedy win 0.38 (-7.7)  [582s]
  4600 games  eps 0.020  train win 1.00 margin +149.3  |td| 0.013  eval vs random win 1.00 (+139.8)  vs greedy win 0.07 (-40.4)  [605s]
  4800 games  eps 0.020  train win 1.00 margin +149.5  |td| 0.013  eval vs random win 1.00 (+157.2)  vs greedy win 0.24 (-15.2)  [634s]
  5000 games  eps 0.020  train win 1.00 margin +141.0  |td| 0.013  eval vs random win 1.00 (+149.2)  vs greedy win 0.44 (-6.4)  [658s]
  5200 games  eps 0.020  train win 1.00 margin +145.7  |td| 0.013  eval vs random win 1.00 (+150.0)  vs greedy win 0.03 (-57.4)  [687s]
  5400 games  eps 0.020  train win 1.00 margin +146.6  |td| 0.013  eval vs random win 1.00 (+153.3)  vs greedy win 0.39 (-3.1)  [717s]
  5600 games  eps 0.020  train win 1.00 margin +147.1  |td| 0.013  eval vs random win 1.00 (+143.8)  vs greedy win 0.47 (-1.6)  [741s]
  5800 games  eps 0.020  train win 1.00 margin +146.4  |td| 0.013  eval vs random win 1.00 (+145.6)  vs greedy win 0.24 (-21.9)  [766s]
  6000 games  eps 0.020  train win 1.00 margin +149.1  |td| 0.013  eval vs random win 1.00 (+151.9)  vs greedy win 0.26 (-13.8)  [789s]
  6200 games  eps 0.020  train win 1.00 margin +150.0  |td| 0.013  eval vs random win 1.00 (+156.3)  vs greedy win 0.39 (-8.7)  [815s]
  6400 games  eps 0.020  train win 1.00 margin +149.9  |td| 0.014  eval vs random win 1.00 (+147.6)  vs greedy win 0.31 (-11.5)  [842s]
  6600 games  eps 0.020  train win 1.00 margin +146.0  |td| 0.013  eval vs random win 1.00 (+139.7)  vs greedy win 0.21 (-19.6)  [874s]
  6800 games  eps 0.020  train win 1.00 margin +148.9  |td| 0.014  eval vs random win 1.00 (+147.7)  vs greedy win 0.01 (-41.1)  [901s]
  7000 games  eps 0.020  train win 1.00 margin +143.5  |td| 0.014  eval vs random win 1.00 (+125.5)  vs greedy win 0.19 (-21.3)  [930s]
  7200 games  eps 0.020  train win 1.00 margin +153.6  |td| 0.015  eval vs random win 1.00 (+154.2)  vs greedy win 0.43 (-2.6)  [955s]
  7400 games  eps 0.020  train win 1.00 margin +145.3  |td| 0.015  eval vs random win 1.00 (+151.5)  vs greedy win 0.22 (-19.8)  [982s]
  7600 games  eps 0.020  train win 1.00 margin +154.7  |td| 0.014  eval vs random win 1.00 (+146.8)  vs greedy win 0.13 (-23.8)  [1009s]
  7800 games  eps 0.020  train win 1.00 margin +147.6  |td| 0.014  eval vs random win 1.00 (+132.2)  vs greedy win 0.04 (-31.8)  [1034s]
  8000 games  eps 0.020  train win 1.00 margin +156.0  |td| 0.014  eval vs random win 1.00 (+154.9)  vs greedy win 0.11 (-42.9)  [1060s]
  8200 games  eps 0.020  train win 0.99 margin +151.6  |td| 0.013  eval vs random win 1.00 (+159.5)  vs greedy win 0.25 (-12.8)  [1087s]
  8400 games  eps 0.020  train win 1.00 margin +143.1  |td| 0.014  eval vs random win 1.00 (+154.3)  vs greedy win 0.21 (-17.6)  [1112s]
  8600 games  eps 0.020  train win 1.00 margin +146.4  |td| 0.014  eval vs random win 1.00 (+159.7)  vs greedy win 0.25 (-13.8)  [1138s]
  8800 games  eps 0.020  train win 1.00 margin +146.8  |td| 0.014  eval vs random win 1.00 (+155.2)  vs greedy win 0.22 (-17.8)  [1165s]
  9000 games  eps 0.020  train win 1.00 margin +152.1  |td| 0.014  eval vs random win 1.00 (+155.5)  vs greedy win 0.24 (-23.6)  [1196s]
  9200 games  eps 0.020  train win 1.00 margin +155.8  |td| 0.015  eval vs random win 1.00 (+155.1)  vs greedy win 0.22 (-25.5)  [1221s]
  9400 games  eps 0.020  train win 0.99 margin +159.9  |td| 0.014  eval vs random win 1.00 (+148.3)  vs greedy win 0.04 (-37.9)  [1246s]
  9600 games  eps 0.020  train win 0.99 margin +148.2  |td| 0.015  eval vs random win 1.00 (+114.8)  vs greedy win 0.00 (-59.1)  [1272s]
  9800 games  eps 0.020  train win 1.00 margin +150.5  |td| 0.016  eval vs random win 1.00 (+160.8)  vs greedy win 0.35 (-11.3)  [1293s]
 10000 games  eps 0.020  train win 1.00 margin +155.6  |td| 0.014  eval vs random win 1.00 (+173.8)  vs greedy win 0.37 (-13.0)  [1317s]
saved runs\linear\pass4\p4a_base_s1.json  (ttr-dash runs\linear\pass4\p4a_base_s1.json to analyze)
