training q vs random: 10000 games, alpha 0.05, epsilon 0.2 -> 0.02, reward margin
(best checkpoint kept by margin vs greedy; play it as linear:runs\linear\pass4\p4a_base_s2.json@best)
live: runs\linear\pass4\p4a_base_s2.json rewritten every 100 games (watch with ttr-dash --live runs\linear\pass4\p4a_base_s2.json)
   200 games  eps 0.164  train win 0.68 margin   +1.3  |td| 0.037  eval vs random win 0.85 (+56.7)  vs greedy win 0.00 (-139.4)  [24s]
   400 games  eps 0.128  train win 0.97 margin  +99.9  |td| 0.026  eval vs random win 1.00 (+152.6)  vs greedy win 0.07 (-40.1)  [55s]
   600 games  eps 0.092  train win 1.00 margin +132.8  |td| 0.020  eval vs random win 1.00 (+149.2)  vs greedy win 0.09 (-35.5)  [79s]
   800 games  eps 0.056  train win 1.00 margin +141.3  |td| 0.017  eval vs random win 1.00 (+131.1)  vs greedy win 0.03 (-44.1)  [108s]
  1000 games  eps 0.020  train win 1.00 margin +146.8  |td| 0.017  eval vs random win 1.00 (+140.0)  vs greedy win 0.07 (-35.7)  [136s]
  1200 games  eps 0.020  train win 1.00 margin +142.6  |td| 0.017  eval vs random win 1.00 (+143.5)  vs greedy win 0.06 (-40.7)  [159s]
  1400 games  eps 0.020  train win 1.00 margin +147.9  |td| 0.017  eval vs random win 1.00 (+154.1)  vs greedy win 0.24 (-20.7)  [182s]
  1600 games  eps 0.020  train win 1.00 margin +149.8  |td| 0.016  eval vs random win 1.00 (+150.8)  vs greedy win 0.14 (-24.6)  [210s]
  1800 games  eps 0.020  train win 1.00 margin +157.4  |td| 0.016  eval vs random win 1.00 (+148.7)  vs greedy win 0.26 (-18.8)  [234s]
  2000 games  eps 0.020  train win 1.00 margin +154.8  |td| 0.017  eval vs random win 1.00 (+145.0)  vs greedy win 0.02 (-81.0)  [258s]
  2200 games  eps 0.020  train win 1.00 margin +151.3  |td| 0.016  eval vs random win 1.00 (+146.2)  vs greedy win 0.26 (-19.2)  [285s]
  2400 games  eps 0.020  train win 1.00 margin +154.9  |td| 0.016  eval vs random win 1.00 (+152.4)  vs greedy win 0.27 (-15.4)  [313s]
  2600 games  eps 0.020  train win 1.00 margin +161.2  |td| 0.017  eval vs random win 1.00 (+153.9)  vs greedy win 0.16 (-21.8)  [339s]
  2800 games  eps 0.020  train win 1.00 margin +154.4  |td| 0.017  eval vs random win 1.00 (+147.9)  vs greedy win 0.34 (-12.0)  [362s]
  3000 games  eps 0.020  train win 1.00 margin +159.7  |td| 0.017  eval vs random win 1.00 (+166.4)  vs greedy win 0.21 (-27.0)  [384s]
  3200 games  eps 0.020  train win 1.00 margin +161.1  |td| 0.017  eval vs random win 1.00 (+160.7)  vs greedy win 0.25 (-16.1)  [413s]
  3400 games  eps 0.020  train win 1.00 margin +158.2  |td| 0.016  eval vs random win 1.00 (+160.1)  vs greedy win 0.27 (-14.5)  [436s]
  3600 games  eps 0.020  train win 0.99 margin +164.0  |td| 0.017  eval vs random win 1.00 (+168.6)  vs greedy win 0.29 (-13.9)  [462s]
  3800 games  eps 0.020  train win 1.00 margin +152.5  |td| 0.017  eval vs random win 1.00 (+168.4)  vs greedy win 0.38 (-9.9)  [486s]
  4000 games  eps 0.020  train win 1.00 margin +163.5  |td| 0.017  eval vs random win 1.00 (+167.9)  vs greedy win 0.21 (-17.5)  [512s]
  4200 games  eps 0.020  train win 1.00 margin +162.1  |td| 0.017  eval vs random win 1.00 (+175.3)  vs greedy win 0.21 (-23.1)  [538s]
  4400 games  eps 0.020  train win 1.00 margin +169.4  |td| 0.017  eval vs random win 1.00 (+170.8)  vs greedy win 0.38 (-7.3)  [560s]
  4600 games  eps 0.020  train win 0.99 margin +164.3  |td| 0.017  eval vs random win 1.00 (+165.5)  vs greedy win 0.18 (-36.9)  [585s]
  4800 games  eps 0.020  train win 1.00 margin +169.0  |td| 0.018  eval vs random win 1.00 (+180.2)  vs greedy win 0.25 (-9.8)  [612s]
  5000 games  eps 0.020  train win 1.00 margin +159.7  |td| 0.017  eval vs random win 1.00 (+172.7)  vs greedy win 0.15 (-47.3)  [637s]
  5200 games  eps 0.020  train win 1.00 margin +167.0  |td| 0.018  eval vs random win 1.00 (+162.1)  vs greedy win 0.04 (-66.6)  [665s]
  5400 games  eps 0.020  train win 0.99 margin +163.9  |td| 0.017  eval vs random win 1.00 (+170.2)  vs greedy win 0.33 (-10.1)  [691s]
  5600 games  eps 0.020  train win 1.00 margin +171.4  |td| 0.018  eval vs random win 1.00 (+169.6)  vs greedy win 0.30 (-16.2)  [716s]
  5800 games  eps 0.020  train win 1.00 margin +167.0  |td| 0.018  eval vs random win 1.00 (+170.1)  vs greedy win 0.37 (-10.4)  [741s]
  6000 games  eps 0.020  train win 1.00 margin +166.8  |td| 0.017  eval vs random win 1.00 (+156.7)  vs greedy win 0.04 (-55.9)  [765s]
  6200 games  eps 0.020  train win 1.00 margin +166.4  |td| 0.018  eval vs random win 1.00 (+167.0)  vs greedy win 0.26 (-13.2)  [790s]
  6400 games  eps 0.020  train win 1.00 margin +166.8  |td| 0.018  eval vs random win 1.00 (+171.0)  vs greedy win 0.31 (-9.2)  [813s]
  6600 games  eps 0.020  train win 1.00 margin +169.8  |td| 0.018  eval vs random win 1.00 (+159.4)  vs greedy win 0.38 (-7.1)  [834s]
  6800 games  eps 0.020  train win 1.00 margin +171.3  |td| 0.019  eval vs random win 1.00 (+166.2)  vs greedy win 0.35 (-12.1)  [859s]
  7000 games  eps 0.020  train win 1.00 margin +165.3  |td| 0.018  eval vs random win 1.00 (+167.2)  vs greedy win 0.31 (-7.2)  [881s]
  7200 games  eps 0.020  train win 1.00 margin +165.0  |td| 0.018  eval vs random win 1.00 (+160.3)  vs greedy win 0.35 (-8.4)  [902s]
  7400 games  eps 0.020  train win 1.00 margin +170.2  |td| 0.018  eval vs random win 0.99 (+164.0)  vs greedy win 0.08 (-56.4)  [921s]
  7600 games  eps 0.020  train win 1.00 margin +162.5  |td| 0.018  eval vs random win 1.00 (+165.9)  vs greedy win 0.26 (-11.3)  [944s]
  7800 games  eps 0.020  train win 0.99 margin +164.3  |td| 0.018  eval vs random win 1.00 (+171.2)  vs greedy win 0.27 (-12.8)  [968s]
  8000 games  eps 0.020  train win 1.00 margin +167.7  |td| 0.018  eval vs random win 1.00 (+165.5)  vs greedy win 0.35 (-8.6)  [993s]
  8200 games  eps 0.020  train win 1.00 margin +168.9  |td| 0.018  eval vs random win 1.00 (+174.1)  vs greedy win 0.21 (-33.3)  [1016s]
  8400 games  eps 0.020  train win 1.00 margin +169.1  |td| 0.019  eval vs random win 1.00 (+165.5)  vs greedy win 0.25 (-20.8)  [1044s]
  8600 games  eps 0.020  train win 1.00 margin +158.9  |td| 0.019  eval vs random win 1.00 (+170.6)  vs greedy win 0.18 (-36.4)  [1068s]
  8800 games  eps 0.020  train win 1.00 margin +156.0  |td| 0.018  eval vs random win 1.00 (+166.8)  vs greedy win 0.34 (-14.3)  [1088s]
  9000 games  eps 0.020  train win 1.00 margin +167.8  |td| 0.019  eval vs random win 1.00 (+161.8)  vs greedy win 0.38 (-7.0)  [1112s]
  9200 games  eps 0.020  train win 1.00 margin +171.1  |td| 0.019  eval vs random win 1.00 (+166.0)  vs greedy win 0.27 (-17.0)  [1139s]
  9400 games  eps 0.020  train win 1.00 margin +164.9  |td| 0.018  eval vs random win 1.00 (+162.8)  vs greedy win 0.08 (-55.1)  [1162s]
  9600 games  eps 0.020  train win 1.00 margin +165.1  |td| 0.018  eval vs random win 1.00 (+171.1)  vs greedy win 0.35 (-11.6)  [1185s]
  9800 games  eps 0.020  train win 1.00 margin +167.4  |td| 0.018  eval vs random win 1.00 (+168.0)  vs greedy win 0.32 (-8.2)  [1206s]
 10000 games  eps 0.020  train win 1.00 margin +167.3  |td| 0.018  eval vs random win 1.00 (+168.2)  vs greedy win 0.40 (-5.2)  [1226s]
saved runs\linear\pass4\p4a_base_s2.json  (ttr-dash runs\linear\pass4\p4a_base_s2.json to analyze)
