training q vs random: 10000 games, alpha 0.05, epsilon 0.2 -> 0.02, reward margin
(best checkpoint kept by margin vs greedy; play it as linear:runs\linear\pass4\p4a_base_s0.json@best)
live: runs\linear\pass4\p4a_base_s0.json rewritten every 100 games (watch with ttr-dash --live runs\linear\pass4\p4a_base_s0.json)
   200 games  eps 0.164  train win 0.69 margin   +7.3  |td| 0.038  eval vs random win 0.50 (+2.4)  vs greedy win 0.00 (-156.2)  [26s]
   400 games  eps 0.128  train win 0.94 margin  +89.7  |td| 0.031  eval vs random win 0.91 (+85.7)  vs greedy win 0.00 (-114.2)  [61s]
   600 games  eps 0.092  train win 1.00 margin +116.9  |td| 0.021  eval vs random win 1.00 (+148.5)  vs greedy win 0.05 (-40.2)  [92s]
   800 games  eps 0.056  train win 1.00 margin +141.7  |td| 0.019  eval vs random win 1.00 (+153.2)  vs greedy win 0.20 (-24.8)  [122s]
  1000 games  eps 0.020  train win 1.00 margin +147.3  |td| 0.018  eval vs random win 1.00 (+157.4)  vs greedy win 0.27 (-18.0)  [146s]
  1200 games  eps 0.020  train win 1.00 margin +152.7  |td| 0.018  eval vs random win 1.00 (+151.8)  vs greedy win 0.02 (-42.4)  [172s]
  1400 games  eps 0.020  train win 1.00 margin +155.0  |td| 0.018  eval vs random win 1.00 (+149.7)  vs greedy win 0.17 (-23.4)  [198s]
  1600 games  eps 0.020  train win 1.00 margin +156.1  |td| 0.018  eval vs random win 1.00 (+160.7)  vs greedy win 0.07 (-27.0)  [228s]
  1800 games  eps 0.020  train win 1.00 margin +153.1  |td| 0.018  eval vs random win 1.00 (+159.0)  vs greedy win 0.16 (-25.8)  [253s]
  2000 games  eps 0.020  train win 1.00 margin +160.2  |td| 0.018  eval vs random win 1.00 (+154.8)  vs greedy win 0.20 (-16.5)  [279s]
  2200 games  eps 0.020  train win 1.00 margin +168.3  |td| 0.017  eval vs random win 1.00 (+163.8)  vs greedy win 0.27 (-14.9)  [307s]
  2400 games  eps 0.020  train win 1.00 margin +156.0  |td| 0.017  eval vs random win 1.00 (+159.1)  vs greedy win 0.19 (-20.3)  [332s]
  2600 games  eps 0.020  train win 1.00 margin +161.6  |td| 0.018  eval vs random win 1.00 (+167.7)  vs greedy win 0.22 (-15.8)  [358s]
  2800 games  eps 0.020  train win 1.00 margin +170.8  |td| 0.018  eval vs random win 1.00 (+176.5)  vs greedy win 0.32 (-18.1)  [381s]
  3000 games  eps 0.020  train win 1.00 margin +169.4  |td| 0.018  eval vs random win 1.00 (+171.1)  vs greedy win 0.16 (-43.4)  [405s]
  3200 games  eps 0.020  train win 1.00 margin +160.0  |td| 0.018  eval vs random win 1.00 (+172.4)  vs greedy win 0.37 (-8.7)  [434s]
  3400 games  eps 0.020  train win 1.00 margin +166.1  |td| 0.019  eval vs random win 1.00 (+167.4)  vs greedy win 0.20 (-17.5)  [458s]
  3600 games  eps 0.020  train win 1.00 margin +171.5  |td| 0.018  eval vs random win 1.00 (+174.5)  vs greedy win 0.28 (-13.8)  [494s]
  3800 games  eps 0.020  train win 1.00 margin +166.8  |td| 0.018  eval vs random win 1.00 (+173.3)  vs greedy win 0.32 (-12.0)  [519s]
  4000 games  eps 0.020  train win 1.00 margin +169.8  |td| 0.018  eval vs random win 1.00 (+174.8)  vs greedy win 0.27 (-15.2)  [540s]
  4200 games  eps 0.020  train win 1.00 margin +169.5  |td| 0.018  eval vs random win 1.00 (+165.7)  vs greedy win 0.34 (-11.5)  [565s]
  4400 games  eps 0.020  train win 1.00 margin +174.5  |td| 0.019  eval vs random win 1.00 (+162.7)  vs greedy win 0.13 (-39.5)  [590s]
  4600 games  eps 0.020  train win 1.00 margin +165.3  |td| 0.018  eval vs random win 1.00 (+173.2)  vs greedy win 0.09 (-39.4)  [617s]
  4800 games  eps 0.020  train win 1.00 margin +162.7  |td| 0.019  eval vs random win 1.00 (+177.0)  vs greedy win 0.25 (-18.9)  [645s]
  5000 games  eps 0.020  train win 1.00 margin +170.7  |td| 0.019  eval vs random win 1.00 (+164.7)  vs greedy win 0.34 (-7.9)  [667s]
  5200 games  eps 0.020  train win 1.00 margin +168.8  |td| 0.019  eval vs random win 1.00 (+180.4)  vs greedy win 0.26 (-13.2)  [689s]
  5400 games  eps 0.020  train win 1.00 margin +163.8  |td| 0.019  eval vs random win 1.00 (+163.2)  vs greedy win 0.37 (-10.1)  [714s]
  5600 games  eps 0.020  train win 1.00 margin +163.3  |td| 0.019  eval vs random win 1.00 (+178.1)  vs greedy win 0.33 (-9.0)  [739s]
  5800 games  eps 0.020  train win 1.00 margin +160.6  |td| 0.019  eval vs random win 1.00 (+166.6)  vs greedy win 0.37 (-8.8)  [762s]
  6000 games  eps 0.020  train win 1.00 margin +167.5  |td| 0.019  eval vs random win 1.00 (+175.7)  vs greedy win 0.28 (-17.6)  [785s]
  6200 games  eps 0.020  train win 1.00 margin +161.7  |td| 0.019  eval vs random win 1.00 (+173.4)  vs greedy win 0.29 (-18.6)  [810s]
  6400 games  eps 0.020  train win 1.00 margin +161.6  |td| 0.019  eval vs random win 1.00 (+167.6)  vs greedy win 0.17 (-13.0)  [836s]
  6600 games  eps 0.020  train win 1.00 margin +162.5  |td| 0.019  eval vs random win 1.00 (+170.3)  vs greedy win 0.31 (-11.5)  [860s]
  6800 games  eps 0.020  train win 1.00 margin +165.1  |td| 0.019  eval vs random win 1.00 (+170.5)  vs greedy win 0.34 (-6.9)  [883s]
  7000 games  eps 0.020  train win 1.00 margin +166.3  |td| 0.018  eval vs random win 1.00 (+166.7)  vs greedy win 0.32 (-15.0)  [904s]
  7200 games  eps 0.020  train win 1.00 margin +162.5  |td| 0.018  eval vs random win 1.00 (+164.0)  vs greedy win 0.16 (-43.8)  [928s]
  7400 games  eps 0.020  train win 1.00 margin +166.8  |td| 0.019  eval vs random win 1.00 (+161.6)  vs greedy win 0.45 (-4.5)  [951s]
  7600 games  eps 0.020  train win 1.00 margin +170.7  |td| 0.019  eval vs random win 1.00 (+163.6)  vs greedy win 0.13 (-34.5)  [974s]
  7800 games  eps 0.020  train win 1.00 margin +162.7  |td| 0.019  eval vs random win 1.00 (+170.8)  vs greedy win 0.16 (-31.6)  [1003s]
  8000 games  eps 0.020  train win 1.00 margin +171.3  |td| 0.019  eval vs random win 1.00 (+169.3)  vs greedy win 0.36 (-8.0)  [1031s]
  8200 games  eps 0.020  train win 1.00 margin +168.4  |td| 0.019  eval vs random win 1.00 (+167.4)  vs greedy win 0.40 (-9.7)  [1054s]
  8400 games  eps 0.020  train win 1.00 margin +164.8  |td| 0.019  eval vs random win 1.00 (+174.0)  vs greedy win 0.14 (-39.2)  [1075s]
  8600 games  eps 0.020  train win 1.00 margin +170.1  |td| 0.019  eval vs random win 1.00 (+167.2)  vs greedy win 0.19 (-19.9)  [1106s]
  8800 games  eps 0.020  train win 1.00 margin +169.2  |td| 0.018  eval vs random win 1.00 (+158.1)  vs greedy win 0.16 (-37.7)  [1131s]
  9000 games  eps 0.020  train win 1.00 margin +174.8  |td| 0.019  eval vs random win 1.00 (+167.0)  vs greedy win 0.35 (-12.0)  [1153s]
  9200 games  eps 0.020  train win 1.00 margin +165.3  |td| 0.019  eval vs random win 1.00 (+173.2)  vs greedy win 0.25 (-20.3)  [1176s]
  9400 games  eps 0.020  train win 1.00 margin +170.1  |td| 0.018  eval vs random win 1.00 (+167.9)  vs greedy win 0.43 (-4.9)  [1198s]
  9600 games  eps 0.020  train win 1.00 margin +167.4  |td| 0.018  eval vs random win 1.00 (+174.7)  vs greedy win 0.32 (-8.4)  [1219s]
  9800 games  eps 0.020  train win 1.00 margin +168.7  |td| 0.019  eval vs random win 1.00 (+170.5)  vs greedy win 0.35 (-7.7)  [1240s]
 10000 games  eps 0.020  train win 1.00 margin +165.5  |td| 0.019  eval vs random win 1.00 (+169.3)  vs greedy win 0.29 (-13.4)  [1260s]
saved runs\linear\pass4\p4a_base_s0.json  (ttr-dash runs\linear\pass4\p4a_base_s0.json to analyze)
