training q vs random: 10000 games, alpha 0.05, epsilon 0.2 -> 0.02, reward margin; average 100
(best checkpoint kept by margin vs greedy; play it as linear:runs\linear\pass4\p4b_avg_s2.json@best)
live: runs\linear\pass4\p4b_avg_s2.json rewritten every 100 games (watch with ttr-dash --live runs\linear\pass4\p4b_avg_s2.json)
   200 games  eps 0.164  train win 0.68 margin   +1.3  |td| 0.037  eval vs random win 0.79 (+53.6)  vs greedy win 0.00 (-144.9)  [26s]
   400 games  eps 0.128  train win 0.98 margin +104.2  |td| 0.027  eval vs random win 1.00 (+106.4)  vs greedy win 0.00 (-79.8)  [69s]
   600 games  eps 0.092  train win 0.99 margin +125.8  |td| 0.020  eval vs random win 1.00 (+129.8)  vs greedy win 0.09 (-39.2)  [95s]
   800 games  eps 0.056  train win 1.00 margin +138.8  |td| 0.017  eval vs random win 1.00 (+146.3)  vs greedy win 0.04 (-37.5)  [121s]
  1000 games  eps 0.020  train win 1.00 margin +134.1  |td| 0.017  eval vs random win 1.00 (+135.9)  vs greedy win 0.24 (-25.9)  [151s]
  1200 games  eps 0.020  train win 1.00 margin +143.8  |td| 0.017  eval vs random win 1.00 (+142.9)  vs greedy win 0.26 (-20.3)  [178s]
  1400 games  eps 0.020  train win 1.00 margin +140.7  |td| 0.016  eval vs random win 1.00 (+145.4)  vs greedy win 0.19 (-27.8)  [203s]
  1600 games  eps 0.020  train win 1.00 margin +142.5  |td| 0.017  eval vs random win 1.00 (+139.9)  vs greedy win 0.10 (-39.8)  [227s]
  1800 games  eps 0.020  train win 1.00 margin +152.7  |td| 0.016  eval vs random win 1.00 (+157.6)  vs greedy win 0.12 (-26.6)  [254s]
  2000 games  eps 0.020  train win 1.00 margin +154.8  |td| 0.016  eval vs random win 1.00 (+153.4)  vs greedy win 0.05 (-33.4)  [280s]
  2200 games  eps 0.020  train win 1.00 margin +152.2  |td| 0.016  eval vs random win 1.00 (+154.9)  vs greedy win 0.15 (-21.6)  [304s]
  2400 games  eps 0.020  train win 1.00 margin +147.2  |td| 0.016  eval vs random win 1.00 (+155.0)  vs greedy win 0.23 (-17.1)  [327s]
  2600 games  eps 0.020  train win 1.00 margin +156.2  |td| 0.016  eval vs random win 1.00 (+151.1)  vs greedy win 0.24 (-13.7)  [355s]
  2800 games  eps 0.020  train win 1.00 margin +153.3  |td| 0.017  eval vs random win 1.00 (+147.8)  vs greedy win 0.27 (-14.6)  [383s]
  3000 games  eps 0.020  train win 1.00 margin +153.2  |td| 0.017  eval vs random win 1.00 (+154.5)  vs greedy win 0.30 (-12.5)  [406s]
  3200 games  eps 0.020  train win 1.00 margin +142.9  |td| 0.016  eval vs random win 1.00 (+140.9)  vs greedy win 0.33 (-11.6)  [428s]
  3400 games  eps 0.020  train win 1.00 margin +150.6  |td| 0.017  eval vs random win 1.00 (+158.5)  vs greedy win 0.31 (-13.7)  [450s]
  3600 games  eps 0.020  train win 1.00 margin +151.6  |td| 0.016  eval vs random win 1.00 (+154.4)  vs greedy win 0.33 (-12.9)  [479s]
  3800 games  eps 0.020  train win 1.00 margin +152.6  |td| 0.016  eval vs random win 1.00 (+151.7)  vs greedy win 0.29 (-16.0)  [502s]
  4000 games  eps 0.020  train win 1.00 margin +155.3  |td| 0.017  eval vs random win 1.00 (+162.0)  vs greedy win 0.25 (-20.0)  [525s]
  4200 games  eps 0.020  train win 1.00 margin +147.4  |td| 0.016  eval vs random win 1.00 (+143.7)  vs greedy win 0.44 (-6.4)  [550s]
  4400 games  eps 0.020  train win 1.00 margin +152.2  |td| 0.017  eval vs random win 1.00 (+144.0)  vs greedy win 0.24 (-17.7)  [574s]
  4600 games  eps 0.020  train win 1.00 margin +158.9  |td| 0.016  eval vs random win 1.00 (+166.8)  vs greedy win 0.28 (-12.9)  [598s]
  4800 games  eps 0.020  train win 1.00 margin +154.1  |td| 0.017  eval vs random win 1.00 (+164.9)  vs greedy win 0.37 (-8.8)  [620s]
  5000 games  eps 0.020  train win 1.00 margin +166.1  |td| 0.018  eval vs random win 1.00 (+163.4)  vs greedy win 0.30 (-11.1)  [641s]
  5200 games  eps 0.020  train win 1.00 margin +155.2  |td| 0.017  eval vs random win 1.00 (+159.4)  vs greedy win 0.30 (-9.3)  [669s]
  5400 games  eps 0.020  train win 1.00 margin +163.2  |td| 0.017  eval vs random win 1.00 (+165.1)  vs greedy win 0.25 (-16.3)  [693s]
  5600 games  eps 0.020  train win 1.00 margin +167.7  |td| 0.018  eval vs random win 1.00 (+166.5)  vs greedy win 0.31 (-12.9)  [721s]
  5800 games  eps 0.020  train win 1.00 margin +162.7  |td| 0.017  eval vs random win 1.00 (+172.3)  vs greedy win 0.34 (-8.4)  [748s]
  6000 games  eps 0.020  train win 1.00 margin +165.9  |td| 0.018  eval vs random win 1.00 (+173.7)  vs greedy win 0.31 (-12.1)  [771s]
  6200 games  eps 0.020  train win 1.00 margin +167.4  |td| 0.018  eval vs random win 1.00 (+171.7)  vs greedy win 0.37 (-8.2)  [796s]
  6400 games  eps 0.020  train win 0.99 margin +163.6  |td| 0.019  eval vs random win 1.00 (+163.3)  vs greedy win 0.36 (-6.0)  [824s]
  6600 games  eps 0.020  train win 1.00 margin +163.9  |td| 0.019  eval vs random win 1.00 (+168.4)  vs greedy win 0.38 (-5.4)  [848s]
  6800 games  eps 0.020  train win 1.00 margin +172.1  |td| 0.018  eval vs random win 1.00 (+172.6)  vs greedy win 0.33 (-13.5)  [868s]
  7000 games  eps 0.020  train win 1.00 margin +170.9  |td| 0.018  eval vs random win 1.00 (+157.0)  vs greedy win 0.22 (-12.9)  [889s]
  7200 games  eps 0.020  train win 1.00 margin +167.3  |td| 0.019  eval vs random win 1.00 (+170.0)  vs greedy win 0.29 (-11.2)  [913s]
  7400 games  eps 0.020  train win 1.00 margin +162.8  |td| 0.019  eval vs random win 1.00 (+168.4)  vs greedy win 0.36 (-12.1)  [938s]
  7600 games  eps 0.020  train win 1.00 margin +157.7  |td| 0.019  eval vs random win 1.00 (+161.2)  vs greedy win 0.37 (-5.0)  [960s]
  7800 games  eps 0.020  train win 1.00 margin +161.0  |td| 0.018  eval vs random win 1.00 (+169.9)  vs greedy win 0.35 (-13.7)  [984s]
  8000 games  eps 0.020  train win 1.00 margin +165.7  |td| 0.019  eval vs random win 1.00 (+164.8)  vs greedy win 0.31 (-13.7)  [1009s]
  8200 games  eps 0.020  train win 1.00 margin +160.6  |td| 0.018  eval vs random win 1.00 (+179.2)  vs greedy win 0.30 (-18.9)  [1033s]
  8400 games  eps 0.020  train win 1.00 margin +165.8  |td| 0.018  eval vs random win 1.00 (+168.8)  vs greedy win 0.32 (-12.5)  [1053s]
  8600 games  eps 0.020  train win 1.00 margin +169.4  |td| 0.019  eval vs random win 1.00 (+168.9)  vs greedy win 0.27 (-16.8)  [1076s]
  8800 games  eps 0.020  train win 1.00 margin +168.6  |td| 0.019  eval vs random win 1.00 (+163.9)  vs greedy win 0.46 (-2.1)  [1098s]
  9000 games  eps 0.020  train win 1.00 margin +170.3  |td| 0.019  eval vs random win 1.00 (+169.3)  vs greedy win 0.24 (-15.0)  [1124s]
  9200 games  eps 0.020  train win 1.00 margin +171.1  |td| 0.018  eval vs random win 1.00 (+175.7)  vs greedy win 0.29 (-11.0)  [1151s]
  9400 games  eps 0.020  train win 1.00 margin +167.1  |td| 0.019  eval vs random win 1.00 (+174.0)  vs greedy win 0.49 (-0.1)  [1174s]
  9600 games  eps 0.020  train win 1.00 margin +169.6  |td| 0.018  eval vs random win 1.00 (+169.8)  vs greedy win 0.25 (-11.7)  [1196s]
  9800 games  eps 0.020  train win 1.00 margin +164.4  |td| 0.019  eval vs random win 1.00 (+169.9)  vs greedy win 0.32 (-11.2)  [1218s]
 10000 games  eps 0.020  train win 1.00 margin +169.9  |td| 0.018  eval vs random win 1.00 (+174.8)  vs greedy win 0.33 (-10.3)  [1238s]
saved runs\linear\pass4\p4b_avg_s2.json  (ttr-dash runs\linear\pass4\p4b_avg_s2.json to analyze)
