training q vs random: 10000 games, alpha 0.05, epsilon 0.2 -> 0.02, reward margin; average 100
(best checkpoint kept by margin vs greedy; play it as linear:runs\linear\pass4\p4b_avg_s0.json@best)
live: runs\linear\pass4\p4b_avg_s0.json rewritten every 100 games (watch with ttr-dash --live runs\linear\pass4\p4b_avg_s0.json)
   200 games  eps 0.164  train win 0.69 margin   +7.3  |td| 0.038  eval vs random win 0.08 (-141.9)  vs greedy win 0.00 (-280.7)  [27s]
   400 games  eps 0.128  train win 0.97 margin  +95.5  |td| 0.029  eval vs random win 0.91 (+63.7)  vs greedy win 0.00 (-107.9)  [64s]
   600 games  eps 0.092  train win 0.99 margin +137.6  |td| 0.021  eval vs random win 1.00 (+136.2)  vs greedy win 0.02 (-50.4)  [96s]
   800 games  eps 0.056  train win 1.00 margin +146.2  |td| 0.019  eval vs random win 1.00 (+143.2)  vs greedy win 0.10 (-25.6)  [131s]
  1000 games  eps 0.020  train win 1.00 margin +149.3  |td| 0.018  eval vs random win 1.00 (+150.8)  vs greedy win 0.10 (-25.3)  [157s]
  1200 games  eps 0.020  train win 1.00 margin +149.2  |td| 0.017  eval vs random win 1.00 (+150.5)  vs greedy win 0.29 (-12.2)  [183s]
  1400 games  eps 0.020  train win 1.00 margin +158.2  |td| 0.017  eval vs random win 1.00 (+154.6)  vs greedy win 0.30 (-10.7)  [211s]
  1600 games  eps 0.020  train win 1.00 margin +145.2  |td| 0.017  eval vs random win 1.00 (+146.2)  vs greedy win 0.49 (-1.5)  [241s]
  1800 games  eps 0.020  train win 1.00 margin +154.9  |td| 0.017  eval vs random win 1.00 (+158.7)  vs greedy win 0.34 (-7.8)  [270s]
  2000 games  eps 0.020  train win 1.00 margin +160.2  |td| 0.017  eval vs random win 1.00 (+158.3)  vs greedy win 0.45 (-0.8)  [294s]
  2200 games  eps 0.020  train win 1.00 margin +157.7  |td| 0.017  eval vs random win 1.00 (+164.4)  vs greedy win 0.39 (-4.1)  [318s]
  2400 games  eps 0.020  train win 1.00 margin +155.7  |td| 0.016  eval vs random win 1.00 (+167.7)  vs greedy win 0.37 (-7.2)  [344s]
  2600 games  eps 0.020  train win 1.00 margin +163.3  |td| 0.017  eval vs random win 1.00 (+160.7)  vs greedy win 0.32 (-10.6)  [369s]
  2800 games  eps 0.020  train win 1.00 margin +163.3  |td| 0.018  eval vs random win 1.00 (+159.2)  vs greedy win 0.47 (-5.0)  [393s]
  3000 games  eps 0.020  train win 1.00 margin +166.5  |td| 0.018  eval vs random win 1.00 (+159.0)  vs greedy win 0.48 (+3.1)  [417s]
  3200 games  eps 0.020  train win 1.00 margin +161.2  |td| 0.017  eval vs random win 1.00 (+169.5)  vs greedy win 0.50 (-0.3)  [443s]
  3400 games  eps 0.020  train win 1.00 margin +167.0  |td| 0.018  eval vs random win 1.00 (+166.2)  vs greedy win 0.39 (-10.2)  [469s]
  3600 games  eps 0.020  train win 1.00 margin +163.0  |td| 0.017  eval vs random win 1.00 (+165.4)  vs greedy win 0.44 (-6.3)  [494s]
  3800 games  eps 0.020  train win 1.00 margin +168.4  |td| 0.018  eval vs random win 1.00 (+169.7)  vs greedy win 0.42 (-4.7)  [516s]
  4000 games  eps 0.020  train win 1.00 margin +159.9  |td| 0.017  eval vs random win 1.00 (+180.7)  vs greedy win 0.40 (-10.6)  [540s]
  4200 games  eps 0.020  train win 1.00 margin +161.5  |td| 0.017  eval vs random win 1.00 (+168.6)  vs greedy win 0.45 (-5.3)  [563s]
  4400 games  eps 0.020  train win 1.00 margin +166.7  |td| 0.018  eval vs random win 1.00 (+166.8)  vs greedy win 0.39 (-6.4)  [588s]
  4600 games  eps 0.020  train win 1.00 margin +160.2  |td| 0.018  eval vs random win 1.00 (+168.6)  vs greedy win 0.38 (-3.3)  [610s]
  4800 games  eps 0.020  train win 1.00 margin +164.3  |td| 0.018  eval vs random win 1.00 (+170.5)  vs greedy win 0.42 (-2.7)  [634s]
  5000 games  eps 0.020  train win 1.00 margin +168.4  |td| 0.017  eval vs random win 1.00 (+171.7)  vs greedy win 0.37 (-9.1)  [659s]
  5200 games  eps 0.020  train win 1.00 margin +166.8  |td| 0.017  eval vs random win 1.00 (+162.6)  vs greedy win 0.41 (-3.2)  [685s]
  5400 games  eps 0.020  train win 1.00 margin +171.9  |td| 0.018  eval vs random win 1.00 (+174.1)  vs greedy win 0.47 (-4.5)  [713s]
  5600 games  eps 0.020  train win 0.99 margin +164.4  |td| 0.017  eval vs random win 1.00 (+175.4)  vs greedy win 0.47 (-1.9)  [739s]
  5800 games  eps 0.020  train win 1.00 margin +169.4  |td| 0.018  eval vs random win 1.00 (+176.9)  vs greedy win 0.38 (-12.6)  [762s]
  6000 games  eps 0.020  train win 1.00 margin +173.1  |td| 0.018  eval vs random win 1.00 (+179.3)  vs greedy win 0.45 (+0.4)  [788s]
  6200 games  eps 0.020  train win 1.00 margin +170.5  |td| 0.018  eval vs random win 1.00 (+170.4)  vs greedy win 0.44 (-0.9)  [814s]
  6400 games  eps 0.020  train win 1.00 margin +165.3  |td| 0.018  eval vs random win 1.00 (+177.0)  vs greedy win 0.48 (-0.9)  [836s]
  6600 games  eps 0.020  train win 1.00 margin +164.1  |td| 0.018  eval vs random win 1.00 (+161.7)  vs greedy win 0.44 (-1.5)  [859s]
  6800 games  eps 0.020  train win 0.99 margin +168.9  |td| 0.018  eval vs random win 1.00 (+173.1)  vs greedy win 0.44 (-5.5)  [890s]
  7000 games  eps 0.020  train win 1.00 margin +167.3  |td| 0.017  eval vs random win 1.00 (+167.8)  vs greedy win 0.37 (-11.9)  [916s]
  7200 games  eps 0.020  train win 1.00 margin +169.8  |td| 0.018  eval vs random win 1.00 (+169.9)  vs greedy win 0.38 (-7.2)  [943s]
  7400 games  eps 0.020  train win 1.00 margin +165.2  |td| 0.018  eval vs random win 1.00 (+169.2)  vs greedy win 0.42 (-5.0)  [971s]
  7600 games  eps 0.020  train win 1.00 margin +169.5  |td| 0.018  eval vs random win 1.00 (+173.7)  vs greedy win 0.47 (-2.5)  [996s]
  7800 games  eps 0.020  train win 1.00 margin +171.2  |td| 0.018  eval vs random win 1.00 (+168.7)  vs greedy win 0.45 (-3.5)  [1018s]
  8000 games  eps 0.020  train win 1.00 margin +171.1  |td| 0.018  eval vs random win 1.00 (+173.2)  vs greedy win 0.39 (-3.8)  [1040s]
  8200 games  eps 0.020  train win 1.00 margin +160.7  |td| 0.018  eval vs random win 1.00 (+166.2)  vs greedy win 0.48 (+2.8)  [1066s]
  8400 games  eps 0.020  train win 1.00 margin +168.5  |td| 0.018  eval vs random win 1.00 (+172.1)  vs greedy win 0.38 (-4.0)  [1090s]
  8600 games  eps 0.020  train win 1.00 margin +168.7  |td| 0.018  eval vs random win 1.00 (+176.7)  vs greedy win 0.31 (-10.7)  [1113s]
  8800 games  eps 0.020  train win 1.00 margin +163.5  |td| 0.018  eval vs random win 1.00 (+171.2)  vs greedy win 0.51 (+3.4)  [1137s]
  9000 games  eps 0.020  train win 1.00 margin +167.5  |td| 0.018  eval vs random win 1.00 (+160.8)  vs greedy win 0.41 (-4.0)  [1164s]
  9200 games  eps 0.020  train win 1.00 margin +166.1  |td| 0.018  eval vs random win 1.00 (+173.6)  vs greedy win 0.50 (+0.9)  [1190s]
  9400 games  eps 0.020  train win 1.00 margin +162.5  |td| 0.018  eval vs random win 1.00 (+168.8)  vs greedy win 0.60 (+3.8)  [1211s]
  9600 games  eps 0.020  train win 1.00 margin +170.3  |td| 0.019  eval vs random win 1.00 (+174.5)  vs greedy win 0.37 (-6.1)  [1233s]
  9800 games  eps 0.020  train win 1.00 margin +172.8  |td| 0.018  eval vs random win 1.00 (+175.5)  vs greedy win 0.41 (-6.5)  [1254s]
 10000 games  eps 0.020  train win 1.00 margin +169.2  |td| 0.018  eval vs random win 1.00 (+180.3)  vs greedy win 0.46 (-3.5)  [1276s]
saved runs\linear\pass4\p4b_avg_s0.json  (ttr-dash runs\linear\pass4\p4b_avg_s0.json to analyze)
