training q vs random: 10000 games, alpha 0.05, epsilon 0.2 -> 0.02, reward margin; average 100
(best checkpoint kept by margin vs greedy; play it as linear:runs\linear\pass4\p4b_avg_s1.json@best)
live: runs\linear\pass4\p4b_avg_s1.json rewritten every 100 games (watch with ttr-dash --live runs\linear\pass4\p4b_avg_s1.json)
   200 games  eps 0.164  train win 0.77 margin  +41.7  |td| 0.028  eval vs random win 0.98 (+101.5)  vs greedy win 0.00 (-73.2)  [21s]
   400 games  eps 0.128  train win 0.75 margin  +36.7  |td| 0.042  eval vs random win 1.00 (+100.5)  vs greedy win 0.00 (-92.6)  [58s]
   600 games  eps 0.092  train win 0.99 margin +116.2  |td| 0.020  eval vs random win 1.00 (+115.0)  vs greedy win 0.02 (-61.8)  [93s]
   800 games  eps 0.056  train win 1.00 margin +143.0  |td| 0.018  eval vs random win 1.00 (+131.7)  vs greedy win 0.29 (-21.2)  [122s]
  1000 games  eps 0.020  train win 1.00 margin +138.4  |td| 0.016  eval vs random win 1.00 (+135.5)  vs greedy win 0.29 (-17.9)  [144s]
  1200 games  eps 0.020  train win 1.00 margin +147.7  |td| 0.015  eval vs random win 1.00 (+149.5)  vs greedy win 0.28 (-15.5)  [170s]
  1400 games  eps 0.020  train win 1.00 margin +147.6  |td| 0.016  eval vs random win 1.00 (+152.0)  vs greedy win 0.38 (-11.7)  [193s]
  1600 games  eps 0.020  train win 1.00 margin +147.8  |td| 0.016  eval vs random win 1.00 (+144.2)  vs greedy win 0.31 (-14.8)  [220s]
  1800 games  eps 0.020  train win 1.00 margin +151.7  |td| 0.015  eval vs random win 1.00 (+159.9)  vs greedy win 0.45 (-3.1)  [244s]
  2000 games  eps 0.020  train win 1.00 margin +159.3  |td| 0.015  eval vs random win 1.00 (+157.9)  vs greedy win 0.31 (-8.5)  [271s]
  2200 games  eps 0.020  train win 1.00 margin +156.0  |td| 0.015  eval vs random win 1.00 (+156.6)  vs greedy win 0.37 (-4.1)  [297s]
  2400 games  eps 0.020  train win 1.00 margin +156.6  |td| 0.015  eval vs random win 1.00 (+160.8)  vs greedy win 0.49 (+1.3)  [326s]
  2600 games  eps 0.020  train win 1.00 margin +160.1  |td| 0.015  eval vs random win 1.00 (+163.5)  vs greedy win 0.38 (-5.9)  [351s]
  2800 games  eps 0.020  train win 1.00 margin +162.5  |td| 0.015  eval vs random win 1.00 (+153.8)  vs greedy win 0.39 (-6.1)  [376s]
  3000 games  eps 0.020  train win 1.00 margin +160.3  |td| 0.015  eval vs random win 1.00 (+163.3)  vs greedy win 0.42 (-1.1)  [398s]
  3200 games  eps 0.020  train win 1.00 margin +163.4  |td| 0.016  eval vs random win 1.00 (+165.2)  vs greedy win 0.41 (-5.5)  [430s]
  3400 games  eps 0.020  train win 1.00 margin +165.2  |td| 0.016  eval vs random win 1.00 (+171.2)  vs greedy win 0.41 (-10.5)  [453s]
  3600 games  eps 0.020  train win 1.00 margin +167.0  |td| 0.016  eval vs random win 1.00 (+166.6)  vs greedy win 0.45 (-3.9)  [480s]
  3800 games  eps 0.020  train win 1.00 margin +163.3  |td| 0.016  eval vs random win 1.00 (+170.9)  vs greedy win 0.51 (-0.8)  [511s]
  4000 games  eps 0.020  train win 1.00 margin +165.2  |td| 0.016  eval vs random win 1.00 (+177.0)  vs greedy win 0.37 (-6.9)  [535s]
  4200 games  eps 0.020  train win 1.00 margin +167.5  |td| 0.016  eval vs random win 1.00 (+166.1)  vs greedy win 0.48 (+1.4)  [558s]
  4400 games  eps 0.020  train win 1.00 margin +161.0  |td| 0.016  eval vs random win 1.00 (+171.9)  vs greedy win 0.48 (+0.2)  [582s]
  4600 games  eps 0.020  train win 1.00 margin +162.4  |td| 0.018  eval vs random win 1.00 (+164.7)  vs greedy win 0.43 (-6.3)  [607s]
  4800 games  eps 0.020  train win 1.00 margin +168.3  |td| 0.017  eval vs random win 1.00 (+173.9)  vs greedy win 0.44 (-1.4)  [630s]
  5000 games  eps 0.020  train win 1.00 margin +167.0  |td| 0.017  eval vs random win 1.00 (+172.4)  vs greedy win 0.46 (-1.2)  [653s]
  5200 games  eps 0.020  train win 1.00 margin +163.6  |td| 0.016  eval vs random win 1.00 (+170.8)  vs greedy win 0.40 (-4.0)  [677s]
  5400 games  eps 0.020  train win 0.99 margin +168.5  |td| 0.018  eval vs random win 1.00 (+170.6)  vs greedy win 0.55 (-1.2)  [701s]
  5600 games  eps 0.020  train win 1.00 margin +164.5  |td| 0.017  eval vs random win 1.00 (+166.8)  vs greedy win 0.51 (+1.3)  [729s]
  5800 games  eps 0.020  train win 1.00 margin +165.2  |td| 0.016  eval vs random win 1.00 (+175.9)  vs greedy win 0.39 (-4.1)  [757s]
  6000 games  eps 0.020  train win 1.00 margin +165.1  |td| 0.016  eval vs random win 1.00 (+182.8)  vs greedy win 0.49 (-2.3)  [779s]
  6200 games  eps 0.020  train win 1.00 margin +168.9  |td| 0.017  eval vs random win 1.00 (+169.1)  vs greedy win 0.45 (-1.2)  [801s]
  6400 games  eps 0.020  train win 1.00 margin +165.7  |td| 0.017  eval vs random win 1.00 (+176.6)  vs greedy win 0.42 (-3.6)  [823s]
  6600 games  eps 0.020  train win 1.00 margin +168.1  |td| 0.017  eval vs random win 1.00 (+164.4)  vs greedy win 0.43 (-6.2)  [850s]
  6800 games  eps 0.020  train win 1.00 margin +166.9  |td| 0.017  eval vs random win 1.00 (+173.3)  vs greedy win 0.45 (-2.3)  [878s]
  7000 games  eps 0.020  train win 1.00 margin +167.8  |td| 0.017  eval vs random win 1.00 (+164.6)  vs greedy win 0.49 (-0.4)  [904s]
  7200 games  eps 0.020  train win 1.00 margin +164.4  |td| 0.017  eval vs random win 1.00 (+174.5)  vs greedy win 0.40 (-4.8)  [930s]
  7400 games  eps 0.020  train win 1.00 margin +174.8  |td| 0.017  eval vs random win 1.00 (+171.4)  vs greedy win 0.44 (-5.3)  [955s]
  7600 games  eps 0.020  train win 1.00 margin +154.2  |td| 0.017  eval vs random win 1.00 (+168.4)  vs greedy win 0.27 (-16.0)  [983s]
  7800 games  eps 0.020  train win 0.99 margin +145.0  |td| 0.019  eval vs random win 1.00 (+159.9)  vs greedy win 0.39 (-9.4)  [1004s]
  8000 games  eps 0.020  train win 1.00 margin +163.0  |td| 0.017  eval vs random win 1.00 (+167.6)  vs greedy win 0.41 (-4.7)  [1030s]
  8200 games  eps 0.020  train win 1.00 margin +166.7  |td| 0.017  eval vs random win 1.00 (+171.8)  vs greedy win 0.49 (-2.2)  [1058s]
  8400 games  eps 0.020  train win 1.00 margin +171.5  |td| 0.017  eval vs random win 1.00 (+172.4)  vs greedy win 0.36 (-5.2)  [1084s]
  8600 games  eps 0.020  train win 1.00 margin +170.6  |td| 0.017  eval vs random win 1.00 (+177.3)  vs greedy win 0.38 (-10.5)  [1108s]
  8800 games  eps 0.020  train win 1.00 margin +163.0  |td| 0.018  eval vs random win 1.00 (+170.2)  vs greedy win 0.56 (+5.9)  [1136s]
  9000 games  eps 0.020  train win 1.00 margin +164.9  |td| 0.016  eval vs random win 1.00 (+162.8)  vs greedy win 0.59 (+3.9)  [1159s]
  9200 games  eps 0.020  train win 1.00 margin +169.2  |td| 0.017  eval vs random win 1.00 (+168.4)  vs greedy win 0.42 (-3.9)  [1182s]
  9400 games  eps 0.020  train win 1.00 margin +168.2  |td| 0.017  eval vs random win 1.00 (+166.8)  vs greedy win 0.52 (+1.7)  [1206s]
  9600 games  eps 0.020  train win 1.00 margin +168.0  |td| 0.017  eval vs random win 1.00 (+170.4)  vs greedy win 0.40 (-7.7)  [1228s]
  9800 games  eps 0.020  train win 1.00 margin +171.7  |td| 0.016  eval vs random win 1.00 (+177.4)  vs greedy win 0.36 (-8.6)  [1249s]
 10000 games  eps 0.020  train win 1.00 margin +172.9  |td| 0.017  eval vs random win 1.00 (+178.0)  vs greedy win 0.43 (-10.6)  [1271s]
saved runs\linear\pass4\p4b_avg_s1.json  (ttr-dash runs\linear\pass4\p4b_avg_s1.json to analyze)
