training q vs random: 10000 games, alpha 0.02, epsilon 0.2 -> 0.02, reward margin; average 100
(best checkpoint kept by margin vs greedy; play it as linear:runs\linear\pass4\p4c_slow_s0.json@best)
live: runs\linear\pass4\p4c_slow_s0.json rewritten every 100 games (watch with ttr-dash --live runs\linear\pass4\p4c_slow_s0.json)
   200 games  eps 0.164  train win 0.78 margin  +43.1  |td| 0.024  eval vs random win 0.86 (+64.3)  vs greedy win 0.00 (-121.8)  [16s]
   400 games  eps 0.128  train win 1.00 margin +107.8  |td| 0.022  eval vs random win 1.00 (+140.3)  vs greedy win 0.00 (-50.4)  [45s]
   600 games  eps 0.092  train win 0.41 margin  -89.8  |td| 0.045  eval vs random win 0.00 (-250.9)  vs greedy win 0.00 (-374.8)  [94s]
   800 games  eps 0.056  train win 0.49 margin   +4.2  |td| 0.032  eval vs random win 0.45 (-4.1)  vs greedy win 0.00 (-165.3)  [156s]
  1000 games  eps 0.020  train win 0.91 margin  +77.3  |td| 0.028  eval vs random win 0.98 (+89.1)  vs greedy win 0.00 (-96.8)  [179s]
  1200 games  eps 0.020  train win 0.96 margin  +95.9  |td| 0.019  eval vs random win 0.93 (+77.4)  vs greedy win 0.00 (-77.2)  [202s]
  1400 games  eps 0.020  train win 0.99 margin +113.1  |td| 0.016  eval vs random win 1.00 (+103.2)  vs greedy win 0.01 (-73.2)  [225s]
  1600 games  eps 0.020  train win 0.98 margin +101.9  |td| 0.015  eval vs random win 0.99 (+110.1)  vs greedy win 0.01 (-70.5)  [245s]
  1800 games  eps 0.020  train win 0.99 margin +108.8  |td| 0.015  eval vs random win 1.00 (+120.6)  vs greedy win 0.00 (-72.9)  [268s]
  2000 games  eps 0.020  train win 0.99 margin +108.7  |td| 0.015  eval vs random win 0.99 (+101.4)  vs greedy win 0.01 (-64.7)  [288s]
  2200 games  eps 0.020  train win 0.99 margin +103.4  |td| 0.014  eval vs random win 0.99 (+109.6)  vs greedy win 0.01 (-74.4)  [306s]
  2400 games  eps 0.020  train win 0.99 margin +101.2  |td| 0.013  eval vs random win 1.00 (+105.5)  vs greedy win 0.00 (-79.2)  [326s]
  2600 games  eps 0.020  train win 1.00 margin +113.6  |td| 0.014  eval vs random win 1.00 (+113.8)  vs greedy win 0.03 (-66.7)  [347s]
  2800 games  eps 0.020  train win 1.00 margin +104.1  |td| 0.014  eval vs random win 1.00 (+107.2)  vs greedy win 0.03 (-46.3)  [369s]
  3000 games  eps 0.020  train win 1.00 margin +111.2  |td| 0.013  eval vs random win 1.00 (+107.7)  vs greedy win 0.02 (-45.6)  [392s]
  3200 games  eps 0.020  train win 1.00 margin +103.2  |td| 0.013  eval vs random win 1.00 (+109.0)  vs greedy win 0.00 (-50.9)  [414s]
  3400 games  eps 0.020  train win 0.99 margin +115.4  |td| 0.014  eval vs random win 1.00 (+99.3)  vs greedy win 0.02 (-45.6)  [436s]
  3600 games  eps 0.020  train win 1.00 margin +107.1  |td| 0.013  eval vs random win 1.00 (+105.0)  vs greedy win 0.01 (-50.7)  [456s]
  3800 games  eps 0.020  train win 1.00 margin +109.4  |td| 0.012  eval vs random win 1.00 (+106.3)  vs greedy win 0.04 (-47.3)  [477s]
  4000 games  eps 0.020  train win 1.00 margin +103.8  |td| 0.012  eval vs random win 1.00 (+109.1)  vs greedy win 0.02 (-54.4)  [500s]
  4200 games  eps 0.020  train win 1.00 margin +108.4  |td| 0.012  eval vs random win 1.00 (+101.5)  vs greedy win 0.01 (-49.5)  [522s]
  4400 games  eps 0.020  train win 1.00 margin +110.3  |td| 0.013  eval vs random win 1.00 (+117.4)  vs greedy win 0.07 (-36.6)  [542s]
  4600 games  eps 0.020  train win 1.00 margin +122.1  |td| 0.013  eval vs random win 1.00 (+130.8)  vs greedy win 0.09 (-35.9)  [566s]
  4800 games  eps 0.020  train win 1.00 margin +125.8  |td| 0.013  eval vs random win 1.00 (+127.9)  vs greedy win 0.16 (-36.4)  [588s]
  5000 games  eps 0.020  train win 1.00 margin +128.2  |td| 0.014  eval vs random win 1.00 (+130.3)  vs greedy win 0.21 (-27.0)  [612s]
  5200 games  eps 0.020  train win 1.00 margin +132.0  |td| 0.013  eval vs random win 1.00 (+132.7)  vs greedy win 0.28 (-19.5)  [640s]
  5400 games  eps 0.020  train win 1.00 margin +132.3  |td| 0.013  eval vs random win 1.00 (+131.1)  vs greedy win 0.23 (-24.2)  [668s]
  5600 games  eps 0.020  train win 1.00 margin +127.8  |td| 0.013  eval vs random win 1.00 (+133.1)  vs greedy win 0.15 (-27.9)  [691s]
  5800 games  eps 0.020  train win 1.00 margin +125.9  |td| 0.013  eval vs random win 0.99 (+134.5)  vs greedy win 0.10 (-36.9)  [714s]
  6000 games  eps 0.020  train win 1.00 margin +130.5  |td| 0.014  eval vs random win 1.00 (+127.4)  vs greedy win 0.21 (-23.0)  [736s]
  6200 games  eps 0.020  train win 1.00 margin +136.0  |td| 0.014  eval vs random win 1.00 (+134.1)  vs greedy win 0.41 (-11.1)  [760s]
  6400 games  eps 0.020  train win 1.00 margin +137.6  |td| 0.013  eval vs random win 1.00 (+138.4)  vs greedy win 0.41 (-10.2)  [784s]
  6600 games  eps 0.020  train win 1.00 margin +135.7  |td| 0.013  eval vs random win 1.00 (+137.6)  vs greedy win 0.31 (-18.4)  [809s]
  6800 games  eps 0.020  train win 1.00 margin +130.3  |td| 0.014  eval vs random win 1.00 (+128.1)  vs greedy win 0.18 (-29.1)  [832s]
  7000 games  eps 0.020  train win 1.00 margin +142.8  |td| 0.013  eval vs random win 1.00 (+143.0)  vs greedy win 0.49 (-2.3)  [858s]
  7200 games  eps 0.020  train win 1.00 margin +140.4  |td| 0.013  eval vs random win 1.00 (+141.7)  vs greedy win 0.33 (-15.9)  [886s]
  7400 games  eps 0.020  train win 1.00 margin +143.3  |td| 0.013  eval vs random win 1.00 (+139.3)  vs greedy win 0.28 (-13.9)  [910s]
  7600 games  eps 0.020  train win 1.00 margin +146.0  |td| 0.013  eval vs random win 1.00 (+149.1)  vs greedy win 0.28 (-13.6)  [936s]
  7800 games  eps 0.020  train win 1.00 margin +139.8  |td| 0.012  eval vs random win 1.00 (+148.1)  vs greedy win 0.27 (-14.3)  [963s]
  8000 games  eps 0.020  train win 1.00 margin +135.4  |td| 0.013  eval vs random win 1.00 (+142.4)  vs greedy win 0.35 (-11.5)  [990s]
  8200 games  eps 0.020  train win 1.00 margin +141.9  |td| 0.012  eval vs random win 1.00 (+147.4)  vs greedy win 0.44 (-2.6)  [1015s]
  8400 games  eps 0.020  train win 1.00 margin +144.7  |td| 0.013  eval vs random win 1.00 (+154.8)  vs greedy win 0.31 (-12.5)  [1036s]
  8600 games  eps 0.020  train win 1.00 margin +144.3  |td| 0.012  eval vs random win 1.00 (+147.5)  vs greedy win 0.29 (-16.0)  [1058s]
  8800 games  eps 0.020  train win 1.00 margin +145.7  |td| 0.012  eval vs random win 1.00 (+142.6)  vs greedy win 0.30 (-13.0)  [1084s]
  9000 games  eps 0.020  train win 1.00 margin +145.4  |td| 0.013  eval vs random win 1.00 (+142.9)  vs greedy win 0.27 (-18.0)  [1108s]
  9200 games  eps 0.020  train win 1.00 margin +141.2  |td| 0.012  eval vs random win 1.00 (+141.9)  vs greedy win 0.28 (-14.7)  [1132s]
  9400 games  eps 0.020  train win 0.99 margin +143.1  |td| 0.012  eval vs random win 1.00 (+143.2)  vs greedy win 0.30 (-10.3)  [1155s]
  9600 games  eps 0.020  train win 1.00 margin +144.1  |td| 0.012  eval vs random win 1.00 (+152.0)  vs greedy win 0.32 (-14.2)  [1180s]
  9800 games  eps 0.020  train win 1.00 margin +148.2  |td| 0.013  eval vs random win 1.00 (+151.8)  vs greedy win 0.35 (-11.3)  [1204s]
 10000 games  eps 0.020  train win 1.00 margin +146.0  |td| 0.013  eval vs random win 1.00 (+155.5)  vs greedy win 0.31 (-14.1)  [1227s]
saved runs\linear\pass4\p4c_slow_s0.json  (ttr-dash runs\linear\pass4\p4c_slow_s0.json to analyze)
