training q vs random: 10000 games, alpha 0.02, epsilon 0.2 -> 0.02, reward margin; average 100
(best checkpoint kept by margin vs greedy; play it as linear:runs\linear\pass4\p4c_slow_s2.json@best)
live: runs\linear\pass4\p4c_slow_s2.json rewritten every 100 games (watch with ttr-dash --live runs\linear\pass4\p4c_slow_s2.json)
   200 games  eps 0.164  train win 0.74 margin  +31.7  |td| 0.027  eval vs random win 0.85 (+48.7)  vs greedy win 0.00 (-140.3)  [22s]
   400 games  eps 0.128  train win 0.99 margin +101.7  |td| 0.021  eval vs random win 1.00 (+127.5)  vs greedy win 0.00 (-58.2)  [52s]
   600 games  eps 0.092  train win 0.99 margin +119.9  |td| 0.018  eval vs random win 1.00 (+123.8)  vs greedy win 0.00 (-57.3)  [88s]
   800 games  eps 0.056  train win 0.69 margin   +3.7  |td| 0.028  eval vs random win 0.00 (-285.4)  vs greedy win 0.00 (-381.1)  [134s]
  1000 games  eps 0.020  train win 0.63 margin  +21.2  |td| 0.034  eval vs random win 0.97 (+92.2)  vs greedy win 0.00 (-97.5)  [196s]
  1200 games  eps 0.020  train win 0.97 margin  +97.5  |td| 0.027  eval vs random win 0.99 (+98.9)  vs greedy win 0.17 (-34.0)  [216s]
  1400 games  eps 0.020  train win 1.00 margin +131.6  |td| 0.024  eval vs random win 1.00 (+123.1)  vs greedy win 0.21 (-35.4)  [240s]
  1600 games  eps 0.020  train win 1.00 margin +139.7  |td| 0.017  eval vs random win 1.00 (+143.1)  vs greedy win 0.29 (-17.3)  [264s]
  1800 games  eps 0.020  train win 1.00 margin +131.4  |td| 0.014  eval vs random win 1.00 (+133.0)  vs greedy win 0.08 (-41.4)  [289s]
  2000 games  eps 0.020  train win 1.00 margin +126.4  |td| 0.014  eval vs random win 1.00 (+125.8)  vs greedy win 0.12 (-34.3)  [313s]
  2200 games  eps 0.020  train win 1.00 margin +131.2  |td| 0.014  eval vs random win 1.00 (+124.7)  vs greedy win 0.18 (-26.1)  [339s]
  2400 games  eps 0.020  train win 1.00 margin +147.9  |td| 0.015  eval vs random win 1.00 (+153.7)  vs greedy win 0.24 (-17.2)  [368s]
  2600 games  eps 0.020  train win 1.00 margin +147.1  |td| 0.014  eval vs random win 1.00 (+150.6)  vs greedy win 0.28 (-17.6)  [392s]
  2800 games  eps 0.020  train win 1.00 margin +134.6  |td| 0.014  eval vs random win 1.00 (+128.7)  vs greedy win 0.13 (-36.3)  [414s]
  3000 games  eps 0.020  train win 1.00 margin +126.5  |td| 0.014  eval vs random win 1.00 (+130.7)  vs greedy win 0.09 (-34.9)  [439s]
  3200 games  eps 0.020  train win 1.00 margin +130.7  |td| 0.014  eval vs random win 1.00 (+140.9)  vs greedy win 0.25 (-23.5)  [465s]
  3400 games  eps 0.020  train win 1.00 margin +141.5  |td| 0.015  eval vs random win 1.00 (+141.1)  vs greedy win 0.30 (-16.7)  [492s]
  3600 games  eps 0.020  train win 1.00 margin +143.3  |td| 0.014  eval vs random win 1.00 (+143.6)  vs greedy win 0.31 (-13.3)  [514s]
  3800 games  eps 0.020  train win 1.00 margin +141.6  |td| 0.014  eval vs random win 1.00 (+150.4)  vs greedy win 0.27 (-12.5)  [540s]
  4000 games  eps 0.020  train win 1.00 margin +140.1  |td| 0.014  eval vs random win 1.00 (+139.8)  vs greedy win 0.25 (-23.5)  [571s]
  4200 games  eps 0.020  train win 1.00 margin +142.5  |td| 0.013  eval vs random win 1.00 (+144.7)  vs greedy win 0.36 (-11.7)  [599s]
  4400 games  eps 0.020  train win 1.00 margin +148.6  |td| 0.014  eval vs random win 1.00 (+141.5)  vs greedy win 0.15 (-22.0)  [625s]
  4600 games  eps 0.020  train win 1.00 margin +147.2  |td| 0.014  eval vs random win 1.00 (+146.6)  vs greedy win 0.14 (-26.8)  [650s]
  4800 games  eps 0.020  train win 1.00 margin +140.9  |td| 0.013  eval vs random win 1.00 (+149.2)  vs greedy win 0.26 (-14.6)  [680s]
  5000 games  eps 0.020  train win 1.00 margin +145.7  |td| 0.014  eval vs random win 1.00 (+151.4)  vs greedy win 0.21 (-17.1)  [706s]
  5200 games  eps 0.020  train win 1.00 margin +151.2  |td| 0.014  eval vs random win 1.00 (+146.7)  vs greedy win 0.23 (-18.7)  [732s]
  5400 games  eps 0.020  train win 1.00 margin +153.3  |td| 0.014  eval vs random win 1.00 (+151.9)  vs greedy win 0.24 (-16.9)  [759s]
  5600 games  eps 0.020  train win 1.00 margin +143.7  |td| 0.013  eval vs random win 1.00 (+150.9)  vs greedy win 0.39 (-7.5)  [786s]
  5800 games  eps 0.020  train win 1.00 margin +138.8  |td| 0.013  eval vs random win 1.00 (+145.6)  vs greedy win 0.45 (-3.8)  [809s]
  6000 games  eps 0.020  train win 1.00 margin +139.5  |td| 0.014  eval vs random win 1.00 (+149.0)  vs greedy win 0.50 (+1.6)  [835s]
  6200 games  eps 0.020  train win 1.00 margin +147.7  |td| 0.015  eval vs random win 1.00 (+151.3)  vs greedy win 0.43 (-5.0)  [862s]
  6400 games  eps 0.020  train win 1.00 margin +146.3  |td| 0.014  eval vs random win 1.00 (+143.1)  vs greedy win 0.32 (-14.6)  [885s]
  6600 games  eps 0.020  train win 1.00 margin +146.6  |td| 0.013  eval vs random win 1.00 (+147.4)  vs greedy win 0.24 (-15.2)  [910s]
  6800 games  eps 0.020  train win 1.00 margin +151.6  |td| 0.014  eval vs random win 1.00 (+159.0)  vs greedy win 0.15 (-25.7)  [933s]
  7000 games  eps 0.020  train win 1.00 margin +147.7  |td| 0.014  eval vs random win 1.00 (+145.9)  vs greedy win 0.30 (-14.0)  [962s]
  7200 games  eps 0.020  train win 1.00 margin +151.1  |td| 0.014  eval vs random win 1.00 (+146.8)  vs greedy win 0.26 (-15.6)  [988s]
  7400 games  eps 0.020  train win 1.00 margin +151.2  |td| 0.014  eval vs random win 1.00 (+146.1)  vs greedy win 0.15 (-21.9)  [1014s]
  7600 games  eps 0.020  train win 1.00 margin +147.5  |td| 0.014  eval vs random win 1.00 (+160.6)  vs greedy win 0.15 (-24.3)  [1037s]
  7800 games  eps 0.020  train win 1.00 margin +141.2  |td| 0.013  eval vs random win 1.00 (+150.0)  vs greedy win 0.30 (-9.4)  [1063s]
  8000 games  eps 0.020  train win 1.00 margin +150.9  |td| 0.014  eval vs random win 1.00 (+152.1)  vs greedy win 0.30 (-14.8)  [1092s]
  8200 games  eps 0.020  train win 1.00 margin +142.3  |td| 0.013  eval vs random win 1.00 (+157.1)  vs greedy win 0.31 (-12.5)  [1117s]
  8400 games  eps 0.020  train win 1.00 margin +149.9  |td| 0.013  eval vs random win 1.00 (+154.3)  vs greedy win 0.32 (-11.6)  [1140s]
  8600 games  eps 0.020  train win 1.00 margin +148.0  |td| 0.014  eval vs random win 1.00 (+151.8)  vs greedy win 0.32 (-8.5)  [1166s]
  8800 games  eps 0.020  train win 1.00 margin +146.3  |td| 0.013  eval vs random win 1.00 (+146.8)  vs greedy win 0.35 (-6.2)  [1191s]
  9000 games  eps 0.020  train win 1.00 margin +154.8  |td| 0.014  eval vs random win 1.00 (+144.4)  vs greedy win 0.38 (-12.5)  [1212s]
  9200 games  eps 0.020  train win 1.00 margin +155.2  |td| 0.014  eval vs random win 1.00 (+149.5)  vs greedy win 0.13 (-25.1)  [1235s]
  9400 games  eps 0.020  train win 1.00 margin +151.1  |td| 0.014  eval vs random win 1.00 (+141.1)  vs greedy win 0.36 (-3.5)  [1256s]
  9600 games  eps 0.020  train win 1.00 margin +148.1  |td| 0.013  eval vs random win 1.00 (+142.0)  vs greedy win 0.28 (-11.2)  [1277s]
  9800 games  eps 0.020  train win 1.00 margin +143.1  |td| 0.014  eval vs random win 1.00 (+155.3)  vs greedy win 0.39 (-6.4)  [1297s]
 10000 games  eps 0.020  train win 1.00 margin +144.9  |td| 0.013  eval vs random win 1.00 (+152.7)  vs greedy win 0.24 (-25.9)  [1319s]
saved runs\linear\pass4\p4c_slow_s2.json  (ttr-dash runs\linear\pass4\p4c_slow_s2.json to analyze)
