training q vs random: 10000 games, alpha 0.02, epsilon 0.2 -> 0.02, reward margin; average 100
(best checkpoint kept by margin vs greedy; play it as linear:runs\linear\pass4\p4c_slow_s1.json@best)
live: runs\linear\pass4\p4c_slow_s1.json rewritten every 100 games (watch with ttr-dash --live runs\linear\pass4\p4c_slow_s1.json)
   200 games  eps 0.164  train win 0.68 margin  +19.0  |td| 0.024  eval vs random win 1.00 (+108.9)  vs greedy win 0.00 (-104.8)  [19s]
   400 games  eps 0.128  train win 0.74 margin  +15.3  |td| 0.027  eval vs random win 0.97 (+101.5)  vs greedy win 0.00 (-108.8)  [54s]
   600 games  eps 0.092  train win 0.45 margin  -58.0  |td| 0.041  eval vs random win 0.06 (-147.4)  vs greedy win 0.00 (-341.1)  [87s]
   800 games  eps 0.056  train win 0.89 margin  +83.8  |td| 0.023  eval vs random win 0.92 (+83.8)  vs greedy win 0.00 (-97.6)  [119s]
  1000 games  eps 0.020  train win 1.00 margin +111.5  |td| 0.022  eval vs random win 0.99 (+112.3)  vs greedy win 0.05 (-46.6)  [141s]
  1200 games  eps 0.020  train win 0.99 margin +113.7  |td| 0.021  eval vs random win 1.00 (+112.4)  vs greedy win 0.07 (-44.8)  [162s]
  1400 games  eps 0.020  train win 0.59 margin  +19.7  |td| 0.024  eval vs random win 0.93 (+82.7)  vs greedy win 0.00 (-126.6)  [187s]
  1600 games  eps 0.020  train win 0.84 margin  +62.9  |td| 0.022  eval vs random win 0.91 (+74.3)  vs greedy win 0.00 (-109.4)  [206s]
  1800 games  eps 0.020  train win 0.97 margin +105.0  |td| 0.024  eval vs random win 1.00 (+97.1)  vs greedy win 0.22 (-30.2)  [228s]
  2000 games  eps 0.020  train win 1.00 margin +146.6  |td| 0.020  eval vs random win 1.00 (+144.9)  vs greedy win 0.27 (-19.4)  [253s]
  2200 games  eps 0.020  train win 0.98 margin +115.6  |td| 0.018  eval vs random win 1.00 (+112.5)  vs greedy win 0.12 (-36.0)  [276s]
  2400 games  eps 0.020  train win 0.94 margin  +87.8  |td| 0.018  eval vs random win 0.93 (+88.8)  vs greedy win 0.00 (-119.5)  [301s]
  2600 games  eps 0.020  train win 0.96 margin  +96.0  |td| 0.020  eval vs random win 1.00 (+100.4)  vs greedy win 0.00 (-73.6)  [325s]
  2800 games  eps 0.020  train win 1.00 margin +136.5  |td| 0.018  eval vs random win 1.00 (+120.9)  vs greedy win 0.15 (-29.2)  [349s]
  3000 games  eps 0.020  train win 1.00 margin +142.1  |td| 0.017  eval vs random win 1.00 (+137.6)  vs greedy win 0.17 (-27.2)  [376s]
  3200 games  eps 0.020  train win 0.99 margin +102.8  |td| 0.015  eval vs random win 1.00 (+99.1)  vs greedy win 0.01 (-71.5)  [401s]
  3400 games  eps 0.020  train win 0.97 margin +102.6  |td| 0.016  eval vs random win 0.97 (+106.8)  vs greedy win 0.01 (-70.7)  [421s]
  3600 games  eps 0.020  train win 1.00 margin +115.2  |td| 0.017  eval vs random win 1.00 (+111.1)  vs greedy win 0.25 (-20.2)  [441s]
  3800 games  eps 0.020  train win 1.00 margin +131.2  |td| 0.015  eval vs random win 1.00 (+129.8)  vs greedy win 0.25 (-21.9)  [470s]
  4000 games  eps 0.020  train win 1.00 margin +127.3  |td| 0.014  eval vs random win 1.00 (+127.9)  vs greedy win 0.19 (-28.9)  [499s]
  4200 games  eps 0.020  train win 0.99 margin +115.4  |td| 0.014  eval vs random win 1.00 (+107.3)  vs greedy win 0.04 (-55.6)  [521s]
  4400 games  eps 0.020  train win 0.99 margin +102.7  |td| 0.013  eval vs random win 1.00 (+103.0)  vs greedy win 0.01 (-49.0)  [539s]
  4600 games  eps 0.020  train win 1.00 margin +119.0  |td| 0.013  eval vs random win 1.00 (+117.4)  vs greedy win 0.04 (-44.6)  [560s]
  4800 games  eps 0.020  train win 1.00 margin +128.1  |td| 0.013  eval vs random win 1.00 (+135.1)  vs greedy win 0.28 (-21.4)  [588s]
  5000 games  eps 0.020  train win 1.00 margin +140.0  |td| 0.014  eval vs random win 1.00 (+144.4)  vs greedy win 0.37 (-8.2)  [612s]
  5200 games  eps 0.020  train win 1.00 margin +148.2  |td| 0.014  eval vs random win 1.00 (+151.4)  vs greedy win 0.36 (-12.1)  [636s]
  5400 games  eps 0.020  train win 1.00 margin +138.8  |td| 0.014  eval vs random win 1.00 (+145.2)  vs greedy win 0.13 (-29.9)  [658s]
  5600 games  eps 0.020  train win 1.00 margin +136.6  |td| 0.014  eval vs random win 1.00 (+137.9)  vs greedy win 0.20 (-28.4)  [679s]
  5800 games  eps 0.020  train win 1.00 margin +136.7  |td| 0.015  eval vs random win 1.00 (+137.4)  vs greedy win 0.33 (-11.4)  [703s]
  6000 games  eps 0.020  train win 1.00 margin +140.9  |td| 0.014  eval vs random win 1.00 (+137.4)  vs greedy win 0.41 (-10.0)  [726s]
  6200 games  eps 0.020  train win 1.00 margin +135.1  |td| 0.014  eval vs random win 1.00 (+133.8)  vs greedy win 0.30 (-16.0)  [752s]
  6400 games  eps 0.020  train win 1.00 margin +147.0  |td| 0.014  eval vs random win 1.00 (+138.7)  vs greedy win 0.35 (-11.3)  [776s]
  6600 games  eps 0.020  train win 1.00 margin +152.0  |td| 0.014  eval vs random win 1.00 (+143.5)  vs greedy win 0.39 (-7.3)  [799s]
  6800 games  eps 0.020  train win 1.00 margin +155.3  |td| 0.014  eval vs random win 1.00 (+151.1)  vs greedy win 0.34 (-10.3)  [828s]
  7000 games  eps 0.020  train win 1.00 margin +152.0  |td| 0.014  eval vs random win 1.00 (+142.0)  vs greedy win 0.33 (-11.7)  [851s]
  7200 games  eps 0.020  train win 1.00 margin +145.6  |td| 0.013  eval vs random win 1.00 (+150.7)  vs greedy win 0.38 (-5.4)  [873s]
  7400 games  eps 0.020  train win 1.00 margin +148.2  |td| 0.014  eval vs random win 1.00 (+145.1)  vs greedy win 0.28 (-15.4)  [894s]
  7600 games  eps 0.020  train win 1.00 margin +149.3  |td| 0.014  eval vs random win 1.00 (+141.6)  vs greedy win 0.34 (-10.2)  [917s]
  7800 games  eps 0.020  train win 1.00 margin +156.3  |td| 0.014  eval vs random win 1.00 (+158.1)  vs greedy win 0.39 (-4.0)  [943s]
  8000 games  eps 0.020  train win 1.00 margin +156.8  |td| 0.014  eval vs random win 1.00 (+154.7)  vs greedy win 0.23 (-17.3)  [965s]
  8200 games  eps 0.020  train win 1.00 margin +159.4  |td| 0.014  eval vs random win 1.00 (+171.5)  vs greedy win 0.34 (-11.1)  [989s]
  8400 games  eps 0.020  train win 0.99 margin +156.9  |td| 0.014  eval vs random win 1.00 (+159.8)  vs greedy win 0.30 (-11.3)  [1016s]
  8600 games  eps 0.020  train win 1.00 margin +155.1  |td| 0.014  eval vs random win 1.00 (+165.6)  vs greedy win 0.20 (-13.6)  [1042s]
  8800 games  eps 0.020  train win 1.00 margin +150.6  |td| 0.013  eval vs random win 1.00 (+152.8)  vs greedy win 0.49 (-0.1)  [1064s]
  9000 games  eps 0.020  train win 0.99 margin +163.3  |td| 0.015  eval vs random win 1.00 (+166.6)  vs greedy win 0.48 (+1.0)  [1089s]
  9200 games  eps 0.020  train win 1.00 margin +154.8  |td| 0.014  eval vs random win 1.00 (+157.2)  vs greedy win 0.47 (-4.0)  [1112s]
  9400 games  eps 0.020  train win 1.00 margin +166.2  |td| 0.015  eval vs random win 1.00 (+170.0)  vs greedy win 0.46 (+1.8)  [1134s]
  9600 games  eps 0.020  train win 1.00 margin +160.5  |td| 0.015  eval vs random win 1.00 (+168.7)  vs greedy win 0.40 (-6.8)  [1159s]
  9800 games  eps 0.020  train win 1.00 margin +163.0  |td| 0.015  eval vs random win 1.00 (+165.7)  vs greedy win 0.40 (-5.7)  [1183s]
 10000 games  eps 0.020  train win 1.00 margin +168.8  |td| 0.015  eval vs random win 1.00 (+165.3)  vs greedy win 0.55 (+2.0)  [1208s]
saved runs\linear\pass4\p4c_slow_s1.json  (ttr-dash runs\linear\pass4\p4c_slow_s1.json to analyze)
