training q vs random: 10000 games, alpha 0.05, epsilon 0.2 -> 0.02, reward margin; average 100, shaping 1.0
(best checkpoint kept by margin vs greedy; play it as linear:runs\linear\pass4\p4d_shape_s1.json@best)
live: runs\linear\pass4\p4d_shape_s1.json rewritten every 100 games (watch with ttr-dash --live runs\linear\pass4\p4d_shape_s1.json)
   200 games  eps 0.164  train win 0.90 margin  +86.9  |td| 0.032  eval vs random win 0.94 (+90.0)  vs greedy win 0.00 (-102.3)  [21s]
   400 games  eps 0.128  train win 0.98 margin +117.8  |td| 0.022  eval vs random win 1.00 (+136.5)  vs greedy win 0.01 (-51.0)  [51s]
   600 games  eps 0.092  train win 1.00 margin +135.2  |td| 0.021  eval vs random win 1.00 (+165.0)  vs greedy win 0.23 (-21.0)  [76s]
   800 games  eps 0.056  train win 1.00 margin +156.5  |td| 0.019  eval vs random win 1.00 (+163.3)  vs greedy win 0.18 (-22.9)  [104s]
  1000 games  eps 0.020  train win 1.00 margin +147.1  |td| 0.019  eval vs random win 1.00 (+163.2)  vs greedy win 0.27 (-15.3)  [128s]
  1200 games  eps 0.020  train win 1.00 margin +158.1  |td| 0.018  eval vs random win 1.00 (+160.9)  vs greedy win 0.30 (-13.5)  [151s]
  1400 games  eps 0.020  train win 1.00 margin +159.4  |td| 0.017  eval vs random win 1.00 (+166.9)  vs greedy win 0.28 (-15.1)  [175s]
  1600 games  eps 0.020  train win 1.00 margin +161.2  |td| 0.018  eval vs random win 1.00 (+166.1)  vs greedy win 0.36 (-10.3)  [198s]
  1800 games  eps 0.020  train win 1.00 margin +164.8  |td| 0.018  eval vs random win 1.00 (+170.0)  vs greedy win 0.36 (-8.9)  [220s]
  2000 games  eps 0.020  train win 1.00 margin +161.3  |td| 0.018  eval vs random win 1.00 (+160.7)  vs greedy win 0.36 (-5.5)  [244s]
  2200 games  eps 0.020  train win 1.00 margin +164.5  |td| 0.017  eval vs random win 1.00 (+166.6)  vs greedy win 0.41 (-3.6)  [265s]
  2400 games  eps 0.020  train win 1.00 margin +167.2  |td| 0.018  eval vs random win 1.00 (+163.5)  vs greedy win 0.33 (-9.7)  [291s]
  2600 games  eps 0.020  train win 1.00 margin +167.9  |td| 0.017  eval vs random win 1.00 (+165.6)  vs greedy win 0.52 (+3.2)  [316s]
  2800 games  eps 0.020  train win 1.00 margin +168.4  |td| 0.017  eval vs random win 1.00 (+161.0)  vs greedy win 0.42 (-6.1)  [339s]
  3000 games  eps 0.020  train win 1.00 margin +168.9  |td| 0.018  eval vs random win 1.00 (+176.4)  vs greedy win 0.40 (-4.0)  [361s]
  3200 games  eps 0.020  train win 1.00 margin +172.5  |td| 0.017  eval vs random win 1.00 (+166.8)  vs greedy win 0.43 (-5.2)  [385s]
  3400 games  eps 0.020  train win 1.00 margin +168.7  |td| 0.018  eval vs random win 1.00 (+168.5)  vs greedy win 0.44 (+0.4)  [410s]
  3600 games  eps 0.020  train win 1.00 margin +169.3  |td| 0.017  eval vs random win 1.00 (+162.7)  vs greedy win 0.38 (-5.6)  [435s]
  3800 games  eps 0.020  train win 1.00 margin +171.0  |td| 0.017  eval vs random win 1.00 (+171.7)  vs greedy win 0.40 (-13.4)  [460s]
  4000 games  eps 0.020  train win 1.00 margin +170.4  |td| 0.018  eval vs random win 1.00 (+178.4)  vs greedy win 0.33 (-8.9)  [486s]
  4200 games  eps 0.020  train win 0.99 margin +170.9  |td| 0.017  eval vs random win 1.00 (+172.8)  vs greedy win 0.47 (-3.5)  [510s]
  4400 games  eps 0.020  train win 1.00 margin +170.7  |td| 0.018  eval vs random win 1.00 (+168.0)  vs greedy win 0.42 (-3.1)  [537s]
  4600 games  eps 0.020  train win 1.00 margin +171.9  |td| 0.018  eval vs random win 1.00 (+170.8)  vs greedy win 0.37 (-8.1)  [565s]
  4800 games  eps 0.020  train win 1.00 margin +167.8  |td| 0.018  eval vs random win 1.00 (+176.2)  vs greedy win 0.40 (-1.6)  [590s]
  5000 games  eps 0.020  train win 1.00 margin +169.5  |td| 0.018  eval vs random win 1.00 (+173.6)  vs greedy win 0.49 (+1.2)  [615s]
  5200 games  eps 0.020  train win 1.00 margin +167.9  |td| 0.017  eval vs random win 1.00 (+169.4)  vs greedy win 0.39 (-3.9)  [635s]
  5400 games  eps 0.020  train win 1.00 margin +172.4  |td| 0.018  eval vs random win 1.00 (+174.3)  vs greedy win 0.42 (-4.8)  [657s]
  5600 games  eps 0.020  train win 1.00 margin +173.7  |td| 0.018  eval vs random win 1.00 (+170.8)  vs greedy win 0.47 (-0.9)  [682s]
  5800 games  eps 0.020  train win 1.00 margin +169.7  |td| 0.018  eval vs random win 1.00 (+175.4)  vs greedy win 0.54 (-0.2)  [703s]
  6000 games  eps 0.020  train win 1.00 margin +170.5  |td| 0.017  eval vs random win 1.00 (+175.6)  vs greedy win 0.44 (-4.0)  [725s]
  6200 games  eps 0.020  train win 1.00 margin +167.5  |td| 0.017  eval vs random win 1.00 (+178.6)  vs greedy win 0.49 (+1.1)  [748s]
  6400 games  eps 0.020  train win 1.00 margin +170.1  |td| 0.017  eval vs random win 1.00 (+182.7)  vs greedy win 0.43 (-0.8)  [770s]
  6600 games  eps 0.020  train win 1.00 margin +172.8  |td| 0.018  eval vs random win 1.00 (+170.7)  vs greedy win 0.45 (-3.8)  [794s]
  6800 games  eps 0.020  train win 1.00 margin +171.8  |td| 0.018  eval vs random win 1.00 (+176.2)  vs greedy win 0.31 (-12.7)  [816s]
  7000 games  eps 0.020  train win 1.00 margin +171.0  |td| 0.017  eval vs random win 1.00 (+168.4)  vs greedy win 0.39 (-5.2)  [840s]
  7200 games  eps 0.020  train win 1.00 margin +173.3  |td| 0.018  eval vs random win 1.00 (+167.1)  vs greedy win 0.53 (+4.4)  [865s]
  7400 games  eps 0.020  train win 1.00 margin +176.4  |td| 0.018  eval vs random win 1.00 (+172.7)  vs greedy win 0.50 (+1.6)  [887s]
  7600 games  eps 0.020  train win 1.00 margin +167.1  |td| 0.017  eval vs random win 1.00 (+171.1)  vs greedy win 0.48 (-2.1)  [910s]
  7800 games  eps 0.020  train win 1.00 margin +170.0  |td| 0.017  eval vs random win 1.00 (+167.7)  vs greedy win 0.43 (-3.2)  [932s]
  8000 games  eps 0.020  train win 1.00 margin +168.8  |td| 0.017  eval vs random win 1.00 (+176.3)  vs greedy win 0.32 (-12.1)  [955s]
  8200 games  eps 0.020  train win 1.00 margin +167.2  |td| 0.017  eval vs random win 1.00 (+171.9)  vs greedy win 0.46 (-0.1)  [980s]
  8400 games  eps 0.020  train win 1.00 margin +175.9  |td| 0.018  eval vs random win 1.00 (+167.0)  vs greedy win 0.51 (+1.5)  [1003s]
  8600 games  eps 0.020  train win 1.00 margin +171.3  |td| 0.017  eval vs random win 1.00 (+176.7)  vs greedy win 0.34 (-8.4)  [1025s]
  8800 games  eps 0.020  train win 1.00 margin +163.5  |td| 0.017  eval vs random win 1.00 (+173.3)  vs greedy win 0.54 (+1.4)  [1055s]
  9000 games  eps 0.020  train win 0.99 margin +170.0  |td| 0.018  eval vs random win 1.00 (+168.0)  vs greedy win 0.40 (-3.8)  [1078s]
  9200 games  eps 0.020  train win 1.00 margin +169.8  |td| 0.017  eval vs random win 1.00 (+170.8)  vs greedy win 0.35 (-8.5)  [1105s]
  9400 games  eps 0.020  train win 1.00 margin +173.2  |td| 0.018  eval vs random win 1.00 (+169.6)  vs greedy win 0.49 (+2.4)  [1128s]
  9600 games  eps 0.020  train win 1.00 margin +166.9  |td| 0.017  eval vs random win 1.00 (+167.8)  vs greedy win 0.34 (-8.4)  [1154s]
  9800 games  eps 0.020  train win 1.00 margin +163.8  |td| 0.017  eval vs random win 1.00 (+178.6)  vs greedy win 0.47 (-2.5)  [1177s]
 10000 games  eps 0.020  train win 1.00 margin +169.5  |td| 0.017  eval vs random win 1.00 (+169.2)  vs greedy win 0.36 (-8.9)  [1201s]
saved runs\linear\pass4\p4d_shape_s1.json  (ttr-dash runs\linear\pass4\p4d_shape_s1.json to analyze)
