training q vs random: 10000 games, alpha 0.05, epsilon 0.2 -> 0.02, reward margin; average 100, shaping 1.0
(best checkpoint kept by margin vs greedy; play it as linear:runs\linear\pass4\p4d_shape_s0.json@best)
live: runs\linear\pass4\p4d_shape_s0.json rewritten every 100 games (watch with ttr-dash --live runs\linear\pass4\p4d_shape_s0.json)
   200 games  eps 0.164  train win 0.94 margin  +88.1  |td| 0.028  eval vs random win 0.98 (+88.0)  vs greedy win 0.00 (-101.0)  [18s]
   400 games  eps 0.128  train win 0.98 margin +130.7  |td| 0.023  eval vs random win 0.99 (+133.0)  vs greedy win 0.01 (-59.5)  [46s]
   600 games  eps 0.092  train win 1.00 margin +139.1  |td| 0.022  eval vs random win 1.00 (+141.3)  vs greedy win 0.04 (-42.8)  [72s]
   800 games  eps 0.056  train win 1.00 margin +145.7  |td| 0.020  eval vs random win 1.00 (+150.5)  vs greedy win 0.07 (-37.8)  [95s]
  1000 games  eps 0.020  train win 1.00 margin +146.6  |td| 0.019  eval vs random win 1.00 (+161.5)  vs greedy win 0.17 (-25.8)  [119s]
  1200 games  eps 0.020  train win 1.00 margin +160.2  |td| 0.019  eval vs random win 1.00 (+165.4)  vs greedy win 0.18 (-27.5)  [142s]
  1400 games  eps 0.020  train win 1.00 margin +163.1  |td| 0.019  eval vs random win 1.00 (+159.0)  vs greedy win 0.10 (-31.5)  [164s]
  1600 games  eps 0.020  train win 1.00 margin +160.3  |td| 0.019  eval vs random win 1.00 (+156.9)  vs greedy win 0.11 (-27.4)  [188s]
  1800 games  eps 0.020  train win 1.00 margin +162.6  |td| 0.019  eval vs random win 1.00 (+159.2)  vs greedy win 0.11 (-28.8)  [213s]
  2000 games  eps 0.020  train win 1.00 margin +163.6  |td| 0.018  eval vs random win 1.00 (+159.6)  vs greedy win 0.11 (-25.6)  [239s]
  2200 games  eps 0.020  train win 1.00 margin +160.0  |td| 0.018  eval vs random win 1.00 (+163.6)  vs greedy win 0.17 (-20.9)  [270s]
  2400 games  eps 0.020  train win 1.00 margin +159.2  |td| 0.017  eval vs random win 1.00 (+166.2)  vs greedy win 0.26 (-19.2)  [290s]
  2600 games  eps 0.020  train win 1.00 margin +163.4  |td| 0.018  eval vs random win 1.00 (+162.8)  vs greedy win 0.23 (-17.4)  [314s]
  2800 games  eps 0.020  train win 1.00 margin +160.0  |td| 0.018  eval vs random win 1.00 (+158.8)  vs greedy win 0.18 (-22.3)  [338s]
  3000 games  eps 0.020  train win 1.00 margin +164.7  |td| 0.019  eval vs random win 1.00 (+164.4)  vs greedy win 0.25 (-18.3)  [359s]
  3200 games  eps 0.020  train win 1.00 margin +163.8  |td| 0.018  eval vs random win 1.00 (+163.4)  vs greedy win 0.18 (-21.0)  [380s]
  3400 games  eps 0.020  train win 1.00 margin +165.4  |td| 0.018  eval vs random win 1.00 (+180.3)  vs greedy win 0.16 (-24.3)  [404s]
  3600 games  eps 0.020  train win 1.00 margin +164.4  |td| 0.017  eval vs random win 1.00 (+170.2)  vs greedy win 0.17 (-21.3)  [429s]
  3800 games  eps 0.020  train win 1.00 margin +159.3  |td| 0.016  eval vs random win 1.00 (+167.4)  vs greedy win 0.20 (-24.4)  [453s]
  4000 games  eps 0.020  train win 1.00 margin +155.7  |td| 0.016  eval vs random win 1.00 (+171.1)  vs greedy win 0.12 (-31.7)  [476s]
  4200 games  eps 0.020  train win 1.00 margin +162.8  |td| 0.018  eval vs random win 1.00 (+164.3)  vs greedy win 0.15 (-28.5)  [506s]
  4400 games  eps 0.020  train win 1.00 margin +160.3  |td| 0.017  eval vs random win 1.00 (+164.4)  vs greedy win 0.14 (-26.6)  [527s]
  4600 games  eps 0.020  train win 1.00 margin +160.4  |td| 0.017  eval vs random win 1.00 (+171.9)  vs greedy win 0.16 (-23.0)  [549s]
  4800 games  eps 0.020  train win 1.00 margin +164.4  |td| 0.018  eval vs random win 1.00 (+166.6)  vs greedy win 0.20 (-19.4)  [573s]
  5000 games  eps 0.020  train win 1.00 margin +161.6  |td| 0.018  eval vs random win 1.00 (+167.9)  vs greedy win 0.14 (-26.4)  [597s]
  5200 games  eps 0.020  train win 1.00 margin +165.5  |td| 0.018  eval vs random win 1.00 (+167.0)  vs greedy win 0.17 (-22.9)  [618s]
  5400 games  eps 0.020  train win 1.00 margin +164.4  |td| 0.018  eval vs random win 1.00 (+164.3)  vs greedy win 0.16 (-24.8)  [640s]
  5600 games  eps 0.020  train win 1.00 margin +156.8  |td| 0.017  eval vs random win 1.00 (+171.8)  vs greedy win 0.36 (-7.2)  [660s]
  5800 games  eps 0.020  train win 1.00 margin +163.9  |td| 0.017  eval vs random win 1.00 (+170.0)  vs greedy win 0.33 (-7.7)  [684s]
  6000 games  eps 0.020  train win 1.00 margin +164.2  |td| 0.017  eval vs random win 1.00 (+173.5)  vs greedy win 0.22 (-16.8)  [711s]
  6200 games  eps 0.020  train win 1.00 margin +165.3  |td| 0.017  eval vs random win 1.00 (+166.3)  vs greedy win 0.18 (-20.3)  [737s]
  6400 games  eps 0.020  train win 1.00 margin +162.9  |td| 0.017  eval vs random win 1.00 (+169.8)  vs greedy win 0.22 (-16.4)  [757s]
  6600 games  eps 0.020  train win 1.00 margin +158.9  |td| 0.017  eval vs random win 1.00 (+171.0)  vs greedy win 0.21 (-17.8)  [784s]
  6800 games  eps 0.020  train win 1.00 margin +169.7  |td| 0.018  eval vs random win 1.00 (+176.4)  vs greedy win 0.19 (-20.4)  [810s]
  7000 games  eps 0.020  train win 1.00 margin +168.3  |td| 0.017  eval vs random win 1.00 (+164.4)  vs greedy win 0.26 (-13.5)  [832s]
  7200 games  eps 0.020  train win 1.00 margin +160.1  |td| 0.016  eval vs random win 1.00 (+169.5)  vs greedy win 0.29 (-15.7)  [854s]
  7400 games  eps 0.020  train win 1.00 margin +167.3  |td| 0.018  eval vs random win 1.00 (+172.9)  vs greedy win 0.29 (-13.3)  [875s]
  7600 games  eps 0.020  train win 1.00 margin +165.7  |td| 0.017  eval vs random win 1.00 (+166.7)  vs greedy win 0.26 (-13.1)  [903s]
  7800 games  eps 0.020  train win 1.00 margin +167.8  |td| 0.017  eval vs random win 1.00 (+159.6)  vs greedy win 0.25 (-14.8)  [927s]
  8000 games  eps 0.020  train win 1.00 margin +168.3  |td| 0.017  eval vs random win 1.00 (+172.6)  vs greedy win 0.25 (-14.0)  [949s]
  8200 games  eps 0.020  train win 1.00 margin +160.8  |td| 0.017  eval vs random win 1.00 (+175.6)  vs greedy win 0.34 (-9.9)  [973s]
  8400 games  eps 0.020  train win 1.00 margin +170.3  |td| 0.017  eval vs random win 1.00 (+172.0)  vs greedy win 0.27 (-12.6)  [996s]
  8600 games  eps 0.020  train win 1.00 margin +174.0  |td| 0.017  eval vs random win 1.00 (+173.5)  vs greedy win 0.20 (-19.5)  [1018s]
  8800 games  eps 0.020  train win 1.00 margin +161.5  |td| 0.017  eval vs random win 1.00 (+167.6)  vs greedy win 0.36 (-8.9)  [1040s]
  9000 games  eps 0.020  train win 1.00 margin +161.5  |td| 0.017  eval vs random win 1.00 (+169.9)  vs greedy win 0.19 (-15.7)  [1063s]
  9200 games  eps 0.020  train win 1.00 margin +172.0  |td| 0.017  eval vs random win 1.00 (+165.4)  vs greedy win 0.28 (-16.9)  [1090s]
  9400 games  eps 0.020  train win 1.00 margin +167.3  |td| 0.017  eval vs random win 1.00 (+172.6)  vs greedy win 0.46 (-6.0)  [1110s]
  9600 games  eps 0.020  train win 1.00 margin +168.4  |td| 0.017  eval vs random win 1.00 (+175.4)  vs greedy win 0.30 (-15.3)  [1136s]
  9800 games  eps 0.020  train win 1.00 margin +173.8  |td| 0.017  eval vs random win 1.00 (+173.7)  vs greedy win 0.28 (-18.8)  [1163s]
 10000 games  eps 0.020  train win 1.00 margin +169.8  |td| 0.018  eval vs random win 1.00 (+174.7)  vs greedy win 0.32 (-9.9)  [1184s]
saved runs\linear\pass4\p4d_shape_s0.json  (ttr-dash runs\linear\pass4\p4d_shape_s0.json to analyze)
