training q vs random: 10000 games, alpha 0.05, epsilon 0.2 -> 0.02, reward margin; average 100, shaping 1.0
(best checkpoint kept by margin vs greedy; play it as linear:runs\linear\pass4\p4d_shape_s2.json@best)
live: runs\linear\pass4\p4d_shape_s2.json rewritten every 100 games (watch with ttr-dash --live runs\linear\pass4\p4d_shape_s2.json)
   200 games  eps 0.164  train win 0.95 margin  +88.6  |td| 0.031  eval vs random win 0.93 (+80.1)  vs greedy win 0.00 (-103.9)  [16s]
   400 games  eps 0.128  train win 1.00 margin +124.7  |td| 0.022  eval vs random win 1.00 (+136.9)  vs greedy win 0.05 (-45.9)  [43s]
   600 games  eps 0.092  train win 1.00 margin +136.6  |td| 0.021  eval vs random win 1.00 (+147.7)  vs greedy win 0.16 (-33.4)  [69s]
   800 games  eps 0.056  train win 1.00 margin +143.4  |td| 0.019  eval vs random win 1.00 (+151.8)  vs greedy win 0.26 (-24.6)  [94s]
  1000 games  eps 0.020  train win 1.00 margin +158.4  |td| 0.018  eval vs random win 1.00 (+162.2)  vs greedy win 0.31 (-14.1)  [117s]
  1200 games  eps 0.020  train win 1.00 margin +158.5  |td| 0.018  eval vs random win 1.00 (+165.9)  vs greedy win 0.27 (-16.3)  [141s]
  1400 games  eps 0.020  train win 1.00 margin +159.1  |td| 0.018  eval vs random win 1.00 (+158.9)  vs greedy win 0.23 (-18.4)  [167s]
  1600 games  eps 0.020  train win 1.00 margin +157.3  |td| 0.018  eval vs random win 1.00 (+154.4)  vs greedy win 0.31 (-17.4)  [188s]
  1800 games  eps 0.020  train win 1.00 margin +157.0  |td| 0.017  eval vs random win 1.00 (+165.8)  vs greedy win 0.37 (-9.1)  [210s]
  2000 games  eps 0.020  train win 1.00 margin +166.6  |td| 0.017  eval vs random win 1.00 (+161.5)  vs greedy win 0.27 (-9.6)  [239s]
  2200 games  eps 0.020  train win 1.00 margin +161.7  |td| 0.017  eval vs random win 1.00 (+164.8)  vs greedy win 0.39 (-6.9)  [266s]
  2400 games  eps 0.020  train win 0.99 margin +167.2  |td| 0.018  eval vs random win 1.00 (+165.2)  vs greedy win 0.30 (-9.2)  [287s]
  2600 games  eps 0.020  train win 1.00 margin +164.0  |td| 0.017  eval vs random win 1.00 (+159.6)  vs greedy win 0.42 (-5.1)  [313s]
  2800 games  eps 0.020  train win 1.00 margin +164.6  |td| 0.017  eval vs random win 1.00 (+172.9)  vs greedy win 0.52 (+1.3)  [337s]
  3000 games  eps 0.020  train win 1.00 margin +164.9  |td| 0.017  eval vs random win 1.00 (+167.8)  vs greedy win 0.49 (-0.4)  [358s]
  3200 games  eps 0.020  train win 1.00 margin +164.0  |td| 0.018  eval vs random win 1.00 (+174.4)  vs greedy win 0.53 (+0.2)  [379s]
  3400 games  eps 0.020  train win 1.00 margin +166.5  |td| 0.018  eval vs random win 1.00 (+163.5)  vs greedy win 0.39 (-5.4)  [402s]
  3600 games  eps 0.020  train win 1.00 margin +170.2  |td| 0.017  eval vs random win 1.00 (+175.0)  vs greedy win 0.52 (-0.5)  [425s]
  3800 games  eps 0.020  train win 1.00 margin +163.6  |td| 0.017  eval vs random win 1.00 (+173.9)  vs greedy win 0.51 (-2.2)  [448s]
  4000 games  eps 0.020  train win 1.00 margin +166.8  |td| 0.017  eval vs random win 1.00 (+180.6)  vs greedy win 0.36 (-7.0)  [475s]
  4200 games  eps 0.020  train win 0.99 margin +168.8  |td| 0.018  eval vs random win 1.00 (+173.0)  vs greedy win 0.43 (-5.8)  [500s]
  4400 games  eps 0.020  train win 1.00 margin +166.9  |td| 0.018  eval vs random win 1.00 (+166.8)  vs greedy win 0.40 (-6.1)  [523s]
  4600 games  eps 0.020  train win 1.00 margin +169.6  |td| 0.017  eval vs random win 1.00 (+171.0)  vs greedy win 0.36 (-7.2)  [548s]
  4800 games  eps 0.020  train win 1.00 margin +158.6  |td| 0.017  eval vs random win 1.00 (+184.5)  vs greedy win 0.45 (-0.3)  [576s]
  5000 games  eps 0.020  train win 1.00 margin +169.7  |td| 0.017  eval vs random win 1.00 (+178.9)  vs greedy win 0.38 (-10.4)  [602s]
  5200 games  eps 0.020  train win 1.00 margin +170.5  |td| 0.017  eval vs random win 1.00 (+175.2)  vs greedy win 0.34 (-12.0)  [626s]
  5400 games  eps 0.020  train win 1.00 margin +165.7  |td| 0.017  eval vs random win 1.00 (+171.3)  vs greedy win 0.45 (-1.8)  [652s]
  5600 games  eps 0.020  train win 1.00 margin +165.9  |td| 0.017  eval vs random win 1.00 (+173.3)  vs greedy win 0.46 (-0.5)  [678s]
  5800 games  eps 0.020  train win 1.00 margin +171.1  |td| 0.016  eval vs random win 1.00 (+173.1)  vs greedy win 0.36 (-10.7)  [705s]
  6000 games  eps 0.020  train win 1.00 margin +169.3  |td| 0.017  eval vs random win 1.00 (+177.7)  vs greedy win 0.45 (-3.3)  [729s]
  6200 games  eps 0.020  train win 1.00 margin +167.6  |td| 0.017  eval vs random win 1.00 (+165.1)  vs greedy win 0.46 (-1.4)  [752s]
  6400 games  eps 0.020  train win 1.00 margin +167.1  |td| 0.017  eval vs random win 1.00 (+184.1)  vs greedy win 0.38 (-3.8)  [779s]
  6600 games  eps 0.020  train win 1.00 margin +166.9  |td| 0.017  eval vs random win 1.00 (+167.6)  vs greedy win 0.39 (-1.8)  [804s]
  6800 games  eps 0.020  train win 1.00 margin +170.7  |td| 0.017  eval vs random win 1.00 (+174.3)  vs greedy win 0.45 (-4.8)  [830s]
  7000 games  eps 0.020  train win 1.00 margin +169.0  |td| 0.017  eval vs random win 1.00 (+173.9)  vs greedy win 0.38 (-3.4)  [852s]
  7200 games  eps 0.020  train win 1.00 margin +170.7  |td| 0.017  eval vs random win 1.00 (+164.7)  vs greedy win 0.36 (-6.2)  [876s]
  7400 games  eps 0.020  train win 1.00 margin +171.4  |td| 0.017  eval vs random win 1.00 (+173.5)  vs greedy win 0.38 (-12.0)  [906s]
  7600 games  eps 0.020  train win 1.00 margin +169.3  |td| 0.016  eval vs random win 1.00 (+169.4)  vs greedy win 0.42 (-3.1)  [929s]
  7800 games  eps 0.020  train win 1.00 margin +171.2  |td| 0.017  eval vs random win 1.00 (+168.3)  vs greedy win 0.34 (-9.6)  [955s]
  8000 games  eps 0.020  train win 1.00 margin +173.2  |td| 0.017  eval vs random win 1.00 (+174.2)  vs greedy win 0.43 (-2.3)  [978s]
  8200 games  eps 0.020  train win 1.00 margin +166.6  |td| 0.016  eval vs random win 1.00 (+177.2)  vs greedy win 0.53 (+0.5)  [1003s]
  8400 games  eps 0.020  train win 1.00 margin +173.9  |td| 0.017  eval vs random win 1.00 (+171.3)  vs greedy win 0.34 (-8.0)  [1029s]
  8600 games  eps 0.020  train win 1.00 margin +168.0  |td| 0.016  eval vs random win 1.00 (+174.9)  vs greedy win 0.35 (-14.7)  [1053s]
  8800 games  eps 0.020  train win 1.00 margin +162.8  |td| 0.016  eval vs random win 1.00 (+174.1)  vs greedy win 0.54 (+2.1)  [1077s]
  9000 games  eps 0.020  train win 1.00 margin +172.5  |td| 0.017  eval vs random win 1.00 (+160.7)  vs greedy win 0.47 (-1.8)  [1100s]
  9200 games  eps 0.020  train win 0.99 margin +168.2  |td| 0.016  eval vs random win 1.00 (+184.0)  vs greedy win 0.36 (-4.9)  [1123s]
  9400 games  eps 0.020  train win 1.00 margin +164.8  |td| 0.016  eval vs random win 1.00 (+165.3)  vs greedy win 0.54 (+3.4)  [1148s]
  9600 games  eps 0.020  train win 1.00 margin +170.3  |td| 0.017  eval vs random win 1.00 (+177.3)  vs greedy win 0.40 (-2.6)  [1169s]
  9800 games  eps 0.020  train win 1.00 margin +162.3  |td| 0.016  eval vs random win 1.00 (+180.1)  vs greedy win 0.46 (-0.2)  [1193s]
 10000 games  eps 0.020  train win 1.00 margin +164.3  |td| 0.016  eval vs random win 1.00 (+175.4)  vs greedy win 0.40 (-6.5)  [1218s]
saved runs\linear\pass4\p4d_shape_s2.json  (ttr-dash runs\linear\pass4\p4d_shape_s2.json to analyze)
