training q vs random: 10000 games, alpha 0.05, epsilon 0.2 -> 0.02, reward margin; lam 0.9, average 100
(best checkpoint kept by margin vs greedy; play it as linear:runs\linear\pass4\p4e_lam90_s1.json@best)
live: runs\linear\pass4\p4e_lam90_s1.json rewritten every 100 games (watch with ttr-dash --live runs\linear\pass4\p4e_lam90_s1.json)
   200 games  eps 0.164  train win 0.48 margin  -45.0  |td| 0.048  eval vs random win 0.99 (+124.6)  vs greedy win 0.00 (-80.8)  [26s]
   400 games  eps 0.128  train win 0.94 margin  +91.3  |td| 0.038  eval vs random win 0.99 (+106.7)  vs greedy win 0.00 (-85.3)  [55s]
   600 games  eps 0.092  train win 0.96 margin +100.1  |td| 0.025  eval vs random win 0.99 (+101.8)  vs greedy win 0.01 (-71.4)  [79s]
   800 games  eps 0.056  train win 0.96 margin  +90.1  |td| 0.018  eval vs random win 0.99 (+94.1)  vs greedy win 0.00 (-64.2)  [109s]
  1000 games  eps 0.020  train win 0.98 margin +100.4  |td| 0.018  eval vs random win 1.00 (+104.3)  vs greedy win 0.03 (-49.7)  [134s]
  1200 games  eps 0.020  train win 0.92 margin  +71.6  |td| 0.022  eval vs random win 0.88 (+65.1)  vs greedy win 0.00 (-86.0)  [159s]
  1400 games  eps 0.020  train win 0.99 margin +105.0  |td| 0.024  eval vs random win 1.00 (+115.9)  vs greedy win 0.09 (-31.8)  [185s]
  1600 games  eps 0.020  train win 0.68 margin  +17.6  |td| 0.038  eval vs random win 0.97 (+105.9)  vs greedy win 0.01 (-89.3)  [222s]
  1800 games  eps 0.020  train win 0.83 margin  +67.7  |td| 0.051  eval vs random win 0.81 (+60.3)  vs greedy win 0.00 (-142.6)  [256s]
  2000 games  eps 0.020  train win 0.99 margin +125.2  |td| 0.040  eval vs random win 1.00 (+127.5)  vs greedy win 0.28 (-20.4)  [290s]
  2200 games  eps 0.020  train win 1.00 margin +137.6  |td| 0.028  eval vs random win 1.00 (+145.2)  vs greedy win 0.38 (-12.0)  [316s]
  2400 games  eps 0.020  train win 1.00 margin +143.7  |td| 0.021  eval vs random win 1.00 (+140.8)  vs greedy win 0.03 (-35.1)  [342s]
  2600 games  eps 0.020  train win 1.00 margin +139.8  |td| 0.018  eval vs random win 1.00 (+147.8)  vs greedy win 0.04 (-32.8)  [367s]
  2800 games  eps 0.020  train win 1.00 margin +142.4  |td| 0.017  eval vs random win 1.00 (+144.4)  vs greedy win 0.03 (-31.5)  [395s]
  3000 games  eps 0.020  train win 1.00 margin +145.4  |td| 0.017  eval vs random win 1.00 (+145.4)  vs greedy win 0.02 (-33.1)  [426s]
  3200 games  eps 0.020  train win 1.00 margin +153.6  |td| 0.018  eval vs random win 1.00 (+149.8)  vs greedy win 0.05 (-32.6)  [458s]
  3400 games  eps 0.020  train win 1.00 margin +150.0  |td| 0.018  eval vs random win 1.00 (+155.4)  vs greedy win 0.23 (-17.3)  [485s]
  3600 games  eps 0.020  train win 1.00 margin +150.8  |td| 0.017  eval vs random win 1.00 (+146.3)  vs greedy win 0.08 (-26.6)  [511s]
  3800 games  eps 0.020  train win 1.00 margin +152.2  |td| 0.017  eval vs random win 1.00 (+153.0)  vs greedy win 0.23 (-18.6)  [538s]
  4000 games  eps 0.020  train win 1.00 margin +155.2  |td| 0.017  eval vs random win 1.00 (+158.9)  vs greedy win 0.18 (-19.5)  [565s]
  4200 games  eps 0.020  train win 1.00 margin +152.4  |td| 0.019  eval vs random win 1.00 (+151.6)  vs greedy win 0.46 (-2.8)  [589s]
  4400 games  eps 0.020  train win 1.00 margin +154.8  |td| 0.019  eval vs random win 1.00 (+159.9)  vs greedy win 0.23 (-17.6)  [621s]
  4600 games  eps 0.020  train win 1.00 margin +154.7  |td| 0.019  eval vs random win 1.00 (+166.6)  vs greedy win 0.23 (-14.5)  [646s]
  4800 games  eps 0.020  train win 1.00 margin +153.8  |td| 0.018  eval vs random win 1.00 (+163.1)  vs greedy win 0.28 (-11.9)  [671s]
  5000 games  eps 0.020  train win 1.00 margin +155.4  |td| 0.018  eval vs random win 1.00 (+159.7)  vs greedy win 0.16 (-19.0)  [698s]
  5200 games  eps 0.020  train win 1.00 margin +147.9  |td| 0.018  eval vs random win 1.00 (+136.1)  vs greedy win 0.38 (-10.1)  [722s]
  5400 games  eps 0.020  train win 1.00 margin +136.6  |td| 0.022  eval vs random win 1.00 (+152.2)  vs greedy win 0.46 (+0.3)  [748s]
  5600 games  eps 0.020  train win 1.00 margin +153.8  |td| 0.019  eval vs random win 1.00 (+159.5)  vs greedy win 0.25 (-15.1)  [773s]
  5800 games  eps 0.020  train win 1.00 margin +149.6  |td| 0.018  eval vs random win 1.00 (+153.2)  vs greedy win 0.51 (-1.6)  [796s]
  6000 games  eps 0.020  train win 1.00 margin +134.9  |td| 0.019  eval vs random win 1.00 (+139.4)  vs greedy win 0.25 (-16.7)  [820s]
  6200 games  eps 0.020  train win 1.00 margin +118.6  |td| 0.022  eval vs random win 1.00 (+135.8)  vs greedy win 0.21 (-21.2)  [846s]
  6400 games  eps 0.020  train win 1.00 margin +150.6  |td| 0.023  eval vs random win 1.00 (+152.6)  vs greedy win 0.32 (-10.7)  [870s]
  6600 games  eps 0.020  train win 1.00 margin +121.5  |td| 0.022  eval vs random win 1.00 (+119.3)  vs greedy win 0.16 (-25.5)  [892s]
  6800 games  eps 0.020  train win 1.00 margin +133.7  |td| 0.023  eval vs random win 1.00 (+145.5)  vs greedy win 0.26 (-14.5)  [916s]
  7000 games  eps 0.020  train win 1.00 margin +137.1  |td| 0.020  eval vs random win 1.00 (+125.0)  vs greedy win 0.16 (-23.8)  [938s]
  7200 games  eps 0.020  train win 1.00 margin +115.4  |td| 0.020  eval vs random win 1.00 (+116.9)  vs greedy win 0.06 (-40.0)  [963s]
  7400 games  eps 0.020  train win 0.99 margin +115.1  |td| 0.023  eval vs random win 0.99 (+112.9)  vs greedy win 0.05 (-45.4)  [985s]
  7600 games  eps 0.020  train win 0.99 margin +120.6  |td| 0.023  eval vs random win 1.00 (+117.2)  vs greedy win 0.19 (-21.3)  [1007s]
  7800 games  eps 0.020  train win 1.00 margin +143.7  |td| 0.023  eval vs random win 1.00 (+134.7)  vs greedy win 0.24 (-20.1)  [1029s]
  8000 games  eps 0.020  train win 0.99 margin +126.8  |td| 0.022  eval vs random win 1.00 (+122.6)  vs greedy win 0.16 (-33.0)  [1052s]
  8200 games  eps 0.020  train win 1.00 margin +115.4  |td| 0.023  eval vs random win 1.00 (+135.1)  vs greedy win 0.23 (-23.4)  [1076s]
  8400 games  eps 0.020  train win 1.00 margin +143.8  |td| 0.024  eval vs random win 1.00 (+137.9)  vs greedy win 0.30 (-17.0)  [1100s]
  8600 games  eps 0.020  train win 1.00 margin +132.7  |td| 0.020  eval vs random win 1.00 (+134.4)  vs greedy win 0.15 (-23.9)  [1124s]
  8800 games  eps 0.020  train win 0.99 margin +108.2  |td| 0.024  eval vs random win 1.00 (+116.1)  vs greedy win 0.10 (-39.4)  [1147s]
  9000 games  eps 0.020  train win 1.00 margin +136.4  |td| 0.024  eval vs random win 1.00 (+139.7)  vs greedy win 0.35 (-8.6)  [1167s]
  9200 games  eps 0.020  train win 1.00 margin +149.3  |td| 0.021  eval vs random win 1.00 (+141.2)  vs greedy win 0.28 (-13.6)  [1187s]
  9400 games  eps 0.020  train win 1.00 margin +150.4  |td| 0.021  eval vs random win 1.00 (+163.7)  vs greedy win 0.44 (-5.7)  [1209s]
  9600 games  eps 0.020  train win 1.00 margin +139.6  |td| 0.021  eval vs random win 1.00 (+150.0)  vs greedy win 0.34 (-9.8)  [1229s]
  9800 games  eps 0.020  train win 1.00 margin +141.9  |td| 0.024  eval vs random win 1.00 (+147.6)  vs greedy win 0.65 (+7.2)  [1247s]
 10000 games  eps 0.020  train win 1.00 margin +149.2  |td| 0.022  eval vs random win 1.00 (+148.8)  vs greedy win 0.38 (-10.5)  [1266s]
saved runs\linear\pass4\p4e_lam90_s1.json  (ttr-dash runs\linear\pass4\p4e_lam90_s1.json to analyze)
