training q vs random: 10000 games, alpha 0.05, epsilon 0.2 -> 0.02, reward margin; lam 0.9, average 100
(best checkpoint kept by margin vs greedy; play it as linear:runs\linear\pass4\p4e_lam90_s0.json@best)
live: runs\linear\pass4\p4e_lam90_s0.json rewritten every 100 games (watch with ttr-dash --live runs\linear\pass4\p4e_lam90_s0.json)
   200 games  eps 0.164  train win 0.92 margin  +81.0  |td| 0.031  eval vs random win 1.00 (+110.0)  vs greedy win 0.03 (-66.6)  [14s]
   400 games  eps 0.128  train win 0.98 margin +101.3  |td| 0.023  eval vs random win 1.00 (+122.6)  vs greedy win 0.20 (-38.2)  [40s]
   600 games  eps 0.092  train win 0.78 margin  +16.2  |td| 0.030  eval vs random win 0.00 (-282.8)  vs greedy win 0.00 (-373.0)  [77s]
   800 games  eps 0.056  train win 0.53 margin  -32.5  |td| 0.083  eval vs random win 0.86 (+78.2)  vs greedy win 0.00 (-145.1)  [149s]
  1000 games  eps 0.020  train win 0.98 margin +105.4  |td| 0.059  eval vs random win 1.00 (+127.5)  vs greedy win 0.03 (-44.4)  [177s]
  1200 games  eps 0.020  train win 1.00 margin +133.1  |td| 0.044  eval vs random win 1.00 (+132.5)  vs greedy win 0.00 (-49.9)  [210s]
  1400 games  eps 0.020  train win 1.00 margin +137.8  |td| 0.027  eval vs random win 1.00 (+135.9)  vs greedy win 0.03 (-43.8)  [241s]
  1600 games  eps 0.020  train win 1.00 margin +145.2  |td| 0.020  eval vs random win 1.00 (+139.5)  vs greedy win 0.02 (-38.6)  [276s]
  1800 games  eps 0.020  train win 1.00 margin +147.3  |td| 0.021  eval vs random win 1.00 (+150.7)  vs greedy win 0.07 (-29.4)  [304s]
  2000 games  eps 0.020  train win 1.00 margin +144.3  |td| 0.019  eval vs random win 1.00 (+149.9)  vs greedy win 0.13 (-21.7)  [333s]
  2200 games  eps 0.020  train win 1.00 margin +148.5  |td| 0.020  eval vs random win 1.00 (+143.7)  vs greedy win 0.05 (-23.1)  [356s]
  2400 games  eps 0.020  train win 1.00 margin +136.3  |td| 0.026  eval vs random win 1.00 (+143.5)  vs greedy win 0.18 (-24.9)  [380s]
  2600 games  eps 0.020  train win 1.00 margin +140.2  |td| 0.029  eval vs random win 1.00 (+139.1)  vs greedy win 0.20 (-20.8)  [403s]
  2800 games  eps 0.020  train win 0.99 margin +130.5  |td| 0.034  eval vs random win 1.00 (+135.2)  vs greedy win 0.26 (-19.6)  [431s]
  3000 games  eps 0.020  train win 1.00 margin +141.6  |td| 0.030  eval vs random win 1.00 (+133.9)  vs greedy win 0.37 (-10.7)  [460s]
  3200 games  eps 0.020  train win 1.00 margin +141.2  |td| 0.024  eval vs random win 1.00 (+149.2)  vs greedy win 0.23 (-15.4)  [486s]
  3400 games  eps 0.020  train win 1.00 margin +151.4  |td| 0.023  eval vs random win 1.00 (+145.6)  vs greedy win 0.43 (-5.7)  [510s]
  3600 games  eps 0.020  train win 1.00 margin +145.2  |td| 0.025  eval vs random win 1.00 (+151.0)  vs greedy win 0.36 (-10.3)  [535s]
  3800 games  eps 0.020  train win 1.00 margin +148.3  |td| 0.023  eval vs random win 1.00 (+143.1)  vs greedy win 0.56 (+1.8)  [559s]
  4000 games  eps 0.020  train win 1.00 margin +146.3  |td| 0.022  eval vs random win 1.00 (+164.8)  vs greedy win 0.45 (-5.0)  [582s]
  4200 games  eps 0.020  train win 1.00 margin +144.3  |td| 0.025  eval vs random win 1.00 (+140.7)  vs greedy win 0.53 (+4.9)  [608s]
  4400 games  eps 0.020  train win 1.00 margin +146.0  |td| 0.024  eval vs random win 1.00 (+143.3)  vs greedy win 0.46 (-2.3)  [634s]
  4600 games  eps 0.020  train win 1.00 margin +140.9  |td| 0.025  eval vs random win 1.00 (+151.0)  vs greedy win 0.58 (+3.3)  [658s]
  4800 games  eps 0.020  train win 1.00 margin +133.5  |td| 0.027  eval vs random win 1.00 (+141.5)  vs greedy win 0.54 (+3.4)  [682s]
  5000 games  eps 0.020  train win 1.00 margin +142.7  |td| 0.026  eval vs random win 1.00 (+136.0)  vs greedy win 0.47 (+0.3)  [702s]
  5200 games  eps 0.020  train win 1.00 margin +145.8  |td| 0.028  eval vs random win 1.00 (+134.6)  vs greedy win 0.45 (-2.3)  [727s]
  5400 games  eps 0.020  train win 1.00 margin +150.1  |td| 0.031  eval vs random win 1.00 (+155.7)  vs greedy win 0.49 (+0.8)  [753s]
  5600 games  eps 0.020  train win 1.00 margin +146.9  |td| 0.029  eval vs random win 1.00 (+155.2)  vs greedy win 0.52 (+4.9)  [778s]
  5800 games  eps 0.020  train win 1.00 margin +148.2  |td| 0.030  eval vs random win 1.00 (+145.6)  vs greedy win 0.53 (+1.3)  [803s]
  6000 games  eps 0.020  train win 1.00 margin +149.8  |td| 0.025  eval vs random win 1.00 (+159.7)  vs greedy win 0.57 (+4.8)  [825s]
  6200 games  eps 0.020  train win 1.00 margin +141.0  |td| 0.025  eval vs random win 1.00 (+143.8)  vs greedy win 0.48 (+1.2)  [850s]
  6400 games  eps 0.020  train win 1.00 margin +146.0  |td| 0.031  eval vs random win 1.00 (+142.5)  vs greedy win 0.50 (-1.9)  [873s]
  6600 games  eps 0.020  train win 1.00 margin +137.7  |td| 0.026  eval vs random win 1.00 (+144.8)  vs greedy win 0.53 (-0.1)  [894s]
  6800 games  eps 0.020  train win 1.00 margin +147.0  |td| 0.024  eval vs random win 1.00 (+150.9)  vs greedy win 0.48 (+1.6)  [917s]
  7000 games  eps 0.020  train win 1.00 margin +149.6  |td| 0.024  eval vs random win 1.00 (+144.1)  vs greedy win 0.43 (-1.5)  [943s]
  7200 games  eps 0.020  train win 1.00 margin +161.4  |td| 0.022  eval vs random win 1.00 (+156.3)  vs greedy win 0.49 (-1.5)  [962s]
  7400 games  eps 0.020  train win 1.00 margin +161.3  |td| 0.021  eval vs random win 1.00 (+162.6)  vs greedy win 0.43 (-2.5)  [989s]
  7600 games  eps 0.020  train win 1.00 margin +156.2  |td| 0.022  eval vs random win 1.00 (+162.7)  vs greedy win 0.56 (+4.8)  [1010s]
  7800 games  eps 0.020  train win 1.00 margin +166.4  |td| 0.022  eval vs random win 1.00 (+165.9)  vs greedy win 0.44 (-2.7)  [1032s]
  8000 games  eps 0.020  train win 1.00 margin +169.5  |td| 0.022  eval vs random win 1.00 (+176.6)  vs greedy win 0.30 (-8.5)  [1054s]
  8200 games  eps 0.020  train win 1.00 margin +166.0  |td| 0.021  eval vs random win 1.00 (+179.3)  vs greedy win 0.47 (-2.4)  [1077s]
  8400 games  eps 0.020  train win 1.00 margin +168.4  |td| 0.022  eval vs random win 1.00 (+164.1)  vs greedy win 0.36 (-5.8)  [1099s]
  8600 games  eps 0.020  train win 1.00 margin +165.9  |td| 0.022  eval vs random win 1.00 (+171.9)  vs greedy win 0.41 (-5.5)  [1125s]
  8800 games  eps 0.020  train win 1.00 margin +170.6  |td| 0.022  eval vs random win 1.00 (+169.2)  vs greedy win 0.49 (+0.8)  [1146s]
  9000 games  eps 0.020  train win 1.00 margin +170.4  |td| 0.022  eval vs random win 1.00 (+168.0)  vs greedy win 0.39 (-6.8)  [1172s]
  9200 games  eps 0.020  train win 1.00 margin +172.7  |td| 0.023  eval vs random win 1.00 (+178.5)  vs greedy win 0.44 (-2.3)  [1192s]
  9400 games  eps 0.020  train win 1.00 margin +164.1  |td| 0.022  eval vs random win 1.00 (+174.0)  vs greedy win 0.61 (+9.8)  [1214s]
  9600 games  eps 0.020  train win 1.00 margin +163.7  |td| 0.022  eval vs random win 1.00 (+170.2)  vs greedy win 0.51 (-0.4)  [1234s]
  9800 games  eps 0.020  train win 1.00 margin +165.0  |td| 0.023  eval vs random win 1.00 (+171.1)  vs greedy win 0.45 (+0.6)  [1252s]
 10000 games  eps 0.020  train win 1.00 margin +160.3  |td| 0.023  eval vs random win 1.00 (+165.1)  vs greedy win 0.54 (+4.6)  [1272s]
saved runs\linear\pass4\p4e_lam90_s0.json  (ttr-dash runs\linear\pass4\p4e_lam90_s0.json to analyze)
