training q vs random: 10000 games, alpha 0.05, epsilon 0.2 -> 0.02, reward margin; lam 0.9, average 100
(best checkpoint kept by margin vs greedy; play it as linear:runs\linear\pass4\p4e_lam90_s2.json@best)
live: runs\linear\pass4\p4e_lam90_s2.json rewritten every 100 games (watch with ttr-dash --live runs\linear\pass4\p4e_lam90_s2.json)
   200 games  eps 0.164  train win 0.96 margin +106.5  |td| 0.047  eval vs random win 1.00 (+132.7)  vs greedy win 0.12 (-56.8)  [17s]
   400 games  eps 0.128  train win 0.97 margin  +93.3  |td| 0.023  eval vs random win 1.00 (+115.6)  vs greedy win 0.09 (-54.3)  [49s]
   600 games  eps 0.092  train win 0.98 margin  +91.7  |td| 0.015  eval vs random win 1.00 (+115.3)  vs greedy win 0.15 (-33.0)  [75s]
   800 games  eps 0.056  train win 1.00 margin +116.4  |td| 0.018  eval vs random win 1.00 (+116.3)  vs greedy win 0.16 (-36.4)  [101s]
  1000 games  eps 0.020  train win 0.99 margin +102.8  |td| 0.016  eval vs random win 1.00 (+101.1)  vs greedy win 0.01 (-50.5)  [127s]
  1200 games  eps 0.020  train win 1.00 margin +111.7  |td| 0.016  eval vs random win 1.00 (+110.5)  vs greedy win 0.02 (-50.8)  [158s]
  1400 games  eps 0.020  train win 1.00 margin +110.2  |td| 0.015  eval vs random win 1.00 (+110.8)  vs greedy win 0.03 (-48.1)  [187s]
  1600 games  eps 0.020  train win 1.00 margin +123.0  |td| 0.020  eval vs random win 1.00 (+118.0)  vs greedy win 0.23 (-20.4)  [215s]
  1800 games  eps 0.020  train win 0.99 margin +114.1  |td| 0.022  eval vs random win 1.00 (+105.7)  vs greedy win 0.02 (-56.1)  [242s]
  2000 games  eps 0.020  train win 0.41 margin  -64.2  |td| 0.059  eval vs random win 0.42 (-9.3)  vs greedy win 0.00 (-167.5)  [283s]
  2200 games  eps 0.020  train win 0.48 margin  -36.1  |td| 0.059  eval vs random win 0.82 (+55.2)  vs greedy win 0.00 (-147.0)  [327s]
  2400 games  eps 0.020  train win 0.97 margin +121.4  |td| 0.052  eval vs random win 1.00 (+136.6)  vs greedy win 0.00 (-55.2)  [363s]
  2600 games  eps 0.020  train win 0.99 margin +127.3  |td| 0.044  eval vs random win 1.00 (+138.7)  vs greedy win 0.12 (-28.3)  [392s]
  2800 games  eps 0.020  train win 1.00 margin +135.1  |td| 0.024  eval vs random win 1.00 (+139.5)  vs greedy win 0.04 (-37.5)  [419s]
  3000 games  eps 0.020  train win 1.00 margin +145.6  |td| 0.022  eval vs random win 1.00 (+149.8)  vs greedy win 0.03 (-36.1)  [448s]
  3200 games  eps 0.020  train win 1.00 margin +147.6  |td| 0.022  eval vs random win 1.00 (+142.2)  vs greedy win 0.07 (-36.9)  [478s]
  3400 games  eps 0.020  train win 1.00 margin +152.9  |td| 0.023  eval vs random win 1.00 (+150.5)  vs greedy win 0.10 (-30.4)  [507s]
  3600 games  eps 0.020  train win 1.00 margin +156.8  |td| 0.022  eval vs random win 1.00 (+157.0)  vs greedy win 0.13 (-25.2)  [538s]
  3800 games  eps 0.020  train win 1.00 margin +150.5  |td| 0.023  eval vs random win 1.00 (+146.5)  vs greedy win 0.18 (-23.3)  [564s]
  4000 games  eps 0.020  train win 1.00 margin +155.6  |td| 0.021  eval vs random win 1.00 (+160.9)  vs greedy win 0.10 (-26.7)  [593s]
  4200 games  eps 0.020  train win 1.00 margin +158.1  |td| 0.022  eval vs random win 1.00 (+155.3)  vs greedy win 0.16 (-23.5)  [621s]
  4400 games  eps 0.020  train win 1.00 margin +154.1  |td| 0.021  eval vs random win 1.00 (+145.3)  vs greedy win 0.10 (-22.4)  [653s]
  4600 games  eps 0.020  train win 1.00 margin +159.6  |td| 0.021  eval vs random win 1.00 (+143.8)  vs greedy win 0.10 (-25.6)  [682s]
  4800 games  eps 0.020  train win 1.00 margin +152.2  |td| 0.022  eval vs random win 1.00 (+157.4)  vs greedy win 0.17 (-22.5)  [712s]
  5000 games  eps 0.020  train win 1.00 margin +150.1  |td| 0.020  eval vs random win 1.00 (+164.1)  vs greedy win 0.13 (-20.4)  [744s]
  5200 games  eps 0.020  train win 1.00 margin +153.5  |td| 0.019  eval vs random win 1.00 (+159.5)  vs greedy win 0.14 (-19.9)  [770s]
  5400 games  eps 0.020  train win 1.00 margin +155.4  |td| 0.021  eval vs random win 1.00 (+156.6)  vs greedy win 0.11 (-23.4)  [800s]
  5600 games  eps 0.020  train win 1.00 margin +155.7  |td| 0.020  eval vs random win 1.00 (+164.6)  vs greedy win 0.12 (-24.0)  [830s]
  5800 games  eps 0.020  train win 1.00 margin +155.2  |td| 0.020  eval vs random win 1.00 (+157.6)  vs greedy win 0.17 (-18.0)  [857s]
  6000 games  eps 0.020  train win 1.00 margin +152.8  |td| 0.021  eval vs random win 1.00 (+165.1)  vs greedy win 0.13 (-21.0)  [886s]
  6200 games  eps 0.020  train win 1.00 margin +154.3  |td| 0.021  eval vs random win 1.00 (+161.9)  vs greedy win 0.12 (-20.3)  [916s]
  6400 games  eps 0.020  train win 1.00 margin +154.9  |td| 0.021  eval vs random win 1.00 (+153.5)  vs greedy win 0.09 (-22.0)  [943s]
  6600 games  eps 0.020  train win 1.00 margin +154.9  |td| 0.021  eval vs random win 1.00 (+160.8)  vs greedy win 0.16 (-20.5)  [969s]
  6800 games  eps 0.020  train win 1.00 margin +158.9  |td| 0.020  eval vs random win 1.00 (+154.4)  vs greedy win 0.19 (-18.9)  [995s]
  7000 games  eps 0.020  train win 1.00 margin +154.5  |td| 0.020  eval vs random win 1.00 (+155.4)  vs greedy win 0.18 (-18.0)  [1019s]
  7200 games  eps 0.020  train win 1.00 margin +151.0  |td| 0.021  eval vs random win 1.00 (+149.6)  vs greedy win 0.17 (-19.7)  [1046s]
  7400 games  eps 0.020  train win 1.00 margin +153.8  |td| 0.021  eval vs random win 1.00 (+154.7)  vs greedy win 0.11 (-21.8)  [1074s]
  7600 games  eps 0.020  train win 1.00 margin +151.6  |td| 0.021  eval vs random win 1.00 (+151.4)  vs greedy win 0.20 (-19.3)  [1103s]
  7800 games  eps 0.020  train win 1.00 margin +148.0  |td| 0.021  eval vs random win 1.00 (+157.8)  vs greedy win 0.21 (-17.2)  [1129s]
  8000 games  eps 0.020  train win 1.00 margin +153.3  |td| 0.021  eval vs random win 1.00 (+158.3)  vs greedy win 0.14 (-18.7)  [1154s]
  8200 games  eps 0.020  train win 1.00 margin +158.1  |td| 0.020  eval vs random win 1.00 (+158.3)  vs greedy win 0.17 (-16.6)  [1181s]
  8400 games  eps 0.020  train win 1.00 margin +158.8  |td| 0.021  eval vs random win 1.00 (+162.4)  vs greedy win 0.18 (-19.4)  [1208s]
  8600 games  eps 0.020  train win 1.00 margin +153.7  |td| 0.021  eval vs random win 1.00 (+155.9)  vs greedy win 0.21 (-15.5)  [1232s]
  8800 games  eps 0.020  train win 1.00 margin +151.5  |td| 0.020  eval vs random win 1.00 (+151.2)  vs greedy win 0.27 (-14.3)  [1255s]
  9000 games  eps 0.020  train win 1.00 margin +148.8  |td| 0.020  eval vs random win 1.00 (+150.8)  vs greedy win 0.28 (-13.3)  [1278s]
  9200 games  eps 0.020  train win 1.00 margin +160.4  |td| 0.022  eval vs random win 1.00 (+154.8)  vs greedy win 0.22 (-16.3)  [1300s]
  9400 games  eps 0.020  train win 1.00 margin +155.8  |td| 0.022  eval vs random win 1.00 (+156.0)  vs greedy win 0.36 (-7.8)  [1325s]
  9600 games  eps 0.020  train win 1.00 margin +154.5  |td| 0.020  eval vs random win 1.00 (+155.9)  vs greedy win 0.31 (-12.1)  [1355s]
  9800 games  eps 0.020  train win 1.00 margin +155.6  |td| 0.022  eval vs random win 1.00 (+160.7)  vs greedy win 0.37 (-6.9)  [1397s]
 10000 games  eps 0.020  train win 1.00 margin +155.5  |td| 0.021  eval vs random win 1.00 (+160.1)  vs greedy win 0.30 (-13.0)  [1426s]
saved runs\linear\pass4\p4e_lam90_s2.json  (ttr-dash runs\linear\pass4\p4e_lam90_s2.json to analyze)
