training q vs random: 10000 games, alpha 0.2, epsilon 0.2 -> 0.02, reward margin; lam 0.98, average 100
(best checkpoint kept by margin vs greedy; play it as linear:runs\linear\pass4\p4f_lam98_s0.json@best)
live: runs\linear\pass4\p4f_lam98_s0.json rewritten every 100 games (watch with ttr-dash --live runs\linear\pass4\p4f_lam98_s0.json)
   200 games  eps 0.164  train win 0.93 margin  +94.2  |td| 0.043  eval vs random win 1.00 (+120.8)  vs greedy win 0.01 (-87.7)  [23s]
   400 games  eps 0.128  train win 0.95 margin  +89.9  |td| 0.021  eval vs random win 1.00 (+108.8)  vs greedy win 0.00 (-84.5)  [54s]
   600 games  eps 0.092  train win 0.95 margin  +91.9  |td| 0.025  eval vs random win 1.00 (+119.6)  vs greedy win 0.07 (-48.8)  [84s]
   800 games  eps 0.056  train win 0.99 margin +115.8  |td| 0.029  eval vs random win 1.00 (+132.4)  vs greedy win 0.07 (-39.1)  [114s]
  1000 games  eps 0.020  train win 0.58 margin  -25.4  |td| 0.087  eval vs random win 0.78 (+50.6)  vs greedy win 0.03 (-125.8)  [149s]
  1200 games  eps 0.020  train win 0.99 margin +123.0  |td| 0.047  eval vs random win 1.00 (+141.6)  vs greedy win 0.00 (-41.9)  [184s]
  1400 games  eps 0.020  train win 1.00 margin +133.3  |td| 0.037  eval vs random win 1.00 (+144.0)  vs greedy win 0.00 (-34.7)  [223s]
  1600 games  eps 0.020  train win 1.00 margin +154.2  |td| 0.024  eval vs random win 1.00 (+148.7)  vs greedy win 0.02 (-31.3)  [258s]
  1800 games  eps 0.020  train win 1.00 margin +148.1  |td| 0.025  eval vs random win 1.00 (+155.5)  vs greedy win 0.13 (-27.3)  [287s]
  2000 games  eps 0.020  train win 1.00 margin +146.1  |td| 0.026  eval vs random win 1.00 (+148.0)  vs greedy win 0.21 (-18.5)  [312s]
  2200 games  eps 0.020  train win 1.00 margin +146.7  |td| 0.025  eval vs random win 1.00 (+148.1)  vs greedy win 0.23 (-14.7)  [340s]
  2400 games  eps 0.020  train win 1.00 margin +140.4  |td| 0.036  eval vs random win 1.00 (+154.1)  vs greedy win 0.09 (-25.6)  [364s]
  2600 games  eps 0.020  train win 1.00 margin +135.9  |td| 0.029  eval vs random win 1.00 (+136.3)  vs greedy win 0.16 (-24.4)  [391s]
  2800 games  eps 0.020  train win 1.00 margin +145.0  |td| 0.030  eval vs random win 1.00 (+138.2)  vs greedy win 0.12 (-29.7)  [418s]
  3000 games  eps 0.020  train win 1.00 margin +139.5  |td| 0.036  eval vs random win 1.00 (+161.2)  vs greedy win 0.06 (-30.4)  [448s]
  3200 games  eps 0.020  train win 1.00 margin +144.4  |td| 0.033  eval vs random win 1.00 (+142.2)  vs greedy win 0.33 (-10.6)  [476s]
  3400 games  eps 0.020  train win 1.00 margin +145.0  |td| 0.033  eval vs random win 1.00 (+137.6)  vs greedy win 0.42 (-5.8)  [505s]
  3600 games  eps 0.020  train win 1.00 margin +150.4  |td| 0.033  eval vs random win 1.00 (+152.1)  vs greedy win 0.20 (-21.1)  [531s]
  3800 games  eps 0.020  train win 1.00 margin +143.6  |td| 0.032  eval vs random win 1.00 (+141.9)  vs greedy win 0.16 (-24.9)  [557s]
  4000 games  eps 0.020  train win 1.00 margin +139.4  |td| 0.027  eval vs random win 1.00 (+146.2)  vs greedy win 0.16 (-30.7)  [581s]
  4200 games  eps 0.020  train win 1.00 margin +141.1  |td| 0.028  eval vs random win 1.00 (+136.5)  vs greedy win 0.23 (-19.5)  [603s]
  4400 games  eps 0.020  train win 1.00 margin +144.9  |td| 0.039  eval vs random win 1.00 (+142.9)  vs greedy win 0.34 (-12.3)  [634s]
  4600 games  eps 0.020  train win 1.00 margin +127.5  |td| 0.031  eval vs random win 1.00 (+133.4)  vs greedy win 0.32 (-9.8)  [660s]
  4800 games  eps 0.020  train win 1.00 margin +131.4  |td| 0.030  eval vs random win 1.00 (+135.7)  vs greedy win 0.40 (-7.7)  [685s]
  5000 games  eps 0.020  train win 1.00 margin +135.9  |td| 0.027  eval vs random win 1.00 (+134.7)  vs greedy win 0.23 (-17.2)  [706s]
  5200 games  eps 0.020  train win 0.99 margin +123.2  |td| 0.034  eval vs random win 1.00 (+128.3)  vs greedy win 0.24 (-17.1)  [729s]
  5400 games  eps 0.020  train win 1.00 margin +129.1  |td| 0.036  eval vs random win 1.00 (+129.1)  vs greedy win 0.28 (-15.9)  [751s]
  5600 games  eps 0.020  train win 1.00 margin +115.2  |td| 0.032  eval vs random win 1.00 (+120.7)  vs greedy win 0.19 (-26.2)  [773s]
  5800 games  eps 0.020  train win 1.00 margin +125.1  |td| 0.040  eval vs random win 1.00 (+129.9)  vs greedy win 0.22 (-20.7)  [798s]
  6000 games  eps 0.020  train win 1.00 margin +128.4  |td| 0.034  eval vs random win 1.00 (+119.6)  vs greedy win 0.20 (-23.2)  [818s]
  6200 games  eps 0.020  train win 1.00 margin +123.5  |td| 0.032  eval vs random win 1.00 (+120.5)  vs greedy win 0.28 (-17.8)  [839s]
  6400 games  eps 0.020  train win 1.00 margin +136.3  |td| 0.037  eval vs random win 1.00 (+133.3)  vs greedy win 0.29 (-12.6)  [859s]
  6600 games  eps 0.020  train win 1.00 margin +123.1  |td| 0.027  eval vs random win 1.00 (+122.1)  vs greedy win 0.25 (-18.0)  [879s]
  6800 games  eps 0.020  train win 1.00 margin +129.4  |td| 0.035  eval vs random win 1.00 (+129.7)  vs greedy win 0.25 (-20.7)  [903s]
  7000 games  eps 0.020  train win 0.99 margin +121.5  |td| 0.031  eval vs random win 1.00 (+121.2)  vs greedy win 0.24 (-19.1)  [928s]
  7200 games  eps 0.020  train win 1.00 margin +132.9  |td| 0.034  eval vs random win 1.00 (+125.3)  vs greedy win 0.37 (-10.6)  [948s]
  7400 games  eps 0.020  train win 1.00 margin +140.6  |td| 0.034  eval vs random win 1.00 (+146.0)  vs greedy win 0.39 (-6.9)  [970s]
  7600 games  eps 0.020  train win 1.00 margin +147.8  |td| 0.030  eval vs random win 1.00 (+145.9)  vs greedy win 0.38 (-5.5)  [989s]
  7800 games  eps 0.020  train win 1.00 margin +145.3  |td| 0.028  eval vs random win 1.00 (+144.4)  vs greedy win 0.33 (-12.5)  [1012s]
  8000 games  eps 0.020  train win 1.00 margin +150.1  |td| 0.029  eval vs random win 1.00 (+151.3)  vs greedy win 0.27 (-18.4)  [1040s]
  8200 games  eps 0.020  train win 1.00 margin +155.8  |td| 0.030  eval vs random win 1.00 (+159.1)  vs greedy win 0.36 (-10.9)  [1058s]
  8400 games  eps 0.020  train win 0.99 margin +152.3  |td| 0.031  eval vs random win 1.00 (+149.7)  vs greedy win 0.32 (-11.7)  [1078s]
  8600 games  eps 0.020  train win 1.00 margin +158.9  |td| 0.030  eval vs random win 1.00 (+156.6)  vs greedy win 0.41 (-4.0)  [1099s]
  8800 games  eps 0.020  train win 1.00 margin +148.2  |td| 0.029  eval vs random win 1.00 (+156.3)  vs greedy win 0.38 (-5.4)  [1120s]
  9000 games  eps 0.020  train win 1.00 margin +148.9  |td| 0.032  eval vs random win 1.00 (+157.1)  vs greedy win 0.36 (-8.7)  [1139s]
  9200 games  eps 0.020  train win 1.00 margin +151.7  |td| 0.032  eval vs random win 1.00 (+155.1)  vs greedy win 0.36 (-7.2)  [1160s]
  9400 games  eps 0.020  train win 1.00 margin +156.6  |td| 0.034  eval vs random win 1.00 (+158.2)  vs greedy win 0.42 (-4.5)  [1181s]
  9600 games  eps 0.020  train win 1.00 margin +146.5  |td| 0.032  eval vs random win 1.00 (+158.2)  vs greedy win 0.31 (-14.9)  [1201s]
  9800 games  eps 0.020  train win 0.99 margin +152.9  |td| 0.032  eval vs random win 1.00 (+144.9)  vs greedy win 0.32 (-13.2)  [1218s]
 10000 games  eps 0.020  train win 1.00 margin +143.5  |td| 0.033  eval vs random win 1.00 (+149.7)  vs greedy win 0.35 (-9.3)  [1237s]
saved runs\linear\pass4\p4f_lam98_s0.json  (ttr-dash runs\linear\pass4\p4f_lam98_s0.json to analyze)
