training q vs random: 10000 games, alpha 0.2, epsilon 0.2 -> 0.02, reward margin; lam 0.98, average 100
(best checkpoint kept by margin vs greedy; play it as linear:runs\linear\pass4\p4f_lam98_s2.json@best)
live: runs\linear\pass4\p4f_lam98_s2.json rewritten every 100 games (watch with ttr-dash --live runs\linear\pass4\p4f_lam98_s2.json)
   200 games  eps 0.164  train win 0.45 margin  -48.9  |td| 0.059  eval vs random win 1.00 (+112.2)  vs greedy win 0.00 (-84.8)  [22s]
   400 games  eps 0.128  train win 0.94 margin  +84.6  |td| 0.051  eval vs random win 0.98 (+106.5)  vs greedy win 0.00 (-89.6)  [46s]
   600 games  eps 0.092  train win 0.94 margin  +86.2  |td| 0.026  eval vs random win 0.98 (+103.4)  vs greedy win 0.00 (-85.5)  [75s]
   800 games  eps 0.056  train win 0.99 margin +110.2  |td| 0.027  eval vs random win 1.00 (+102.6)  vs greedy win 0.01 (-64.5)  [103s]
  1000 games  eps 0.020  train win 0.99 margin +101.7  |td| 0.023  eval vs random win 0.99 (+104.1)  vs greedy win 0.01 (-56.4)  [133s]
  1200 games  eps 0.020  train win 0.99 margin +110.2  |td| 0.027  eval vs random win 1.00 (+118.2)  vs greedy win 0.01 (-56.4)  [165s]
  1400 games  eps 0.020  train win 0.99 margin +114.1  |td| 0.033  eval vs random win 1.00 (+107.2)  vs greedy win 0.05 (-45.7)  [191s]
  1600 games  eps 0.020  train win 1.00 margin +123.1  |td| 0.031  eval vs random win 1.00 (+126.2)  vs greedy win 0.18 (-25.4)  [212s]
  1800 games  eps 0.020  train win 1.00 margin +111.8  |td| 0.038  eval vs random win 1.00 (+116.1)  vs greedy win 0.04 (-64.2)  [234s]
  2000 games  eps 0.020  train win 0.99 margin +119.5  |td| 0.033  eval vs random win 0.99 (+109.8)  vs greedy win 0.00 (-62.4)  [255s]
  2200 games  eps 0.020  train win 0.99 margin +114.7  |td| 0.028  eval vs random win 1.00 (+114.3)  vs greedy win 0.05 (-46.3)  [276s]
  2400 games  eps 0.020  train win 0.99 margin +119.9  |td| 0.025  eval vs random win 0.99 (+111.8)  vs greedy win 0.05 (-50.4)  [300s]
  2600 games  eps 0.020  train win 0.99 margin +112.9  |td| 0.027  eval vs random win 0.99 (+110.6)  vs greedy win 0.01 (-70.3)  [325s]
  2800 games  eps 0.020  train win 0.99 margin +120.6  |td| 0.029  eval vs random win 1.00 (+109.9)  vs greedy win 0.06 (-44.1)  [345s]
  3000 games  eps 0.020  train win 1.00 margin +124.6  |td| 0.033  eval vs random win 1.00 (+123.9)  vs greedy win 0.04 (-51.5)  [366s]
  3200 games  eps 0.020  train win 0.99 margin +119.3  |td| 0.032  eval vs random win 1.00 (+126.2)  vs greedy win 0.10 (-47.1)  [388s]
  3400 games  eps 0.020  train win 0.99 margin +127.7  |td| 0.032  eval vs random win 1.00 (+131.5)  vs greedy win 0.06 (-47.4)  [413s]
  3600 games  eps 0.020  train win 1.00 margin +143.6  |td| 0.029  eval vs random win 1.00 (+143.7)  vs greedy win 0.13 (-25.9)  [435s]
  3800 games  eps 0.020  train win 1.00 margin +148.2  |td| 0.030  eval vs random win 1.00 (+144.2)  vs greedy win 0.11 (-34.6)  [456s]
  4000 games  eps 0.020  train win 0.99 margin +128.8  |td| 0.032  eval vs random win 0.99 (+125.2)  vs greedy win 0.00 (-65.7)  [480s]
  4200 games  eps 0.020  train win 1.00 margin +120.0  |td| 0.029  eval vs random win 1.00 (+125.4)  vs greedy win 0.00 (-60.6)  [501s]
  4400 games  eps 0.020  train win 0.99 margin +130.8  |td| 0.029  eval vs random win 1.00 (+139.3)  vs greedy win 0.14 (-32.5)  [522s]
  4600 games  eps 0.020  train win 1.00 margin +143.8  |td| 0.030  eval vs random win 1.00 (+156.5)  vs greedy win 0.11 (-34.4)  [541s]
  4800 games  eps 0.020  train win 1.00 margin +136.7  |td| 0.030  eval vs random win 1.00 (+143.5)  vs greedy win 0.08 (-41.0)  [559s]
  5000 games  eps 0.020  train win 1.00 margin +133.8  |td| 0.031  eval vs random win 1.00 (+132.8)  vs greedy win 0.02 (-41.6)  [578s]
  5200 games  eps 0.020  train win 1.00 margin +130.8  |td| 0.048  eval vs random win 1.00 (+143.1)  vs greedy win 0.37 (-16.3)  [603s]
  5400 games  eps 0.020  train win 0.97 margin +119.6  |td| 0.045  eval vs random win 1.00 (+147.9)  vs greedy win 0.53 (+3.9)  [629s]
  5600 games  eps 0.020  train win 0.99 margin +143.0  |td| 0.035  eval vs random win 1.00 (+148.1)  vs greedy win 0.64 (+10.3)  [658s]
  5800 games  eps 0.020  train win 1.00 margin +135.2  |td| 0.033  eval vs random win 1.00 (+140.4)  vs greedy win 0.54 (+2.2)  [682s]
  6000 games  eps 0.020  train win 1.00 margin +131.1  |td| 0.035  eval vs random win 1.00 (+127.0)  vs greedy win 0.32 (-12.0)  [705s]
  6200 games  eps 0.020  train win 1.00 margin +131.9  |td| 0.044  eval vs random win 1.00 (+134.1)  vs greedy win 0.16 (-25.9)  [733s]
  6400 games  eps 0.020  train win 1.00 margin +126.8  |td| 0.044  eval vs random win 1.00 (+138.4)  vs greedy win 0.21 (-19.7)  [755s]
  6600 games  eps 0.020  train win 0.99 margin +138.7  |td| 0.057  eval vs random win 1.00 (+119.7)  vs greedy win 0.04 (-54.7)  [777s]
  6800 games  eps 0.020  train win 1.00 margin +137.9  |td| 0.054  eval vs random win 1.00 (+122.0)  vs greedy win 0.48 (-5.2)  [798s]
  7000 games  eps 0.020  train win 1.00 margin +133.6  |td| 0.040  eval vs random win 1.00 (+128.9)  vs greedy win 0.50 (-6.1)  [819s]
  7200 games  eps 0.020  train win 1.00 margin +141.0  |td| 0.034  eval vs random win 1.00 (+141.6)  vs greedy win 0.61 (+5.6)  [840s]
  7400 games  eps 0.020  train win 1.00 margin +144.5  |td| 0.035  eval vs random win 1.00 (+143.6)  vs greedy win 0.27 (-12.7)  [864s]
  7600 games  eps 0.020  train win 1.00 margin +143.0  |td| 0.031  eval vs random win 1.00 (+153.3)  vs greedy win 0.25 (-15.9)  [889s]
  7800 games  eps 0.020  train win 1.00 margin +142.1  |td| 0.032  eval vs random win 1.00 (+150.8)  vs greedy win 0.21 (-17.9)  [911s]
  8000 games  eps 0.020  train win 1.00 margin +151.8  |td| 0.041  eval vs random win 1.00 (+153.8)  vs greedy win 0.29 (-10.3)  [932s]
  8200 games  eps 0.020  train win 0.99 margin +135.4  |td| 0.047  eval vs random win 1.00 (+145.4)  vs greedy win 0.49 (-0.2)  [956s]
  8400 games  eps 0.020  train win 1.00 margin +130.0  |td| 0.038  eval vs random win 1.00 (+133.1)  vs greedy win 0.45 (-3.2)  [975s]
  8600 games  eps 0.020  train win 1.00 margin +144.5  |td| 0.042  eval vs random win 1.00 (+149.2)  vs greedy win 0.59 (+9.4)  [998s]
  8800 games  eps 0.020  train win 1.00 margin +140.3  |td| 0.034  eval vs random win 1.00 (+143.0)  vs greedy win 0.50 (-2.2)  [1023s]
  9000 games  eps 0.020  train win 1.00 margin +161.0  |td| 0.043  eval vs random win 1.00 (+157.1)  vs greedy win 0.22 (-18.9)  [1044s]
  9200 games  eps 0.020  train win 1.00 margin +140.7  |td| 0.045  eval vs random win 1.00 (+136.2)  vs greedy win 0.34 (-15.8)  [1066s]
  9400 games  eps 0.020  train win 0.99 margin +135.1  |td| 0.043  eval vs random win 1.00 (+140.9)  vs greedy win 0.59 (+6.2)  [1087s]
  9600 games  eps 0.020  train win 1.00 margin +140.8  |td| 0.047  eval vs random win 1.00 (+130.8)  vs greedy win 0.31 (-18.9)  [1108s]
  9800 games  eps 0.020  train win 1.00 margin +132.2  |td| 0.041  eval vs random win 1.00 (+134.0)  vs greedy win 0.40 (-10.8)  [1127s]
 10000 games  eps 0.020  train win 1.00 margin +154.6  |td| 0.049  eval vs random win 1.00 (+144.9)  vs greedy win 0.28 (-15.4)  [1150s]
saved runs\linear\pass4\p4f_lam98_s2.json  (ttr-dash runs\linear\pass4\p4f_lam98_s2.json to analyze)
