training q vs random: 10000 games, alpha 0.2, epsilon 0.2 -> 0.02, reward margin; lam 0.98, average 100
(best checkpoint kept by margin vs greedy; play it as linear:runs\linear\pass4\p4f_lam98_s1.json@best)
live: runs\linear\pass4\p4f_lam98_s1.json rewritten every 100 games (watch with ttr-dash --live runs\linear\pass4\p4f_lam98_s1.json)
   200 games  eps 0.164  train win 0.32 margin  -69.4  |td| 0.046  eval vs random win 0.88 (+75.6)  vs greedy win 0.00 (-125.9)  [32s]
   400 games  eps 0.128  train win 0.94 margin  +94.9  |td| 0.065  eval vs random win 0.92 (+77.9)  vs greedy win 0.00 (-107.7)  [66s]
   600 games  eps 0.092  train win 0.98 margin +104.4  |td| 0.025  eval vs random win 1.00 (+117.5)  vs greedy win 0.00 (-59.9)  [102s]
   800 games  eps 0.056  train win 1.00 margin +117.1  |td| 0.020  eval vs random win 1.00 (+122.4)  vs greedy win 0.00 (-56.2)  [141s]
  1000 games  eps 0.020  train win 0.99 margin +112.7  |td| 0.020  eval vs random win 0.99 (+121.7)  vs greedy win 0.03 (-54.8)  [172s]
  1200 games  eps 0.020  train win 1.00 margin +109.6  |td| 0.023  eval vs random win 1.00 (+108.5)  vs greedy win 0.02 (-52.1)  [203s]
  1400 games  eps 0.020  train win 1.00 margin +107.3  |td| 0.024  eval vs random win 1.00 (+108.4)  vs greedy win 0.03 (-50.5)  [234s]
  1600 games  eps 0.020  train win 1.00 margin +117.9  |td| 0.035  eval vs random win 1.00 (+125.9)  vs greedy win 0.10 (-33.9)  [258s]
  1800 games  eps 0.020  train win 1.00 margin +113.3  |td| 0.032  eval vs random win 1.00 (+131.6)  vs greedy win 0.13 (-27.4)  [283s]
  2000 games  eps 0.020  train win 0.99 margin +115.2  |td| 0.045  eval vs random win 1.00 (+120.6)  vs greedy win 0.05 (-56.0)  [309s]
  2200 games  eps 0.020  train win 1.00 margin +115.9  |td| 0.026  eval vs random win 1.00 (+108.3)  vs greedy win 0.07 (-40.9)  [329s]
  2400 games  eps 0.020  train win 1.00 margin +130.9  |td| 0.027  eval vs random win 0.99 (+125.2)  vs greedy win 0.08 (-41.5)  [356s]
  2600 games  eps 0.020  train win 1.00 margin +123.8  |td| 0.029  eval vs random win 1.00 (+125.0)  vs greedy win 0.10 (-35.3)  [379s]
  2800 games  eps 0.020  train win 1.00 margin +151.2  |td| 0.028  eval vs random win 1.00 (+158.3)  vs greedy win 0.37 (-14.6)  [406s]
  3000 games  eps 0.020  train win 0.99 margin +141.8  |td| 0.034  eval vs random win 1.00 (+120.0)  vs greedy win 0.07 (-45.0)  [428s]
  3200 games  eps 0.020  train win 0.99 margin +116.7  |td| 0.029  eval vs random win 1.00 (+117.3)  vs greedy win 0.07 (-45.5)  [448s]
  3400 games  eps 0.020  train win 1.00 margin +144.6  |td| 0.029  eval vs random win 1.00 (+149.2)  vs greedy win 0.32 (-14.2)  [469s]
  3600 games  eps 0.020  train win 1.00 margin +137.3  |td| 0.026  eval vs random win 1.00 (+147.0)  vs greedy win 0.27 (-21.4)  [489s]
  3800 games  eps 0.020  train win 1.00 margin +150.8  |td| 0.030  eval vs random win 1.00 (+144.6)  vs greedy win 0.15 (-29.3)  [509s]
  4000 games  eps 0.020  train win 0.99 margin +118.3  |td| 0.036  eval vs random win 1.00 (+123.0)  vs greedy win 0.02 (-63.3)  [528s]
  4200 games  eps 0.020  train win 0.99 margin +117.8  |td| 0.035  eval vs random win 0.99 (+114.4)  vs greedy win 0.03 (-58.4)  [546s]
  4400 games  eps 0.020  train win 1.00 margin +120.6  |td| 0.030  eval vs random win 1.00 (+126.7)  vs greedy win 0.06 (-46.7)  [565s]
  4600 games  eps 0.020  train win 1.00 margin +147.0  |td| 0.031  eval vs random win 1.00 (+148.9)  vs greedy win 0.10 (-33.9)  [582s]
  4800 games  eps 0.020  train win 1.00 margin +138.8  |td| 0.041  eval vs random win 1.00 (+143.6)  vs greedy win 0.27 (-29.2)  [602s]
  5000 games  eps 0.020  train win 1.00 margin +132.5  |td| 0.044  eval vs random win 1.00 (+148.6)  vs greedy win 0.63 (+8.5)  [622s]
  5200 games  eps 0.020  train win 1.00 margin +136.3  |td| 0.051  eval vs random win 1.00 (+136.9)  vs greedy win 0.49 (+1.3)  [652s]
  5400 games  eps 0.020  train win 1.00 margin +137.5  |td| 0.043  eval vs random win 1.00 (+137.1)  vs greedy win 0.48 (+0.1)  [674s]
  5600 games  eps 0.020  train win 0.99 margin +122.5  |td| 0.038  eval vs random win 1.00 (+122.4)  vs greedy win 0.20 (-30.0)  [694s]
  5800 games  eps 0.020  train win 1.00 margin +139.1  |td| 0.038  eval vs random win 1.00 (+141.3)  vs greedy win 0.54 (+2.8)  [720s]
  6000 games  eps 0.020  train win 1.00 margin +153.9  |td| 0.031  eval vs random win 1.00 (+154.0)  vs greedy win 0.56 (+7.2)  [743s]
  6200 games  eps 0.020  train win 1.00 margin +147.2  |td| 0.029  eval vs random win 1.00 (+154.5)  vs greedy win 0.24 (-16.8)  [769s]
  6400 games  eps 0.020  train win 1.00 margin +144.0  |td| 0.036  eval vs random win 1.00 (+139.6)  vs greedy win 0.33 (-13.8)  [792s]
  6600 games  eps 0.020  train win 1.00 margin +142.9  |td| 0.044  eval vs random win 1.00 (+144.0)  vs greedy win 0.25 (-15.4)  [816s]
  6800 games  eps 0.020  train win 1.00 margin +140.2  |td| 0.047  eval vs random win 1.00 (+141.8)  vs greedy win 0.56 (+5.0)  [836s]
  7000 games  eps 0.020  train win 1.00 margin +128.4  |td| 0.038  eval vs random win 1.00 (+127.1)  vs greedy win 0.20 (-32.6)  [858s]
  7200 games  eps 0.020  train win 1.00 margin +138.8  |td| 0.037  eval vs random win 1.00 (+133.4)  vs greedy win 0.53 (+3.0)  [878s]
  7400 games  eps 0.020  train win 1.00 margin +147.3  |td| 0.031  eval vs random win 1.00 (+154.2)  vs greedy win 0.56 (+5.8)  [901s]
  7600 games  eps 0.020  train win 1.00 margin +157.0  |td| 0.040  eval vs random win 1.00 (+144.7)  vs greedy win 0.21 (-17.9)  [928s]
  7800 games  eps 0.020  train win 1.00 margin +149.8  |td| 0.036  eval vs random win 1.00 (+149.1)  vs greedy win 0.31 (-12.6)  [947s]
  8000 games  eps 0.020  train win 1.00 margin +147.2  |td| 0.033  eval vs random win 1.00 (+149.1)  vs greedy win 0.21 (-19.8)  [970s]
  8200 games  eps 0.020  train win 0.99 margin +142.8  |td| 0.043  eval vs random win 0.99 (+138.7)  vs greedy win 0.30 (-19.4)  [992s]
  8400 games  eps 0.020  train win 1.00 margin +140.5  |td| 0.052  eval vs random win 1.00 (+137.1)  vs greedy win 0.15 (-28.5)  [1013s]
  8600 games  eps 0.020  train win 1.00 margin +130.0  |td| 0.058  eval vs random win 1.00 (+116.0)  vs greedy win 0.01 (-52.3)  [1036s]
  8800 games  eps 0.020  train win 1.00 margin +136.0  |td| 0.041  eval vs random win 1.00 (+140.8)  vs greedy win 0.56 (-0.4)  [1057s]
  9000 games  eps 0.020  train win 1.00 margin +153.2  |td| 0.034  eval vs random win 1.00 (+157.8)  vs greedy win 0.64 (+9.6)  [1079s]
  9200 games  eps 0.020  train win 1.00 margin +154.4  |td| 0.035  eval vs random win 1.00 (+158.6)  vs greedy win 0.25 (-16.7)  [1103s]
  9400 games  eps 0.020  train win 1.00 margin +151.8  |td| 0.043  eval vs random win 1.00 (+152.4)  vs greedy win 0.24 (-19.0)  [1127s]
  9600 games  eps 0.020  train win 0.98 margin +131.0  |td| 0.045  eval vs random win 1.00 (+151.7)  vs greedy win 0.55 (+2.8)  [1150s]
  9800 games  eps 0.020  train win 1.00 margin +160.3  |td| 0.037  eval vs random win 1.00 (+166.0)  vs greedy win 0.67 (+13.5)  [1173s]
 10000 games  eps 0.020  train win 1.00 margin +148.0  |td| 0.034  eval vs random win 1.00 (+161.3)  vs greedy win 0.57 (+1.7)  [1192s]
saved runs\linear\pass4\p4f_lam98_s1.json  (ttr-dash runs\linear\pass4\p4f_lam98_s1.json to analyze)
