training q vs random: 30000 games, alpha 0.05, epsilon 0.2 -> 0.02, reward margin; alpha_end 0.005, average 100
(best checkpoint kept by margin vs greedy; play it as linear:runs\linear\pass6\p6a_q_random_decay_s2.json@best)
live: runs\linear\pass6\p6a_q_random_decay_s2.json rewritten every 500 games (watch with ttr-dash --live runs\linear\pass6\p6a_q_random_decay_s2.json)
   500 games  eps 0.110  train win 0.81 margin  +58.0  |td| 0.030  eval vs random win 1.00 (+100.7)  vs greedy win 0.00 (-58.6)  [26s]
  1000 games  eps 0.020  train win 0.99 margin +118.2  |td| 0.020  eval vs random win 1.00 (+139.1)  vs greedy win 0.12 (-33.9)  [49s]
  1500 games  eps 0.020  train win 1.00 margin +135.7  |td| 0.016  eval vs random win 1.00 (+136.2)  vs greedy win 0.13 (-32.4)  [72s]
  2000 games  eps 0.020  train win 1.00 margin +150.1  |td| 0.016  eval vs random win 1.00 (+152.2)  vs greedy win 0.28 (-13.8)  [98s]
  2500 games  eps 0.020  train win 1.00 margin +156.2  |td| 0.016  eval vs random win 1.00 (+161.2)  vs greedy win 0.23 (-14.7)  [125s]
  3000 games  eps 0.020  train win 1.00 margin +158.3  |td| 0.016  eval vs random win 1.00 (+170.7)  vs greedy win 0.35 (-9.1)  [153s]
  3500 games  eps 0.020  train win 1.00 margin +160.8  |td| 0.016  eval vs random win 1.00 (+164.8)  vs greedy win 0.38 (-8.1)  [179s]
  4000 games  eps 0.020  train win 1.00 margin +165.5  |td| 0.017  eval vs random win 1.00 (+165.0)  vs greedy win 0.26 (-27.8)  [205s]
  4500 games  eps 0.020  train win 1.00 margin +161.2  |td| 0.017  eval vs random win 1.00 (+167.8)  vs greedy win 0.35 (-12.7)  [232s]
  5000 games  eps 0.020  train win 1.00 margin +165.3  |td| 0.017  eval vs random win 1.00 (+159.5)  vs greedy win 0.18 (-18.9)  [258s]
  5500 games  eps 0.020  train win 1.00 margin +168.2  |td| 0.017  eval vs random win 1.00 (+171.7)  vs greedy win 0.21 (-21.4)  [284s]
  6000 games  eps 0.020  train win 1.00 margin +160.9  |td| 0.018  eval vs random win 1.00 (+154.3)  vs greedy win 0.29 (-14.8)  [308s]
  6500 games  eps 0.020  train win 1.00 margin +167.7  |td| 0.018  eval vs random win 1.00 (+166.1)  vs greedy win 0.37 (-5.3)  [332s]
  7000 games  eps 0.020  train win 1.00 margin +164.6  |td| 0.018  eval vs random win 1.00 (+162.8)  vs greedy win 0.40 (-5.0)  [356s]
  7500 games  eps 0.020  train win 1.00 margin +161.6  |td| 0.017  eval vs random win 1.00 (+165.7)  vs greedy win 0.32 (-10.0)  [379s]
  8000 games  eps 0.020  train win 1.00 margin +154.5  |td| 0.018  eval vs random win 1.00 (+148.9)  vs greedy win 0.37 (-6.2)  [401s]
  8500 games  eps 0.020  train win 1.00 margin +154.3  |td| 0.018  eval vs random win 1.00 (+156.2)  vs greedy win 0.49 (-0.6)  [424s]
  9000 games  eps 0.020  train win 1.00 margin +163.0  |td| 0.017  eval vs random win 1.00 (+173.7)  vs greedy win 0.32 (-18.1)  [447s]
  9500 games  eps 0.020  train win 1.00 margin +164.7  |td| 0.017  eval vs random win 1.00 (+169.7)  vs greedy win 0.36 (-12.2)  [471s]
 10000 games  eps 0.020  train win 1.00 margin +162.5  |td| 0.017  eval vs random win 1.00 (+172.5)  vs greedy win 0.24 (-18.6)  [495s]
 10500 games  eps 0.020  train win 1.00 margin +166.3  |td| 0.018  eval vs random win 1.00 (+176.5)  vs greedy win 0.34 (-16.0)  [519s]
 11000 games  eps 0.020  train win 1.00 margin +163.1  |td| 0.018  eval vs random win 1.00 (+169.5)  vs greedy win 0.39 (-5.7)  [544s]
 11500 games  eps 0.020  train win 1.00 margin +159.5  |td| 0.018  eval vs random win 1.00 (+162.7)  vs greedy win 0.27 (-17.4)  [566s]
 12000 games  eps 0.020  train win 1.00 margin +159.7  |td| 0.018  eval vs random win 1.00 (+160.2)  vs greedy win 0.34 (-9.5)  [589s]
 12500 games  eps 0.020  train win 1.00 margin +162.2  |td| 0.018  eval vs random win 1.00 (+157.0)  vs greedy win 0.33 (-12.0)  [613s]
 13000 games  eps 0.020  train win 1.00 margin +157.9  |td| 0.018  eval vs random win 1.00 (+163.6)  vs greedy win 0.39 (-4.4)  [635s]
 13500 games  eps 0.020  train win 1.00 margin +156.4  |td| 0.018  eval vs random win 1.00 (+160.5)  vs greedy win 0.35 (-6.9)  [657s]
 14000 games  eps 0.020  train win 1.00 margin +151.7  |td| 0.018  eval vs random win 1.00 (+160.0)  vs greedy win 0.40 (-7.8)  [678s]
 14500 games  eps 0.020  train win 1.00 margin +163.7  |td| 0.018  eval vs random win 1.00 (+158.4)  vs greedy win 0.34 (-10.2)  [701s]
 15000 games  eps 0.020  train win 1.00 margin +156.2  |td| 0.018  eval vs random win 1.00 (+161.2)  vs greedy win 0.35 (-12.7)  [723s]
 15500 games  eps 0.020  train win 1.00 margin +157.9  |td| 0.018  eval vs random win 1.00 (+155.6)  vs greedy win 0.33 (-11.5)  [746s]
 16000 games  eps 0.020  train win 1.00 margin +158.1  |td| 0.018  eval vs random win 1.00 (+166.6)  vs greedy win 0.19 (-18.3)  [769s]
 16500 games  eps 0.020  train win 1.00 margin +159.2  |td| 0.018  eval vs random win 1.00 (+152.4)  vs greedy win 0.31 (-16.0)  [792s]
 17000 games  eps 0.020  train win 1.00 margin +157.1  |td| 0.018  eval vs random win 1.00 (+166.7)  vs greedy win 0.26 (-15.7)  [814s]
 17500 games  eps 0.020  train win 1.00 margin +152.7  |td| 0.018  eval vs random win 1.00 (+146.7)  vs greedy win 0.35 (-9.8)  [836s]
 18000 games  eps 0.020  train win 1.00 margin +152.4  |td| 0.018  eval vs random win 1.00 (+153.0)  vs greedy win 0.32 (-13.7)  [858s]
 18500 games  eps 0.020  train win 1.00 margin +152.0  |td| 0.018  eval vs random win 1.00 (+156.5)  vs greedy win 0.37 (-14.6)  [880s]
 19000 games  eps 0.020  train win 1.00 margin +151.6  |td| 0.018  eval vs random win 1.00 (+154.5)  vs greedy win 0.31 (-15.6)  [901s]
 19500 games  eps 0.020  train win 1.00 margin +153.4  |td| 0.017  eval vs random win 1.00 (+151.3)  vs greedy win 0.40 (-12.4)  [922s]
 20000 games  eps 0.020  train win 1.00 margin +148.6  |td| 0.017  eval vs random win 1.00 (+151.1)  vs greedy win 0.32 (-12.6)  [944s]
 20500 games  eps 0.020  train win 1.00 margin +146.2  |td| 0.017  eval vs random win 1.00 (+155.6)  vs greedy win 0.42 (-6.5)  [965s]
 21000 games  eps 0.020  train win 1.00 margin +152.2  |td| 0.017  eval vs random win 1.00 (+149.4)  vs greedy win 0.25 (-18.1)  [987s]
 21500 games  eps 0.020  train win 1.00 margin +147.0  |td| 0.017  eval vs random win 1.00 (+145.2)  vs greedy win 0.32 (-13.7)  [1008s]
 22000 games  eps 0.020  train win 1.00 margin +148.8  |td| 0.017  eval vs random win 1.00 (+147.3)  vs greedy win 0.35 (-19.2)  [1029s]
 22500 games  eps 0.020  train win 1.00 margin +149.6  |td| 0.017  eval vs random win 1.00 (+151.1)  vs greedy win 0.32 (-16.9)  [1051s]
 23000 games  eps 0.020  train win 1.00 margin +150.9  |td| 0.017  eval vs random win 1.00 (+148.8)  vs greedy win 0.35 (-20.1)  [1073s]
 23500 games  eps 0.020  train win 1.00 margin +148.9  |td| 0.017  eval vs random win 0.99 (+139.1)  vs greedy win 0.28 (-26.0)  [1093s]
 24000 games  eps 0.020  train win 1.00 margin +144.6  |td| 0.017  eval vs random win 1.00 (+152.6)  vs greedy win 0.28 (-20.2)  [1115s]
 24500 games  eps 0.020  train win 1.00 margin +141.9  |td| 0.016  eval vs random win 1.00 (+151.6)  vs greedy win 0.29 (-20.9)  [1135s]
 25000 games  eps 0.020  train win 1.00 margin +141.3  |td| 0.016  eval vs random win 1.00 (+138.4)  vs greedy win 0.26 (-20.2)  [1157s]
 25500 games  eps 0.020  train win 1.00 margin +144.6  |td| 0.017  eval vs random win 1.00 (+151.3)  vs greedy win 0.31 (-20.3)  [1177s]
 26000 games  eps 0.020  train win 1.00 margin +149.6  |td| 0.016  eval vs random win 1.00 (+149.2)  vs greedy win 0.34 (-19.0)  [1198s]
 26500 games  eps 0.020  train win 1.00 margin +148.8  |td| 0.016  eval vs random win 1.00 (+147.5)  vs greedy win 0.33 (-13.2)  [1221s]
 27000 games  eps 0.020  train win 1.00 margin +144.7  |td| 0.016  eval vs random win 1.00 (+147.0)  vs greedy win 0.32 (-24.7)  [1241s]
 27500 games  eps 0.020  train win 1.00 margin +144.4  |td| 0.016  eval vs random win 0.99 (+148.8)  vs greedy win 0.35 (-22.7)  [1263s]
 28000 games  eps 0.020  train win 1.00 margin +141.9  |td| 0.016  eval vs random win 1.00 (+143.0)  vs greedy win 0.33 (-16.6)  [1284s]
 28500 games  eps 0.020  train win 1.00 margin +141.1  |td| 0.016  eval vs random win 1.00 (+141.6)  vs greedy win 0.34 (-18.4)  [1305s]
 29000 games  eps 0.020  train win 1.00 margin +139.4  |td| 0.016  eval vs random win 1.00 (+138.6)  vs greedy win 0.33 (-16.6)  [1325s]
 29500 games  eps 0.020  train win 1.00 margin +140.6  |td| 0.016  eval vs random win 1.00 (+148.8)  vs greedy win 0.24 (-20.2)  [1347s]
 30000 games  eps 0.020  train win 1.00 margin +145.2  |td| 0.016  eval vs random win 1.00 (+140.2)  vs greedy win 0.37 (-16.7)  [1367s]
saved runs\linear\pass6\p6a_q_random_decay_s2.json  (ttr-dash runs\linear\pass6\p6a_q_random_decay_s2.json to analyze)
