training q vs random: 30000 games, alpha 0.05, epsilon 0.2 -> 0.02, reward margin; alpha_end 0.005, average 100
(best checkpoint kept by margin vs greedy; play it as linear:runs\linear\pass6\p6a_q_random_decay_s4.json@best)
live: runs\linear\pass6\p6a_q_random_decay_s4.json rewritten every 500 games (watch with ttr-dash --live runs\linear\pass6\p6a_q_random_decay_s4.json)
   500 games  eps 0.110  train win 0.86 margin  +68.4  |td| 0.029  eval vs random win 1.00 (+123.5)  vs greedy win 0.00 (-79.5)  [25s]
  1000 games  eps 0.020  train win 0.95 margin +108.0  |td| 0.019  eval vs random win 1.00 (+127.5)  vs greedy win 0.12 (-33.8)  [48s]
  1500 games  eps 0.020  train win 1.00 margin +121.9  |td| 0.016  eval vs random win 1.00 (+127.5)  vs greedy win 0.26 (-19.6)  [69s]
  2000 games  eps 0.020  train win 1.00 margin +138.2  |td| 0.016  eval vs random win 1.00 (+138.6)  vs greedy win 0.24 (-18.6)  [90s]
  2500 games  eps 0.020  train win 1.00 margin +147.8  |td| 0.017  eval vs random win 1.00 (+143.9)  vs greedy win 0.41 (-7.5)  [116s]
  3000 games  eps 0.020  train win 1.00 margin +158.1  |td| 0.016  eval vs random win 1.00 (+152.1)  vs greedy win 0.50 (-0.0)  [142s]
  3500 games  eps 0.020  train win 1.00 margin +166.7  |td| 0.016  eval vs random win 1.00 (+169.2)  vs greedy win 0.42 (-3.4)  [172s]
  4000 games  eps 0.020  train win 1.00 margin +171.6  |td| 0.016  eval vs random win 1.00 (+167.6)  vs greedy win 0.37 (-9.3)  [200s]
  4500 games  eps 0.020  train win 1.00 margin +168.3  |td| 0.016  eval vs random win 1.00 (+173.7)  vs greedy win 0.48 (-1.3)  [228s]
  5000 games  eps 0.020  train win 1.00 margin +167.5  |td| 0.016  eval vs random win 1.00 (+173.8)  vs greedy win 0.38 (-3.8)  [257s]
  5500 games  eps 0.020  train win 1.00 margin +169.9  |td| 0.016  eval vs random win 1.00 (+164.9)  vs greedy win 0.35 (-8.6)  [284s]
  6000 games  eps 0.020  train win 1.00 margin +173.0  |td| 0.016  eval vs random win 1.00 (+174.1)  vs greedy win 0.46 (-9.6)  [313s]
  6500 games  eps 0.020  train win 1.00 margin +166.6  |td| 0.016  eval vs random win 1.00 (+168.7)  vs greedy win 0.34 (-10.4)  [340s]
  7000 games  eps 0.020  train win 1.00 margin +167.9  |td| 0.016  eval vs random win 1.00 (+171.3)  vs greedy win 0.45 (-2.0)  [369s]
  7500 games  eps 0.020  train win 1.00 margin +166.4  |td| 0.016  eval vs random win 1.00 (+172.3)  vs greedy win 0.43 (-2.5)  [397s]
  8000 games  eps 0.020  train win 1.00 margin +167.4  |td| 0.015  eval vs random win 1.00 (+174.9)  vs greedy win 0.48 (+0.0)  [424s]
  8500 games  eps 0.020  train win 1.00 margin +168.8  |td| 0.015  eval vs random win 1.00 (+172.6)  vs greedy win 0.52 (-1.4)  [452s]
  9000 games  eps 0.020  train win 1.00 margin +166.0  |td| 0.016  eval vs random win 1.00 (+174.3)  vs greedy win 0.48 (-0.4)  [480s]
  9500 games  eps 0.020  train win 1.00 margin +167.4  |td| 0.016  eval vs random win 1.00 (+169.4)  vs greedy win 0.46 (-3.9)  [508s]
 10000 games  eps 0.020  train win 1.00 margin +165.1  |td| 0.015  eval vs random win 1.00 (+166.4)  vs greedy win 0.30 (-14.9)  [536s]
 10500 games  eps 0.020  train win 1.00 margin +168.8  |td| 0.016  eval vs random win 1.00 (+168.5)  vs greedy win 0.57 (+2.6)  [564s]
 11000 games  eps 0.020  train win 1.00 margin +170.6  |td| 0.016  eval vs random win 1.00 (+170.6)  vs greedy win 0.41 (-4.7)  [591s]
 11500 games  eps 0.020  train win 1.00 margin +167.1  |td| 0.016  eval vs random win 1.00 (+178.9)  vs greedy win 0.31 (-10.9)  [618s]
 12000 games  eps 0.020  train win 1.00 margin +170.6  |td| 0.016  eval vs random win 1.00 (+176.5)  vs greedy win 0.42 (-7.8)  [646s]
 12500 games  eps 0.020  train win 1.00 margin +170.7  |td| 0.016  eval vs random win 1.00 (+176.5)  vs greedy win 0.43 (-6.3)  [675s]
 13000 games  eps 0.020  train win 1.00 margin +170.8  |td| 0.016  eval vs random win 1.00 (+168.8)  vs greedy win 0.36 (-5.9)  [702s]
 13500 games  eps 0.020  train win 1.00 margin +157.4  |td| 0.016  eval vs random win 1.00 (+126.8)  vs greedy win 0.00 (-66.5)  [730s]
 14000 games  eps 0.020  train win 1.00 margin +162.2  |td| 0.018  eval vs random win 1.00 (+164.9)  vs greedy win 0.48 (+1.2)  [760s]
 14500 games  eps 0.020  train win 1.00 margin +168.4  |td| 0.016  eval vs random win 1.00 (+173.3)  vs greedy win 0.44 (-10.5)  [786s]
 15000 games  eps 0.020  train win 1.00 margin +172.4  |td| 0.016  eval vs random win 1.00 (+175.8)  vs greedy win 0.41 (-7.3)  [814s]
 15500 games  eps 0.020  train win 1.00 margin +167.7  |td| 0.016  eval vs random win 1.00 (+172.3)  vs greedy win 0.34 (-13.0)  [840s]
 16000 games  eps 0.020  train win 1.00 margin +169.8  |td| 0.016  eval vs random win 1.00 (+172.1)  vs greedy win 0.41 (-3.2)  [868s]
 16500 games  eps 0.020  train win 1.00 margin +170.6  |td| 0.015  eval vs random win 1.00 (+175.9)  vs greedy win 0.35 (-13.6)  [896s]
 17000 games  eps 0.020  train win 1.00 margin +171.6  |td| 0.016  eval vs random win 1.00 (+168.1)  vs greedy win 0.44 (-2.5)  [923s]
 17500 games  eps 0.020  train win 1.00 margin +166.4  |td| 0.016  eval vs random win 1.00 (+163.5)  vs greedy win 0.47 (-6.7)  [950s]
 18000 games  eps 0.020  train win 1.00 margin +164.5  |td| 0.016  eval vs random win 1.00 (+167.8)  vs greedy win 0.36 (-8.6)  [978s]
 18500 games  eps 0.020  train win 1.00 margin +169.7  |td| 0.016  eval vs random win 1.00 (+170.9)  vs greedy win 0.46 (-3.5)  [1006s]
 19000 games  eps 0.020  train win 1.00 margin +165.0  |td| 0.016  eval vs random win 1.00 (+170.7)  vs greedy win 0.48 (+1.4)  [1033s]
 19500 games  eps 0.020  train win 1.00 margin +165.9  |td| 0.016  eval vs random win 0.99 (+156.6)  vs greedy win 0.44 (-6.2)  [1059s]
 20000 games  eps 0.020  train win 1.00 margin +166.9  |td| 0.016  eval vs random win 1.00 (+164.6)  vs greedy win 0.34 (-14.5)  [1088s]
 20500 games  eps 0.020  train win 1.00 margin +168.7  |td| 0.016  eval vs random win 1.00 (+175.8)  vs greedy win 0.44 (-4.0)  [1116s]
 21000 games  eps 0.020  train win 1.00 margin +169.2  |td| 0.016  eval vs random win 1.00 (+173.1)  vs greedy win 0.39 (-8.6)  [1142s]
 21500 games  eps 0.020  train win 1.00 margin +171.2  |td| 0.016  eval vs random win 1.00 (+174.1)  vs greedy win 0.38 (-9.3)  [1170s]
 22000 games  eps 0.020  train win 1.00 margin +173.1  |td| 0.016  eval vs random win 1.00 (+163.8)  vs greedy win 0.43 (-6.4)  [1198s]
 22500 games  eps 0.020  train win 1.00 margin +169.4  |td| 0.016  eval vs random win 1.00 (+169.6)  vs greedy win 0.36 (-15.9)  [1226s]
 23000 games  eps 0.020  train win 1.00 margin +170.7  |td| 0.016  eval vs random win 1.00 (+163.2)  vs greedy win 0.35 (-10.9)  [1254s]
 23500 games  eps 0.020  train win 1.00 margin +166.7  |td| 0.016  eval vs random win 1.00 (+178.7)  vs greedy win 0.47 (-4.5)  [1282s]
 24000 games  eps 0.020  train win 1.00 margin +167.3  |td| 0.016  eval vs random win 1.00 (+167.5)  vs greedy win 0.40 (-3.4)  [1310s]
 24500 games  eps 0.020  train win 1.00 margin +169.7  |td| 0.017  eval vs random win 1.00 (+172.9)  vs greedy win 0.47 (-5.2)  [1338s]
 25000 games  eps 0.020  train win 1.00 margin +169.8  |td| 0.016  eval vs random win 1.00 (+174.7)  vs greedy win 0.42 (-10.6)  [1365s]
 25500 games  eps 0.020  train win 1.00 margin +169.0  |td| 0.016  eval vs random win 1.00 (+178.6)  vs greedy win 0.41 (-11.9)  [1393s]
 26000 games  eps 0.020  train win 1.00 margin +163.9  |td| 0.016  eval vs random win 1.00 (+176.3)  vs greedy win 0.33 (-12.5)  [1420s]
 26500 games  eps 0.020  train win 1.00 margin +170.0  |td| 0.016  eval vs random win 1.00 (+178.4)  vs greedy win 0.31 (-11.8)  [1448s]
 27000 games  eps 0.020  train win 1.00 margin +169.6  |td| 0.016  eval vs random win 1.00 (+167.0)  vs greedy win 0.43 (-5.2)  [1478s]
 27500 games  eps 0.020  train win 1.00 margin +169.6  |td| 0.016  eval vs random win 1.00 (+173.5)  vs greedy win 0.40 (-4.0)  [1506s]
 28000 games  eps 0.020  train win 1.00 margin +168.3  |td| 0.016  eval vs random win 1.00 (+181.8)  vs greedy win 0.42 (-10.0)  [1533s]
 28500 games  eps 0.020  train win 1.00 margin +170.5  |td| 0.016  eval vs random win 1.00 (+174.2)  vs greedy win 0.38 (-15.5)  [1560s]
 29000 games  eps 0.020  train win 1.00 margin +170.0  |td| 0.016  eval vs random win 1.00 (+170.7)  vs greedy win 0.37 (-8.6)  [1586s]
 29500 games  eps 0.020  train win 1.00 margin +173.6  |td| 0.016  eval vs random win 1.00 (+167.2)  vs greedy win 0.40 (-8.7)  [1612s]
 30000 games  eps 0.020  train win 1.00 margin +170.6  |td| 0.016  eval vs random win 1.00 (+169.2)  vs greedy win 0.35 (-12.4)  [1639s]
saved runs\linear\pass6\p6a_q_random_decay_s4.json  (ttr-dash runs\linear\pass6\p6a_q_random_decay_s4.json to analyze)
