training q vs random: 30000 games, alpha 0.05, epsilon 0.2 -> 0.02, reward margin; alpha_end 0.005, average 100
(best checkpoint kept by margin vs greedy; play it as linear:runs\linear\pass6\p6a_q_random_decay_s1.json@best)
live: runs\linear\pass6\p6a_q_random_decay_s1.json rewritten every 500 games (watch with ttr-dash --live runs\linear\pass6\p6a_q_random_decay_s1.json)
   500 games  eps 0.110  train win 0.82 margin  +60.1  |td| 0.031  eval vs random win 1.00 (+144.2)  vs greedy win 0.02 (-50.0)  [32s]
  1000 games  eps 0.020  train win 1.00 margin +126.3  |td| 0.018  eval vs random win 1.00 (+134.8)  vs greedy win 0.07 (-40.0)  [62s]
  1500 games  eps 0.020  train win 1.00 margin +133.7  |td| 0.015  eval vs random win 1.00 (+137.2)  vs greedy win 0.09 (-37.0)  [92s]
  2000 games  eps 0.020  train win 1.00 margin +143.9  |td| 0.015  eval vs random win 1.00 (+149.8)  vs greedy win 0.18 (-21.1)  [123s]
  2500 games  eps 0.020  train win 1.00 margin +154.3  |td| 0.014  eval vs random win 1.00 (+154.6)  vs greedy win 0.16 (-23.3)  [153s]
  3000 games  eps 0.020  train win 1.00 margin +151.2  |td| 0.015  eval vs random win 1.00 (+159.8)  vs greedy win 0.14 (-22.8)  [183s]
  3500 games  eps 0.020  train win 1.00 margin +154.5  |td| 0.015  eval vs random win 1.00 (+146.3)  vs greedy win 0.33 (-13.8)  [212s]
  4000 games  eps 0.020  train win 1.00 margin +154.4  |td| 0.015  eval vs random win 1.00 (+152.9)  vs greedy win 0.24 (-17.6)  [242s]
  4500 games  eps 0.020  train win 1.00 margin +156.8  |td| 0.016  eval vs random win 1.00 (+155.5)  vs greedy win 0.27 (-15.4)  [272s]
  5000 games  eps 0.020  train win 1.00 margin +157.0  |td| 0.016  eval vs random win 1.00 (+160.5)  vs greedy win 0.29 (-16.6)  [302s]
  5500 games  eps 0.020  train win 1.00 margin +159.0  |td| 0.016  eval vs random win 1.00 (+167.7)  vs greedy win 0.23 (-23.0)  [333s]
  6000 games  eps 0.020  train win 1.00 margin +165.6  |td| 0.016  eval vs random win 1.00 (+167.8)  vs greedy win 0.22 (-23.0)  [363s]
  6500 games  eps 0.020  train win 1.00 margin +165.5  |td| 0.016  eval vs random win 1.00 (+162.6)  vs greedy win 0.40 (-6.9)  [393s]
  7000 games  eps 0.020  train win 1.00 margin +165.1  |td| 0.017  eval vs random win 1.00 (+154.8)  vs greedy win 0.35 (-11.0)  [423s]
  7500 games  eps 0.020  train win 1.00 margin +167.7  |td| 0.017  eval vs random win 1.00 (+173.1)  vs greedy win 0.32 (-9.5)  [453s]
  8000 games  eps 0.020  train win 1.00 margin +173.2  |td| 0.017  eval vs random win 1.00 (+170.4)  vs greedy win 0.38 (-6.4)  [482s]
  8500 games  eps 0.020  train win 1.00 margin +164.1  |td| 0.017  eval vs random win 1.00 (+169.2)  vs greedy win 0.33 (-12.2)  [510s]
  9000 games  eps 0.020  train win 1.00 margin +166.0  |td| 0.017  eval vs random win 1.00 (+165.1)  vs greedy win 0.28 (-18.7)  [540s]
  9500 games  eps 0.020  train win 1.00 margin +170.2  |td| 0.017  eval vs random win 1.00 (+167.9)  vs greedy win 0.40 (-7.5)  [569s]
 10000 games  eps 0.020  train win 1.00 margin +168.1  |td| 0.017  eval vs random win 1.00 (+165.6)  vs greedy win 0.23 (-14.5)  [598s]
 10500 games  eps 0.020  train win 1.00 margin +167.1  |td| 0.017  eval vs random win 1.00 (+173.3)  vs greedy win 0.29 (-12.1)  [627s]
 11000 games  eps 0.020  train win 1.00 margin +168.9  |td| 0.017  eval vs random win 1.00 (+167.1)  vs greedy win 0.24 (-16.5)  [656s]
 11500 games  eps 0.020  train win 1.00 margin +160.4  |td| 0.018  eval vs random win 1.00 (+175.7)  vs greedy win 0.24 (-15.4)  [686s]
 12000 games  eps 0.020  train win 1.00 margin +166.1  |td| 0.018  eval vs random win 1.00 (+172.2)  vs greedy win 0.36 (-12.5)  [714s]
 12500 games  eps 0.020  train win 1.00 margin +167.8  |td| 0.018  eval vs random win 1.00 (+160.7)  vs greedy win 0.29 (-14.1)  [742s]
 13000 games  eps 0.020  train win 1.00 margin +162.1  |td| 0.018  eval vs random win 1.00 (+166.3)  vs greedy win 0.35 (-8.8)  [771s]
 13500 games  eps 0.020  train win 1.00 margin +170.5  |td| 0.018  eval vs random win 1.00 (+172.2)  vs greedy win 0.27 (-12.1)  [798s]
 14000 games  eps 0.020  train win 1.00 margin +168.5  |td| 0.017  eval vs random win 1.00 (+162.3)  vs greedy win 0.29 (-13.8)  [828s]
 14500 games  eps 0.020  train win 1.00 margin +168.8  |td| 0.017  eval vs random win 1.00 (+171.9)  vs greedy win 0.37 (-7.6)  [855s]
 15000 games  eps 0.020  train win 1.00 margin +167.3  |td| 0.017  eval vs random win 1.00 (+164.3)  vs greedy win 0.35 (-11.7)  [882s]
 15500 games  eps 0.020  train win 1.00 margin +165.2  |td| 0.017  eval vs random win 1.00 (+170.9)  vs greedy win 0.31 (-12.0)  [910s]
 16000 games  eps 0.020  train win 1.00 margin +168.5  |td| 0.018  eval vs random win 1.00 (+172.0)  vs greedy win 0.34 (-7.0)  [939s]
 16500 games  eps 0.020  train win 1.00 margin +165.7  |td| 0.018  eval vs random win 1.00 (+167.3)  vs greedy win 0.26 (-16.0)  [968s]
 17000 games  eps 0.020  train win 1.00 margin +168.5  |td| 0.018  eval vs random win 1.00 (+184.5)  vs greedy win 0.21 (-16.9)  [996s]
 17500 games  eps 0.020  train win 1.00 margin +166.8  |td| 0.018  eval vs random win 1.00 (+161.3)  vs greedy win 0.27 (-18.6)  [1024s]
 18000 games  eps 0.020  train win 1.00 margin +169.5  |td| 0.017  eval vs random win 1.00 (+168.2)  vs greedy win 0.27 (-17.4)  [1053s]
 18500 games  eps 0.020  train win 1.00 margin +165.9  |td| 0.018  eval vs random win 1.00 (+162.2)  vs greedy win 0.29 (-15.4)  [1080s]
 19000 games  eps 0.020  train win 1.00 margin +170.1  |td| 0.018  eval vs random win 1.00 (+165.1)  vs greedy win 0.21 (-26.0)  [1107s]
 19500 games  eps 0.020  train win 1.00 margin +169.0  |td| 0.018  eval vs random win 1.00 (+177.9)  vs greedy win 0.23 (-19.5)  [1135s]
 20000 games  eps 0.020  train win 1.00 margin +172.6  |td| 0.018  eval vs random win 1.00 (+174.6)  vs greedy win 0.19 (-15.4)  [1163s]
 20500 games  eps 0.020  train win 1.00 margin +168.5  |td| 0.018  eval vs random win 1.00 (+169.4)  vs greedy win 0.32 (-18.4)  [1189s]
 21000 games  eps 0.020  train win 1.00 margin +168.0  |td| 0.018  eval vs random win 1.00 (+175.9)  vs greedy win 0.26 (-12.9)  [1216s]
 21500 games  eps 0.020  train win 1.00 margin +168.0  |td| 0.017  eval vs random win 1.00 (+170.4)  vs greedy win 0.31 (-11.8)  [1242s]
 22000 games  eps 0.020  train win 1.00 margin +172.1  |td| 0.018  eval vs random win 1.00 (+167.7)  vs greedy win 0.24 (-22.7)  [1268s]
 22500 games  eps 0.020  train win 1.00 margin +167.9  |td| 0.018  eval vs random win 1.00 (+166.8)  vs greedy win 0.30 (-11.8)  [1295s]
 23000 games  eps 0.020  train win 1.00 margin +168.7  |td| 0.017  eval vs random win 1.00 (+175.6)  vs greedy win 0.18 (-26.6)  [1320s]
 23500 games  eps 0.020  train win 1.00 margin +170.7  |td| 0.017  eval vs random win 1.00 (+171.8)  vs greedy win 0.40 (-7.4)  [1347s]
 24000 games  eps 0.020  train win 1.00 margin +170.1  |td| 0.018  eval vs random win 1.00 (+182.9)  vs greedy win 0.24 (-21.2)  [1373s]
 24500 games  eps 0.020  train win 1.00 margin +168.2  |td| 0.018  eval vs random win 1.00 (+164.4)  vs greedy win 0.29 (-17.2)  [1400s]
 25000 games  eps 0.020  train win 1.00 margin +166.6  |td| 0.017  eval vs random win 1.00 (+173.8)  vs greedy win 0.30 (-18.0)  [1427s]
 25500 games  eps 0.020  train win 1.00 margin +169.2  |td| 0.017  eval vs random win 1.00 (+171.7)  vs greedy win 0.25 (-22.1)  [1453s]
 26000 games  eps 0.020  train win 1.00 margin +169.0  |td| 0.017  eval vs random win 1.00 (+169.6)  vs greedy win 0.27 (-17.4)  [1480s]
 26500 games  eps 0.020  train win 1.00 margin +172.0  |td| 0.018  eval vs random win 1.00 (+182.7)  vs greedy win 0.19 (-26.3)  [1506s]
 27000 games  eps 0.020  train win 1.00 margin +171.0  |td| 0.017  eval vs random win 1.00 (+168.3)  vs greedy win 0.26 (-18.8)  [1532s]
 27500 games  eps 0.020  train win 1.00 margin +169.9  |td| 0.018  eval vs random win 1.00 (+176.6)  vs greedy win 0.27 (-23.3)  [1560s]
 28000 games  eps 0.020  train win 1.00 margin +169.4  |td| 0.018  eval vs random win 1.00 (+173.6)  vs greedy win 0.24 (-20.9)  [1588s]
 28500 games  eps 0.020  train win 1.00 margin +169.2  |td| 0.017  eval vs random win 1.00 (+177.3)  vs greedy win 0.25 (-26.8)  [1614s]
 29000 games  eps 0.020  train win 1.00 margin +171.7  |td| 0.018  eval vs random win 1.00 (+171.4)  vs greedy win 0.20 (-24.0)  [1641s]
 29500 games  eps 0.020  train win 1.00 margin +171.2  |td| 0.017  eval vs random win 1.00 (+171.1)  vs greedy win 0.18 (-25.7)  [1669s]
 30000 games  eps 0.020  train win 1.00 margin +171.1  |td| 0.017  eval vs random win 1.00 (+169.0)  vs greedy win 0.18 (-22.4)  [1696s]
saved runs\linear\pass6\p6a_q_random_decay_s1.json  (ttr-dash runs\linear\pass6\p6a_q_random_decay_s1.json to analyze)
