training q vs random: 30000 games, alpha 0.05, epsilon 0.2 -> 0.02, reward margin; alpha_end 0.005, average 100
(best checkpoint kept by margin vs greedy; play it as linear:runs\linear\pass6\p6a_q_random_decay_s3.json@best)
live: runs\linear\pass6\p6a_q_random_decay_s3.json rewritten every 500 games (watch with ttr-dash --live runs\linear\pass6\p6a_q_random_decay_s3.json)
   500 games  eps 0.110  train win 0.81 margin  +56.2  |td| 0.032  eval vs random win 0.99 (+143.1)  vs greedy win 0.06 (-51.2)  [30s]
  1000 games  eps 0.020  train win 1.00 margin +147.6  |td| 0.018  eval vs random win 1.00 (+154.8)  vs greedy win 0.13 (-27.6)  [56s]
  1500 games  eps 0.020  train win 1.00 margin +150.9  |td| 0.017  eval vs random win 1.00 (+139.4)  vs greedy win 0.12 (-29.8)  [82s]
  2000 games  eps 0.020  train win 1.00 margin +158.8  |td| 0.017  eval vs random win 1.00 (+170.5)  vs greedy win 0.31 (-10.4)  [110s]
  2500 games  eps 0.020  train win 1.00 margin +161.4  |td| 0.017  eval vs random win 1.00 (+166.9)  vs greedy win 0.31 (-13.2)  [136s]
  3000 games  eps 0.020  train win 1.00 margin +162.6  |td| 0.017  eval vs random win 1.00 (+175.2)  vs greedy win 0.34 (-11.2)  [163s]
  3500 games  eps 0.020  train win 1.00 margin +162.9  |td| 0.017  eval vs random win 1.00 (+163.6)  vs greedy win 0.31 (-11.4)  [188s]
  4000 games  eps 0.020  train win 1.00 margin +167.0  |td| 0.017  eval vs random win 1.00 (+164.3)  vs greedy win 0.30 (-13.7)  [214s]
  4500 games  eps 0.020  train win 1.00 margin +169.0  |td| 0.017  eval vs random win 1.00 (+170.7)  vs greedy win 0.29 (-16.7)  [239s]
  5000 games  eps 0.020  train win 1.00 margin +165.9  |td| 0.017  eval vs random win 1.00 (+164.2)  vs greedy win 0.27 (-18.7)  [265s]
  5500 games  eps 0.020  train win 1.00 margin +167.0  |td| 0.018  eval vs random win 1.00 (+168.8)  vs greedy win 0.25 (-21.1)  [290s]
  6000 games  eps 0.020  train win 1.00 margin +164.2  |td| 0.017  eval vs random win 1.00 (+165.5)  vs greedy win 0.33 (-10.6)  [316s]
  6500 games  eps 0.020  train win 1.00 margin +166.7  |td| 0.018  eval vs random win 1.00 (+165.2)  vs greedy win 0.39 (-9.8)  [341s]
  7000 games  eps 0.020  train win 1.00 margin +160.6  |td| 0.018  eval vs random win 1.00 (+159.1)  vs greedy win 0.45 (-2.3)  [365s]
  7500 games  eps 0.020  train win 1.00 margin +162.6  |td| 0.018  eval vs random win 1.00 (+165.3)  vs greedy win 0.36 (-11.5)  [390s]
  8000 games  eps 0.020  train win 1.00 margin +164.4  |td| 0.018  eval vs random win 1.00 (+155.9)  vs greedy win 0.37 (-8.6)  [414s]
  8500 games  eps 0.020  train win 1.00 margin +162.3  |td| 0.017  eval vs random win 1.00 (+176.8)  vs greedy win 0.38 (-16.9)  [440s]
  9000 games  eps 0.020  train win 1.00 margin +163.0  |td| 0.018  eval vs random win 1.00 (+165.6)  vs greedy win 0.43 (-4.5)  [464s]
  9500 games  eps 0.020  train win 1.00 margin +166.3  |td| 0.018  eval vs random win 1.00 (+171.6)  vs greedy win 0.36 (-8.3)  [488s]
 10000 games  eps 0.020  train win 1.00 margin +163.6  |td| 0.018  eval vs random win 1.00 (+173.0)  vs greedy win 0.34 (-8.7)  [514s]
 10500 games  eps 0.020  train win 1.00 margin +167.3  |td| 0.017  eval vs random win 1.00 (+161.9)  vs greedy win 0.40 (-11.6)  [538s]
 11000 games  eps 0.020  train win 1.00 margin +164.9  |td| 0.018  eval vs random win 1.00 (+164.0)  vs greedy win 0.37 (-5.8)  [565s]
 11500 games  eps 0.020  train win 1.00 margin +166.8  |td| 0.018  eval vs random win 1.00 (+172.7)  vs greedy win 0.21 (-21.1)  [591s]
 12000 games  eps 0.020  train win 1.00 margin +171.3  |td| 0.017  eval vs random win 1.00 (+176.1)  vs greedy win 0.28 (-15.4)  [617s]
 12500 games  eps 0.020  train win 1.00 margin +167.7  |td| 0.017  eval vs random win 1.00 (+171.1)  vs greedy win 0.25 (-31.4)  [643s]
 13000 games  eps 0.020  train win 1.00 margin +162.8  |td| 0.018  eval vs random win 1.00 (+184.2)  vs greedy win 0.27 (-22.3)  [670s]
 13500 games  eps 0.020  train win 1.00 margin +168.5  |td| 0.017  eval vs random win 1.00 (+173.1)  vs greedy win 0.27 (-12.6)  [697s]
 14000 games  eps 0.020  train win 1.00 margin +168.2  |td| 0.017  eval vs random win 1.00 (+170.1)  vs greedy win 0.21 (-25.9)  [723s]
 14500 games  eps 0.020  train win 1.00 margin +169.2  |td| 0.017  eval vs random win 1.00 (+168.6)  vs greedy win 0.24 (-23.4)  [749s]
 15000 games  eps 0.020  train win 1.00 margin +169.4  |td| 0.018  eval vs random win 1.00 (+179.2)  vs greedy win 0.34 (-7.7)  [775s]
 15500 games  eps 0.020  train win 1.00 margin +167.8  |td| 0.018  eval vs random win 1.00 (+176.9)  vs greedy win 0.29 (-9.9)  [802s]
 16000 games  eps 0.020  train win 1.00 margin +170.8  |td| 0.018  eval vs random win 1.00 (+173.0)  vs greedy win 0.27 (-21.1)  [828s]
 16500 games  eps 0.020  train win 1.00 margin +173.4  |td| 0.018  eval vs random win 1.00 (+166.7)  vs greedy win 0.31 (-15.4)  [856s]
 17000 games  eps 0.020  train win 1.00 margin +171.7  |td| 0.018  eval vs random win 1.00 (+174.7)  vs greedy win 0.27 (-16.8)  [882s]
 17500 games  eps 0.020  train win 1.00 margin +172.3  |td| 0.018  eval vs random win 1.00 (+159.6)  vs greedy win 0.32 (-8.6)  [908s]
 18000 games  eps 0.020  train win 1.00 margin +167.1  |td| 0.017  eval vs random win 1.00 (+164.6)  vs greedy win 0.36 (-10.4)  [935s]
 18500 games  eps 0.020  train win 1.00 margin +168.6  |td| 0.018  eval vs random win 1.00 (+175.1)  vs greedy win 0.39 (-9.4)  [961s]
 19000 games  eps 0.020  train win 1.00 margin +167.2  |td| 0.018  eval vs random win 1.00 (+168.5)  vs greedy win 0.26 (-22.1)  [987s]
 19500 games  eps 0.020  train win 1.00 margin +170.6  |td| 0.018  eval vs random win 1.00 (+174.6)  vs greedy win 0.39 (-8.0)  [1015s]
 20000 games  eps 0.020  train win 1.00 margin +170.9  |td| 0.018  eval vs random win 1.00 (+174.9)  vs greedy win 0.23 (-20.8)  [1041s]
 20500 games  eps 0.020  train win 1.00 margin +171.0  |td| 0.018  eval vs random win 1.00 (+184.5)  vs greedy win 0.34 (-9.6)  [1067s]
 21000 games  eps 0.020  train win 1.00 margin +167.7  |td| 0.018  eval vs random win 1.00 (+165.6)  vs greedy win 0.24 (-20.1)  [1094s]
 21500 games  eps 0.020  train win 1.00 margin +173.5  |td| 0.017  eval vs random win 1.00 (+173.8)  vs greedy win 0.18 (-26.1)  [1121s]
 22000 games  eps 0.020  train win 1.00 margin +170.7  |td| 0.017  eval vs random win 1.00 (+175.0)  vs greedy win 0.24 (-17.3)  [1148s]
 22500 games  eps 0.020  train win 1.00 margin +171.9  |td| 0.018  eval vs random win 1.00 (+168.7)  vs greedy win 0.26 (-17.0)  [1175s]
 23000 games  eps 0.020  train win 1.00 margin +169.9  |td| 0.018  eval vs random win 1.00 (+178.4)  vs greedy win 0.26 (-18.8)  [1202s]
 23500 games  eps 0.020  train win 1.00 margin +172.6  |td| 0.018  eval vs random win 1.00 (+172.0)  vs greedy win 0.31 (-12.9)  [1230s]
 24000 games  eps 0.020  train win 1.00 margin +166.4  |td| 0.017  eval vs random win 1.00 (+182.3)  vs greedy win 0.28 (-13.5)  [1257s]
 24500 games  eps 0.020  train win 1.00 margin +168.9  |td| 0.018  eval vs random win 1.00 (+165.3)  vs greedy win 0.24 (-19.9)  [1285s]
 25000 games  eps 0.020  train win 1.00 margin +163.9  |td| 0.018  eval vs random win 1.00 (+183.7)  vs greedy win 0.30 (-18.2)  [1312s]
 25500 games  eps 0.020  train win 1.00 margin +170.8  |td| 0.018  eval vs random win 1.00 (+174.5)  vs greedy win 0.30 (-17.1)  [1339s]
 26000 games  eps 0.020  train win 1.00 margin +167.1  |td| 0.017  eval vs random win 1.00 (+174.8)  vs greedy win 0.29 (-15.8)  [1368s]
 26500 games  eps 0.020  train win 1.00 margin +170.4  |td| 0.017  eval vs random win 1.00 (+180.6)  vs greedy win 0.23 (-17.7)  [1395s]
 27000 games  eps 0.020  train win 1.00 margin +168.9  |td| 0.018  eval vs random win 1.00 (+169.2)  vs greedy win 0.26 (-14.7)  [1422s]
 27500 games  eps 0.020  train win 1.00 margin +169.3  |td| 0.017  eval vs random win 1.00 (+178.9)  vs greedy win 0.11 (-27.1)  [1449s]
 28000 games  eps 0.020  train win 1.00 margin +170.8  |td| 0.017  eval vs random win 1.00 (+174.2)  vs greedy win 0.23 (-19.5)  [1476s]
 28500 games  eps 0.020  train win 1.00 margin +171.0  |td| 0.017  eval vs random win 1.00 (+174.5)  vs greedy win 0.25 (-24.0)  [1503s]
 29000 games  eps 0.020  train win 1.00 margin +172.9  |td| 0.017  eval vs random win 1.00 (+172.7)  vs greedy win 0.29 (-23.0)  [1531s]
 29500 games  eps 0.020  train win 1.00 margin +172.1  |td| 0.017  eval vs random win 1.00 (+174.1)  vs greedy win 0.22 (-20.9)  [1558s]
 30000 games  eps 0.020  train win 1.00 margin +167.6  |td| 0.017  eval vs random win 1.00 (+181.4)  vs greedy win 0.31 (-9.9)  [1585s]
saved runs\linear\pass6\p6a_q_random_decay_s3.json  (ttr-dash runs\linear\pass6\p6a_q_random_decay_s3.json to analyze)
