training q vs random: 30000 games, alpha 0.05, epsilon 0.2 -> 0.02, reward margin; alpha_end 0.005, average 100
(best checkpoint kept by margin vs greedy; play it as linear:runs\linear\pass6\p6a_q_random_decay_s0.json@best)
live: runs\linear\pass6\p6a_q_random_decay_s0.json rewritten every 500 games (watch with ttr-dash --live runs\linear\pass6\p6a_q_random_decay_s0.json)
   500 games  eps 0.110  train win 0.82 margin  +55.2  |td| 0.032  eval vs random win 1.00 (+128.4)  vs greedy win 0.00 (-82.5)  [29s]
  1000 games  eps 0.020  train win 0.98 margin +105.9  |td| 0.015  eval vs random win 1.00 (+116.6)  vs greedy win 0.00 (-78.4)  [54s]
  1500 games  eps 0.020  train win 1.00 margin +118.6  |td| 0.014  eval vs random win 1.00 (+122.7)  vs greedy win 0.29 (-21.2)  [80s]
  2000 games  eps 0.020  train win 1.00 margin +128.9  |td| 0.014  eval vs random win 1.00 (+133.3)  vs greedy win 0.26 (-23.3)  [110s]
  2500 games  eps 0.020  train win 0.99 margin +121.3  |td| 0.017  eval vs random win 1.00 (+131.7)  vs greedy win 0.04 (-42.2)  [140s]
  3000 games  eps 0.020  train win 1.00 margin +126.9  |td| 0.014  eval vs random win 1.00 (+128.8)  vs greedy win 0.02 (-48.6)  [169s]
  3500 games  eps 0.020  train win 0.87 margin  +81.6  |td| 0.021  eval vs random win 1.00 (+111.7)  vs greedy win 0.00 (-66.3)  [200s]
  4000 games  eps 0.020  train win 0.99 margin +105.7  |td| 0.014  eval vs random win 0.98 (+97.7)  vs greedy win 0.02 (-74.0)  [226s]
  4500 games  eps 0.020  train win 1.00 margin +130.6  |td| 0.014  eval vs random win 1.00 (+117.3)  vs greedy win 0.17 (-29.9)  [252s]
  5000 games  eps 0.020  train win 1.00 margin +146.8  |td| 0.015  eval vs random win 1.00 (+159.9)  vs greedy win 0.36 (-3.9)  [281s]
  5500 games  eps 0.020  train win 1.00 margin +152.8  |td| 0.015  eval vs random win 1.00 (+163.2)  vs greedy win 0.28 (-12.3)  [308s]
  6000 games  eps 0.020  train win 1.00 margin +165.5  |td| 0.015  eval vs random win 1.00 (+157.0)  vs greedy win 0.15 (-20.2)  [337s]
  6500 games  eps 0.020  train win 1.00 margin +165.7  |td| 0.015  eval vs random win 1.00 (+166.9)  vs greedy win 0.38 (-5.4)  [366s]
  7000 games  eps 0.020  train win 1.00 margin +170.2  |td| 0.015  eval vs random win 1.00 (+169.1)  vs greedy win 0.44 (-2.5)  [396s]
  7500 games  eps 0.020  train win 1.00 margin +156.0  |td| 0.015  eval vs random win 1.00 (+176.5)  vs greedy win 0.43 (-1.9)  [425s]
  8000 games  eps 0.020  train win 1.00 margin +162.6  |td| 0.014  eval vs random win 1.00 (+168.7)  vs greedy win 0.57 (+4.3)  [454s]
  8500 games  eps 0.020  train win 1.00 margin +169.5  |td| 0.014  eval vs random win 1.00 (+168.6)  vs greedy win 0.42 (-4.2)  [483s]
  9000 games  eps 0.020  train win 1.00 margin +167.3  |td| 0.015  eval vs random win 1.00 (+170.3)  vs greedy win 0.55 (+0.7)  [511s]
  9500 games  eps 0.020  train win 1.00 margin +167.0  |td| 0.015  eval vs random win 1.00 (+166.2)  vs greedy win 0.31 (-16.7)  [540s]
 10000 games  eps 0.020  train win 1.00 margin +167.5  |td| 0.015  eval vs random win 1.00 (+172.6)  vs greedy win 0.44 (-6.9)  [568s]
 10500 games  eps 0.020  train win 1.00 margin +169.6  |td| 0.015  eval vs random win 1.00 (+173.6)  vs greedy win 0.41 (-13.1)  [597s]
 11000 games  eps 0.020  train win 1.00 margin +167.0  |td| 0.015  eval vs random win 1.00 (+167.2)  vs greedy win 0.46 (-1.1)  [626s]
 11500 games  eps 0.020  train win 1.00 margin +167.4  |td| 0.015  eval vs random win 1.00 (+173.1)  vs greedy win 0.42 (-11.6)  [654s]
 12000 games  eps 0.020  train win 1.00 margin +167.1  |td| 0.015  eval vs random win 1.00 (+170.6)  vs greedy win 0.50 (+2.3)  [684s]
 12500 games  eps 0.020  train win 1.00 margin +168.7  |td| 0.016  eval vs random win 1.00 (+176.2)  vs greedy win 0.32 (-9.8)  [712s]
 13000 games  eps 0.020  train win 1.00 margin +169.1  |td| 0.015  eval vs random win 1.00 (+170.6)  vs greedy win 0.26 (-16.8)  [741s]
 13500 games  eps 0.020  train win 1.00 margin +170.0  |td| 0.016  eval vs random win 1.00 (+169.1)  vs greedy win 0.46 (-5.1)  [771s]
 14000 games  eps 0.020  train win 1.00 margin +169.2  |td| 0.016  eval vs random win 1.00 (+171.9)  vs greedy win 0.40 (-8.2)  [800s]
 14500 games  eps 0.020  train win 1.00 margin +168.5  |td| 0.016  eval vs random win 1.00 (+172.5)  vs greedy win 0.58 (+4.4)  [828s]
 15000 games  eps 0.020  train win 1.00 margin +167.6  |td| 0.016  eval vs random win 1.00 (+174.3)  vs greedy win 0.38 (-3.6)  [856s]
 15500 games  eps 0.020  train win 1.00 margin +171.0  |td| 0.016  eval vs random win 1.00 (+177.7)  vs greedy win 0.36 (-10.6)  [886s]
 16000 games  eps 0.020  train win 1.00 margin +169.0  |td| 0.016  eval vs random win 1.00 (+177.1)  vs greedy win 0.40 (-8.8)  [915s]
 16500 games  eps 0.020  train win 1.00 margin +166.3  |td| 0.016  eval vs random win 1.00 (+171.4)  vs greedy win 0.38 (-5.4)  [944s]
 17000 games  eps 0.020  train win 1.00 margin +168.0  |td| 0.016  eval vs random win 1.00 (+167.6)  vs greedy win 0.32 (-13.8)  [975s]
 17500 games  eps 0.020  train win 1.00 margin +170.0  |td| 0.016  eval vs random win 1.00 (+176.0)  vs greedy win 0.37 (-10.1)  [1005s]
 18000 games  eps 0.020  train win 1.00 margin +167.3  |td| 0.016  eval vs random win 1.00 (+169.0)  vs greedy win 0.51 (-2.3)  [1034s]
 18500 games  eps 0.020  train win 1.00 margin +169.5  |td| 0.016  eval vs random win 1.00 (+177.4)  vs greedy win 0.32 (-13.8)  [1064s]
 19000 games  eps 0.020  train win 1.00 margin +170.0  |td| 0.016  eval vs random win 1.00 (+169.4)  vs greedy win 0.35 (-8.7)  [1093s]
 19500 games  eps 0.020  train win 1.00 margin +170.3  |td| 0.016  eval vs random win 1.00 (+164.2)  vs greedy win 0.42 (-7.6)  [1123s]
 20000 games  eps 0.020  train win 1.00 margin +170.3  |td| 0.016  eval vs random win 1.00 (+176.7)  vs greedy win 0.32 (-11.0)  [1152s]
 20500 games  eps 0.020  train win 1.00 margin +172.7  |td| 0.016  eval vs random win 1.00 (+183.3)  vs greedy win 0.44 (-7.2)  [1180s]
 21000 games  eps 0.020  train win 1.00 margin +146.8  |td| 0.016  eval vs random win 1.00 (+136.2)  vs greedy win 0.00 (-67.0)  [1207s]
 21500 games  eps 0.020  train win 1.00 margin +155.7  |td| 0.018  eval vs random win 1.00 (+171.1)  vs greedy win 0.45 (-2.3)  [1235s]
 22000 games  eps 0.020  train win 1.00 margin +160.5  |td| 0.016  eval vs random win 1.00 (+156.6)  vs greedy win 0.55 (+5.0)  [1262s]
 22500 games  eps 0.020  train win 1.00 margin +167.9  |td| 0.016  eval vs random win 1.00 (+166.0)  vs greedy win 0.38 (-18.0)  [1289s]
 23000 games  eps 0.020  train win 1.00 margin +171.8  |td| 0.016  eval vs random win 1.00 (+164.3)  vs greedy win 0.42 (-3.2)  [1318s]
 23500 games  eps 0.020  train win 1.00 margin +170.8  |td| 0.016  eval vs random win 1.00 (+168.0)  vs greedy win 0.41 (-7.5)  [1346s]
 24000 games  eps 0.020  train win 1.00 margin +166.8  |td| 0.016  eval vs random win 1.00 (+181.6)  vs greedy win 0.43 (-5.2)  [1374s]
 24500 games  eps 0.020  train win 1.00 margin +168.8  |td| 0.015  eval vs random win 1.00 (+180.9)  vs greedy win 0.32 (-17.1)  [1402s]
 25000 games  eps 0.020  train win 1.00 margin +168.0  |td| 0.015  eval vs random win 1.00 (+178.8)  vs greedy win 0.41 (-11.0)  [1430s]
 25500 games  eps 0.020  train win 1.00 margin +168.5  |td| 0.015  eval vs random win 1.00 (+171.6)  vs greedy win 0.42 (-7.3)  [1459s]
 26000 games  eps 0.020  train win 1.00 margin +171.8  |td| 0.016  eval vs random win 1.00 (+173.1)  vs greedy win 0.33 (-14.6)  [1488s]
 26500 games  eps 0.020  train win 1.00 margin +174.2  |td| 0.016  eval vs random win 1.00 (+166.9)  vs greedy win 0.19 (-23.6)  [1516s]
 27000 games  eps 0.020  train win 1.00 margin +170.2  |td| 0.016  eval vs random win 1.00 (+170.7)  vs greedy win 0.34 (-12.8)  [1545s]
 27500 games  eps 0.020  train win 1.00 margin +170.3  |td| 0.015  eval vs random win 1.00 (+173.4)  vs greedy win 0.41 (-6.1)  [1574s]
 28000 games  eps 0.020  train win 1.00 margin +167.4  |td| 0.015  eval vs random win 1.00 (+183.7)  vs greedy win 0.38 (-10.2)  [1602s]
 28500 games  eps 0.020  train win 1.00 margin +170.8  |td| 0.016  eval vs random win 1.00 (+176.6)  vs greedy win 0.34 (-18.1)  [1630s]
 29000 games  eps 0.020  train win 1.00 margin +169.2  |td| 0.015  eval vs random win 1.00 (+168.8)  vs greedy win 0.37 (-7.4)  [1658s]
 29500 games  eps 0.020  train win 1.00 margin +168.4  |td| 0.016  eval vs random win 1.00 (+171.6)  vs greedy win 0.26 (-16.0)  [1686s]
 30000 games  eps 0.020  train win 1.00 margin +168.7  |td| 0.015  eval vs random win 1.00 (+171.9)  vs greedy win 0.25 (-16.3)  [1715s]
saved runs\linear\pass6\p6a_q_random_decay_s0.json  (ttr-dash runs\linear\pass6\p6a_q_random_decay_s0.json to analyze)
