training sarsa vs random: 30000 games, alpha 0.05, epsilon 0.2 -> 0.02, reward margin; alpha_end 0.005, average 100
(best checkpoint kept by margin vs greedy; play it as linear:runs\linear\pass6\p6b_sarsa_random_decay_s0.json@best)
live: runs\linear\pass6\p6b_sarsa_random_decay_s0.json rewritten every 500 games (watch with ttr-dash --live runs\linear\pass6\p6b_sarsa_random_decay_s0.json)
   500 games  eps 0.110  train win 0.86 margin  +66.5  |td| 0.025  eval vs random win 0.99 (+101.7)  vs greedy win 0.00 (-72.2)  [26s]
  1000 games  eps 0.020  train win 0.92 margin +104.4  |td| 0.020  eval vs random win 1.00 (+137.7)  vs greedy win 0.11 (-37.2)  [54s]
  1500 games  eps 0.020  train win 1.00 margin +128.3  |td| 0.016  eval vs random win 1.00 (+130.0)  vs greedy win 0.09 (-42.9)  [82s]
  2000 games  eps 0.020  train win 1.00 margin +142.5  |td| 0.016  eval vs random win 1.00 (+144.3)  vs greedy win 0.22 (-17.9)  [111s]
  2500 games  eps 0.020  train win 1.00 margin +152.6  |td| 0.016  eval vs random win 1.00 (+152.6)  vs greedy win 0.21 (-17.1)  [142s]
  3000 games  eps 0.020  train win 1.00 margin +156.3  |td| 0.015  eval vs random win 1.00 (+162.5)  vs greedy win 0.20 (-19.8)  [172s]
  3500 games  eps 0.020  train win 1.00 margin +158.6  |td| 0.015  eval vs random win 1.00 (+157.1)  vs greedy win 0.16 (-23.3)  [202s]
  4000 games  eps 0.020  train win 1.00 margin +156.9  |td| 0.015  eval vs random win 1.00 (+159.2)  vs greedy win 0.22 (-21.1)  [234s]
  4500 games  eps 0.020  train win 1.00 margin +160.1  |td| 0.015  eval vs random win 1.00 (+159.5)  vs greedy win 0.27 (-15.8)  [265s]
  5000 games  eps 0.020  train win 1.00 margin +163.5  |td| 0.016  eval vs random win 1.00 (+164.2)  vs greedy win 0.24 (-14.1)  [295s]
  5500 games  eps 0.020  train win 1.00 margin +165.3  |td| 0.016  eval vs random win 1.00 (+164.9)  vs greedy win 0.18 (-27.6)  [326s]
  6000 games  eps 0.020  train win 1.00 margin +163.9  |td| 0.017  eval vs random win 1.00 (+170.1)  vs greedy win 0.28 (-15.7)  [357s]
  6500 games  eps 0.020  train win 1.00 margin +164.2  |td| 0.017  eval vs random win 1.00 (+171.1)  vs greedy win 0.25 (-15.1)  [388s]
  7000 games  eps 0.020  train win 1.00 margin +167.5  |td| 0.016  eval vs random win 1.00 (+179.3)  vs greedy win 0.29 (-13.2)  [418s]
  7500 games  eps 0.020  train win 1.00 margin +162.4  |td| 0.017  eval vs random win 1.00 (+174.9)  vs greedy win 0.21 (-19.3)  [448s]
  8000 games  eps 0.020  train win 1.00 margin +172.1  |td| 0.017  eval vs random win 1.00 (+165.1)  vs greedy win 0.38 (-12.8)  [480s]
  8500 games  eps 0.020  train win 1.00 margin +165.2  |td| 0.017  eval vs random win 1.00 (+175.9)  vs greedy win 0.27 (-20.8)  [510s]
  9000 games  eps 0.020  train win 1.00 margin +167.2  |td| 0.017  eval vs random win 1.00 (+182.5)  vs greedy win 0.27 (-15.9)  [540s]
  9500 games  eps 0.020  train win 1.00 margin +169.5  |td| 0.017  eval vs random win 1.00 (+175.0)  vs greedy win 0.26 (-18.6)  [570s]
 10000 games  eps 0.020  train win 1.00 margin +169.1  |td| 0.017  eval vs random win 1.00 (+184.7)  vs greedy win 0.28 (-12.4)  [600s]
 10500 games  eps 0.020  train win 1.00 margin +166.2  |td| 0.017  eval vs random win 1.00 (+165.9)  vs greedy win 0.32 (-12.2)  [630s]
 11000 games  eps 0.020  train win 1.00 margin +166.2  |td| 0.017  eval vs random win 1.00 (+163.3)  vs greedy win 0.38 (-9.8)  [659s]
 11500 games  eps 0.020  train win 1.00 margin +166.1  |td| 0.017  eval vs random win 1.00 (+169.4)  vs greedy win 0.37 (-8.5)  [689s]
 12000 games  eps 0.020  train win 1.00 margin +169.4  |td| 0.018  eval vs random win 1.00 (+174.0)  vs greedy win 0.24 (-17.2)  [717s]
 12500 games  eps 0.020  train win 1.00 margin +172.0  |td| 0.018  eval vs random win 1.00 (+167.9)  vs greedy win 0.21 (-26.7)  [747s]
 13000 games  eps 0.020  train win 1.00 margin +168.0  |td| 0.017  eval vs random win 1.00 (+176.4)  vs greedy win 0.30 (-12.9)  [777s]
 13500 games  eps 0.020  train win 1.00 margin +163.9  |td| 0.018  eval vs random win 1.00 (+171.9)  vs greedy win 0.34 (-6.6)  [806s]
 14000 games  eps 0.020  train win 1.00 margin +169.1  |td| 0.018  eval vs random win 1.00 (+168.9)  vs greedy win 0.30 (-13.9)  [835s]
 14500 games  eps 0.020  train win 1.00 margin +166.4  |td| 0.017  eval vs random win 1.00 (+175.6)  vs greedy win 0.26 (-15.0)  [864s]
 15000 games  eps 0.020  train win 1.00 margin +167.5  |td| 0.018  eval vs random win 1.00 (+178.5)  vs greedy win 0.28 (-14.4)  [894s]
 15500 games  eps 0.020  train win 1.00 margin +169.4  |td| 0.018  eval vs random win 1.00 (+168.8)  vs greedy win 0.22 (-23.8)  [923s]
 16000 games  eps 0.020  train win 1.00 margin +167.5  |td| 0.018  eval vs random win 1.00 (+178.6)  vs greedy win 0.30 (-11.5)  [953s]
 16500 games  eps 0.020  train win 1.00 margin +167.4  |td| 0.017  eval vs random win 1.00 (+171.7)  vs greedy win 0.31 (-13.1)  [982s]
 17000 games  eps 0.020  train win 1.00 margin +171.2  |td| 0.018  eval vs random win 1.00 (+179.0)  vs greedy win 0.23 (-21.2)  [1012s]
 17500 games  eps 0.020  train win 1.00 margin +170.1  |td| 0.017  eval vs random win 1.00 (+163.6)  vs greedy win 0.30 (-14.3)  [1042s]
 18000 games  eps 0.020  train win 1.00 margin +169.2  |td| 0.017  eval vs random win 1.00 (+170.5)  vs greedy win 0.25 (-23.4)  [1072s]
 18500 games  eps 0.020  train win 1.00 margin +167.9  |td| 0.018  eval vs random win 1.00 (+159.4)  vs greedy win 0.18 (-27.6)  [1100s]
 19000 games  eps 0.020  train win 1.00 margin +169.4  |td| 0.017  eval vs random win 1.00 (+165.6)  vs greedy win 0.19 (-19.3)  [1129s]
 19500 games  eps 0.020  train win 1.00 margin +174.4  |td| 0.018  eval vs random win 1.00 (+175.1)  vs greedy win 0.22 (-22.2)  [1157s]
 20000 games  eps 0.020  train win 1.00 margin +168.1  |td| 0.017  eval vs random win 1.00 (+167.4)  vs greedy win 0.20 (-15.1)  [1184s]
 20500 games  eps 0.020  train win 1.00 margin +170.8  |td| 0.017  eval vs random win 1.00 (+179.6)  vs greedy win 0.34 (-12.5)  [1211s]
 21000 games  eps 0.020  train win 1.00 margin +167.9  |td| 0.017  eval vs random win 1.00 (+173.7)  vs greedy win 0.26 (-13.4)  [1237s]
 21500 games  eps 0.020  train win 1.00 margin +168.9  |td| 0.018  eval vs random win 1.00 (+180.7)  vs greedy win 0.18 (-19.0)  [1264s]
 22000 games  eps 0.020  train win 1.00 margin +168.5  |td| 0.018  eval vs random win 1.00 (+162.6)  vs greedy win 0.26 (-15.9)  [1293s]
 22500 games  eps 0.020  train win 1.00 margin +167.1  |td| 0.017  eval vs random win 1.00 (+166.2)  vs greedy win 0.28 (-12.5)  [1320s]
 23000 games  eps 0.020  train win 1.00 margin +169.9  |td| 0.017  eval vs random win 1.00 (+167.7)  vs greedy win 0.24 (-22.6)  [1348s]
 23500 games  eps 0.020  train win 1.00 margin +170.5  |td| 0.018  eval vs random win 1.00 (+175.7)  vs greedy win 0.28 (-18.2)  [1376s]
 24000 games  eps 0.020  train win 1.00 margin +168.2  |td| 0.018  eval vs random win 1.00 (+176.2)  vs greedy win 0.21 (-21.3)  [1403s]
 24500 games  eps 0.020  train win 1.00 margin +171.7  |td| 0.018  eval vs random win 1.00 (+175.7)  vs greedy win 0.17 (-23.2)  [1431s]
 25000 games  eps 0.020  train win 1.00 margin +171.0  |td| 0.017  eval vs random win 1.00 (+176.4)  vs greedy win 0.33 (-16.7)  [1459s]
 25500 games  eps 0.020  train win 1.00 margin +168.9  |td| 0.017  eval vs random win 1.00 (+179.0)  vs greedy win 0.30 (-12.8)  [1486s]
 26000 games  eps 0.020  train win 1.00 margin +169.8  |td| 0.018  eval vs random win 1.00 (+178.4)  vs greedy win 0.17 (-23.1)  [1514s]
 26500 games  eps 0.020  train win 1.00 margin +166.8  |td| 0.017  eval vs random win 1.00 (+174.5)  vs greedy win 0.24 (-17.8)  [1542s]
 27000 games  eps 0.020  train win 1.00 margin +169.7  |td| 0.018  eval vs random win 1.00 (+166.7)  vs greedy win 0.29 (-16.7)  [1569s]
 27500 games  eps 0.020  train win 1.00 margin +170.8  |td| 0.018  eval vs random win 1.00 (+175.2)  vs greedy win 0.25 (-17.3)  [1597s]
 28000 games  eps 0.020  train win 1.00 margin +170.4  |td| 0.018  eval vs random win 1.00 (+173.5)  vs greedy win 0.30 (-18.5)  [1624s]
 28500 games  eps 0.020  train win 1.00 margin +173.1  |td| 0.018  eval vs random win 1.00 (+173.5)  vs greedy win 0.22 (-24.6)  [1653s]
 29000 games  eps 0.020  train win 1.00 margin +167.1  |td| 0.017  eval vs random win 1.00 (+172.1)  vs greedy win 0.26 (-14.2)  [1680s]
 29500 games  eps 0.020  train win 1.00 margin +167.4  |td| 0.017  eval vs random win 1.00 (+173.6)  vs greedy win 0.32 (-20.0)  [1708s]
 30000 games  eps 0.020  train win 1.00 margin +169.3  |td| 0.017  eval vs random win 1.00 (+175.5)  vs greedy win 0.20 (-18.6)  [1734s]
saved runs\linear\pass6\p6b_sarsa_random_decay_s0.json  (ttr-dash runs\linear\pass6\p6b_sarsa_random_decay_s0.json to analyze)
