training sarsa vs random: 30000 games, alpha 0.05, epsilon 0.2 -> 0.02, reward margin; alpha_end 0.005, average 100
(best checkpoint kept by margin vs greedy; play it as linear:runs\linear\pass6\p6b_sarsa_random_decay_s1.json@best)
live: runs\linear\pass6\p6b_sarsa_random_decay_s1.json rewritten every 500 games (watch with ttr-dash --live runs\linear\pass6\p6b_sarsa_random_decay_s1.json)
   500 games  eps 0.110  train win 0.81 margin  +57.0  |td| 0.027  eval vs random win 1.00 (+102.5)  vs greedy win 0.01 (-67.0)  [26s]
  1000 games  eps 0.020  train win 0.86 margin  +74.8  |td| 0.024  eval vs random win 0.97 (+83.5)  vs greedy win 0.00 (-94.8)  [56s]
  1500 games  eps 0.020  train win 0.96 margin  +98.5  |td| 0.020  eval vs random win 0.98 (+102.5)  vs greedy win 0.00 (-92.5)  [83s]
  2000 games  eps 0.020  train win 1.00 margin +125.7  |td| 0.017  eval vs random win 1.00 (+134.8)  vs greedy win 0.12 (-36.9)  [112s]
  2500 games  eps 0.020  train win 1.00 margin +138.3  |td| 0.016  eval vs random win 1.00 (+147.0)  vs greedy win 0.22 (-22.5)  [140s]
  3000 games  eps 0.020  train win 1.00 margin +151.2  |td| 0.016  eval vs random win 1.00 (+158.4)  vs greedy win 0.23 (-16.2)  [170s]
  3500 games  eps 0.020  train win 1.00 margin +155.5  |td| 0.015  eval vs random win 1.00 (+150.4)  vs greedy win 0.21 (-16.3)  [200s]
  4000 games  eps 0.020  train win 1.00 margin +160.5  |td| 0.016  eval vs random win 1.00 (+161.3)  vs greedy win 0.18 (-24.1)  [230s]
  4500 games  eps 0.020  train win 1.00 margin +161.0  |td| 0.016  eval vs random win 1.00 (+163.5)  vs greedy win 0.31 (-13.5)  [261s]
  5000 games  eps 0.020  train win 1.00 margin +160.3  |td| 0.016  eval vs random win 1.00 (+170.1)  vs greedy win 0.26 (-14.1)  [290s]
  5500 games  eps 0.020  train win 1.00 margin +164.3  |td| 0.016  eval vs random win 1.00 (+167.9)  vs greedy win 0.36 (-10.8)  [321s]
  6000 games  eps 0.020  train win 1.00 margin +164.9  |td| 0.017  eval vs random win 1.00 (+170.5)  vs greedy win 0.33 (-10.0)  [350s]
  6500 games  eps 0.020  train win 1.00 margin +165.5  |td| 0.016  eval vs random win 1.00 (+156.2)  vs greedy win 0.29 (-19.8)  [381s]
  7000 games  eps 0.020  train win 1.00 margin +168.7  |td| 0.017  eval vs random win 1.00 (+162.6)  vs greedy win 0.26 (-14.3)  [412s]
  7500 games  eps 0.020  train win 1.00 margin +171.2  |td| 0.017  eval vs random win 1.00 (+166.1)  vs greedy win 0.37 (-9.0)  [441s]
  8000 games  eps 0.020  train win 1.00 margin +169.9  |td| 0.017  eval vs random win 1.00 (+170.4)  vs greedy win 0.30 (-17.1)  [471s]
  8500 games  eps 0.020  train win 1.00 margin +167.4  |td| 0.017  eval vs random win 1.00 (+167.6)  vs greedy win 0.36 (-7.3)  [500s]
  9000 games  eps 0.020  train win 1.00 margin +167.4  |td| 0.017  eval vs random win 1.00 (+178.6)  vs greedy win 0.25 (-20.4)  [528s]
  9500 games  eps 0.020  train win 1.00 margin +167.0  |td| 0.018  eval vs random win 1.00 (+174.1)  vs greedy win 0.32 (-13.0)  [558s]
 10000 games  eps 0.020  train win 1.00 margin +166.8  |td| 0.017  eval vs random win 1.00 (+174.2)  vs greedy win 0.24 (-17.5)  [587s]
 10500 games  eps 0.020  train win 1.00 margin +168.6  |td| 0.017  eval vs random win 1.00 (+167.0)  vs greedy win 0.36 (-9.7)  [615s]
 11000 games  eps 0.020  train win 1.00 margin +167.2  |td| 0.018  eval vs random win 1.00 (+162.6)  vs greedy win 0.42 (-5.0)  [644s]
 11500 games  eps 0.020  train win 1.00 margin +168.2  |td| 0.018  eval vs random win 1.00 (+167.7)  vs greedy win 0.33 (-13.0)  [671s]
 12000 games  eps 0.020  train win 1.00 margin +166.8  |td| 0.018  eval vs random win 1.00 (+166.1)  vs greedy win 0.37 (-8.6)  [698s]
 12500 games  eps 0.020  train win 1.00 margin +165.5  |td| 0.018  eval vs random win 1.00 (+168.9)  vs greedy win 0.35 (-6.9)  [725s]
 13000 games  eps 0.020  train win 1.00 margin +165.6  |td| 0.018  eval vs random win 1.00 (+174.5)  vs greedy win 0.31 (-11.6)  [753s]
 13500 games  eps 0.020  train win 1.00 margin +167.4  |td| 0.017  eval vs random win 1.00 (+163.8)  vs greedy win 0.27 (-17.7)  [782s]
 14000 games  eps 0.020  train win 1.00 margin +169.0  |td| 0.018  eval vs random win 1.00 (+173.2)  vs greedy win 0.29 (-19.6)  [809s]
 14500 games  eps 0.020  train win 1.00 margin +170.6  |td| 0.018  eval vs random win 1.00 (+174.9)  vs greedy win 0.31 (-12.6)  [839s]
 15000 games  eps 0.020  train win 1.00 margin +167.1  |td| 0.018  eval vs random win 1.00 (+175.7)  vs greedy win 0.27 (-18.0)  [867s]
 15500 games  eps 0.020  train win 1.00 margin +170.4  |td| 0.018  eval vs random win 1.00 (+174.5)  vs greedy win 0.22 (-20.6)  [897s]
 16000 games  eps 0.020  train win 1.00 margin +167.7  |td| 0.018  eval vs random win 1.00 (+175.9)  vs greedy win 0.21 (-21.0)  [927s]
 16500 games  eps 0.020  train win 1.00 margin +166.4  |td| 0.017  eval vs random win 1.00 (+163.6)  vs greedy win 0.39 (-7.5)  [956s]
 17000 games  eps 0.020  train win 1.00 margin +166.4  |td| 0.018  eval vs random win 1.00 (+178.9)  vs greedy win 0.20 (-19.2)  [984s]
 17500 games  eps 0.020  train win 1.00 margin +172.5  |td| 0.018  eval vs random win 1.00 (+168.2)  vs greedy win 0.28 (-14.1)  [1014s]
 18000 games  eps 0.020  train win 1.00 margin +170.0  |td| 0.018  eval vs random win 1.00 (+163.8)  vs greedy win 0.30 (-11.1)  [1043s]
 18500 games  eps 0.020  train win 1.00 margin +166.6  |td| 0.017  eval vs random win 1.00 (+171.5)  vs greedy win 0.19 (-25.6)  [1072s]
 19000 games  eps 0.020  train win 1.00 margin +171.3  |td| 0.018  eval vs random win 1.00 (+175.0)  vs greedy win 0.22 (-17.8)  [1099s]
 19500 games  eps 0.020  train win 1.00 margin +171.4  |td| 0.018  eval vs random win 1.00 (+174.0)  vs greedy win 0.27 (-17.8)  [1127s]
 20000 games  eps 0.020  train win 1.00 margin +171.6  |td| 0.018  eval vs random win 1.00 (+168.9)  vs greedy win 0.27 (-11.8)  [1155s]
 20500 games  eps 0.020  train win 1.00 margin +172.6  |td| 0.018  eval vs random win 1.00 (+175.4)  vs greedy win 0.32 (-15.4)  [1182s]
 21000 games  eps 0.020  train win 1.00 margin +168.7  |td| 0.017  eval vs random win 1.00 (+174.1)  vs greedy win 0.23 (-18.1)  [1210s]
 21500 games  eps 0.020  train win 1.00 margin +168.0  |td| 0.017  eval vs random win 1.00 (+178.6)  vs greedy win 0.24 (-19.8)  [1236s]
 22000 games  eps 0.020  train win 1.00 margin +167.4  |td| 0.017  eval vs random win 1.00 (+175.7)  vs greedy win 0.29 (-16.3)  [1263s]
 22500 games  eps 0.020  train win 1.00 margin +172.4  |td| 0.018  eval vs random win 1.00 (+161.0)  vs greedy win 0.25 (-22.6)  [1291s]
 23000 games  eps 0.020  train win 1.00 margin +170.5  |td| 0.018  eval vs random win 1.00 (+172.2)  vs greedy win 0.27 (-20.1)  [1318s]
 23500 games  eps 0.020  train win 1.00 margin +169.7  |td| 0.018  eval vs random win 1.00 (+174.5)  vs greedy win 0.40 (-10.0)  [1346s]
 24000 games  eps 0.020  train win 1.00 margin +166.0  |td| 0.018  eval vs random win 1.00 (+171.7)  vs greedy win 0.33 (-15.6)  [1372s]
 24500 games  eps 0.020  train win 1.00 margin +167.8  |td| 0.017  eval vs random win 1.00 (+169.3)  vs greedy win 0.12 (-28.6)  [1400s]
 25000 games  eps 0.020  train win 1.00 margin +170.5  |td| 0.018  eval vs random win 1.00 (+173.8)  vs greedy win 0.31 (-15.8)  [1427s]
 25500 games  eps 0.020  train win 1.00 margin +172.3  |td| 0.018  eval vs random win 1.00 (+178.1)  vs greedy win 0.33 (-17.9)  [1455s]
 26000 games  eps 0.020  train win 1.00 margin +171.2  |td| 0.017  eval vs random win 1.00 (+178.0)  vs greedy win 0.16 (-28.2)  [1483s]
 26500 games  eps 0.020  train win 1.00 margin +171.1  |td| 0.018  eval vs random win 1.00 (+181.0)  vs greedy win 0.26 (-20.7)  [1510s]
 27000 games  eps 0.020  train win 1.00 margin +169.4  |td| 0.017  eval vs random win 1.00 (+176.4)  vs greedy win 0.29 (-14.6)  [1537s]
 27500 games  eps 0.020  train win 1.00 margin +170.5  |td| 0.018  eval vs random win 1.00 (+180.3)  vs greedy win 0.30 (-17.1)  [1564s]
 28000 games  eps 0.020  train win 1.00 margin +171.7  |td| 0.018  eval vs random win 1.00 (+179.7)  vs greedy win 0.26 (-15.7)  [1591s]
 28500 games  eps 0.020  train win 1.00 margin +167.8  |td| 0.017  eval vs random win 1.00 (+177.3)  vs greedy win 0.20 (-19.5)  [1618s]
 29000 games  eps 0.020  train win 1.00 margin +171.0  |td| 0.018  eval vs random win 1.00 (+174.0)  vs greedy win 0.28 (-14.6)  [1645s]
 29500 games  eps 0.020  train win 1.00 margin +171.4  |td| 0.018  eval vs random win 1.00 (+172.2)  vs greedy win 0.22 (-21.4)  [1670s]
 30000 games  eps 0.020  train win 1.00 margin +167.1  |td| 0.017  eval vs random win 1.00 (+169.1)  vs greedy win 0.26 (-17.0)  [1697s]
saved runs\linear\pass6\p6b_sarsa_random_decay_s1.json  (ttr-dash runs\linear\pass6\p6b_sarsa_random_decay_s1.json to analyze)
