training sarsa vs random: 30000 games, alpha 0.05, epsilon 0.2 -> 0.02, reward margin; alpha_end 0.005, average 100
(best checkpoint kept by margin vs greedy; play it as linear:runs\linear\pass6\p6b_sarsa_random_decay_s4.json@best)
live: runs\linear\pass6\p6b_sarsa_random_decay_s4.json rewritten every 500 games (watch with ttr-dash --live runs\linear\pass6\p6b_sarsa_random_decay_s4.json)
   500 games  eps 0.110  train win 0.84 margin  +66.1  |td| 0.026  eval vs random win 1.00 (+123.5)  vs greedy win 0.03 (-53.9)  [25s]
  1000 games  eps 0.020  train win 0.91 margin +103.7  |td| 0.024  eval vs random win 1.00 (+129.7)  vs greedy win 0.04 (-43.1)  [55s]
  1500 games  eps 0.020  train win 1.00 margin +131.6  |td| 0.015  eval vs random win 1.00 (+139.7)  vs greedy win 0.04 (-40.7)  [84s]
  2000 games  eps 0.020  train win 1.00 margin +130.2  |td| 0.014  eval vs random win 1.00 (+128.5)  vs greedy win 0.07 (-34.1)  [113s]
  2500 games  eps 0.020  train win 1.00 margin +148.9  |td| 0.015  eval vs random win 1.00 (+146.5)  vs greedy win 0.07 (-30.7)  [141s]
  3000 games  eps 0.020  train win 1.00 margin +143.8  |td| 0.014  eval vs random win 1.00 (+152.0)  vs greedy win 0.17 (-19.4)  [169s]
  3500 games  eps 0.020  train win 1.00 margin +143.8  |td| 0.015  eval vs random win 1.00 (+134.4)  vs greedy win 0.22 (-20.9)  [196s]
  4000 games  eps 0.020  train win 1.00 margin +145.6  |td| 0.014  eval vs random win 1.00 (+143.8)  vs greedy win 0.21 (-17.9)  [223s]
  4500 games  eps 0.020  train win 1.00 margin +143.8  |td| 0.015  eval vs random win 1.00 (+149.1)  vs greedy win 0.16 (-23.4)  [250s]
  5000 games  eps 0.020  train win 1.00 margin +142.3  |td| 0.015  eval vs random win 1.00 (+142.8)  vs greedy win 0.26 (-16.2)  [277s]
  5500 games  eps 0.020  train win 1.00 margin +152.9  |td| 0.015  eval vs random win 1.00 (+154.3)  vs greedy win 0.14 (-24.1)  [305s]
  6000 games  eps 0.020  train win 1.00 margin +156.3  |td| 0.015  eval vs random win 1.00 (+160.2)  vs greedy win 0.13 (-24.7)  [334s]
  6500 games  eps 0.020  train win 1.00 margin +152.9  |td| 0.015  eval vs random win 1.00 (+156.8)  vs greedy win 0.22 (-18.3)  [362s]
  7000 games  eps 0.020  train win 1.00 margin +153.1  |td| 0.016  eval vs random win 1.00 (+159.1)  vs greedy win 0.16 (-20.3)  [391s]
  7500 games  eps 0.020  train win 1.00 margin +152.2  |td| 0.015  eval vs random win 1.00 (+156.1)  vs greedy win 0.13 (-19.9)  [421s]
  8000 games  eps 0.020  train win 1.00 margin +155.2  |td| 0.016  eval vs random win 1.00 (+147.7)  vs greedy win 0.24 (-17.1)  [450s]
  8500 games  eps 0.020  train win 1.00 margin +156.9  |td| 0.016  eval vs random win 1.00 (+161.8)  vs greedy win 0.19 (-20.7)  [479s]
  9000 games  eps 0.020  train win 1.00 margin +159.9  |td| 0.016  eval vs random win 1.00 (+156.0)  vs greedy win 0.14 (-25.5)  [508s]
  9500 games  eps 0.020  train win 1.00 margin +156.8  |td| 0.016  eval vs random win 1.00 (+162.3)  vs greedy win 0.13 (-22.9)  [538s]
 10000 games  eps 0.020  train win 1.00 margin +157.2  |td| 0.015  eval vs random win 1.00 (+171.4)  vs greedy win 0.18 (-18.2)  [568s]
 10500 games  eps 0.020  train win 1.00 margin +160.7  |td| 0.017  eval vs random win 1.00 (+161.7)  vs greedy win 0.21 (-19.3)  [596s]
 11000 games  eps 0.020  train win 1.00 margin +160.3  |td| 0.016  eval vs random win 1.00 (+164.9)  vs greedy win 0.21 (-21.4)  [626s]
 11500 games  eps 0.020  train win 1.00 margin +162.8  |td| 0.016  eval vs random win 1.00 (+169.5)  vs greedy win 0.22 (-14.4)  [655s]
 12000 games  eps 0.020  train win 1.00 margin +160.7  |td| 0.017  eval vs random win 1.00 (+165.3)  vs greedy win 0.31 (-13.7)  [684s]
 12500 games  eps 0.020  train win 1.00 margin +166.6  |td| 0.017  eval vs random win 1.00 (+161.3)  vs greedy win 0.17 (-17.2)  [713s]
 13000 games  eps 0.020  train win 1.00 margin +166.8  |td| 0.017  eval vs random win 1.00 (+168.9)  vs greedy win 0.20 (-19.3)  [741s]
 13500 games  eps 0.020  train win 1.00 margin +168.4  |td| 0.017  eval vs random win 1.00 (+179.8)  vs greedy win 0.31 (-12.2)  [769s]
 14000 games  eps 0.020  train win 1.00 margin +166.5  |td| 0.017  eval vs random win 1.00 (+175.5)  vs greedy win 0.32 (-15.9)  [798s]
 14500 games  eps 0.020  train win 1.00 margin +166.5  |td| 0.017  eval vs random win 1.00 (+176.1)  vs greedy win 0.26 (-14.8)  [827s]
 15000 games  eps 0.020  train win 1.00 margin +171.8  |td| 0.017  eval vs random win 1.00 (+169.4)  vs greedy win 0.25 (-19.0)  [855s]
 15500 games  eps 0.020  train win 1.00 margin +171.2  |td| 0.017  eval vs random win 1.00 (+175.6)  vs greedy win 0.28 (-20.1)  [883s]
 16000 games  eps 0.020  train win 1.00 margin +167.0  |td| 0.017  eval vs random win 1.00 (+183.1)  vs greedy win 0.25 (-25.0)  [911s]
 16500 games  eps 0.020  train win 1.00 margin +169.4  |td| 0.018  eval vs random win 1.00 (+172.9)  vs greedy win 0.32 (-14.4)  [938s]
 17000 games  eps 0.020  train win 1.00 margin +168.6  |td| 0.017  eval vs random win 1.00 (+173.9)  vs greedy win 0.28 (-14.3)  [966s]
 17500 games  eps 0.020  train win 1.00 margin +172.6  |td| 0.018  eval vs random win 1.00 (+169.2)  vs greedy win 0.25 (-21.9)  [995s]
 18000 games  eps 0.020  train win 1.00 margin +169.2  |td| 0.017  eval vs random win 1.00 (+171.1)  vs greedy win 0.25 (-15.8)  [1022s]
 18500 games  eps 0.020  train win 1.00 margin +169.9  |td| 0.018  eval vs random win 1.00 (+177.4)  vs greedy win 0.23 (-22.3)  [1050s]
 19000 games  eps 0.020  train win 1.00 margin +168.6  |td| 0.018  eval vs random win 1.00 (+173.2)  vs greedy win 0.25 (-19.2)  [1077s]
 19500 games  eps 0.020  train win 1.00 margin +168.6  |td| 0.018  eval vs random win 1.00 (+173.3)  vs greedy win 0.21 (-24.0)  [1104s]
 20000 games  eps 0.020  train win 1.00 margin +167.6  |td| 0.018  eval vs random win 1.00 (+179.0)  vs greedy win 0.25 (-14.8)  [1133s]
 20500 games  eps 0.020  train win 1.00 margin +167.9  |td| 0.018  eval vs random win 1.00 (+173.0)  vs greedy win 0.33 (-16.8)  [1159s]
 21000 games  eps 0.020  train win 1.00 margin +169.7  |td| 0.018  eval vs random win 1.00 (+169.7)  vs greedy win 0.16 (-18.0)  [1186s]
 21500 games  eps 0.020  train win 1.00 margin +169.5  |td| 0.018  eval vs random win 1.00 (+164.6)  vs greedy win 0.23 (-18.5)  [1214s]
 22000 games  eps 0.020  train win 1.00 margin +172.7  |td| 0.018  eval vs random win 1.00 (+168.8)  vs greedy win 0.25 (-22.3)  [1241s]
 22500 games  eps 0.020  train win 1.00 margin +169.4  |td| 0.018  eval vs random win 1.00 (+167.0)  vs greedy win 0.20 (-19.1)  [1269s]
 23000 games  eps 0.020  train win 1.00 margin +169.1  |td| 0.018  eval vs random win 1.00 (+172.4)  vs greedy win 0.31 (-17.8)  [1295s]
 23500 games  eps 0.020  train win 1.00 margin +172.4  |td| 0.018  eval vs random win 1.00 (+176.0)  vs greedy win 0.33 (-14.5)  [1322s]
 24000 games  eps 0.020  train win 1.00 margin +172.8  |td| 0.018  eval vs random win 1.00 (+181.4)  vs greedy win 0.17 (-23.6)  [1350s]
 24500 games  eps 0.020  train win 1.00 margin +171.8  |td| 0.018  eval vs random win 1.00 (+174.6)  vs greedy win 0.15 (-22.2)  [1377s]
 25000 games  eps 0.020  train win 1.00 margin +167.6  |td| 0.017  eval vs random win 1.00 (+172.5)  vs greedy win 0.21 (-28.3)  [1405s]
 25500 games  eps 0.020  train win 1.00 margin +172.5  |td| 0.018  eval vs random win 1.00 (+168.9)  vs greedy win 0.35 (-12.6)  [1432s]
 26000 games  eps 0.020  train win 1.00 margin +171.9  |td| 0.018  eval vs random win 1.00 (+173.7)  vs greedy win 0.18 (-20.3)  [1460s]
 26500 games  eps 0.020  train win 1.00 margin +173.0  |td| 0.018  eval vs random win 1.00 (+175.0)  vs greedy win 0.18 (-24.6)  [1487s]
 27000 games  eps 0.020  train win 1.00 margin +166.6  |td| 0.018  eval vs random win 1.00 (+167.8)  vs greedy win 0.31 (-13.6)  [1512s]
 27500 games  eps 0.020  train win 1.00 margin +168.3  |td| 0.018  eval vs random win 1.00 (+171.8)  vs greedy win 0.20 (-23.6)  [1537s]
 28000 games  eps 0.020  train win 1.00 margin +168.9  |td| 0.018  eval vs random win 1.00 (+178.4)  vs greedy win 0.24 (-20.4)  [1562s]
 28500 games  eps 0.020  train win 1.00 margin +170.7  |td| 0.017  eval vs random win 1.00 (+174.7)  vs greedy win 0.29 (-18.4)  [1587s]
 29000 games  eps 0.020  train win 1.00 margin +171.1  |td| 0.018  eval vs random win 1.00 (+171.7)  vs greedy win 0.27 (-17.2)  [1610s]
 29500 games  eps 0.020  train win 1.00 margin +171.5  |td| 0.017  eval vs random win 1.00 (+173.4)  vs greedy win 0.26 (-24.7)  [1633s]
 30000 games  eps 0.020  train win 1.00 margin +168.2  |td| 0.018  eval vs random win 1.00 (+176.4)  vs greedy win 0.22 (-26.9)  [1655s]
saved runs\linear\pass6\p6b_sarsa_random_decay_s4.json  (ttr-dash runs\linear\pass6\p6b_sarsa_random_decay_s4.json to analyze)
