training sarsa vs random: 30000 games, alpha 0.05, epsilon 0.2 -> 0.02, reward margin; alpha_end 0.005, average 100
(best checkpoint kept by margin vs greedy; play it as linear:runs\linear\pass6\p6b_sarsa_random_decay_s3.json@best)
live: runs\linear\pass6\p6b_sarsa_random_decay_s3.json rewritten every 500 games (watch with ttr-dash --live runs\linear\pass6\p6b_sarsa_random_decay_s3.json)
   500 games  eps 0.110  train win 0.85 margin  +64.7  |td| 0.028  eval vs random win 0.99 (+127.5)  vs greedy win 0.04 (-52.7)  [25s]
  1000 games  eps 0.020  train win 0.97 margin +117.0  |td| 0.022  eval vs random win 1.00 (+123.9)  vs greedy win 0.07 (-47.1)  [52s]
  1500 games  eps 0.020  train win 1.00 margin +142.8  |td| 0.017  eval vs random win 1.00 (+158.5)  vs greedy win 0.24 (-15.8)  [77s]
  2000 games  eps 0.020  train win 1.00 margin +152.0  |td| 0.017  eval vs random win 1.00 (+151.4)  vs greedy win 0.18 (-18.9)  [104s]
  2500 games  eps 0.020  train win 1.00 margin +154.9  |td| 0.017  eval vs random win 1.00 (+160.9)  vs greedy win 0.24 (-15.4)  [132s]
  3000 games  eps 0.020  train win 1.00 margin +161.3  |td| 0.017  eval vs random win 1.00 (+157.9)  vs greedy win 0.15 (-21.4)  [159s]
  3500 games  eps 0.020  train win 1.00 margin +158.4  |td| 0.017  eval vs random win 1.00 (+156.8)  vs greedy win 0.23 (-16.4)  [186s]
  4000 games  eps 0.020  train win 1.00 margin +161.4  |td| 0.018  eval vs random win 1.00 (+163.9)  vs greedy win 0.36 (-9.4)  [213s]
  4500 games  eps 0.020  train win 1.00 margin +165.6  |td| 0.018  eval vs random win 1.00 (+173.0)  vs greedy win 0.21 (-15.9)  [241s]
  5000 games  eps 0.020  train win 1.00 margin +164.8  |td| 0.018  eval vs random win 1.00 (+165.8)  vs greedy win 0.28 (-10.8)  [269s]
  5500 games  eps 0.020  train win 1.00 margin +166.3  |td| 0.018  eval vs random win 1.00 (+164.8)  vs greedy win 0.32 (-12.4)  [296s]
  6000 games  eps 0.020  train win 1.00 margin +167.9  |td| 0.018  eval vs random win 1.00 (+171.9)  vs greedy win 0.31 (-8.6)  [324s]
  6500 games  eps 0.020  train win 1.00 margin +171.3  |td| 0.018  eval vs random win 1.00 (+173.5)  vs greedy win 0.29 (-11.2)  [352s]
  7000 games  eps 0.020  train win 1.00 margin +158.7  |td| 0.019  eval vs random win 1.00 (+146.3)  vs greedy win 0.00 (-56.6)  [380s]
  7500 games  eps 0.020  train win 1.00 margin +165.2  |td| 0.018  eval vs random win 1.00 (+158.6)  vs greedy win 0.42 (-3.4)  [409s]
  8000 games  eps 0.020  train win 1.00 margin +167.6  |td| 0.017  eval vs random win 1.00 (+170.6)  vs greedy win 0.45 (-6.2)  [437s]
  8500 games  eps 0.020  train win 1.00 margin +163.2  |td| 0.017  eval vs random win 1.00 (+163.3)  vs greedy win 0.34 (-10.4)  [465s]
  9000 games  eps 0.020  train win 1.00 margin +160.0  |td| 0.017  eval vs random win 1.00 (+170.7)  vs greedy win 0.33 (-12.0)  [492s]
  9500 games  eps 0.020  train win 1.00 margin +165.2  |td| 0.018  eval vs random win 1.00 (+163.5)  vs greedy win 0.53 (+2.8)  [518s]
 10000 games  eps 0.020  train win 1.00 margin +162.5  |td| 0.017  eval vs random win 1.00 (+171.6)  vs greedy win 0.39 (-6.0)  [545s]
 10500 games  eps 0.020  train win 1.00 margin +162.1  |td| 0.018  eval vs random win 1.00 (+159.0)  vs greedy win 0.53 (+3.2)  [571s]
 11000 games  eps 0.020  train win 1.00 margin +161.8  |td| 0.018  eval vs random win 1.00 (+159.9)  vs greedy win 0.58 (+5.1)  [594s]
 11500 games  eps 0.020  train win 1.00 margin +161.0  |td| 0.018  eval vs random win 1.00 (+160.8)  vs greedy win 0.63 (+9.4)  [620s]
 12000 games  eps 0.020  train win 1.00 margin +161.3  |td| 0.019  eval vs random win 1.00 (+157.2)  vs greedy win 0.59 (+9.3)  [644s]
 12500 games  eps 0.020  train win 1.00 margin +163.6  |td| 0.019  eval vs random win 1.00 (+165.9)  vs greedy win 0.46 (+1.2)  [669s]
 13000 games  eps 0.020  train win 1.00 margin +164.9  |td| 0.019  eval vs random win 1.00 (+169.0)  vs greedy win 0.31 (-13.5)  [695s]
 13500 games  eps 0.020  train win 1.00 margin +172.1  |td| 0.019  eval vs random win 1.00 (+169.8)  vs greedy win 0.36 (-10.6)  [721s]
 14000 games  eps 0.020  train win 1.00 margin +165.1  |td| 0.018  eval vs random win 1.00 (+165.6)  vs greedy win 0.23 (-27.2)  [747s]
 14500 games  eps 0.020  train win 1.00 margin +160.8  |td| 0.018  eval vs random win 1.00 (+162.3)  vs greedy win 0.38 (-9.4)  [772s]
 15000 games  eps 0.020  train win 1.00 margin +158.0  |td| 0.018  eval vs random win 1.00 (+164.8)  vs greedy win 0.32 (-12.8)  [794s]
 15500 games  eps 0.020  train win 1.00 margin +160.3  |td| 0.019  eval vs random win 1.00 (+170.0)  vs greedy win 0.33 (-14.1)  [820s]
 16000 games  eps 0.020  train win 1.00 margin +166.5  |td| 0.018  eval vs random win 1.00 (+158.7)  vs greedy win 0.25 (-21.0)  [845s]
 16500 games  eps 0.020  train win 1.00 margin +168.1  |td| 0.018  eval vs random win 1.00 (+165.1)  vs greedy win 0.45 (-3.1)  [870s]
 17000 games  eps 0.020  train win 1.00 margin +161.8  |td| 0.018  eval vs random win 1.00 (+161.3)  vs greedy win 0.50 (+2.7)  [894s]
 17500 games  eps 0.020  train win 1.00 margin +156.8  |td| 0.018  eval vs random win 1.00 (+155.3)  vs greedy win 0.61 (+8.9)  [916s]
 18000 games  eps 0.020  train win 1.00 margin +158.0  |td| 0.018  eval vs random win 1.00 (+154.4)  vs greedy win 0.63 (+9.2)  [938s]
 18500 games  eps 0.020  train win 1.00 margin +160.5  |td| 0.018  eval vs random win 1.00 (+159.1)  vs greedy win 0.55 (+4.6)  [961s]
 19000 games  eps 0.020  train win 1.00 margin +148.2  |td| 0.019  eval vs random win 1.00 (+144.7)  vs greedy win 0.48 (-0.8)  [983s]
 19500 games  eps 0.020  train win 1.00 margin +151.8  |td| 0.019  eval vs random win 1.00 (+155.6)  vs greedy win 0.60 (+5.2)  [1005s]
 20000 games  eps 0.020  train win 1.00 margin +154.3  |td| 0.018  eval vs random win 1.00 (+154.3)  vs greedy win 0.51 (+4.4)  [1026s]
 20500 games  eps 0.020  train win 1.00 margin +156.1  |td| 0.018  eval vs random win 1.00 (+166.1)  vs greedy win 0.56 (+5.1)  [1049s]
 21000 games  eps 0.020  train win 1.00 margin +156.1  |td| 0.018  eval vs random win 1.00 (+153.1)  vs greedy win 0.64 (+6.0)  [1071s]
 21500 games  eps 0.020  train win 1.00 margin +156.1  |td| 0.018  eval vs random win 1.00 (+150.5)  vs greedy win 0.56 (+4.3)  [1092s]
 22000 games  eps 0.020  train win 1.00 margin +151.5  |td| 0.018  eval vs random win 1.00 (+145.5)  vs greedy win 0.60 (+5.8)  [1115s]
 22500 games  eps 0.020  train win 1.00 margin +158.1  |td| 0.018  eval vs random win 1.00 (+155.1)  vs greedy win 0.55 (+5.1)  [1136s]
 23000 games  eps 0.020  train win 1.00 margin +152.8  |td| 0.017  eval vs random win 1.00 (+148.1)  vs greedy win 0.48 (+2.9)  [1159s]
 23500 games  eps 0.020  train win 1.00 margin +154.2  |td| 0.017  eval vs random win 1.00 (+154.2)  vs greedy win 0.67 (+11.8)  [1181s]
 24000 games  eps 0.020  train win 1.00 margin +156.1  |td| 0.018  eval vs random win 1.00 (+157.0)  vs greedy win 0.44 (-1.3)  [1202s]
 24500 games  eps 0.020  train win 1.00 margin +154.5  |td| 0.017  eval vs random win 1.00 (+161.4)  vs greedy win 0.60 (+3.9)  [1224s]
 25000 games  eps 0.020  train win 1.00 margin +153.9  |td| 0.018  eval vs random win 1.00 (+153.5)  vs greedy win 0.57 (+3.3)  [1246s]
 25500 games  eps 0.020  train win 1.00 margin +151.7  |td| 0.017  eval vs random win 1.00 (+150.6)  vs greedy win 0.57 (+8.2)  [1268s]
 26000 games  eps 0.020  train win 1.00 margin +158.0  |td| 0.018  eval vs random win 1.00 (+156.4)  vs greedy win 0.54 (+6.2)  [1290s]
 26500 games  eps 0.020  train win 1.00 margin +156.7  |td| 0.017  eval vs random win 1.00 (+162.8)  vs greedy win 0.56 (+1.8)  [1312s]
 27000 games  eps 0.020  train win 1.00 margin +151.8  |td| 0.017  eval vs random win 1.00 (+156.0)  vs greedy win 0.57 (+6.5)  [1335s]
 27500 games  eps 0.020  train win 1.00 margin +159.1  |td| 0.017  eval vs random win 1.00 (+158.3)  vs greedy win 0.51 (+2.9)  [1358s]
 28000 games  eps 0.020  train win 1.00 margin +158.8  |td| 0.017  eval vs random win 1.00 (+161.2)  vs greedy win 0.59 (+5.7)  [1381s]
 28500 games  eps 0.020  train win 1.00 margin +159.0  |td| 0.017  eval vs random win 1.00 (+162.4)  vs greedy win 0.54 (+4.8)  [1404s]
 29000 games  eps 0.020  train win 1.00 margin +157.1  |td| 0.017  eval vs random win 1.00 (+156.9)  vs greedy win 0.58 (+3.8)  [1426s]
 29500 games  eps 0.020  train win 1.00 margin +157.8  |td| 0.017  eval vs random win 1.00 (+157.0)  vs greedy win 0.52 (+0.3)  [1447s]
 30000 games  eps 0.020  train win 1.00 margin +157.5  |td| 0.017  eval vs random win 1.00 (+158.5)  vs greedy win 0.55 (-1.2)  [1470s]
saved runs\linear\pass6\p6b_sarsa_random_decay_s3.json  (ttr-dash runs\linear\pass6\p6b_sarsa_random_decay_s3.json to analyze)
