training sarsa vs random: 30000 games, alpha 0.05, epsilon 0.2 -> 0.02, reward margin; alpha_end 0.005, average 100
(best checkpoint kept by margin vs greedy; play it as linear:runs\linear\pass6\p6b_sarsa_random_decay_s2.json@best)
live: runs\linear\pass6\p6b_sarsa_random_decay_s2.json rewritten every 500 games (watch with ttr-dash --live runs\linear\pass6\p6b_sarsa_random_decay_s2.json)
   500 games  eps 0.110  train win 0.79 margin  +48.5  |td| 0.029  eval vs random win 1.00 (+111.8)  vs greedy win 0.01 (-51.4)  [25s]
  1000 games  eps 0.020  train win 0.93 margin  +95.8  |td| 0.020  eval vs random win 1.00 (+127.7)  vs greedy win 0.02 (-54.0)  [50s]
  1500 games  eps 0.020  train win 1.00 margin +131.3  |td| 0.017  eval vs random win 1.00 (+135.3)  vs greedy win 0.34 (-15.7)  [73s]
  2000 games  eps 0.020  train win 1.00 margin +137.9  |td| 0.016  eval vs random win 1.00 (+130.6)  vs greedy win 0.37 (-8.5)  [98s]
  2500 games  eps 0.020  train win 1.00 margin +147.0  |td| 0.016  eval vs random win 1.00 (+138.0)  vs greedy win 0.48 (+0.4)  [125s]
  3000 games  eps 0.020  train win 1.00 margin +155.2  |td| 0.016  eval vs random win 1.00 (+147.8)  vs greedy win 0.46 (-0.1)  [150s]
  3500 games  eps 0.020  train win 1.00 margin +157.4  |td| 0.017  eval vs random win 1.00 (+157.5)  vs greedy win 0.55 (+6.5)  [175s]
  4000 games  eps 0.020  train win 1.00 margin +161.2  |td| 0.016  eval vs random win 1.00 (+155.7)  vs greedy win 0.58 (+9.8)  [201s]
  4500 games  eps 0.020  train win 1.00 margin +167.4  |td| 0.017  eval vs random win 1.00 (+176.3)  vs greedy win 0.46 (-2.0)  [226s]
  5000 games  eps 0.020  train win 1.00 margin +170.1  |td| 0.017  eval vs random win 1.00 (+170.7)  vs greedy win 0.43 (-1.5)  [253s]
  5500 games  eps 0.020  train win 1.00 margin +170.8  |td| 0.017  eval vs random win 1.00 (+174.6)  vs greedy win 0.46 (-1.5)  [279s]
  6000 games  eps 0.020  train win 1.00 margin +163.7  |td| 0.017  eval vs random win 0.99 (+166.9)  vs greedy win 0.47 (+1.3)  [304s]
  6500 games  eps 0.020  train win 1.00 margin +172.5  |td| 0.018  eval vs random win 1.00 (+174.3)  vs greedy win 0.48 (-1.0)  [330s]
  7000 games  eps 0.020  train win 1.00 margin +169.3  |td| 0.017  eval vs random win 1.00 (+169.4)  vs greedy win 0.50 (+1.4)  [355s]
  7500 games  eps 0.020  train win 1.00 margin +168.7  |td| 0.017  eval vs random win 1.00 (+169.8)  vs greedy win 0.50 (+3.3)  [380s]
  8000 games  eps 0.020  train win 1.00 margin +165.9  |td| 0.017  eval vs random win 1.00 (+177.1)  vs greedy win 0.55 (+1.5)  [406s]
  8500 games  eps 0.020  train win 1.00 margin +169.9  |td| 0.017  eval vs random win 1.00 (+166.3)  vs greedy win 0.57 (+3.5)  [431s]
  9000 games  eps 0.020  train win 1.00 margin +167.1  |td| 0.017  eval vs random win 1.00 (+170.9)  vs greedy win 0.47 (-6.2)  [457s]
  9500 games  eps 0.020  train win 1.00 margin +172.2  |td| 0.017  eval vs random win 1.00 (+173.8)  vs greedy win 0.50 (-5.6)  [483s]
 10000 games  eps 0.020  train win 1.00 margin +169.9  |td| 0.017  eval vs random win 1.00 (+178.0)  vs greedy win 0.39 (-9.8)  [509s]
 10500 games  eps 0.020  train win 1.00 margin +171.7  |td| 0.017  eval vs random win 1.00 (+172.1)  vs greedy win 0.43 (-1.8)  [536s]
 11000 games  eps 0.020  train win 1.00 margin +169.9  |td| 0.017  eval vs random win 1.00 (+170.4)  vs greedy win 0.49 (+1.4)  [562s]
 11500 games  eps 0.020  train win 1.00 margin +172.4  |td| 0.017  eval vs random win 1.00 (+173.7)  vs greedy win 0.35 (-10.4)  [587s]
 12000 games  eps 0.020  train win 1.00 margin +169.0  |td| 0.017  eval vs random win 1.00 (+174.6)  vs greedy win 0.51 (-0.2)  [614s]
 12500 games  eps 0.020  train win 1.00 margin +170.2  |td| 0.017  eval vs random win 1.00 (+178.0)  vs greedy win 0.51 (-3.8)  [640s]
 13000 games  eps 0.020  train win 1.00 margin +166.5  |td| 0.017  eval vs random win 1.00 (+174.1)  vs greedy win 0.40 (-6.1)  [666s]
 13500 games  eps 0.020  train win 1.00 margin +169.8  |td| 0.017  eval vs random win 1.00 (+167.8)  vs greedy win 0.50 (-0.8)  [692s]
 14000 games  eps 0.020  train win 1.00 margin +166.7  |td| 0.017  eval vs random win 1.00 (+177.3)  vs greedy win 0.50 (-1.0)  [717s]
 14500 games  eps 0.020  train win 1.00 margin +167.1  |td| 0.017  eval vs random win 1.00 (+167.3)  vs greedy win 0.49 (+4.2)  [741s]
 15000 games  eps 0.020  train win 1.00 margin +169.9  |td| 0.018  eval vs random win 1.00 (+172.8)  vs greedy win 0.41 (-8.6)  [766s]
 15500 games  eps 0.020  train win 1.00 margin +168.3  |td| 0.018  eval vs random win 1.00 (+171.4)  vs greedy win 0.44 (-3.1)  [792s]
 16000 games  eps 0.020  train win 1.00 margin +165.1  |td| 0.017  eval vs random win 1.00 (+169.1)  vs greedy win 0.62 (+8.1)  [816s]
 16500 games  eps 0.020  train win 1.00 margin +169.8  |td| 0.018  eval vs random win 1.00 (+172.9)  vs greedy win 0.49 (-0.5)  [841s]
 17000 games  eps 0.020  train win 1.00 margin +170.9  |td| 0.018  eval vs random win 1.00 (+174.9)  vs greedy win 0.44 (-5.3)  [867s]
 17500 games  eps 0.020  train win 1.00 margin +164.7  |td| 0.017  eval vs random win 1.00 (+168.1)  vs greedy win 0.42 (-5.7)  [892s]
 18000 games  eps 0.020  train win 1.00 margin +166.1  |td| 0.018  eval vs random win 1.00 (+170.3)  vs greedy win 0.49 (-5.5)  [918s]
 18500 games  eps 0.020  train win 1.00 margin +171.2  |td| 0.018  eval vs random win 1.00 (+167.5)  vs greedy win 0.38 (-5.5)  [944s]
 19000 games  eps 0.020  train win 1.00 margin +169.3  |td| 0.018  eval vs random win 1.00 (+176.7)  vs greedy win 0.48 (+0.8)  [970s]
 19500 games  eps 0.020  train win 1.00 margin +168.0  |td| 0.017  eval vs random win 1.00 (+170.5)  vs greedy win 0.46 (-8.1)  [997s]
 20000 games  eps 0.020  train win 1.00 margin +170.9  |td| 0.017  eval vs random win 1.00 (+171.1)  vs greedy win 0.38 (-2.5)  [1023s]
 20500 games  eps 0.020  train win 1.00 margin +168.1  |td| 0.018  eval vs random win 1.00 (+169.9)  vs greedy win 0.52 (+3.2)  [1049s]
 21000 games  eps 0.020  train win 1.00 margin +168.0  |td| 0.017  eval vs random win 1.00 (+167.9)  vs greedy win 0.50 (-2.9)  [1076s]
 21500 games  eps 0.020  train win 1.00 margin +169.9  |td| 0.018  eval vs random win 1.00 (+177.3)  vs greedy win 0.30 (-14.4)  [1102s]
 22000 games  eps 0.020  train win 1.00 margin +171.0  |td| 0.018  eval vs random win 1.00 (+169.5)  vs greedy win 0.46 (-13.2)  [1128s]
 22500 games  eps 0.020  train win 1.00 margin +169.7  |td| 0.017  eval vs random win 1.00 (+165.8)  vs greedy win 0.40 (-8.7)  [1156s]
 23000 games  eps 0.020  train win 1.00 margin +169.9  |td| 0.017  eval vs random win 1.00 (+168.2)  vs greedy win 0.48 (-3.1)  [1183s]
 23500 games  eps 0.020  train win 1.00 margin +171.1  |td| 0.017  eval vs random win 1.00 (+175.3)  vs greedy win 0.57 (+6.5)  [1209s]
 24000 games  eps 0.020  train win 1.00 margin +167.3  |td| 0.017  eval vs random win 1.00 (+169.0)  vs greedy win 0.33 (-12.9)  [1235s]
 24500 games  eps 0.020  train win 1.00 margin +170.9  |td| 0.018  eval vs random win 1.00 (+176.6)  vs greedy win 0.45 (-3.1)  [1264s]
 25000 games  eps 0.020  train win 1.00 margin +169.5  |td| 0.018  eval vs random win 1.00 (+174.1)  vs greedy win 0.46 (-3.2)  [1292s]
 25500 games  eps 0.020  train win 1.00 margin +167.3  |td| 0.017  eval vs random win 1.00 (+170.0)  vs greedy win 0.50 (-2.4)  [1319s]
 26000 games  eps 0.020  train win 1.00 margin +170.8  |td| 0.018  eval vs random win 1.00 (+177.7)  vs greedy win 0.44 (-5.9)  [1347s]
 26500 games  eps 0.020  train win 1.00 margin +172.7  |td| 0.018  eval vs random win 1.00 (+182.8)  vs greedy win 0.45 (-2.7)  [1374s]
 27000 games  eps 0.020  train win 1.00 margin +175.2  |td| 0.018  eval vs random win 1.00 (+168.0)  vs greedy win 0.43 (-6.4)  [1402s]
 27500 games  eps 0.020  train win 1.00 margin +169.7  |td| 0.018  eval vs random win 1.00 (+171.2)  vs greedy win 0.36 (-13.3)  [1430s]
 28000 games  eps 0.020  train win 1.00 margin +170.4  |td| 0.017  eval vs random win 1.00 (+185.7)  vs greedy win 0.49 (-1.0)  [1457s]
 28500 games  eps 0.020  train win 1.00 margin +170.5  |td| 0.017  eval vs random win 1.00 (+171.8)  vs greedy win 0.48 (-0.8)  [1484s]
 29000 games  eps 0.020  train win 1.00 margin +169.9  |td| 0.017  eval vs random win 1.00 (+181.9)  vs greedy win 0.37 (-4.4)  [1510s]
 29500 games  eps 0.020  train win 1.00 margin +169.9  |td| 0.017  eval vs random win 1.00 (+174.9)  vs greedy win 0.36 (-10.1)  [1537s]
 30000 games  eps 0.020  train win 1.00 margin +170.4  |td| 0.017  eval vs random win 1.00 (+178.4)  vs greedy win 0.35 (-12.8)  [1563s]
saved runs\linear\pass6\p6b_sarsa_random_decay_s2.json  (ttr-dash runs\linear\pass6\p6b_sarsa_random_decay_s2.json to analyze)
