training q vs greedy: 30000 games, alpha 0.05, epsilon 0.2 -> 0.02, reward margin; alpha_end 0.005, average 100
(best checkpoint kept by margin vs greedy; play it as linear:runs\linear\pass6\p6c_q_greedy_decay_s1.json@best)
live: runs\linear\pass6\p6c_q_greedy_decay_s1.json rewritten every 500 games (watch with ttr-dash --live runs\linear\pass6\p6c_q_greedy_decay_s1.json)
   500 games  eps 0.110  train win 0.00 margin  -99.7  |td| 0.015  eval vs random win 0.99 (+133.0)  vs greedy win 0.00 (-92.6)  [21s]
  1000 games  eps 0.020  train win 0.11 margin  -51.4  |td| 0.014  eval vs random win 1.00 (+137.1)  vs greedy win 0.32 (-13.5)  [49s]
  1500 games  eps 0.020  train win 0.30 margin  -16.5  |td| 0.013  eval vs random win 1.00 (+121.1)  vs greedy win 0.46 (-3.2)  [78s]
  2000 games  eps 0.020  train win 0.40 margin   -7.9  |td| 0.013  eval vs random win 1.00 (+138.9)  vs greedy win 0.41 (-6.5)  [108s]
  2500 games  eps 0.020  train win 0.42 margin   -7.6  |td| 0.012  eval vs random win 1.00 (+140.1)  vs greedy win 0.47 (-3.9)  [139s]
  3000 games  eps 0.020  train win 0.41 margin   -7.1  |td| 0.012  eval vs random win 1.00 (+131.8)  vs greedy win 0.49 (+0.6)  [168s]
  3500 games  eps 0.020  train win 0.39 margin   -9.6  |td| 0.012  eval vs random win 1.00 (+136.1)  vs greedy win 0.35 (-8.3)  [198s]
  4000 games  eps 0.020  train win 0.45 margin   -4.2  |td| 0.011  eval vs random win 1.00 (+137.0)  vs greedy win 0.60 (+4.8)  [228s]
  4500 games  eps 0.020  train win 0.46 margin   -2.1  |td| 0.012  eval vs random win 1.00 (+136.9)  vs greedy win 0.44 (-4.8)  [257s]
  5000 games  eps 0.020  train win 0.41 margin   -7.0  |td| 0.011  eval vs random win 1.00 (+134.5)  vs greedy win 0.44 (-2.8)  [286s]
  5500 games  eps 0.020  train win 0.43 margin   -5.2  |td| 0.012  eval vs random win 1.00 (+137.6)  vs greedy win 0.47 (-5.3)  [316s]
  6000 games  eps 0.020  train win 0.40 margin   -6.4  |td| 0.011  eval vs random win 1.00 (+140.5)  vs greedy win 0.48 (-5.2)  [345s]
  6500 games  eps 0.020  train win 0.40 margin   -8.7  |td| 0.011  eval vs random win 1.00 (+137.4)  vs greedy win 0.40 (-10.6)  [374s]
  7000 games  eps 0.020  train win 0.45 margin   -3.4  |td| 0.010  eval vs random win 1.00 (+144.7)  vs greedy win 0.55 (+3.5)  [404s]
  7500 games  eps 0.020  train win 0.35 margin  -14.5  |td| 0.011  eval vs random win 1.00 (+145.1)  vs greedy win 0.51 (-0.9)  [433s]
  8000 games  eps 0.020  train win 0.31 margin  -15.5  |td| 0.010  eval vs random win 1.00 (+145.7)  vs greedy win 0.44 (-2.9)  [462s]
  8500 games  eps 0.020  train win 0.40 margin  -11.4  |td| 0.010  eval vs random win 1.00 (+132.0)  vs greedy win 0.35 (-8.9)  [491s]
  9000 games  eps 0.020  train win 0.40 margin   -8.0  |td| 0.010  eval vs random win 1.00 (+135.3)  vs greedy win 0.37 (-6.5)  [520s]
  9500 games  eps 0.020  train win 0.31 margin  -14.0  |td| 0.010  eval vs random win 1.00 (+128.8)  vs greedy win 0.40 (-8.3)  [549s]
 10000 games  eps 0.020  train win 0.47 margin   -3.3  |td| 0.010  eval vs random win 1.00 (+144.2)  vs greedy win 0.45 (-3.5)  [579s]
 10500 games  eps 0.020  train win 0.28 margin  -18.6  |td| 0.010  eval vs random win 1.00 (+139.0)  vs greedy win 0.34 (-8.7)  [608s]
 11000 games  eps 0.020  train win 0.42 margin   -5.8  |td| 0.010  eval vs random win 1.00 (+143.1)  vs greedy win 0.51 (+1.7)  [637s]
 11500 games  eps 0.020  train win 0.34 margin  -15.4  |td| 0.010  eval vs random win 1.00 (+133.0)  vs greedy win 0.18 (-27.5)  [666s]
 12000 games  eps 0.020  train win 0.40 margin   -9.9  |td| 0.011  eval vs random win 1.00 (+141.5)  vs greedy win 0.53 (+2.3)  [695s]
 12500 games  eps 0.020  train win 0.20 margin  -28.4  |td| 0.010  eval vs random win 1.00 (+138.9)  vs greedy win 0.32 (-9.0)  [724s]
 13000 games  eps 0.020  train win 0.49 margin   -2.1  |td| 0.010  eval vs random win 1.00 (+134.3)  vs greedy win 0.38 (-10.2)  [754s]
 13500 games  eps 0.020  train win 0.33 margin  -16.0  |td| 0.010  eval vs random win 1.00 (+143.2)  vs greedy win 0.65 (+7.1)  [783s]
 14000 games  eps 0.020  train win 0.22 margin  -32.1  |td| 0.010  eval vs random win 1.00 (+127.6)  vs greedy win 0.11 (-41.7)  [812s]
 14500 games  eps 0.020  train win 0.44 margin   -5.0  |td| 0.011  eval vs random win 1.00 (+149.3)  vs greedy win 0.45 (-2.2)  [841s]
 15000 games  eps 0.020  train win 0.27 margin  -19.9  |td| 0.010  eval vs random win 1.00 (+142.2)  vs greedy win 0.40 (-6.3)  [869s]
 15500 games  eps 0.020  train win 0.38 margin  -11.1  |td| 0.010  eval vs random win 1.00 (+143.4)  vs greedy win 0.23 (-23.8)  [899s]
 16000 games  eps 0.020  train win 0.35 margin  -13.4  |td| 0.010  eval vs random win 1.00 (+147.1)  vs greedy win 0.55 (+2.1)  [927s]
 16500 games  eps 0.020  train win 0.39 margin   -9.2  |td| 0.010  eval vs random win 1.00 (+133.7)  vs greedy win 0.30 (-13.9)  [957s]
 17000 games  eps 0.020  train win 0.39 margin   -7.6  |td| 0.010  eval vs random win 1.00 (+148.9)  vs greedy win 0.56 (+2.0)  [986s]
 17500 games  eps 0.020  train win 0.45 margin   -5.5  |td| 0.010  eval vs random win 1.00 (+135.3)  vs greedy win 0.35 (-8.6)  [1015s]
 18000 games  eps 0.020  train win 0.39 margin   -8.7  |td| 0.010  eval vs random win 1.00 (+135.9)  vs greedy win 0.57 (+0.6)  [1045s]
 18500 games  eps 0.020  train win 0.31 margin  -15.7  |td| 0.009  eval vs random win 1.00 (+135.1)  vs greedy win 0.20 (-24.6)  [1073s]
 19000 games  eps 0.020  train win 0.14 margin  -33.1  |td| 0.009  eval vs random win 1.00 (+141.0)  vs greedy win 0.18 (-27.3)  [1099s]
 19500 games  eps 0.020  train win 0.14 margin  -30.4  |td| 0.010  eval vs random win 1.00 (+131.9)  vs greedy win 0.32 (-10.8)  [1126s]
 20000 games  eps 0.020  train win 0.53 margin   +0.6  |td| 0.010  eval vs random win 1.00 (+135.4)  vs greedy win 0.51 (-2.2)  [1153s]
 20500 games  eps 0.020  train win 0.16 margin  -32.0  |td| 0.010  eval vs random win 1.00 (+130.9)  vs greedy win 0.16 (-36.9)  [1180s]
 21000 games  eps 0.020  train win 0.09 margin  -41.2  |td| 0.010  eval vs random win 1.00 (+125.3)  vs greedy win 0.07 (-31.1)  [1206s]
 21500 games  eps 0.020  train win 0.41 margin   -6.2  |td| 0.010  eval vs random win 1.00 (+142.6)  vs greedy win 0.54 (+3.8)  [1233s]
 22000 games  eps 0.020  train win 0.48 margin   -2.4  |td| 0.009  eval vs random win 1.00 (+136.1)  vs greedy win 0.47 (-4.9)  [1260s]
 22500 games  eps 0.020  train win 0.17 margin  -31.4  |td| 0.009  eval vs random win 1.00 (+129.6)  vs greedy win 0.19 (-25.4)  [1286s]
 23000 games  eps 0.020  train win 0.39 margin   -7.5  |td| 0.010  eval vs random win 1.00 (+144.5)  vs greedy win 0.55 (+1.8)  [1312s]
 23500 games  eps 0.020  train win 0.42 margin   -7.6  |td| 0.009  eval vs random win 1.00 (+132.5)  vs greedy win 0.43 (-5.2)  [1340s]
 24000 games  eps 0.020  train win 0.20 margin  -25.9  |td| 0.009  eval vs random win 1.00 (+132.8)  vs greedy win 0.28 (-25.2)  [1366s]
 24500 games  eps 0.020  train win 0.29 margin  -15.0  |td| 0.010  eval vs random win 1.00 (+137.2)  vs greedy win 0.47 (-3.7)  [1393s]
 25000 games  eps 0.020  train win 0.54 margin   +2.5  |td| 0.009  eval vs random win 1.00 (+143.7)  vs greedy win 0.57 (+8.1)  [1419s]
 25500 games  eps 0.020  train win 0.47 margin   -1.1  |td| 0.009  eval vs random win 1.00 (+140.6)  vs greedy win 0.55 (+0.9)  [1446s]
 26000 games  eps 0.020  train win 0.30 margin  -18.8  |td| 0.009  eval vs random win 1.00 (+140.7)  vs greedy win 0.17 (-25.1)  [1472s]
 26500 games  eps 0.020  train win 0.10 margin  -39.6  |td| 0.009  eval vs random win 1.00 (+137.9)  vs greedy win 0.08 (-37.4)  [1498s]
 27000 games  eps 0.020  train win 0.07 margin  -42.5  |td| 0.009  eval vs random win 1.00 (+135.3)  vs greedy win 0.10 (-40.7)  [1524s]
 27500 games  eps 0.020  train win 0.17 margin  -27.8  |td| 0.010  eval vs random win 1.00 (+128.0)  vs greedy win 0.21 (-20.8)  [1551s]
 28000 games  eps 0.020  train win 0.36 margin  -10.1  |td| 0.010  eval vs random win 1.00 (+147.4)  vs greedy win 0.54 (+1.3)  [1576s]
 28500 games  eps 0.020  train win 0.51 margin   +0.4  |td| 0.010  eval vs random win 1.00 (+152.2)  vs greedy win 0.62 (+10.8)  [1604s]
 29000 games  eps 0.020  train win 0.49 margin   +0.6  |td| 0.009  eval vs random win 1.00 (+138.8)  vs greedy win 0.43 (-3.4)  [1630s]
 29500 games  eps 0.020  train win 0.47 margin   -2.1  |td| 0.009  eval vs random win 1.00 (+142.3)  vs greedy win 0.39 (-5.0)  [1657s]
 30000 games  eps 0.020  train win 0.37 margin  -10.7  |td| 0.009  eval vs random win 1.00 (+134.6)  vs greedy win 0.35 (-7.9)  [1683s]
saved runs\linear\pass6\p6c_q_greedy_decay_s1.json  (ttr-dash runs\linear\pass6\p6c_q_greedy_decay_s1.json to analyze)
