training q vs greedy: 30000 games, alpha 0.05, epsilon 0.2 -> 0.02, reward margin; alpha_end 0.005, average 100
(best checkpoint kept by margin vs greedy; play it as linear:runs\linear\pass6\p6c_q_greedy_decay_s0.json@best)
live: runs\linear\pass6\p6c_q_greedy_decay_s0.json rewritten every 500 games (watch with ttr-dash --live runs\linear\pass6\p6c_q_greedy_decay_s0.json)
   500 games  eps 0.110  train win 0.00 margin -110.5  |td| 0.019  eval vs random win 0.98 (+128.6)  vs greedy win 0.00 (-91.7)  [22s]
  1000 games  eps 0.020  train win 0.00 margin  -91.8  |td| 0.014  eval vs random win 1.00 (+132.1)  vs greedy win 0.00 (-89.4)  [49s]
  1500 games  eps 0.020  train win 0.01 margin  -82.5  |td| 0.012  eval vs random win 1.00 (+123.0)  vs greedy win 0.00 (-72.7)  [75s]
  2000 games  eps 0.020  train win 0.10 margin  -38.6  |td| 0.013  eval vs random win 1.00 (+135.2)  vs greedy win 0.15 (-27.7)  [103s]
  2500 games  eps 0.020  train win 0.25 margin  -21.1  |td| 0.013  eval vs random win 1.00 (+145.1)  vs greedy win 0.42 (-10.1)  [132s]
  3000 games  eps 0.020  train win 0.29 margin  -16.2  |td| 0.012  eval vs random win 1.00 (+134.8)  vs greedy win 0.39 (-7.7)  [162s]
  3500 games  eps 0.020  train win 0.42 margin   -7.2  |td| 0.012  eval vs random win 1.00 (+140.5)  vs greedy win 0.38 (-8.0)  [193s]
  4000 games  eps 0.020  train win 0.40 margin   -8.0  |td| 0.012  eval vs random win 1.00 (+138.8)  vs greedy win 0.50 (-1.0)  [222s]
  4500 games  eps 0.020  train win 0.46 margin   -2.0  |td| 0.012  eval vs random win 1.00 (+138.4)  vs greedy win 0.52 (-1.0)  [251s]
  5000 games  eps 0.020  train win 0.42 margin   -6.4  |td| 0.011  eval vs random win 1.00 (+133.1)  vs greedy win 0.49 (-0.9)  [280s]
  5500 games  eps 0.020  train win 0.47 margin   -3.1  |td| 0.011  eval vs random win 1.00 (+141.6)  vs greedy win 0.53 (+0.0)  [309s]
  6000 games  eps 0.020  train win 0.42 margin   -6.4  |td| 0.011  eval vs random win 1.00 (+131.3)  vs greedy win 0.42 (-3.9)  [340s]
  6500 games  eps 0.020  train win 0.41 margin   -6.0  |td| 0.010  eval vs random win 1.00 (+144.2)  vs greedy win 0.56 (-0.7)  [368s]
  7000 games  eps 0.020  train win 0.47 margin   -2.1  |td| 0.010  eval vs random win 1.00 (+144.0)  vs greedy win 0.55 (+6.4)  [398s]
  7500 games  eps 0.020  train win 0.41 margin   -8.5  |td| 0.010  eval vs random win 1.00 (+147.5)  vs greedy win 0.49 (-0.2)  [427s]
  8000 games  eps 0.020  train win 0.42 margin   -5.2  |td| 0.011  eval vs random win 1.00 (+148.0)  vs greedy win 0.57 (+1.9)  [456s]
  8500 games  eps 0.020  train win 0.36 margin  -10.3  |td| 0.010  eval vs random win 1.00 (+142.6)  vs greedy win 0.62 (+7.2)  [486s]
  9000 games  eps 0.020  train win 0.41 margin   -8.1  |td| 0.010  eval vs random win 1.00 (+137.8)  vs greedy win 0.51 (+1.4)  [515s]
  9500 games  eps 0.020  train win 0.42 margin   -6.5  |td| 0.010  eval vs random win 1.00 (+138.3)  vs greedy win 0.47 (-4.0)  [544s]
 10000 games  eps 0.020  train win 0.39 margin   -9.3  |td| 0.010  eval vs random win 1.00 (+147.8)  vs greedy win 0.50 (-2.5)  [573s]
 10500 games  eps 0.020  train win 0.39 margin   -7.4  |td| 0.010  eval vs random win 1.00 (+130.6)  vs greedy win 0.44 (-5.3)  [602s]
 11000 games  eps 0.020  train win 0.40 margin  -10.6  |td| 0.010  eval vs random win 1.00 (+141.6)  vs greedy win 0.47 (-3.3)  [631s]
 11500 games  eps 0.020  train win 0.39 margin   -9.0  |td| 0.010  eval vs random win 1.00 (+142.9)  vs greedy win 0.43 (-3.6)  [660s]
 12000 games  eps 0.020  train win 0.44 margin   -5.1  |td| 0.010  eval vs random win 1.00 (+132.3)  vs greedy win 0.47 (-4.1)  [689s]
 12500 games  eps 0.020  train win 0.38 margin  -10.9  |td| 0.009  eval vs random win 1.00 (+131.9)  vs greedy win 0.32 (-14.5)  [717s]
 13000 games  eps 0.020  train win 0.39 margin  -10.4  |td| 0.010  eval vs random win 1.00 (+134.6)  vs greedy win 0.30 (-14.3)  [746s]
 13500 games  eps 0.020  train win 0.31 margin  -19.1  |td| 0.010  eval vs random win 1.00 (+149.1)  vs greedy win 0.58 (+3.2)  [775s]
 14000 games  eps 0.020  train win 0.34 margin  -16.4  |td| 0.010  eval vs random win 1.00 (+127.0)  vs greedy win 0.13 (-31.8)  [804s]
 14500 games  eps 0.020  train win 0.21 margin  -36.5  |td| 0.011  eval vs random win 1.00 (+153.9)  vs greedy win 0.48 (+4.2)  [833s]
 15000 games  eps 0.020  train win 0.48 margin   -0.7  |td| 0.010  eval vs random win 1.00 (+138.9)  vs greedy win 0.46 (-1.8)  [862s]
 15500 games  eps 0.020  train win 0.35 margin  -12.8  |td| 0.010  eval vs random win 1.00 (+141.6)  vs greedy win 0.53 (+2.5)  [890s]
 16000 games  eps 0.020  train win 0.35 margin  -13.6  |td| 0.010  eval vs random win 1.00 (+128.6)  vs greedy win 0.24 (-21.1)  [920s]
 16500 games  eps 0.020  train win 0.41 margin   -8.9  |td| 0.010  eval vs random win 1.00 (+141.4)  vs greedy win 0.59 (+5.6)  [948s]
 17000 games  eps 0.020  train win 0.37 margin  -11.5  |td| 0.010  eval vs random win 1.00 (+140.1)  vs greedy win 0.21 (-23.9)  [978s]
 17500 games  eps 0.020  train win 0.20 margin  -27.8  |td| 0.010  eval vs random win 1.00 (+130.0)  vs greedy win 0.36 (-11.6)  [1006s]
 18000 games  eps 0.020  train win 0.43 margin   -6.4  |td| 0.010  eval vs random win 1.00 (+126.3)  vs greedy win 0.31 (-12.7)  [1035s]
 18500 games  eps 0.020  train win 0.22 margin  -23.3  |td| 0.009  eval vs random win 1.00 (+136.6)  vs greedy win 0.29 (-13.8)  [1063s]
 19000 games  eps 0.020  train win 0.49 margin   -2.2  |td| 0.010  eval vs random win 1.00 (+148.9)  vs greedy win 0.57 (+6.2)  [1090s]
 19500 games  eps 0.020  train win 0.39 margin   -7.5  |td| 0.009  eval vs random win 1.00 (+137.5)  vs greedy win 0.40 (-6.4)  [1118s]
 20000 games  eps 0.020  train win 0.39 margin   -7.6  |td| 0.009  eval vs random win 1.00 (+136.6)  vs greedy win 0.47 (+0.7)  [1145s]
 20500 games  eps 0.020  train win 0.42 margin   -5.6  |td| 0.009  eval vs random win 1.00 (+137.9)  vs greedy win 0.55 (-2.4)  [1172s]
 21000 games  eps 0.020  train win 0.19 margin  -28.1  |td| 0.009  eval vs random win 1.00 (+129.0)  vs greedy win 0.09 (-39.8)  [1198s]
 21500 games  eps 0.020  train win 0.17 margin  -31.3  |td| 0.010  eval vs random win 1.00 (+131.8)  vs greedy win 0.30 (-12.7)  [1225s]
 22000 games  eps 0.020  train win 0.50 margin   -0.2  |td| 0.010  eval vs random win 1.00 (+149.3)  vs greedy win 0.65 (+10.8)  [1252s]
 22500 games  eps 0.020  train win 0.43 margin   -8.0  |td| 0.009  eval vs random win 1.00 (+133.7)  vs greedy win 0.32 (-13.7)  [1278s]
 23000 games  eps 0.020  train win 0.10 margin  -41.1  |td| 0.009  eval vs random win 1.00 (+126.1)  vs greedy win 0.13 (-35.3)  [1305s]
 23500 games  eps 0.020  train win 0.24 margin  -22.3  |td| 0.010  eval vs random win 1.00 (+135.9)  vs greedy win 0.38 (-11.6)  [1331s]
 24000 games  eps 0.020  train win 0.50 margin   +0.0  |td| 0.010  eval vs random win 1.00 (+154.5)  vs greedy win 0.61 (+8.3)  [1358s]
 24500 games  eps 0.020  train win 0.47 margin   -2.1  |td| 0.009  eval vs random win 1.00 (+143.4)  vs greedy win 0.51 (+0.9)  [1385s]
 25000 games  eps 0.020  train win 0.31 margin  -14.7  |td| 0.009  eval vs random win 1.00 (+128.2)  vs greedy win 0.22 (-19.4)  [1412s]
 25500 games  eps 0.020  train win 0.23 margin  -22.3  |td| 0.009  eval vs random win 1.00 (+133.9)  vs greedy win 0.36 (-12.2)  [1437s]
 26000 games  eps 0.020  train win 0.38 margin   -8.6  |td| 0.010  eval vs random win 1.00 (+136.2)  vs greedy win 0.43 (-5.8)  [1464s]
 26500 games  eps 0.020  train win 0.47 margin   -1.5  |td| 0.009  eval vs random win 1.00 (+150.9)  vs greedy win 0.44 (-2.0)  [1490s]
 27000 games  eps 0.020  train win 0.44 margin   -5.3  |td| 0.009  eval vs random win 1.00 (+137.8)  vs greedy win 0.47 (-8.8)  [1517s]
 27500 games  eps 0.020  train win 0.29 margin  -17.6  |td| 0.009  eval vs random win 1.00 (+132.5)  vs greedy win 0.33 (-15.7)  [1544s]
 28000 games  eps 0.020  train win 0.15 margin  -32.4  |td| 0.009  eval vs random win 1.00 (+125.3)  vs greedy win 0.15 (-31.5)  [1570s]
 28500 games  eps 0.020  train win 0.16 margin  -34.2  |td| 0.009  eval vs random win 1.00 (+137.5)  vs greedy win 0.19 (-29.0)  [1596s]
 29000 games  eps 0.020  train win 0.16 margin  -27.9  |td| 0.009  eval vs random win 1.00 (+133.1)  vs greedy win 0.18 (-20.5)  [1622s]
 29500 games  eps 0.020  train win 0.21 margin  -21.6  |td| 0.010  eval vs random win 1.00 (+131.6)  vs greedy win 0.24 (-18.8)  [1648s]
 30000 games  eps 0.020  train win 0.36 margin  -10.6  |td| 0.010  eval vs random win 1.00 (+139.8)  vs greedy win 0.44 (-5.6)  [1674s]
saved runs\linear\pass6\p6c_q_greedy_decay_s0.json  (ttr-dash runs\linear\pass6\p6c_q_greedy_decay_s0.json to analyze)
