training q vs greedy: 30000 games, alpha 0.05, epsilon 0.2 -> 0.02, reward margin; alpha_end 0.005, average 100
(best checkpoint kept by margin vs greedy; play it as linear:runs\linear\pass6\p6c_q_greedy_decay_s4.json@best)
live: runs\linear\pass6\p6c_q_greedy_decay_s4.json rewritten every 500 games (watch with ttr-dash --live runs\linear\pass6\p6c_q_greedy_decay_s4.json)
   500 games  eps 0.110  train win 0.00 margin -105.6  |td| 0.015  eval vs random win 0.98 (+125.5)  vs greedy win 0.00 (-93.8)  [20s]
  1000 games  eps 0.020  train win 0.01 margin  -80.2  |td| 0.012  eval vs random win 0.99 (+149.7)  vs greedy win 0.04 (-51.9)  [45s]
  1500 games  eps 0.020  train win 0.32 margin  -15.6  |td| 0.014  eval vs random win 1.00 (+134.9)  vs greedy win 0.39 (-9.4)  [72s]
  2000 games  eps 0.020  train win 0.37 margin  -10.0  |td| 0.012  eval vs random win 1.00 (+130.3)  vs greedy win 0.32 (-11.0)  [100s]
  2500 games  eps 0.020  train win 0.45 margin   -4.1  |td| 0.012  eval vs random win 1.00 (+142.9)  vs greedy win 0.47 (-2.4)  [128s]
  3000 games  eps 0.020  train win 0.50 margin   -1.6  |td| 0.012  eval vs random win 1.00 (+138.3)  vs greedy win 0.58 (+5.9)  [156s]
  3500 games  eps 0.020  train win 0.47 margin   -3.5  |td| 0.012  eval vs random win 1.00 (+146.3)  vs greedy win 0.49 (-2.2)  [184s]
  4000 games  eps 0.020  train win 0.37 margin   -9.3  |td| 0.011  eval vs random win 1.00 (+131.3)  vs greedy win 0.31 (-10.4)  [212s]
  4500 games  eps 0.020  train win 0.42 margin   -6.0  |td| 0.011  eval vs random win 1.00 (+142.4)  vs greedy win 0.41 (-6.6)  [238s]
  5000 games  eps 0.020  train win 0.47 margin   -4.9  |td| 0.011  eval vs random win 1.00 (+144.5)  vs greedy win 0.52 (+4.2)  [265s]
  5500 games  eps 0.020  train win 0.47 margin   -4.8  |td| 0.011  eval vs random win 1.00 (+136.5)  vs greedy win 0.40 (-6.6)  [292s]
  6000 games  eps 0.020  train win 0.43 margin   -6.6  |td| 0.011  eval vs random win 1.00 (+141.2)  vs greedy win 0.56 (+0.2)  [320s]
  6500 games  eps 0.020  train win 0.33 margin  -14.3  |td| 0.011  eval vs random win 1.00 (+143.6)  vs greedy win 0.49 (-2.7)  [347s]
  7000 games  eps 0.020  train win 0.30 margin  -19.3  |td| 0.011  eval vs random win 1.00 (+128.8)  vs greedy win 0.17 (-25.3)  [373s]
  7500 games  eps 0.020  train win 0.43 margin   -6.4  |td| 0.011  eval vs random win 1.00 (+138.2)  vs greedy win 0.37 (-12.8)  [399s]
  8000 games  eps 0.020  train win 0.36 margin  -10.1  |td| 0.010  eval vs random win 1.00 (+146.4)  vs greedy win 0.54 (+0.4)  [425s]
  8500 games  eps 0.020  train win 0.36 margin  -11.8  |td| 0.011  eval vs random win 1.00 (+146.4)  vs greedy win 0.54 (+4.6)  [451s]
  9000 games  eps 0.020  train win 0.32 margin  -12.9  |td| 0.010  eval vs random win 1.00 (+136.5)  vs greedy win 0.44 (-5.4)  [478s]
  9500 games  eps 0.020  train win 0.30 margin  -18.6  |td| 0.010  eval vs random win 1.00 (+131.0)  vs greedy win 0.45 (-7.3)  [504s]
 10000 games  eps 0.020  train win 0.41 margin   -9.0  |td| 0.010  eval vs random win 1.00 (+138.8)  vs greedy win 0.30 (-14.8)  [531s]
 10500 games  eps 0.020  train win 0.32 margin  -15.2  |td| 0.010  eval vs random win 1.00 (+145.9)  vs greedy win 0.55 (+4.9)  [558s]
 11000 games  eps 0.020  train win 0.35 margin   -9.5  |td| 0.010  eval vs random win 1.00 (+145.9)  vs greedy win 0.46 (-3.4)  [584s]
 11500 games  eps 0.020  train win 0.37 margin  -12.7  |td| 0.010  eval vs random win 1.00 (+134.7)  vs greedy win 0.30 (-19.0)  [610s]
 12000 games  eps 0.020  train win 0.38 margin  -10.2  |td| 0.010  eval vs random win 1.00 (+133.2)  vs greedy win 0.48 (-2.9)  [638s]
 12500 games  eps 0.020  train win 0.17 margin  -37.1  |td| 0.011  eval vs random win 1.00 (+138.8)  vs greedy win 0.35 (-10.0)  [664s]
 13000 games  eps 0.020  train win 0.45 margin   -3.0  |td| 0.010  eval vs random win 1.00 (+142.9)  vs greedy win 0.45 (-3.1)  [690s]
 13500 games  eps 0.020  train win 0.43 margin   -5.6  |td| 0.010  eval vs random win 1.00 (+149.3)  vs greedy win 0.53 (+2.6)  [717s]
 14000 games  eps 0.020  train win 0.36 margin  -12.8  |td| 0.010  eval vs random win 1.00 (+126.3)  vs greedy win 0.25 (-27.8)  [744s]
 14500 games  eps 0.020  train win 0.30 margin  -20.8  |td| 0.011  eval vs random win 1.00 (+146.5)  vs greedy win 0.61 (+7.5)  [771s]
 15000 games  eps 0.020  train win 0.40 margin   -9.4  |td| 0.010  eval vs random win 1.00 (+134.5)  vs greedy win 0.35 (-14.7)  [798s]
 15500 games  eps 0.020  train win 0.35 margin  -12.8  |td| 0.010  eval vs random win 1.00 (+141.3)  vs greedy win 0.53 (+0.9)  [824s]
 16000 games  eps 0.020  train win 0.39 margin   -9.3  |td| 0.010  eval vs random win 1.00 (+129.3)  vs greedy win 0.19 (-23.6)  [852s]
 16500 games  eps 0.020  train win 0.11 margin  -42.2  |td| 0.010  eval vs random win 1.00 (+134.6)  vs greedy win 0.28 (-18.2)  [877s]
 17000 games  eps 0.020  train win 0.46 margin   -3.2  |td| 0.011  eval vs random win 1.00 (+146.4)  vs greedy win 0.45 (-7.9)  [903s]
 17500 games  eps 0.020  train win 0.18 margin  -30.3  |td| 0.010  eval vs random win 1.00 (+125.8)  vs greedy win 0.27 (-16.5)  [929s]
 18000 games  eps 0.020  train win 0.51 margin   +0.3  |td| 0.010  eval vs random win 1.00 (+143.7)  vs greedy win 0.54 (+2.4)  [955s]
 18500 games  eps 0.020  train win 0.16 margin  -37.4  |td| 0.010  eval vs random win 0.98 (+127.3)  vs greedy win 0.06 (-46.9)  [981s]
 19000 games  eps 0.020  train win 0.32 margin  -17.2  |td| 0.011  eval vs random win 1.00 (+145.3)  vs greedy win 0.45 (-3.4)  [1007s]
 19500 games  eps 0.020  train win 0.44 margin   -4.0  |td| 0.010  eval vs random win 1.00 (+137.9)  vs greedy win 0.38 (-7.6)  [1033s]
 20000 games  eps 0.020  train win 0.20 margin  -24.4  |td| 0.009  eval vs random win 1.00 (+131.6)  vs greedy win 0.19 (-26.8)  [1060s]
 20500 games  eps 0.020  train win 0.39 margin   -9.1  |td| 0.010  eval vs random win 1.00 (+153.2)  vs greedy win 0.58 (+5.7)  [1086s]
 21000 games  eps 0.020  train win 0.51 margin   -0.5  |td| 0.010  eval vs random win 1.00 (+138.4)  vs greedy win 0.33 (-9.4)  [1114s]
 21500 games  eps 0.020  train win 0.14 margin  -37.2  |td| 0.009  eval vs random win 1.00 (+131.1)  vs greedy win 0.10 (-35.8)  [1141s]
 22000 games  eps 0.020  train win 0.24 margin  -23.7  |td| 0.011  eval vs random win 1.00 (+129.8)  vs greedy win 0.50 (-2.2)  [1165s]
 22500 games  eps 0.020  train win 0.50 margin   +1.7  |td| 0.010  eval vs random win 1.00 (+142.5)  vs greedy win 0.54 (+1.9)  [1192s]
 23000 games  eps 0.020  train win 0.25 margin  -21.4  |td| 0.009  eval vs random win 1.00 (+127.3)  vs greedy win 0.21 (-29.7)  [1219s]
 23500 games  eps 0.020  train win 0.12 margin  -40.9  |td| 0.009  eval vs random win 1.00 (+134.0)  vs greedy win 0.13 (-36.1)  [1245s]
 24000 games  eps 0.020  train win 0.19 margin  -27.1  |td| 0.010  eval vs random win 1.00 (+130.4)  vs greedy win 0.38 (-11.5)  [1270s]
 24500 games  eps 0.020  train win 0.51 margin   +2.5  |td| 0.010  eval vs random win 1.00 (+155.8)  vs greedy win 0.53 (+3.3)  [1297s]
 25000 games  eps 0.020  train win 0.47 margin   -3.1  |td| 0.009  eval vs random win 1.00 (+135.9)  vs greedy win 0.36 (-10.8)  [1323s]
 25500 games  eps 0.020  train win 0.29 margin  -16.3  |td| 0.009  eval vs random win 1.00 (+130.5)  vs greedy win 0.24 (-22.0)  [1350s]
 26000 games  eps 0.020  train win 0.26 margin  -19.0  |td| 0.009  eval vs random win 1.00 (+136.9)  vs greedy win 0.35 (-13.2)  [1376s]
 26500 games  eps 0.020  train win 0.40 margin   -8.7  |td| 0.009  eval vs random win 1.00 (+145.0)  vs greedy win 0.47 (-1.7)  [1403s]
 27000 games  eps 0.020  train win 0.35 margin   -9.6  |td| 0.009  eval vs random win 1.00 (+138.6)  vs greedy win 0.43 (-6.4)  [1429s]
 27500 games  eps 0.020  train win 0.34 margin  -13.2  |td| 0.009  eval vs random win 1.00 (+140.9)  vs greedy win 0.43 (-7.0)  [1454s]
 28000 games  eps 0.020  train win 0.33 margin  -14.3  |td| 0.009  eval vs random win 1.00 (+136.9)  vs greedy win 0.29 (-14.9)  [1478s]
 28500 games  eps 0.020  train win 0.31 margin  -15.2  |td| 0.009  eval vs random win 1.00 (+134.5)  vs greedy win 0.36 (-10.7)  [1503s]
 29000 games  eps 0.020  train win 0.29 margin  -15.3  |td| 0.009  eval vs random win 1.00 (+143.8)  vs greedy win 0.37 (-8.8)  [1527s]
 29500 games  eps 0.020  train win 0.36 margin  -11.0  |td| 0.009  eval vs random win 1.00 (+137.4)  vs greedy win 0.35 (-9.4)  [1550s]
 30000 games  eps 0.020  train win 0.34 margin  -11.6  |td| 0.009  eval vs random win 1.00 (+134.3)  vs greedy win 0.42 (-7.3)  [1573s]
saved runs\linear\pass6\p6c_q_greedy_decay_s4.json  (ttr-dash runs\linear\pass6\p6c_q_greedy_decay_s4.json to analyze)
