training q vs greedy: 30000 games, alpha 0.05, epsilon 0.2 -> 0.02, reward margin; alpha_end 0.005, average 100
(best checkpoint kept by margin vs greedy; play it as linear:runs\linear\pass6\p6c_q_greedy_decay_s2.json@best)
live: runs\linear\pass6\p6c_q_greedy_decay_s2.json rewritten every 500 games (watch with ttr-dash --live runs\linear\pass6\p6c_q_greedy_decay_s2.json)
   500 games  eps 0.110  train win 0.00 margin  -99.9  |td| 0.015  eval vs random win 0.98 (+125.0)  vs greedy win 0.00 (-95.4)  [18s]
  1000 games  eps 0.020  train win 0.01 margin  -85.2  |td| 0.012  eval vs random win 1.00 (+132.1)  vs greedy win 0.01 (-77.2)  [43s]
  1500 games  eps 0.020  train win 0.24 margin  -27.3  |td| 0.014  eval vs random win 1.00 (+132.8)  vs greedy win 0.29 (-18.7)  [69s]
  2000 games  eps 0.020  train win 0.35 margin  -11.1  |td| 0.012  eval vs random win 1.00 (+138.5)  vs greedy win 0.38 (-6.0)  [96s]
  2500 games  eps 0.020  train win 0.43 margin   -6.7  |td| 0.012  eval vs random win 1.00 (+141.2)  vs greedy win 0.50 (+0.1)  [125s]
  3000 games  eps 0.020  train win 0.38 margin   -9.7  |td| 0.011  eval vs random win 1.00 (+139.9)  vs greedy win 0.45 (+1.4)  [152s]
  3500 games  eps 0.020  train win 0.41 margin   -6.6  |td| 0.011  eval vs random win 1.00 (+139.2)  vs greedy win 0.51 (-2.7)  [180s]
  4000 games  eps 0.020  train win 0.38 margin   -9.0  |td| 0.011  eval vs random win 1.00 (+138.3)  vs greedy win 0.42 (-5.7)  [207s]
  4500 games  eps 0.020  train win 0.41 margin   -7.5  |td| 0.011  eval vs random win 1.00 (+138.6)  vs greedy win 0.44 (-6.2)  [234s]
  5000 games  eps 0.020  train win 0.47 margin   -1.6  |td| 0.011  eval vs random win 1.00 (+134.0)  vs greedy win 0.41 (-3.5)  [262s]
  5500 games  eps 0.020  train win 0.37 margin  -11.6  |td| 0.011  eval vs random win 1.00 (+140.3)  vs greedy win 0.42 (-4.2)  [289s]
  6000 games  eps 0.020  train win 0.34 margin  -12.3  |td| 0.011  eval vs random win 1.00 (+139.8)  vs greedy win 0.50 (-2.3)  [316s]
  6500 games  eps 0.020  train win 0.51 margin   +0.9  |td| 0.011  eval vs random win 1.00 (+141.1)  vs greedy win 0.48 (-1.7)  [343s]
  7000 games  eps 0.020  train win 0.38 margin   -9.9  |td| 0.010  eval vs random win 1.00 (+143.4)  vs greedy win 0.55 (+5.0)  [369s]
  7500 games  eps 0.020  train win 0.34 margin  -12.6  |td| 0.011  eval vs random win 1.00 (+142.4)  vs greedy win 0.42 (-5.8)  [397s]
  8000 games  eps 0.020  train win 0.37 margin  -10.3  |td| 0.010  eval vs random win 1.00 (+143.0)  vs greedy win 0.46 (-3.9)  [423s]
  8500 games  eps 0.020  train win 0.37 margin  -11.2  |td| 0.011  eval vs random win 1.00 (+141.3)  vs greedy win 0.56 (+2.0)  [450s]
  9000 games  eps 0.020  train win 0.41 margin   -8.7  |td| 0.010  eval vs random win 1.00 (+144.1)  vs greedy win 0.53 (+1.9)  [477s]
  9500 games  eps 0.020  train win 0.41 margin   -7.7  |td| 0.010  eval vs random win 1.00 (+138.6)  vs greedy win 0.37 (-6.2)  [504s]
 10000 games  eps 0.020  train win 0.39 margin  -10.8  |td| 0.010  eval vs random win 1.00 (+136.7)  vs greedy win 0.30 (-18.2)  [531s]
 10500 games  eps 0.020  train win 0.48 margin   -2.8  |td| 0.010  eval vs random win 1.00 (+144.3)  vs greedy win 0.55 (+5.8)  [558s]
 11000 games  eps 0.020  train win 0.30 margin  -16.5  |td| 0.010  eval vs random win 1.00 (+133.6)  vs greedy win 0.36 (-9.7)  [585s]
 11500 games  eps 0.020  train win 0.47 margin   -3.7  |td| 0.010  eval vs random win 1.00 (+139.0)  vs greedy win 0.44 (-5.7)  [612s]
 12000 games  eps 0.020  train win 0.22 margin  -27.2  |td| 0.010  eval vs random win 1.00 (+141.2)  vs greedy win 0.54 (+3.5)  [637s]
 12500 games  eps 0.020  train win 0.39 margin   -8.4  |td| 0.010  eval vs random win 1.00 (+134.0)  vs greedy win 0.24 (-16.8)  [664s]
 13000 games  eps 0.020  train win 0.28 margin  -19.6  |td| 0.010  eval vs random win 1.00 (+141.2)  vs greedy win 0.54 (+0.6)  [691s]
 13500 games  eps 0.020  train win 0.48 margin   -1.5  |td| 0.010  eval vs random win 1.00 (+138.2)  vs greedy win 0.42 (-4.0)  [718s]
 14000 games  eps 0.020  train win 0.28 margin  -18.3  |td| 0.009  eval vs random win 1.00 (+139.7)  vs greedy win 0.42 (-4.9)  [744s]
 14500 games  eps 0.020  train win 0.40 margin   -8.2  |td| 0.009  eval vs random win 1.00 (+142.9)  vs greedy win 0.34 (-11.4)  [770s]
 15000 games  eps 0.020  train win 0.20 margin  -26.9  |td| 0.009  eval vs random win 1.00 (+124.7)  vs greedy win 0.21 (-22.4)  [796s]
 15500 games  eps 0.020  train win 0.45 margin   -3.4  |td| 0.009  eval vs random win 1.00 (+143.1)  vs greedy win 0.50 (-0.7)  [823s]
 16000 games  eps 0.020  train win 0.19 margin  -28.4  |td| 0.009  eval vs random win 1.00 (+136.2)  vs greedy win 0.13 (-28.2)  [849s]
 16500 games  eps 0.020  train win 0.26 margin  -21.5  |td| 0.010  eval vs random win 1.00 (+133.9)  vs greedy win 0.45 (-3.7)  [876s]
 17000 games  eps 0.020  train win 0.40 margin   -7.6  |td| 0.009  eval vs random win 1.00 (+140.1)  vs greedy win 0.41 (-9.8)  [902s]
 17500 games  eps 0.020  train win 0.08 margin  -40.8  |td| 0.009  eval vs random win 0.98 (+122.2)  vs greedy win 0.15 (-34.2)  [928s]
 18000 games  eps 0.020  train win 0.47 margin   -2.1  |td| 0.011  eval vs random win 1.00 (+137.1)  vs greedy win 0.48 (+2.6)  [955s]
 18500 games  eps 0.020  train win 0.20 margin  -28.5  |td| 0.009  eval vs random win 1.00 (+131.0)  vs greedy win 0.19 (-30.7)  [981s]
 19000 games  eps 0.020  train win 0.32 margin  -13.9  |td| 0.010  eval vs random win 1.00 (+149.1)  vs greedy win 0.56 (+2.8)  [1008s]
 19500 games  eps 0.020  train win 0.43 margin   -7.0  |td| 0.009  eval vs random win 1.00 (+134.1)  vs greedy win 0.33 (-8.2)  [1033s]
 20000 games  eps 0.020  train win 0.17 margin  -32.3  |td| 0.009  eval vs random win 1.00 (+132.2)  vs greedy win 0.11 (-34.3)  [1059s]
 20500 games  eps 0.020  train win 0.10 margin  -38.4  |td| 0.009  eval vs random win 1.00 (+135.8)  vs greedy win 0.16 (-31.8)  [1084s]
 21000 games  eps 0.020  train win 0.41 margin   -7.9  |td| 0.010  eval vs random win 1.00 (+147.8)  vs greedy win 0.56 (+4.8)  [1110s]
 21500 games  eps 0.020  train win 0.34 margin  -12.8  |td| 0.010  eval vs random win 1.00 (+134.7)  vs greedy win 0.27 (-19.3)  [1138s]
 22000 games  eps 0.020  train win 0.05 margin  -55.2  |td| 0.010  eval vs random win 1.00 (+122.8)  vs greedy win 0.06 (-43.8)  [1163s]
 22500 games  eps 0.020  train win 0.41 margin   -6.9  |td| 0.012  eval vs random win 1.00 (+146.0)  vs greedy win 0.66 (+11.4)  [1190s]
 23000 games  eps 0.020  train win 0.47 margin   -1.9  |td| 0.010  eval vs random win 1.00 (+134.4)  vs greedy win 0.43 (-5.4)  [1217s]
 23500 games  eps 0.020  train win 0.26 margin  -17.3  |td| 0.009  eval vs random win 1.00 (+133.4)  vs greedy win 0.23 (-16.3)  [1244s]
 24000 games  eps 0.020  train win 0.18 margin  -23.3  |td| 0.009  eval vs random win 1.00 (+137.8)  vs greedy win 0.28 (-17.4)  [1270s]
 24500 games  eps 0.020  train win 0.30 margin  -16.8  |td| 0.009  eval vs random win 1.00 (+142.1)  vs greedy win 0.42 (-8.7)  [1296s]
 25000 games  eps 0.020  train win 0.45 margin   -3.8  |td| 0.009  eval vs random win 1.00 (+143.2)  vs greedy win 0.49 (+0.6)  [1323s]
 25500 games  eps 0.020  train win 0.46 margin   -3.1  |td| 0.009  eval vs random win 1.00 (+135.4)  vs greedy win 0.49 (+2.0)  [1350s]
 26000 games  eps 0.020  train win 0.40 margin   -9.1  |td| 0.009  eval vs random win 1.00 (+140.5)  vs greedy win 0.35 (-12.4)  [1375s]
 26500 games  eps 0.020  train win 0.28 margin  -17.6  |td| 0.009  eval vs random win 1.00 (+132.0)  vs greedy win 0.30 (-16.1)  [1403s]
 27000 games  eps 0.020  train win 0.28 margin  -18.1  |td| 0.009  eval vs random win 1.00 (+134.8)  vs greedy win 0.34 (-15.8)  [1429s]
 27500 games  eps 0.020  train win 0.38 margin  -10.9  |td| 0.009  eval vs random win 1.00 (+131.8)  vs greedy win 0.42 (-4.9)  [1455s]
 28000 games  eps 0.020  train win 0.42 margin   -6.5  |td| 0.009  eval vs random win 1.00 (+131.4)  vs greedy win 0.44 (-5.3)  [1482s]
 28500 games  eps 0.020  train win 0.44 margin   -4.2  |td| 0.009  eval vs random win 1.00 (+146.3)  vs greedy win 0.55 (+1.1)  [1509s]
 29000 games  eps 0.020  train win 0.39 margin   -7.8  |td| 0.009  eval vs random win 1.00 (+144.5)  vs greedy win 0.50 (-3.0)  [1536s]
 29500 games  eps 0.020  train win 0.34 margin  -11.7  |td| 0.009  eval vs random win 1.00 (+136.7)  vs greedy win 0.28 (-17.3)  [1561s]
 30000 games  eps 0.020  train win 0.34 margin  -12.9  |td| 0.009  eval vs random win 1.00 (+132.2)  vs greedy win 0.36 (-11.4)  [1587s]
saved runs\linear\pass6\p6c_q_greedy_decay_s2.json  (ttr-dash runs\linear\pass6\p6c_q_greedy_decay_s2.json to analyze)
