training q vs greedy: 30000 games, alpha 0.05, epsilon 0.2 -> 0.02, reward margin; alpha_end 0.005, average 100
(best checkpoint kept by margin vs greedy; play it as linear:runs\linear\pass6\p6c_q_greedy_decay_s3.json@best)
live: runs\linear\pass6\p6c_q_greedy_decay_s3.json rewritten every 500 games (watch with ttr-dash --live runs\linear\pass6\p6c_q_greedy_decay_s3.json)
   500 games  eps 0.110  train win 0.00 margin  -99.9  |td| 0.015  eval vs random win 0.97 (+126.5)  vs greedy win 0.00 (-86.9)  [20s]
  1000 games  eps 0.020  train win 0.01 margin  -87.8  |td| 0.012  eval vs random win 1.00 (+135.3)  vs greedy win 0.00 (-79.4)  [44s]
  1500 games  eps 0.020  train win 0.28 margin  -24.3  |td| 0.014  eval vs random win 1.00 (+133.1)  vs greedy win 0.31 (-16.0)  [69s]
  2000 games  eps 0.020  train win 0.31 margin  -13.6  |td| 0.012  eval vs random win 1.00 (+135.2)  vs greedy win 0.39 (-8.6)  [97s]
  2500 games  eps 0.020  train win 0.44 margin   -4.2  |td| 0.012  eval vs random win 1.00 (+141.6)  vs greedy win 0.50 (-1.7)  [123s]
  3000 games  eps 0.020  train win 0.40 margin   -7.8  |td| 0.011  eval vs random win 1.00 (+136.3)  vs greedy win 0.49 (-1.9)  [150s]
  3500 games  eps 0.020  train win 0.32 margin  -14.7  |td| 0.012  eval vs random win 1.00 (+135.4)  vs greedy win 0.32 (-13.0)  [176s]
  4000 games  eps 0.020  train win 0.45 margin   -3.1  |td| 0.012  eval vs random win 1.00 (+139.2)  vs greedy win 0.48 (-4.6)  [202s]
  4500 games  eps 0.020  train win 0.41 margin   -7.2  |td| 0.012  eval vs random win 1.00 (+139.6)  vs greedy win 0.41 (-6.9)  [230s]
  5000 games  eps 0.020  train win 0.39 margin  -12.4  |td| 0.011  eval vs random win 1.00 (+136.3)  vs greedy win 0.44 (-5.9)  [256s]
  5500 games  eps 0.020  train win 0.39 margin   -9.1  |td| 0.011  eval vs random win 1.00 (+139.8)  vs greedy win 0.35 (-8.4)  [282s]
  6000 games  eps 0.020  train win 0.39 margin   -8.4  |td| 0.011  eval vs random win 1.00 (+135.7)  vs greedy win 0.46 (-3.0)  [308s]
  6500 games  eps 0.020  train win 0.35 margin   -9.7  |td| 0.011  eval vs random win 1.00 (+134.9)  vs greedy win 0.44 (-6.6)  [335s]
  7000 games  eps 0.020  train win 0.34 margin  -13.7  |td| 0.011  eval vs random win 1.00 (+137.1)  vs greedy win 0.27 (-20.8)  [363s]
  7500 games  eps 0.020  train win 0.35 margin  -13.2  |td| 0.011  eval vs random win 1.00 (+150.8)  vs greedy win 0.56 (+3.2)  [390s]
  8000 games  eps 0.020  train win 0.40 margin   -8.3  |td| 0.011  eval vs random win 1.00 (+147.2)  vs greedy win 0.55 (+2.6)  [417s]
  8500 games  eps 0.020  train win 0.35 margin  -13.3  |td| 0.010  eval vs random win 1.00 (+129.8)  vs greedy win 0.37 (-12.5)  [445s]
  9000 games  eps 0.020  train win 0.49 margin   -1.1  |td| 0.010  eval vs random win 1.00 (+141.6)  vs greedy win 0.46 (-3.5)  [471s]
  9500 games  eps 0.020  train win 0.26 margin  -23.4  |td| 0.011  eval vs random win 1.00 (+139.4)  vs greedy win 0.58 (+1.8)  [498s]
 10000 games  eps 0.020  train win 0.39 margin   -6.7  |td| 0.010  eval vs random win 1.00 (+138.0)  vs greedy win 0.49 (-3.5)  [525s]
 10500 games  eps 0.020  train win 0.40 margin  -10.0  |td| 0.010  eval vs random win 1.00 (+134.0)  vs greedy win 0.36 (-5.0)  [552s]
 11000 games  eps 0.020  train win 0.38 margin  -10.1  |td| 0.010  eval vs random win 1.00 (+146.1)  vs greedy win 0.54 (+3.7)  [579s]
 11500 games  eps 0.020  train win 0.31 margin  -13.2  |td| 0.009  eval vs random win 1.00 (+136.2)  vs greedy win 0.44 (-7.5)  [605s]
 12000 games  eps 0.020  train win 0.32 margin  -17.5  |td| 0.010  eval vs random win 1.00 (+130.3)  vs greedy win 0.08 (-37.8)  [632s]
 12500 games  eps 0.020  train win 0.35 margin  -14.7  |td| 0.010  eval vs random win 1.00 (+142.8)  vs greedy win 0.57 (+5.1)  [660s]
 13000 games  eps 0.020  train win 0.42 margin   -5.2  |td| 0.010  eval vs random win 1.00 (+136.7)  vs greedy win 0.50 (-2.0)  [687s]
 13500 games  eps 0.020  train win 0.34 margin  -14.3  |td| 0.009  eval vs random win 1.00 (+125.9)  vs greedy win 0.19 (-26.0)  [713s]
 14000 games  eps 0.020  train win 0.44 margin   -5.1  |td| 0.010  eval vs random win 1.00 (+146.5)  vs greedy win 0.49 (+1.6)  [741s]
 14500 games  eps 0.020  train win 0.20 margin  -28.3  |td| 0.010  eval vs random win 1.00 (+136.3)  vs greedy win 0.27 (-16.9)  [767s]
 15000 games  eps 0.020  train win 0.45 margin   -2.9  |td| 0.011  eval vs random win 1.00 (+139.2)  vs greedy win 0.45 (-4.2)  [794s]
 15500 games  eps 0.020  train win 0.41 margin   -4.5  |td| 0.010  eval vs random win 1.00 (+145.2)  vs greedy win 0.57 (+5.5)  [821s]
 16000 games  eps 0.020  train win 0.37 margin  -10.1  |td| 0.009  eval vs random win 1.00 (+141.7)  vs greedy win 0.31 (-14.0)  [847s]
 16500 games  eps 0.020  train win 0.43 margin   -5.0  |td| 0.010  eval vs random win 1.00 (+135.3)  vs greedy win 0.47 (-0.4)  [875s]
 17000 games  eps 0.020  train win 0.34 margin  -12.2  |td| 0.009  eval vs random win 1.00 (+145.7)  vs greedy win 0.33 (-14.7)  [902s]
 17500 games  eps 0.020  train win 0.21 margin  -24.8  |td| 0.010  eval vs random win 1.00 (+137.0)  vs greedy win 0.39 (-9.5)  [928s]
 18000 games  eps 0.020  train win 0.51 margin   +0.7  |td| 0.010  eval vs random win 1.00 (+139.9)  vs greedy win 0.58 (+3.4)  [956s]
 18500 games  eps 0.020  train win 0.35 margin  -15.2  |td| 0.010  eval vs random win 1.00 (+127.3)  vs greedy win 0.25 (-25.3)  [983s]
 19000 games  eps 0.020  train win 0.16 margin  -33.7  |td| 0.010  eval vs random win 1.00 (+143.3)  vs greedy win 0.50 (-2.6)  [1010s]
 19500 games  eps 0.020  train win 0.48 margin   -0.1  |td| 0.010  eval vs random win 1.00 (+144.4)  vs greedy win 0.42 (-3.2)  [1037s]
 20000 games  eps 0.020  train win 0.22 margin  -25.9  |td| 0.010  eval vs random win 1.00 (+133.0)  vs greedy win 0.28 (-18.8)  [1062s]
 20500 games  eps 0.020  train win 0.41 margin   -7.2  |td| 0.010  eval vs random win 1.00 (+146.4)  vs greedy win 0.62 (+6.2)  [1089s]
 21000 games  eps 0.020  train win 0.40 margin   -6.5  |td| 0.010  eval vs random win 1.00 (+133.1)  vs greedy win 0.33 (-13.6)  [1116s]
 21500 games  eps 0.020  train win 0.09 margin  -42.0  |td| 0.009  eval vs random win 1.00 (+129.4)  vs greedy win 0.07 (-44.8)  [1142s]
 22000 games  eps 0.020  train win 0.25 margin  -22.3  |td| 0.010  eval vs random win 1.00 (+133.8)  vs greedy win 0.55 (+2.5)  [1169s]
 22500 games  eps 0.020  train win 0.45 margin   -3.0  |td| 0.010  eval vs random win 1.00 (+137.3)  vs greedy win 0.37 (-6.4)  [1196s]
 23000 games  eps 0.020  train win 0.41 margin   -7.2  |td| 0.009  eval vs random win 1.00 (+136.8)  vs greedy win 0.39 (-6.9)  [1224s]
 23500 games  eps 0.020  train win 0.13 margin  -34.0  |td| 0.009  eval vs random win 1.00 (+134.7)  vs greedy win 0.15 (-31.5)  [1250s]
 24000 games  eps 0.020  train win 0.13 margin  -33.6  |td| 0.009  eval vs random win 1.00 (+134.2)  vs greedy win 0.13 (-25.8)  [1277s]
 24500 games  eps 0.020  train win 0.24 margin  -21.4  |td| 0.010  eval vs random win 1.00 (+137.4)  vs greedy win 0.39 (-9.1)  [1304s]
 25000 games  eps 0.020  train win 0.53 margin   +2.5  |td| 0.010  eval vs random win 1.00 (+144.9)  vs greedy win 0.57 (+5.0)  [1330s]
 25500 games  eps 0.020  train win 0.41 margin   -7.6  |td| 0.009  eval vs random win 1.00 (+134.1)  vs greedy win 0.28 (-15.2)  [1358s]
 26000 games  eps 0.020  train win 0.13 margin  -39.7  |td| 0.009  eval vs random win 1.00 (+128.2)  vs greedy win 0.07 (-48.8)  [1385s]
 26500 games  eps 0.020  train win 0.08 margin  -39.2  |td| 0.009  eval vs random win 1.00 (+133.7)  vs greedy win 0.11 (-33.6)  [1410s]
 27000 games  eps 0.020  train win 0.12 margin  -30.9  |td| 0.009  eval vs random win 1.00 (+128.8)  vs greedy win 0.21 (-24.8)  [1437s]
 27500 games  eps 0.020  train win 0.18 margin  -25.4  |td| 0.009  eval vs random win 1.00 (+137.3)  vs greedy win 0.28 (-21.2)  [1463s]
 28000 games  eps 0.020  train win 0.18 margin  -25.2  |td| 0.009  eval vs random win 1.00 (+143.5)  vs greedy win 0.16 (-24.9)  [1490s]
 28500 games  eps 0.020  train win 0.21 margin  -22.9  |td| 0.009  eval vs random win 1.00 (+136.7)  vs greedy win 0.30 (-20.2)  [1516s]
 29000 games  eps 0.020  train win 0.23 margin  -20.3  |td| 0.009  eval vs random win 1.00 (+135.1)  vs greedy win 0.23 (-19.0)  [1543s]
 29500 games  eps 0.020  train win 0.23 margin  -22.2  |td| 0.009  eval vs random win 1.00 (+139.9)  vs greedy win 0.20 (-24.7)  [1569s]
 30000 games  eps 0.020  train win 0.18 margin  -25.9  |td| 0.009  eval vs random win 1.00 (+139.7)  vs greedy win 0.20 (-23.6)  [1596s]
saved runs\linear\pass6\p6c_q_greedy_decay_s3.json  (ttr-dash runs\linear\pass6\p6c_q_greedy_decay_s3.json to analyze)
