training sarsa vs greedy: 30000 games, alpha 0.05, epsilon 0.2 -> 0.02, reward margin; alpha_end 0.005, average 100
(best checkpoint kept by margin vs greedy; play it as linear:runs\linear\pass6\p6d_sarsa_greedy_decay_s2.json@best)
live: runs\linear\pass6\p6d_sarsa_greedy_decay_s2.json rewritten every 500 games (watch with ttr-dash --live runs\linear\pass6\p6d_sarsa_greedy_decay_s2.json)
   500 games  eps 0.110  train win 0.00 margin -103.1  |td| 0.016  eval vs random win 0.99 (+121.7)  vs greedy win 0.00 (-91.5)  [19s]
  1000 games  eps 0.020  train win 0.00 margin  -88.4  |td| 0.012  eval vs random win 0.98 (+127.3)  vs greedy win 0.00 (-86.8)  [44s]
  1500 games  eps 0.020  train win 0.14 margin  -52.2  |td| 0.013  eval vs random win 1.00 (+142.5)  vs greedy win 0.27 (-19.1)  [68s]
  2000 games  eps 0.020  train win 0.29 margin  -17.7  |td| 0.013  eval vs random win 1.00 (+126.6)  vs greedy win 0.48 (-2.3)  [95s]
  2500 games  eps 0.020  train win 0.36 margin  -10.7  |td| 0.012  eval vs random win 1.00 (+141.3)  vs greedy win 0.53 (-2.7)  [123s]
  3000 games  eps 0.020  train win 0.40 margin   -9.0  |td| 0.013  eval vs random win 1.00 (+136.5)  vs greedy win 0.36 (-8.0)  [149s]
  3500 games  eps 0.020  train win 0.35 margin  -12.1  |td| 0.012  eval vs random win 1.00 (+142.8)  vs greedy win 0.45 (-4.8)  [176s]
  4000 games  eps 0.020  train win 0.42 margin   -6.9  |td| 0.012  eval vs random win 1.00 (+140.6)  vs greedy win 0.31 (-11.4)  [202s]
  4500 games  eps 0.020  train win 0.35 margin  -13.6  |td| 0.012  eval vs random win 1.00 (+132.6)  vs greedy win 0.33 (-12.0)  [228s]
  5000 games  eps 0.020  train win 0.33 margin  -11.1  |td| 0.011  eval vs random win 1.00 (+126.8)  vs greedy win 0.33 (-11.7)  [255s]
  5500 games  eps 0.020  train win 0.30 margin  -14.0  |td| 0.011  eval vs random win 1.00 (+133.9)  vs greedy win 0.34 (-11.8)  [281s]
  6000 games  eps 0.020  train win 0.34 margin  -12.0  |td| 0.011  eval vs random win 1.00 (+133.4)  vs greedy win 0.44 (-6.8)  [308s]
  6500 games  eps 0.020  train win 0.33 margin  -15.1  |td| 0.011  eval vs random win 1.00 (+137.9)  vs greedy win 0.25 (-17.1)  [334s]
  7000 games  eps 0.020  train win 0.21 margin  -25.3  |td| 0.011  eval vs random win 1.00 (+130.5)  vs greedy win 0.40 (-5.1)  [359s]
  7500 games  eps 0.020  train win 0.29 margin  -16.1  |td| 0.010  eval vs random win 1.00 (+139.7)  vs greedy win 0.28 (-16.2)  [386s]
  8000 games  eps 0.020  train win 0.32 margin  -14.3  |td| 0.011  eval vs random win 1.00 (+140.6)  vs greedy win 0.28 (-13.2)  [412s]
  8500 games  eps 0.020  train win 0.23 margin  -23.1  |td| 0.010  eval vs random win 1.00 (+132.7)  vs greedy win 0.33 (-11.1)  [438s]
  9000 games  eps 0.020  train win 0.24 margin  -19.4  |td| 0.010  eval vs random win 1.00 (+134.7)  vs greedy win 0.25 (-16.0)  [464s]
  9500 games  eps 0.020  train win 0.28 margin  -17.4  |td| 0.010  eval vs random win 1.00 (+132.2)  vs greedy win 0.18 (-23.4)  [490s]
 10000 games  eps 0.020  train win 0.10 margin  -37.0  |td| 0.010  eval vs random win 1.00 (+134.4)  vs greedy win 0.17 (-26.8)  [515s]
 10500 games  eps 0.020  train win 0.35 margin  -12.5  |td| 0.011  eval vs random win 1.00 (+138.3)  vs greedy win 0.36 (-12.9)  [541s]
 11000 games  eps 0.020  train win 0.22 margin  -23.5  |td| 0.010  eval vs random win 1.00 (+135.6)  vs greedy win 0.10 (-27.3)  [569s]
 11500 games  eps 0.020  train win 0.14 margin  -33.4  |td| 0.010  eval vs random win 1.00 (+134.7)  vs greedy win 0.17 (-29.9)  [594s]
 12000 games  eps 0.020  train win 0.29 margin  -15.4  |td| 0.010  eval vs random win 1.00 (+137.3)  vs greedy win 0.36 (-6.1)  [621s]
 12500 games  eps 0.020  train win 0.23 margin  -24.3  |td| 0.010  eval vs random win 1.00 (+137.3)  vs greedy win 0.14 (-31.7)  [648s]
 13000 games  eps 0.020  train win 0.08 margin  -45.6  |td| 0.010  eval vs random win 1.00 (+124.7)  vs greedy win 0.16 (-31.7)  [672s]
 13500 games  eps 0.020  train win 0.31 margin  -15.5  |td| 0.011  eval vs random win 1.00 (+135.9)  vs greedy win 0.28 (-16.6)  [699s]
 14000 games  eps 0.020  train win 0.13 margin  -39.1  |td| 0.010  eval vs random win 1.00 (+135.1)  vs greedy win 0.02 (-54.4)  [724s]
 14500 games  eps 0.020  train win 0.09 margin  -40.1  |td| 0.010  eval vs random win 1.00 (+130.3)  vs greedy win 0.25 (-21.0)  [750s]
 15000 games  eps 0.020  train win 0.25 margin  -24.0  |td| 0.011  eval vs random win 1.00 (+150.6)  vs greedy win 0.16 (-28.6)  [776s]
 15500 games  eps 0.020  train win 0.06 margin  -45.0  |td| 0.010  eval vs random win 1.00 (+129.9)  vs greedy win 0.07 (-37.4)  [802s]
 16000 games  eps 0.020  train win 0.22 margin  -24.1  |td| 0.011  eval vs random win 1.00 (+132.9)  vs greedy win 0.40 (-8.6)  [829s]
 16500 games  eps 0.020  train win 0.33 margin  -11.9  |td| 0.010  eval vs random win 1.00 (+141.5)  vs greedy win 0.35 (-11.2)  [855s]
 17000 games  eps 0.020  train win 0.16 margin  -33.7  |td| 0.010  eval vs random win 0.99 (+130.2)  vs greedy win 0.11 (-38.2)  [881s]
 17500 games  eps 0.020  train win 0.11 margin  -42.6  |td| 0.010  eval vs random win 1.00 (+126.5)  vs greedy win 0.27 (-15.4)  [907s]
 18000 games  eps 0.020  train win 0.41 margin   -7.0  |td| 0.010  eval vs random win 1.00 (+139.1)  vs greedy win 0.50 (-0.2)  [934s]
 18500 games  eps 0.020  train win 0.21 margin  -23.5  |td| 0.010  eval vs random win 1.00 (+130.9)  vs greedy win 0.22 (-23.1)  [960s]
 19000 games  eps 0.020  train win 0.18 margin  -25.3  |td| 0.010  eval vs random win 1.00 (+128.0)  vs greedy win 0.37 (-14.7)  [987s]
 19500 games  eps 0.020  train win 0.27 margin  -16.6  |td| 0.010  eval vs random win 1.00 (+134.8)  vs greedy win 0.35 (-11.8)  [1013s]
 20000 games  eps 0.020  train win 0.36 margin  -11.9  |td| 0.010  eval vs random win 1.00 (+135.6)  vs greedy win 0.33 (-14.0)  [1040s]
 20500 games  eps 0.020  train win 0.27 margin  -17.3  |td| 0.009  eval vs random win 1.00 (+136.5)  vs greedy win 0.19 (-24.7)  [1066s]
 21000 games  eps 0.020  train win 0.09 margin  -39.3  |td| 0.009  eval vs random win 1.00 (+130.1)  vs greedy win 0.09 (-33.0)  [1092s]
 21500 games  eps 0.020  train win 0.09 margin  -39.3  |td| 0.010  eval vs random win 1.00 (+129.1)  vs greedy win 0.13 (-31.6)  [1118s]
 22000 games  eps 0.020  train win 0.07 margin  -42.6  |td| 0.010  eval vs random win 1.00 (+125.3)  vs greedy win 0.14 (-30.5)  [1144s]
 22500 games  eps 0.020  train win 0.07 margin  -43.1  |td| 0.010  eval vs random win 1.00 (+119.5)  vs greedy win 0.05 (-49.3)  [1171s]
 23000 games  eps 0.020  train win 0.05 margin  -49.0  |td| 0.009  eval vs random win 1.00 (+123.7)  vs greedy win 0.07 (-45.5)  [1197s]
 23500 games  eps 0.020  train win 0.05 margin  -47.2  |td| 0.009  eval vs random win 0.99 (+126.0)  vs greedy win 0.05 (-35.5)  [1222s]
 24000 games  eps 0.020  train win 0.16 margin  -29.6  |td| 0.010  eval vs random win 1.00 (+138.3)  vs greedy win 0.24 (-24.4)  [1249s]
 24500 games  eps 0.020  train win 0.16 margin  -28.5  |td| 0.010  eval vs random win 1.00 (+138.8)  vs greedy win 0.20 (-21.0)  [1276s]
 25000 games  eps 0.020  train win 0.14 margin  -31.4  |td| 0.010  eval vs random win 1.00 (+121.7)  vs greedy win 0.09 (-35.0)  [1302s]
 25500 games  eps 0.020  train win 0.08 margin  -42.6  |td| 0.009  eval vs random win 1.00 (+126.5)  vs greedy win 0.08 (-45.0)  [1328s]
 26000 games  eps 0.020  train win 0.03 margin  -51.5  |td| 0.009  eval vs random win 1.00 (+132.4)  vs greedy win 0.04 (-48.3)  [1354s]
 26500 games  eps 0.020  train win 0.08 margin  -37.9  |td| 0.010  eval vs random win 1.00 (+136.8)  vs greedy win 0.12 (-32.1)  [1380s]
 27000 games  eps 0.020  train win 0.15 margin  -29.5  |td| 0.010  eval vs random win 1.00 (+139.2)  vs greedy win 0.17 (-26.2)  [1407s]
 27500 games  eps 0.020  train win 0.17 margin  -29.6  |td| 0.009  eval vs random win 1.00 (+129.7)  vs greedy win 0.16 (-30.9)  [1433s]
 28000 games  eps 0.020  train win 0.15 margin  -31.2  |td| 0.010  eval vs random win 1.00 (+132.6)  vs greedy win 0.19 (-29.3)  [1459s]
 28500 games  eps 0.020  train win 0.11 margin  -37.1  |td| 0.009  eval vs random win 0.99 (+130.1)  vs greedy win 0.14 (-36.8)  [1485s]
 29000 games  eps 0.020  train win 0.11 margin  -34.4  |td| 0.009  eval vs random win 1.00 (+126.7)  vs greedy win 0.15 (-31.8)  [1512s]
 29500 games  eps 0.020  train win 0.13 margin  -33.1  |td| 0.010  eval vs random win 1.00 (+137.9)  vs greedy win 0.12 (-33.7)  [1537s]
 30000 games  eps 0.020  train win 0.12 margin  -33.3  |td| 0.009  eval vs random win 1.00 (+130.0)  vs greedy win 0.13 (-31.7)  [1563s]
saved runs\linear\pass6\p6d_sarsa_greedy_decay_s2.json  (ttr-dash runs\linear\pass6\p6d_sarsa_greedy_decay_s2.json to analyze)
