training sarsa vs greedy: 30000 games, alpha 0.05, epsilon 0.2 -> 0.02, reward margin; alpha_end 0.005, average 100
(best checkpoint kept by margin vs greedy; play it as linear:runs\linear\pass6\p6d_sarsa_greedy_decay_s0.json@best)
live: runs\linear\pass6\p6d_sarsa_greedy_decay_s0.json rewritten every 500 games (watch with ttr-dash --live runs\linear\pass6\p6d_sarsa_greedy_decay_s0.json)
   500 games  eps 0.110  train win 0.00 margin -113.1  |td| 0.021  eval vs random win 0.99 (+125.7)  vs greedy win 0.00 (-86.2)  [23s]
  1000 games  eps 0.020  train win 0.00 margin  -93.0  |td| 0.014  eval vs random win 0.99 (+138.7)  vs greedy win 0.00 (-93.3)  [50s]
  1500 games  eps 0.020  train win 0.00 margin  -88.2  |td| 0.012  eval vs random win 1.00 (+131.7)  vs greedy win 0.00 (-85.1)  [76s]
  2000 games  eps 0.020  train win 0.01 margin  -75.1  |td| 0.011  eval vs random win 1.00 (+127.9)  vs greedy win 0.05 (-54.0)  [102s]
  2500 games  eps 0.020  train win 0.27 margin  -17.6  |td| 0.013  eval vs random win 1.00 (+136.1)  vs greedy win 0.34 (-11.5)  [130s]
  3000 games  eps 0.020  train win 0.29 margin  -18.0  |td| 0.012  eval vs random win 1.00 (+124.4)  vs greedy win 0.40 (-12.2)  [158s]
  3500 games  eps 0.020  train win 0.33 margin  -12.8  |td| 0.012  eval vs random win 1.00 (+138.5)  vs greedy win 0.38 (-8.6)  [188s]
  4000 games  eps 0.020  train win 0.29 margin  -16.3  |td| 0.012  eval vs random win 1.00 (+131.7)  vs greedy win 0.44 (-4.8)  [217s]
  4500 games  eps 0.020  train win 0.37 margin  -10.4  |td| 0.011  eval vs random win 1.00 (+137.8)  vs greedy win 0.44 (-7.1)  [246s]
  5000 games  eps 0.020  train win 0.38 margin   -8.7  |td| 0.011  eval vs random win 1.00 (+134.3)  vs greedy win 0.43 (-4.3)  [276s]
  5500 games  eps 0.020  train win 0.34 margin  -12.4  |td| 0.011  eval vs random win 1.00 (+142.4)  vs greedy win 0.44 (-8.0)  [305s]
  6000 games  eps 0.020  train win 0.35 margin  -13.3  |td| 0.011  eval vs random win 1.00 (+126.1)  vs greedy win 0.24 (-22.0)  [334s]
  6500 games  eps 0.020  train win 0.28 margin  -17.7  |td| 0.011  eval vs random win 1.00 (+133.5)  vs greedy win 0.37 (-9.5)  [362s]
  7000 games  eps 0.020  train win 0.31 margin  -14.0  |td| 0.011  eval vs random win 1.00 (+139.1)  vs greedy win 0.34 (-12.6)  [391s]
  7500 games  eps 0.020  train win 0.26 margin  -19.5  |td| 0.010  eval vs random win 1.00 (+135.2)  vs greedy win 0.25 (-15.8)  [420s]
  8000 games  eps 0.020  train win 0.29 margin  -17.1  |td| 0.011  eval vs random win 1.00 (+138.9)  vs greedy win 0.28 (-12.5)  [448s]
  8500 games  eps 0.020  train win 0.29 margin  -17.9  |td| 0.011  eval vs random win 1.00 (+135.8)  vs greedy win 0.50 (-3.2)  [476s]
  9000 games  eps 0.020  train win 0.26 margin  -17.7  |td| 0.010  eval vs random win 1.00 (+138.6)  vs greedy win 0.32 (-12.8)  [504s]
  9500 games  eps 0.020  train win 0.35 margin  -10.3  |td| 0.010  eval vs random win 1.00 (+136.3)  vs greedy win 0.43 (-7.5)  [533s]
 10000 games  eps 0.020  train win 0.24 margin  -19.3  |td| 0.010  eval vs random win 1.00 (+137.4)  vs greedy win 0.30 (-15.0)  [561s]
 10500 games  eps 0.020  train win 0.34 margin  -12.3  |td| 0.011  eval vs random win 1.00 (+131.9)  vs greedy win 0.32 (-15.3)  [588s]
 11000 games  eps 0.020  train win 0.19 margin  -25.0  |td| 0.010  eval vs random win 1.00 (+140.8)  vs greedy win 0.21 (-21.4)  [617s]
 11500 games  eps 0.020  train win 0.28 margin  -16.9  |td| 0.010  eval vs random win 1.00 (+130.5)  vs greedy win 0.28 (-15.0)  [645s]
 12000 games  eps 0.020  train win 0.14 margin  -35.9  |td| 0.010  eval vs random win 1.00 (+126.9)  vs greedy win 0.25 (-22.3)  [672s]
 12500 games  eps 0.020  train win 0.29 margin  -16.8  |td| 0.011  eval vs random win 1.00 (+141.8)  vs greedy win 0.18 (-24.1)  [701s]
 13000 games  eps 0.020  train win 0.12 margin  -39.8  |td| 0.011  eval vs random win 1.00 (+134.4)  vs greedy win 0.24 (-22.5)  [727s]
 13500 games  eps 0.020  train win 0.35 margin  -12.4  |td| 0.010  eval vs random win 1.00 (+138.9)  vs greedy win 0.24 (-16.1)  [757s]
 14000 games  eps 0.020  train win 0.13 margin  -38.3  |td| 0.011  eval vs random win 1.00 (+132.3)  vs greedy win 0.15 (-30.3)  [784s]
 14500 games  eps 0.020  train win 0.32 margin  -13.3  |td| 0.011  eval vs random win 1.00 (+146.0)  vs greedy win 0.46 (-5.3)  [811s]
 15000 games  eps 0.020  train win 0.20 margin  -24.8  |td| 0.010  eval vs random win 1.00 (+132.4)  vs greedy win 0.28 (-23.8)  [840s]
 15500 games  eps 0.020  train win 0.30 margin  -14.2  |td| 0.011  eval vs random win 1.00 (+141.2)  vs greedy win 0.28 (-18.5)  [868s]
 16000 games  eps 0.020  train win 0.13 margin  -34.5  |td| 0.010  eval vs random win 0.99 (+127.7)  vs greedy win 0.13 (-39.4)  [896s]
 16500 games  eps 0.020  train win 0.12 margin  -35.5  |td| 0.011  eval vs random win 1.00 (+126.4)  vs greedy win 0.22 (-19.9)  [923s]
 17000 games  eps 0.020  train win 0.36 margin  -10.8  |td| 0.011  eval vs random win 1.00 (+143.7)  vs greedy win 0.29 (-11.7)  [951s]
 17500 games  eps 0.020  train win 0.15 margin  -33.7  |td| 0.010  eval vs random win 1.00 (+120.3)  vs greedy win 0.08 (-38.3)  [979s]
 18000 games  eps 0.020  train win 0.09 margin  -44.6  |td| 0.010  eval vs random win 1.00 (+131.0)  vs greedy win 0.23 (-19.9)  [1007s]
 18500 games  eps 0.020  train win 0.29 margin  -16.1  |td| 0.011  eval vs random win 1.00 (+139.6)  vs greedy win 0.34 (-13.2)  [1035s]
 19000 games  eps 0.020  train win 0.23 margin  -21.7  |td| 0.010  eval vs random win 1.00 (+135.7)  vs greedy win 0.25 (-17.8)  [1063s]
 19500 games  eps 0.020  train win 0.24 margin  -21.3  |td| 0.010  eval vs random win 1.00 (+128.4)  vs greedy win 0.34 (-15.2)  [1090s]
 20000 games  eps 0.020  train win 0.25 margin  -19.1  |td| 0.010  eval vs random win 1.00 (+144.2)  vs greedy win 0.33 (-13.7)  [1116s]
 20500 games  eps 0.020  train win 0.26 margin  -20.5  |td| 0.010  eval vs random win 1.00 (+138.1)  vs greedy win 0.24 (-22.2)  [1142s]
 21000 games  eps 0.020  train win 0.10 margin  -37.5  |td| 0.010  eval vs random win 1.00 (+120.4)  vs greedy win 0.07 (-44.4)  [1167s]
 21500 games  eps 0.020  train win 0.05 margin  -54.0  |td| 0.009  eval vs random win 1.00 (+119.5)  vs greedy win 0.02 (-52.0)  [1193s]
 22000 games  eps 0.020  train win 0.17 margin  -29.7  |td| 0.011  eval vs random win 0.99 (+131.2)  vs greedy win 0.38 (-11.3)  [1218s]
 22500 games  eps 0.020  train win 0.37 margin   -8.1  |td| 0.010  eval vs random win 1.00 (+140.1)  vs greedy win 0.39 (-6.0)  [1244s]
 23000 games  eps 0.020  train win 0.35 margin  -10.4  |td| 0.010  eval vs random win 1.00 (+133.1)  vs greedy win 0.32 (-16.9)  [1272s]
 23500 games  eps 0.020  train win 0.15 margin  -32.5  |td| 0.009  eval vs random win 1.00 (+128.4)  vs greedy win 0.03 (-42.7)  [1297s]
 24000 games  eps 0.020  train win 0.04 margin  -51.6  |td| 0.009  eval vs random win 1.00 (+124.2)  vs greedy win 0.05 (-49.8)  [1322s]
 24500 games  eps 0.020  train win 0.07 margin  -41.3  |td| 0.010  eval vs random win 1.00 (+123.9)  vs greedy win 0.06 (-41.2)  [1348s]
 25000 games  eps 0.020  train win 0.10 margin  -33.8  |td| 0.010  eval vs random win 1.00 (+123.7)  vs greedy win 0.11 (-32.4)  [1374s]
 25500 games  eps 0.020  train win 0.14 margin  -30.4  |td| 0.009  eval vs random win 1.00 (+135.9)  vs greedy win 0.22 (-24.4)  [1401s]
 26000 games  eps 0.020  train win 0.17 margin  -26.6  |td| 0.009  eval vs random win 1.00 (+134.9)  vs greedy win 0.21 (-23.0)  [1427s]
 26500 games  eps 0.020  train win 0.15 margin  -27.6  |td| 0.009  eval vs random win 1.00 (+133.0)  vs greedy win 0.13 (-28.2)  [1453s]
 27000 games  eps 0.020  train win 0.13 margin  -31.1  |td| 0.009  eval vs random win 1.00 (+132.3)  vs greedy win 0.15 (-31.1)  [1480s]
 27500 games  eps 0.020  train win 0.09 margin  -41.3  |td| 0.009  eval vs random win 0.99 (+125.8)  vs greedy win 0.05 (-48.3)  [1506s]
 28000 games  eps 0.020  train win 0.05 margin  -46.0  |td| 0.009  eval vs random win 1.00 (+134.9)  vs greedy win 0.07 (-44.1)  [1532s]
 28500 games  eps 0.020  train win 0.03 margin  -49.9  |td| 0.009  eval vs random win 0.99 (+128.3)  vs greedy win 0.03 (-48.4)  [1557s]
 29000 games  eps 0.020  train win 0.03 margin  -50.3  |td| 0.009  eval vs random win 1.00 (+117.7)  vs greedy win 0.06 (-50.6)  [1582s]
 29500 games  eps 0.020  train win 0.04 margin  -54.2  |td| 0.009  eval vs random win 1.00 (+123.0)  vs greedy win 0.02 (-58.8)  [1608s]
 30000 games  eps 0.020  train win 0.03 margin  -52.4  |td| 0.009  eval vs random win 1.00 (+113.2)  vs greedy win 0.05 (-48.1)  [1634s]
saved runs\linear\pass6\p6d_sarsa_greedy_decay_s0.json  (ttr-dash runs\linear\pass6\p6d_sarsa_greedy_decay_s0.json to analyze)
