training sarsa vs greedy: 30000 games, alpha 0.05, epsilon 0.2 -> 0.02, reward margin; alpha_end 0.005, average 100
(best checkpoint kept by margin vs greedy; play it as linear:runs\linear\pass6\p6d_sarsa_greedy_decay_s1.json@best)
live: runs\linear\pass6\p6d_sarsa_greedy_decay_s1.json rewritten every 500 games (watch with ttr-dash --live runs\linear\pass6\p6d_sarsa_greedy_decay_s1.json)
   500 games  eps 0.110  train win 0.00 margin -102.1  |td| 0.016  eval vs random win 1.00 (+133.2)  vs greedy win 0.00 (-93.7)  [21s]
  1000 games  eps 0.020  train win 0.00 margin  -89.3  |td| 0.012  eval vs random win 1.00 (+128.7)  vs greedy win 0.00 (-87.3)  [48s]
  1500 games  eps 0.020  train win 0.17 margin  -45.1  |td| 0.013  eval vs random win 1.00 (+132.9)  vs greedy win 0.43 (-6.4)  [76s]
  2000 games  eps 0.020  train win 0.26 margin  -19.2  |td| 0.012  eval vs random win 1.00 (+131.1)  vs greedy win 0.40 (-6.3)  [106s]
  2500 games  eps 0.020  train win 0.34 margin  -13.3  |td| 0.012  eval vs random win 1.00 (+142.4)  vs greedy win 0.36 (-15.6)  [135s]
  3000 games  eps 0.020  train win 0.29 margin  -15.6  |td| 0.012  eval vs random win 1.00 (+140.8)  vs greedy win 0.45 (-6.8)  [165s]
  3500 games  eps 0.020  train win 0.34 margin  -10.6  |td| 0.012  eval vs random win 1.00 (+136.9)  vs greedy win 0.29 (-15.0)  [194s]
  4000 games  eps 0.020  train win 0.33 margin  -13.8  |td| 0.011  eval vs random win 1.00 (+134.2)  vs greedy win 0.32 (-11.5)  [223s]
  4500 games  eps 0.020  train win 0.37 margin  -10.6  |td| 0.012  eval vs random win 1.00 (+136.4)  vs greedy win 0.41 (-6.3)  [252s]
  5000 games  eps 0.020  train win 0.32 margin  -15.1  |td| 0.011  eval vs random win 1.00 (+137.0)  vs greedy win 0.43 (-5.2)  [280s]
  5500 games  eps 0.020  train win 0.38 margin  -11.7  |td| 0.011  eval vs random win 1.00 (+133.8)  vs greedy win 0.29 (-15.8)  [310s]
  6000 games  eps 0.020  train win 0.33 margin  -13.1  |td| 0.011  eval vs random win 1.00 (+137.3)  vs greedy win 0.38 (-9.9)  [339s]
  6500 games  eps 0.020  train win 0.28 margin  -18.0  |td| 0.011  eval vs random win 1.00 (+137.8)  vs greedy win 0.18 (-25.4)  [367s]
  7000 games  eps 0.020  train win 0.20 margin  -23.8  |td| 0.011  eval vs random win 1.00 (+140.7)  vs greedy win 0.45 (-3.0)  [396s]
  7500 games  eps 0.020  train win 0.18 margin  -29.6  |td| 0.011  eval vs random win 1.00 (+133.5)  vs greedy win 0.18 (-26.6)  [423s]
  8000 games  eps 0.020  train win 0.33 margin  -13.4  |td| 0.011  eval vs random win 1.00 (+127.9)  vs greedy win 0.27 (-21.2)  [451s]
  8500 games  eps 0.020  train win 0.28 margin  -18.2  |td| 0.011  eval vs random win 1.00 (+128.4)  vs greedy win 0.35 (-11.1)  [480s]
  9000 games  eps 0.020  train win 0.30 margin  -13.5  |td| 0.011  eval vs random win 1.00 (+138.0)  vs greedy win 0.40 (-5.2)  [508s]
  9500 games  eps 0.020  train win 0.22 margin  -23.5  |td| 0.010  eval vs random win 1.00 (+131.3)  vs greedy win 0.25 (-28.6)  [536s]
 10000 games  eps 0.020  train win 0.35 margin  -13.5  |td| 0.011  eval vs random win 1.00 (+142.9)  vs greedy win 0.48 (-2.6)  [564s]
 10500 games  eps 0.020  train win 0.19 margin  -36.3  |td| 0.010  eval vs random win 1.00 (+124.3)  vs greedy win 0.08 (-52.8)  [593s]
 11000 games  eps 0.020  train win 0.34 margin  -12.2  |td| 0.011  eval vs random win 1.00 (+145.7)  vs greedy win 0.46 (-3.0)  [621s]
 11500 games  eps 0.020  train win 0.20 margin  -25.4  |td| 0.010  eval vs random win 1.00 (+130.3)  vs greedy win 0.21 (-22.7)  [649s]
 12000 games  eps 0.020  train win 0.25 margin  -19.8  |td| 0.011  eval vs random win 1.00 (+129.4)  vs greedy win 0.34 (-11.8)  [677s]
 12500 games  eps 0.020  train win 0.25 margin  -21.9  |td| 0.010  eval vs random win 1.00 (+144.3)  vs greedy win 0.38 (-7.8)  [705s]
 13000 games  eps 0.020  train win 0.22 margin  -22.9  |td| 0.010  eval vs random win 1.00 (+126.3)  vs greedy win 0.39 (-15.1)  [733s]
 13500 games  eps 0.020  train win 0.25 margin  -19.5  |td| 0.010  eval vs random win 1.00 (+136.4)  vs greedy win 0.26 (-19.5)  [762s]
 14000 games  eps 0.020  train win 0.23 margin  -26.9  |td| 0.010  eval vs random win 1.00 (+130.8)  vs greedy win 0.08 (-46.2)  [790s]
 14500 games  eps 0.020  train win 0.28 margin  -23.0  |td| 0.011  eval vs random win 1.00 (+150.8)  vs greedy win 0.55 (+3.1)  [818s]
 15000 games  eps 0.020  train win 0.30 margin  -14.5  |td| 0.010  eval vs random win 1.00 (+136.6)  vs greedy win 0.31 (-14.9)  [847s]
 15500 games  eps 0.020  train win 0.25 margin  -20.6  |td| 0.010  eval vs random win 1.00 (+138.0)  vs greedy win 0.24 (-18.4)  [875s]
 16000 games  eps 0.020  train win 0.26 margin  -18.3  |td| 0.010  eval vs random win 1.00 (+129.1)  vs greedy win 0.22 (-16.4)  [904s]
 16500 games  eps 0.020  train win 0.29 margin  -19.9  |td| 0.010  eval vs random win 1.00 (+132.8)  vs greedy win 0.30 (-13.4)  [931s]
 17000 games  eps 0.020  train win 0.33 margin  -12.8  |td| 0.010  eval vs random win 1.00 (+147.0)  vs greedy win 0.36 (-8.6)  [959s]
 17500 games  eps 0.020  train win 0.29 margin  -17.3  |td| 0.010  eval vs random win 0.99 (+124.7)  vs greedy win 0.21 (-19.6)  [988s]
 18000 games  eps 0.020  train win 0.06 margin  -48.3  |td| 0.010  eval vs random win 1.00 (+118.0)  vs greedy win 0.05 (-39.0)  [1015s]
 18500 games  eps 0.020  train win 0.22 margin  -21.4  |td| 0.011  eval vs random win 1.00 (+137.6)  vs greedy win 0.30 (-13.0)  [1044s]
 19000 games  eps 0.020  train win 0.33 margin  -11.8  |td| 0.010  eval vs random win 1.00 (+138.2)  vs greedy win 0.33 (-15.0)  [1071s]
 19500 games  eps 0.020  train win 0.19 margin  -25.9  |td| 0.010  eval vs random win 1.00 (+129.8)  vs greedy win 0.24 (-20.1)  [1098s]
 20000 games  eps 0.020  train win 0.13 margin  -35.7  |td| 0.010  eval vs random win 1.00 (+125.7)  vs greedy win 0.05 (-50.4)  [1125s]
 20500 games  eps 0.020  train win 0.13 margin  -35.0  |td| 0.010  eval vs random win 1.00 (+141.9)  vs greedy win 0.26 (-17.5)  [1151s]
 21000 games  eps 0.020  train win 0.34 margin  -12.2  |td| 0.011  eval vs random win 1.00 (+136.3)  vs greedy win 0.26 (-15.1)  [1177s]
 21500 games  eps 0.020  train win 0.14 margin  -33.1  |td| 0.009  eval vs random win 1.00 (+121.7)  vs greedy win 0.09 (-39.1)  [1204s]
 22000 games  eps 0.020  train win 0.02 margin  -56.0  |td| 0.009  eval vs random win 1.00 (+119.9)  vs greedy win 0.03 (-53.6)  [1229s]
 22500 games  eps 0.020  train win 0.03 margin  -59.8  |td| 0.009  eval vs random win 1.00 (+124.0)  vs greedy win 0.03 (-51.8)  [1254s]
 23000 games  eps 0.020  train win 0.16 margin  -30.0  |td| 0.011  eval vs random win 1.00 (+129.3)  vs greedy win 0.26 (-16.7)  [1280s]
 23500 games  eps 0.020  train win 0.42 margin   -6.1  |td| 0.011  eval vs random win 1.00 (+140.9)  vs greedy win 0.58 (+2.4)  [1306s]
 24000 games  eps 0.020  train win 0.33 margin  -14.3  |td| 0.010  eval vs random win 1.00 (+135.2)  vs greedy win 0.25 (-20.6)  [1333s]
 24500 games  eps 0.020  train win 0.11 margin  -38.6  |td| 0.009  eval vs random win 1.00 (+127.9)  vs greedy win 0.10 (-40.7)  [1359s]
 25000 games  eps 0.020  train win 0.04 margin  -46.8  |td| 0.009  eval vs random win 1.00 (+129.9)  vs greedy win 0.07 (-41.2)  [1384s]
 25500 games  eps 0.020  train win 0.18 margin  -25.9  |td| 0.010  eval vs random win 1.00 (+134.4)  vs greedy win 0.26 (-16.5)  [1409s]
 26000 games  eps 0.020  train win 0.37 margin   -9.7  |td| 0.011  eval vs random win 1.00 (+137.4)  vs greedy win 0.35 (-10.1)  [1436s]
 26500 games  eps 0.020  train win 0.33 margin  -14.1  |td| 0.010  eval vs random win 1.00 (+140.1)  vs greedy win 0.27 (-16.3)  [1463s]
 27000 games  eps 0.020  train win 0.22 margin  -21.7  |td| 0.009  eval vs random win 1.00 (+129.0)  vs greedy win 0.26 (-17.2)  [1489s]
 27500 games  eps 0.020  train win 0.17 margin  -27.1  |td| 0.009  eval vs random win 1.00 (+130.7)  vs greedy win 0.19 (-26.6)  [1515s]
 28000 games  eps 0.020  train win 0.16 margin  -28.2  |td| 0.009  eval vs random win 1.00 (+129.9)  vs greedy win 0.21 (-24.9)  [1542s]
 28500 games  eps 0.020  train win 0.13 margin  -28.9  |td| 0.009  eval vs random win 1.00 (+135.5)  vs greedy win 0.24 (-24.3)  [1566s]
 29000 games  eps 0.020  train win 0.16 margin  -26.2  |td| 0.009  eval vs random win 1.00 (+128.2)  vs greedy win 0.18 (-22.4)  [1593s]
 29500 games  eps 0.020  train win 0.21 margin  -24.0  |td| 0.009  eval vs random win 1.00 (+131.1)  vs greedy win 0.13 (-26.5)  [1619s]
 30000 games  eps 0.020  train win 0.24 margin  -19.7  |td| 0.009  eval vs random win 1.00 (+125.8)  vs greedy win 0.29 (-15.5)  [1645s]
saved runs\linear\pass6\p6d_sarsa_greedy_decay_s1.json  (ttr-dash runs\linear\pass6\p6d_sarsa_greedy_decay_s1.json to analyze)
