training sarsa vs greedy: 30000 games, alpha 0.05, epsilon 0.2 -> 0.02, reward margin; alpha_end 0.005, average 100
(best checkpoint kept by margin vs greedy; play it as linear:runs\linear\pass6\p6d_sarsa_greedy_decay_s3.json@best)
live: runs\linear\pass6\p6d_sarsa_greedy_decay_s3.json rewritten every 500 games (watch with ttr-dash --live runs\linear\pass6\p6d_sarsa_greedy_decay_s3.json)
   500 games  eps 0.110  train win 0.00 margin  -97.8  |td| 0.015  eval vs random win 1.00 (+115.8)  vs greedy win 0.00 (-89.7)  [19s]
  1000 games  eps 0.020  train win 0.00 margin  -84.6  |td| 0.012  eval vs random win 1.00 (+149.4)  vs greedy win 0.04 (-60.9)  [44s]
  1500 games  eps 0.020  train win 0.31 margin  -18.2  |td| 0.014  eval vs random win 1.00 (+133.6)  vs greedy win 0.45 (-6.9)  [70s]
  2000 games  eps 0.020  train win 0.32 margin  -15.0  |td| 0.012  eval vs random win 1.00 (+129.6)  vs greedy win 0.28 (-16.6)  [97s]
  2500 games  eps 0.020  train win 0.35 margin  -10.8  |td| 0.012  eval vs random win 1.00 (+132.9)  vs greedy win 0.43 (-7.1)  [124s]
  3000 games  eps 0.020  train win 0.33 margin  -14.1  |td| 0.012  eval vs random win 1.00 (+131.9)  vs greedy win 0.39 (-7.2)  [152s]
  3500 games  eps 0.020  train win 0.40 margin   -7.7  |td| 0.012  eval vs random win 1.00 (+140.9)  vs greedy win 0.52 (+0.1)  [178s]
  4000 games  eps 0.020  train win 0.34 margin  -12.5  |td| 0.012  eval vs random win 1.00 (+133.9)  vs greedy win 0.39 (-7.0)  [206s]
  4500 games  eps 0.020  train win 0.33 margin  -11.8  |td| 0.011  eval vs random win 1.00 (+138.3)  vs greedy win 0.40 (-7.4)  [232s]
  5000 games  eps 0.020  train win 0.34 margin  -13.1  |td| 0.011  eval vs random win 1.00 (+133.4)  vs greedy win 0.34 (-13.9)  [258s]
  5500 games  eps 0.020  train win 0.32 margin  -12.5  |td| 0.011  eval vs random win 1.00 (+137.6)  vs greedy win 0.38 (-11.6)  [286s]
  6000 games  eps 0.020  train win 0.27 margin  -19.8  |td| 0.011  eval vs random win 1.00 (+137.1)  vs greedy win 0.41 (-6.6)  [312s]
  6500 games  eps 0.020  train win 0.35 margin  -11.4  |td| 0.011  eval vs random win 1.00 (+137.4)  vs greedy win 0.35 (-11.0)  [341s]
  7000 games  eps 0.020  train win 0.26 margin  -18.5  |td| 0.011  eval vs random win 1.00 (+142.8)  vs greedy win 0.42 (-6.8)  [366s]
  7500 games  eps 0.020  train win 0.28 margin  -18.0  |td| 0.010  eval vs random win 1.00 (+136.8)  vs greedy win 0.31 (-13.7)  [392s]
  8000 games  eps 0.020  train win 0.25 margin  -21.2  |td| 0.010  eval vs random win 1.00 (+135.5)  vs greedy win 0.30 (-14.9)  [419s]
  8500 games  eps 0.020  train win 0.28 margin  -18.7  |td| 0.011  eval vs random win 1.00 (+123.5)  vs greedy win 0.21 (-19.9)  [444s]
  9000 games  eps 0.020  train win 0.22 margin  -23.9  |td| 0.011  eval vs random win 1.00 (+132.1)  vs greedy win 0.33 (-11.1)  [471s]
  9500 games  eps 0.020  train win 0.26 margin  -19.1  |td| 0.010  eval vs random win 1.00 (+134.4)  vs greedy win 0.41 (-7.9)  [497s]
 10000 games  eps 0.020  train win 0.17 margin  -27.5  |td| 0.010  eval vs random win 1.00 (+138.3)  vs greedy win 0.12 (-29.1)  [523s]
 10500 games  eps 0.020  train win 0.29 margin  -15.9  |td| 0.010  eval vs random win 1.00 (+126.4)  vs greedy win 0.28 (-14.9)  [550s]
 11000 games  eps 0.020  train win 0.08 margin  -46.8  |td| 0.010  eval vs random win 1.00 (+116.3)  vs greedy win 0.02 (-50.6)  [576s]
 11500 games  eps 0.020  train win 0.34 margin  -11.2  |td| 0.011  eval vs random win 1.00 (+142.3)  vs greedy win 0.30 (-13.4)  [602s]
 12000 games  eps 0.020  train win 0.14 margin  -32.3  |td| 0.010  eval vs random win 1.00 (+123.7)  vs greedy win 0.18 (-28.6)  [628s]
 12500 games  eps 0.020  train win 0.27 margin  -18.4  |td| 0.010  eval vs random win 1.00 (+134.4)  vs greedy win 0.25 (-17.7)  [654s]
 13000 games  eps 0.020  train win 0.28 margin  -18.7  |td| 0.010  eval vs random win 1.00 (+130.3)  vs greedy win 0.29 (-14.7)  [679s]
 13500 games  eps 0.020  train win 0.22 margin  -22.1  |td| 0.010  eval vs random win 1.00 (+125.4)  vs greedy win 0.16 (-28.6)  [706s]
 14000 games  eps 0.020  train win 0.09 margin  -46.5  |td| 0.010  eval vs random win 0.99 (+123.8)  vs greedy win 0.00 (-65.3)  [732s]
 14500 games  eps 0.020  train win 0.09 margin  -49.1  |td| 0.011  eval vs random win 1.00 (+135.0)  vs greedy win 0.21 (-21.9)  [756s]
 15000 games  eps 0.020  train win 0.38 margin   -9.6  |td| 0.011  eval vs random win 1.00 (+132.6)  vs greedy win 0.25 (-16.5)  [782s]
 15500 games  eps 0.020  train win 0.09 margin  -47.4  |td| 0.010  eval vs random win 1.00 (+123.3)  vs greedy win 0.03 (-59.5)  [808s]
 16000 games  eps 0.020  train win 0.24 margin  -22.7  |td| 0.012  eval vs random win 1.00 (+143.7)  vs greedy win 0.36 (-9.3)  [834s]
 16500 games  eps 0.020  train win 0.28 margin  -18.8  |td| 0.010  eval vs random win 1.00 (+126.0)  vs greedy win 0.24 (-19.2)  [860s]
 17000 games  eps 0.020  train win 0.16 margin  -28.9  |td| 0.010  eval vs random win 1.00 (+125.4)  vs greedy win 0.15 (-24.0)  [886s]
 17500 games  eps 0.020  train win 0.24 margin  -21.8  |td| 0.010  eval vs random win 1.00 (+128.3)  vs greedy win 0.32 (-18.4)  [911s]
 18000 games  eps 0.020  train win 0.23 margin  -20.8  |td| 0.010  eval vs random win 1.00 (+124.5)  vs greedy win 0.22 (-23.0)  [937s]
 18500 games  eps 0.020  train win 0.24 margin  -20.6  |td| 0.010  eval vs random win 1.00 (+135.0)  vs greedy win 0.33 (-14.5)  [963s]
 19000 games  eps 0.020  train win 0.26 margin  -17.8  |td| 0.010  eval vs random win 1.00 (+136.5)  vs greedy win 0.36 (-13.6)  [990s]
 19500 games  eps 0.020  train win 0.21 margin  -25.4  |td| 0.009  eval vs random win 1.00 (+127.8)  vs greedy win 0.14 (-34.1)  [1016s]
 20000 games  eps 0.020  train win 0.04 margin  -53.9  |td| 0.009  eval vs random win 1.00 (+138.7)  vs greedy win 0.03 (-48.7)  [1041s]
 20500 games  eps 0.020  train win 0.06 margin  -43.8  |td| 0.010  eval vs random win 1.00 (+132.2)  vs greedy win 0.08 (-42.0)  [1067s]
 21000 games  eps 0.020  train win 0.10 margin  -36.7  |td| 0.010  eval vs random win 1.00 (+134.5)  vs greedy win 0.16 (-26.6)  [1092s]
 21500 games  eps 0.020  train win 0.13 margin  -33.4  |td| 0.010  eval vs random win 1.00 (+128.8)  vs greedy win 0.11 (-30.2)  [1118s]
 22000 games  eps 0.020  train win 0.08 margin  -40.0  |td| 0.009  eval vs random win 1.00 (+126.2)  vs greedy win 0.07 (-42.8)  [1145s]
 22500 games  eps 0.020  train win 0.04 margin  -50.4  |td| 0.009  eval vs random win 1.00 (+130.4)  vs greedy win 0.03 (-44.5)  [1172s]
 23000 games  eps 0.020  train win 0.11 margin  -35.3  |td| 0.010  eval vs random win 1.00 (+143.5)  vs greedy win 0.20 (-21.4)  [1197s]
 23500 games  eps 0.020  train win 0.21 margin  -20.1  |td| 0.010  eval vs random win 1.00 (+146.6)  vs greedy win 0.30 (-15.3)  [1224s]
 24000 games  eps 0.020  train win 0.20 margin  -24.1  |td| 0.009  eval vs random win 1.00 (+134.3)  vs greedy win 0.24 (-20.7)  [1250s]
 24500 games  eps 0.020  train win 0.11 margin  -41.8  |td| 0.009  eval vs random win 1.00 (+130.0)  vs greedy win 0.13 (-36.9)  [1277s]
 25000 games  eps 0.020  train win 0.05 margin  -45.3  |td| 0.009  eval vs random win 1.00 (+124.4)  vs greedy win 0.04 (-43.5)  [1303s]
 25500 games  eps 0.020  train win 0.08 margin  -40.3  |td| 0.009  eval vs random win 1.00 (+140.7)  vs greedy win 0.15 (-30.4)  [1329s]
 26000 games  eps 0.020  train win 0.08 margin  -38.5  |td| 0.009  eval vs random win 1.00 (+120.8)  vs greedy win 0.11 (-29.7)  [1355s]
 26500 games  eps 0.020  train win 0.14 margin  -29.8  |td| 0.010  eval vs random win 1.00 (+131.1)  vs greedy win 0.23 (-25.8)  [1381s]
 27000 games  eps 0.020  train win 0.17 margin  -27.1  |td| 0.010  eval vs random win 1.00 (+135.4)  vs greedy win 0.12 (-33.3)  [1407s]
 27500 games  eps 0.020  train win 0.13 margin  -33.3  |td| 0.009  eval vs random win 1.00 (+127.6)  vs greedy win 0.12 (-33.2)  [1434s]
 28000 games  eps 0.020  train win 0.09 margin  -36.9  |td| 0.009  eval vs random win 1.00 (+130.1)  vs greedy win 0.14 (-32.2)  [1460s]
 28500 games  eps 0.020  train win 0.11 margin  -34.4  |td| 0.009  eval vs random win 1.00 (+137.2)  vs greedy win 0.14 (-34.3)  [1486s]
 29000 games  eps 0.020  train win 0.10 margin  -34.9  |td| 0.009  eval vs random win 1.00 (+127.4)  vs greedy win 0.10 (-34.4)  [1513s]
 29500 games  eps 0.020  train win 0.09 margin  -37.8  |td| 0.009  eval vs random win 1.00 (+121.2)  vs greedy win 0.10 (-35.1)  [1539s]
 30000 games  eps 0.020  train win 0.07 margin  -43.0  |td| 0.009  eval vs random win 1.00 (+130.2)  vs greedy win 0.04 (-41.7)  [1566s]
saved runs\linear\pass6\p6d_sarsa_greedy_decay_s3.json  (ttr-dash runs\linear\pass6\p6d_sarsa_greedy_decay_s3.json to analyze)
