training sarsa vs greedy: 30000 games, alpha 0.05, epsilon 0.2 -> 0.02, reward margin; alpha_end 0.005, average 100
(best checkpoint kept by margin vs greedy; play it as linear:runs\linear\pass6\p6d_sarsa_greedy_decay_s4.json@best)
live: runs\linear\pass6\p6d_sarsa_greedy_decay_s4.json rewritten every 500 games (watch with ttr-dash --live runs\linear\pass6\p6d_sarsa_greedy_decay_s4.json)
   500 games  eps 0.110  train win 0.00 margin -103.7  |td| 0.016  eval vs random win 1.00 (+119.8)  vs greedy win 0.00 (-93.8)  [21s]
  1000 games  eps 0.020  train win 0.00 margin  -87.9  |td| 0.012  eval vs random win 0.98 (+117.4)  vs greedy win 0.00 (-94.4)  [46s]
  1500 games  eps 0.020  train win 0.02 margin  -77.2  |td| 0.012  eval vs random win 1.00 (+128.3)  vs greedy win 0.00 (-85.8)  [70s]
  2000 games  eps 0.020  train win 0.12 margin  -41.3  |td| 0.013  eval vs random win 1.00 (+135.1)  vs greedy win 0.23 (-22.9)  [96s]
  2500 games  eps 0.020  train win 0.19 margin  -26.5  |td| 0.012  eval vs random win 1.00 (+141.6)  vs greedy win 0.32 (-17.1)  [124s]
  3000 games  eps 0.020  train win 0.29 margin  -17.2  |td| 0.012  eval vs random win 1.00 (+133.9)  vs greedy win 0.27 (-21.5)  [151s]
  3500 games  eps 0.020  train win 0.25 margin  -20.2  |td| 0.012  eval vs random win 1.00 (+137.4)  vs greedy win 0.25 (-19.0)  [179s]
  4000 games  eps 0.020  train win 0.27 margin  -18.1  |td| 0.011  eval vs random win 1.00 (+142.6)  vs greedy win 0.32 (-14.1)  [206s]
  4500 games  eps 0.020  train win 0.28 margin  -16.0  |td| 0.011  eval vs random win 1.00 (+144.1)  vs greedy win 0.32 (-15.5)  [234s]
  5000 games  eps 0.020  train win 0.25 margin  -19.6  |td| 0.011  eval vs random win 1.00 (+141.6)  vs greedy win 0.24 (-21.0)  [262s]
  5500 games  eps 0.020  train win 0.22 margin  -22.0  |td| 0.011  eval vs random win 1.00 (+143.2)  vs greedy win 0.34 (-13.2)  [289s]
  6000 games  eps 0.020  train win 0.21 margin  -25.6  |td| 0.011  eval vs random win 1.00 (+136.0)  vs greedy win 0.16 (-30.7)  [317s]
  6500 games  eps 0.020  train win 0.13 margin  -30.3  |td| 0.010  eval vs random win 1.00 (+140.2)  vs greedy win 0.31 (-13.7)  [344s]
  7000 games  eps 0.020  train win 0.21 margin  -23.9  |td| 0.011  eval vs random win 1.00 (+142.5)  vs greedy win 0.26 (-15.0)  [370s]
  7500 games  eps 0.020  train win 0.27 margin  -17.3  |td| 0.010  eval vs random win 1.00 (+134.0)  vs greedy win 0.27 (-16.8)  [398s]
  8000 games  eps 0.020  train win 0.27 margin  -18.7  |td| 0.010  eval vs random win 1.00 (+143.9)  vs greedy win 0.31 (-10.2)  [426s]
  8500 games  eps 0.020  train win 0.27 margin  -16.4  |td| 0.010  eval vs random win 1.00 (+132.3)  vs greedy win 0.23 (-20.7)  [454s]
  9000 games  eps 0.020  train win 0.16 margin  -26.4  |td| 0.010  eval vs random win 1.00 (+138.8)  vs greedy win 0.14 (-29.9)  [482s]
  9500 games  eps 0.020  train win 0.13 margin  -29.5  |td| 0.010  eval vs random win 1.00 (+141.7)  vs greedy win 0.18 (-24.3)  [509s]
 10000 games  eps 0.020  train win 0.12 margin  -31.3  |td| 0.009  eval vs random win 1.00 (+138.3)  vs greedy win 0.09 (-29.5)  [537s]
 10500 games  eps 0.020  train win 0.11 margin  -31.7  |td| 0.009  eval vs random win 1.00 (+134.9)  vs greedy win 0.17 (-25.2)  [564s]
 11000 games  eps 0.020  train win 0.18 margin  -24.8  |td| 0.009  eval vs random win 1.00 (+142.6)  vs greedy win 0.28 (-15.1)  [592s]
 11500 games  eps 0.020  train win 0.17 margin  -26.1  |td| 0.009  eval vs random win 1.00 (+146.9)  vs greedy win 0.14 (-32.4)  [620s]
 12000 games  eps 0.020  train win 0.08 margin  -41.4  |td| 0.009  eval vs random win 1.00 (+139.1)  vs greedy win 0.11 (-35.5)  [647s]
 12500 games  eps 0.020  train win 0.11 margin  -31.0  |td| 0.009  eval vs random win 1.00 (+140.1)  vs greedy win 0.16 (-28.4)  [675s]
 13000 games  eps 0.020  train win 0.15 margin  -30.3  |td| 0.009  eval vs random win 1.00 (+141.1)  vs greedy win 0.15 (-26.3)  [702s]
 13500 games  eps 0.020  train win 0.15 margin  -29.9  |td| 0.009  eval vs random win 1.00 (+152.8)  vs greedy win 0.09 (-29.7)  [729s]
 14000 games  eps 0.020  train win 0.11 margin  -34.3  |td| 0.009  eval vs random win 1.00 (+146.8)  vs greedy win 0.17 (-24.9)  [757s]
 14500 games  eps 0.020  train win 0.17 margin  -28.9  |td| 0.009  eval vs random win 1.00 (+133.9)  vs greedy win 0.17 (-25.0)  [784s]
 15000 games  eps 0.020  train win 0.12 margin  -30.2  |td| 0.009  eval vs random win 1.00 (+144.5)  vs greedy win 0.18 (-23.9)  [811s]
 15500 games  eps 0.020  train win 0.10 margin  -34.7  |td| 0.009  eval vs random win 1.00 (+132.4)  vs greedy win 0.09 (-36.6)  [838s]
 16000 games  eps 0.020  train win 0.06 margin  -36.5  |td| 0.009  eval vs random win 1.00 (+149.5)  vs greedy win 0.15 (-26.3)  [865s]
 16500 games  eps 0.020  train win 0.09 margin  -34.4  |td| 0.009  eval vs random win 1.00 (+131.8)  vs greedy win 0.08 (-33.8)  [893s]
 17000 games  eps 0.020  train win 0.09 margin  -37.5  |td| 0.009  eval vs random win 1.00 (+135.3)  vs greedy win 0.07 (-35.3)  [920s]
 17500 games  eps 0.020  train win 0.07 margin  -39.6  |td| 0.009  eval vs random win 1.00 (+138.9)  vs greedy win 0.07 (-34.6)  [946s]
 18000 games  eps 0.020  train win 0.06 margin  -43.2  |td| 0.009  eval vs random win 1.00 (+137.2)  vs greedy win 0.06 (-39.5)  [974s]
 18500 games  eps 0.020  train win 0.06 margin  -38.0  |td| 0.009  eval vs random win 1.00 (+131.7)  vs greedy win 0.10 (-35.9)  [1000s]
 19000 games  eps 0.020  train win 0.07 margin  -40.5  |td| 0.009  eval vs random win 1.00 (+130.2)  vs greedy win 0.09 (-36.7)  [1026s]
 19500 games  eps 0.020  train win 0.08 margin  -37.0  |td| 0.009  eval vs random win 1.00 (+142.7)  vs greedy win 0.07 (-40.1)  [1053s]
 20000 games  eps 0.020  train win 0.04 margin  -44.7  |td| 0.009  eval vs random win 1.00 (+135.7)  vs greedy win 0.06 (-38.2)  [1078s]
 20500 games  eps 0.020  train win 0.06 margin  -38.7  |td| 0.009  eval vs random win 1.00 (+132.5)  vs greedy win 0.05 (-42.8)  [1105s]
 21000 games  eps 0.020  train win 0.07 margin  -37.8  |td| 0.009  eval vs random win 1.00 (+138.6)  vs greedy win 0.10 (-33.0)  [1133s]
 21500 games  eps 0.020  train win 0.10 margin  -37.2  |td| 0.009  eval vs random win 1.00 (+142.4)  vs greedy win 0.04 (-36.8)  [1159s]
 22000 games  eps 0.020  train win 0.05 margin  -42.2  |td| 0.009  eval vs random win 1.00 (+128.0)  vs greedy win 0.08 (-34.6)  [1187s]
 22500 games  eps 0.020  train win 0.07 margin  -39.8  |td| 0.009  eval vs random win 1.00 (+122.1)  vs greedy win 0.07 (-37.5)  [1214s]
 23000 games  eps 0.020  train win 0.08 margin  -36.3  |td| 0.009  eval vs random win 1.00 (+129.6)  vs greedy win 0.04 (-38.9)  [1241s]
 23500 games  eps 0.020  train win 0.09 margin  -35.6  |td| 0.009  eval vs random win 1.00 (+135.7)  vs greedy win 0.11 (-30.5)  [1268s]
 24000 games  eps 0.020  train win 0.07 margin  -39.8  |td| 0.009  eval vs random win 1.00 (+134.2)  vs greedy win 0.08 (-37.2)  [1294s]
 24500 games  eps 0.020  train win 0.05 margin  -42.6  |td| 0.009  eval vs random win 1.00 (+128.6)  vs greedy win 0.05 (-42.8)  [1321s]
 25000 games  eps 0.020  train win 0.06 margin  -38.7  |td| 0.009  eval vs random win 1.00 (+142.1)  vs greedy win 0.10 (-39.2)  [1348s]
 25500 games  eps 0.020  train win 0.06 margin  -37.8  |td| 0.009  eval vs random win 1.00 (+134.9)  vs greedy win 0.10 (-31.5)  [1375s]
 26000 games  eps 0.020  train win 0.07 margin  -41.2  |td| 0.009  eval vs random win 1.00 (+135.7)  vs greedy win 0.04 (-42.8)  [1401s]
 26500 games  eps 0.020  train win 0.08 margin  -40.0  |td| 0.009  eval vs random win 1.00 (+135.9)  vs greedy win 0.04 (-42.0)  [1426s]
 27000 games  eps 0.020  train win 0.07 margin  -39.1  |td| 0.009  eval vs random win 1.00 (+141.3)  vs greedy win 0.07 (-36.8)  [1452s]
 27500 games  eps 0.020  train win 0.04 margin  -42.7  |td| 0.008  eval vs random win 1.00 (+130.5)  vs greedy win 0.10 (-42.0)  [1478s]
 28000 games  eps 0.020  train win 0.05 margin  -42.8  |td| 0.009  eval vs random win 1.00 (+139.9)  vs greedy win 0.07 (-40.5)  [1503s]
 28500 games  eps 0.020  train win 0.07 margin  -41.6  |td| 0.009  eval vs random win 1.00 (+137.5)  vs greedy win 0.07 (-38.8)  [1527s]
 29000 games  eps 0.020  train win 0.09 margin  -38.3  |td| 0.009  eval vs random win 1.00 (+135.3)  vs greedy win 0.09 (-35.7)  [1550s]
 29500 games  eps 0.020  train win 0.04 margin  -41.4  |td| 0.009  eval vs random win 1.00 (+130.6)  vs greedy win 0.07 (-39.2)  [1572s]
 30000 games  eps 0.020  train win 0.06 margin  -40.2  |td| 0.009  eval vs random win 1.00 (+143.0)  vs greedy win 0.06 (-33.4)  [1592s]
saved runs\linear\pass6\p6d_sarsa_greedy_decay_s4.json  (ttr-dash runs\linear\pass6\p6d_sarsa_greedy_decay_s4.json to analyze)
