training q vs self: 30000 games, alpha 0.05, epsilon 0.2 -> 0.02, reward margin; alpha_end 0.005, average 100
(best checkpoint kept by margin vs greedy; play it as linear:runs\linear\pass6\p6e_q_self_decay_s1.json@best)
live: runs\linear\pass6\p6e_q_self_decay_s1.json rewritten every 500 games (watch with ttr-dash --live runs\linear\pass6\p6e_q_self_decay_s1.json)
   500 games  eps 0.110  train win 0.00 margin  -99.7  |td| 0.015  eval vs random win 0.99 (+133.0)  vs greedy win 0.00 (-92.6)  [19s]
  1000 games  eps 0.020  train win 0.47 margin   -9.7  |td| 0.017  eval vs random win 1.00 (+137.3)  vs greedy win 0.32 (-12.4)  [45s]
  1500 games  eps 0.020  train win 0.29 margin  -20.7  |td| 0.017  eval vs random win 1.00 (+137.4)  vs greedy win 0.44 (-5.6)  [74s]
  2000 games  eps 0.020  train win 0.48 margin   -3.9  |td| 0.016  eval vs random win 1.00 (+140.2)  vs greedy win 0.37 (-10.8)  [108s]
  2500 games  eps 0.020  train win 0.53 margin   +1.8  |td| 0.015  eval vs random win 1.00 (+148.9)  vs greedy win 0.50 (-0.7)  [143s]
  3000 games  eps 0.020  train win 0.45 margin   -4.8  |td| 0.014  eval vs random win 1.00 (+151.5)  vs greedy win 0.55 (+3.5)  [177s]
  3500 games  eps 0.020  train win 0.47 margin   -1.1  |td| 0.011  eval vs random win 1.00 (+151.2)  vs greedy win 0.52 (-0.1)  [210s]
  4000 games  eps 0.020  train win 0.46 margin   -3.8  |td| 0.011  eval vs random win 1.00 (+145.6)  vs greedy win 0.62 (+7.5)  [242s]
  4500 games  eps 0.020  train win 0.46 margin   -3.9  |td| 0.010  eval vs random win 1.00 (+154.7)  vs greedy win 0.47 (+1.8)  [274s]
  5000 games  eps 0.020  train win 0.42 margin   -6.1  |td| 0.009  eval vs random win 1.00 (+141.1)  vs greedy win 0.40 (-3.7)  [304s]
  5500 games  eps 0.020  train win 0.48 margin   -2.2  |td| 0.009  eval vs random win 1.00 (+160.2)  vs greedy win 0.49 (+2.6)  [335s]
  6000 games  eps 0.020  train win 0.45 margin   -3.0  |td| 0.009  eval vs random win 1.00 (+143.1)  vs greedy win 0.41 (-6.5)  [366s]
  6500 games  eps 0.020  train win 0.44 margin   -3.8  |td| 0.009  eval vs random win 1.00 (+151.6)  vs greedy win 0.54 (+1.4)  [398s]
  7000 games  eps 0.020  train win 0.31 margin  -12.5  |td| 0.008  eval vs random win 1.00 (+156.0)  vs greedy win 0.47 (-0.7)  [430s]
  7500 games  eps 0.020  train win 0.42 margin   -5.7  |td| 0.008  eval vs random win 1.00 (+158.1)  vs greedy win 0.36 (-8.5)  [462s]
  8000 games  eps 0.020  train win 0.30 margin  -14.8  |td| 0.008  eval vs random win 1.00 (+150.3)  vs greedy win 0.36 (-10.3)  [492s]
  8500 games  eps 0.020  train win 0.43 margin   -5.9  |td| 0.008  eval vs random win 1.00 (+152.6)  vs greedy win 0.64 (+9.7)  [522s]
  9000 games  eps 0.020  train win 0.13 margin  -36.8  |td| 0.008  eval vs random win 1.00 (+129.8)  vs greedy win 0.04 (-54.1)  [552s]
  9500 games  eps 0.020  train win 0.33 margin  -16.5  |td| 0.009  eval vs random win 1.00 (+151.0)  vs greedy win 0.51 (+3.3)  [582s]
 10000 games  eps 0.020  train win 0.13 margin  -37.5  |td| 0.009  eval vs random win 0.99 (+133.3)  vs greedy win 0.03 (-50.6)  [611s]
 10500 games  eps 0.020  train win 0.41 margin   -7.1  |td| 0.010  eval vs random win 1.00 (+147.3)  vs greedy win 0.56 (+4.2)  [640s]
 11000 games  eps 0.020  train win 0.15 margin  -28.6  |td| 0.009  eval vs random win 1.00 (+145.2)  vs greedy win 0.31 (-13.4)  [670s]
 11500 games  eps 0.020  train win 0.31 margin  -13.9  |td| 0.009  eval vs random win 1.00 (+149.6)  vs greedy win 0.30 (-21.5)  [701s]
 12000 games  eps 0.020  train win 0.21 margin  -23.6  |td| 0.009  eval vs random win 1.00 (+150.2)  vs greedy win 0.30 (-13.9)  [730s]
 12500 games  eps 0.020  train win 0.11 margin  -30.6  |td| 0.008  eval vs random win 1.00 (+137.9)  vs greedy win 0.12 (-31.1)  [759s]
 13000 games  eps 0.020  train win 0.36 margin   -9.8  |td| 0.009  eval vs random win 1.00 (+147.1)  vs greedy win 0.50 (+0.7)  [789s]
 13500 games  eps 0.020  train win 0.10 margin  -36.3  |td| 0.008  eval vs random win 1.00 (+133.4)  vs greedy win 0.04 (-57.2)  [819s]
 14000 games  eps 0.020  train win 0.32 margin  -14.5  |td| 0.009  eval vs random win 1.00 (+154.4)  vs greedy win 0.44 (-4.9)  [850s]
 14500 games  eps 0.020  train win 0.03 margin  -54.0  |td| 0.009  eval vs random win 1.00 (+129.2)  vs greedy win 0.00 (-53.0)  [878s]
 15000 games  eps 0.020  train win 0.34 margin  -12.5  |td| 0.009  eval vs random win 1.00 (+166.5)  vs greedy win 0.49 (+1.9)  [908s]
 15500 games  eps 0.020  train win 0.16 margin  -32.6  |td| 0.009  eval vs random win 1.00 (+131.2)  vs greedy win 0.02 (-49.5)  [938s]
 16000 games  eps 0.020  train win 0.17 margin  -27.1  |td| 0.009  eval vs random win 1.00 (+160.9)  vs greedy win 0.44 (-3.6)  [967s]
 16500 games  eps 0.020  train win 0.13 margin  -37.7  |td| 0.009  eval vs random win 1.00 (+122.5)  vs greedy win 0.03 (-61.0)  [996s]
 17000 games  eps 0.020  train win 0.15 margin  -38.6  |td| 0.009  eval vs random win 1.00 (+152.0)  vs greedy win 0.45 (-6.6)  [1025s]
 17500 games  eps 0.020  train win 0.11 margin  -50.9  |td| 0.010  eval vs random win 1.00 (+118.2)  vs greedy win 0.00 (-72.6)  [1054s]
 18000 games  eps 0.020  train win 0.00 margin  -71.3  |td| 0.008  eval vs random win 1.00 (+122.5)  vs greedy win 0.00 (-77.0)  [1080s]
 18500 games  eps 0.020  train win 0.00 margin  -72.0  |td| 0.008  eval vs random win 0.99 (+121.3)  vs greedy win 0.00 (-72.8)  [1107s]
 19000 games  eps 0.020  train win 0.01 margin  -66.9  |td| 0.008  eval vs random win 0.99 (+133.0)  vs greedy win 0.00 (-70.2)  [1133s]
 19500 games  eps 0.020  train win 0.12 margin  -43.1  |td| 0.010  eval vs random win 1.00 (+165.1)  vs greedy win 0.44 (-4.3)  [1162s]
 20000 games  eps 0.020  train win 0.12 margin  -36.5  |td| 0.010  eval vs random win 1.00 (+138.8)  vs greedy win 0.03 (-55.8)  [1193s]
 20500 games  eps 0.020  train win 0.01 margin  -70.9  |td| 0.008  eval vs random win 1.00 (+146.2)  vs greedy win 0.00 (-78.6)  [1220s]
 21000 games  eps 0.020  train win 0.00 margin  -65.4  |td| 0.008  eval vs random win 1.00 (+127.8)  vs greedy win 0.01 (-70.7)  [1247s]
 21500 games  eps 0.020  train win 0.15 margin  -33.5  |td| 0.010  eval vs random win 1.00 (+154.2)  vs greedy win 0.37 (-8.9)  [1276s]
 22000 games  eps 0.020  train win 0.23 margin  -17.5  |td| 0.010  eval vs random win 1.00 (+136.2)  vs greedy win 0.27 (-19.3)  [1306s]
 22500 games  eps 0.020  train win 0.01 margin  -64.1  |td| 0.009  eval vs random win 0.98 (+113.9)  vs greedy win 0.01 (-72.0)  [1333s]
 23000 games  eps 0.020  train win 0.00 margin  -67.4  |td| 0.008  eval vs random win 1.00 (+131.1)  vs greedy win 0.01 (-73.0)  [1360s]
 23500 games  eps 0.020  train win 0.16 margin  -33.7  |td| 0.011  eval vs random win 1.00 (+157.5)  vs greedy win 0.41 (-6.8)  [1388s]
 24000 games  eps 0.020  train win 0.30 margin  -15.0  |td| 0.010  eval vs random win 1.00 (+151.4)  vs greedy win 0.33 (-15.3)  [1419s]
 24500 games  eps 0.020  train win 0.03 margin  -58.2  |td| 0.009  eval vs random win 1.00 (+129.3)  vs greedy win 0.02 (-70.5)  [1447s]
 25000 games  eps 0.020  train win 0.03 margin  -64.0  |td| 0.009  eval vs random win 1.00 (+119.7)  vs greedy win 0.02 (-71.6)  [1475s]
 25500 games  eps 0.020  train win 0.07 margin  -44.7  |td| 0.010  eval vs random win 1.00 (+139.8)  vs greedy win 0.23 (-20.9)  [1503s]
 26000 games  eps 0.020  train win 0.36 margin   -9.9  |td| 0.011  eval vs random win 1.00 (+169.7)  vs greedy win 0.25 (-10.9)  [1534s]
 26500 games  eps 0.020  train win 0.25 margin  -16.8  |td| 0.010  eval vs random win 1.00 (+143.4)  vs greedy win 0.24 (-19.0)  [1565s]
 27000 games  eps 0.020  train win 0.11 margin  -35.7  |td| 0.010  eval vs random win 1.00 (+132.2)  vs greedy win 0.07 (-44.3)  [1593s]
 27500 games  eps 0.020  train win 0.11 margin  -35.6  |td| 0.010  eval vs random win 1.00 (+142.1)  vs greedy win 0.14 (-36.2)  [1620s]
 28000 games  eps 0.020  train win 0.21 margin  -23.6  |td| 0.010  eval vs random win 1.00 (+148.5)  vs greedy win 0.27 (-19.4)  [1650s]
 28500 games  eps 0.020  train win 0.31 margin  -12.2  |td| 0.010  eval vs random win 1.00 (+162.8)  vs greedy win 0.37 (-11.3)  [1680s]
 29000 games  eps 0.020  train win 0.35 margin   -9.6  |td| 0.009  eval vs random win 1.00 (+158.5)  vs greedy win 0.50 (-2.5)  [1710s]
 29500 games  eps 0.020  train win 0.27 margin  -15.5  |td| 0.009  eval vs random win 1.00 (+147.5)  vs greedy win 0.28 (-18.4)  [1740s]
 30000 games  eps 0.020  train win 0.21 margin  -25.3  |td| 0.009  eval vs random win 1.00 (+142.4)  vs greedy win 0.17 (-29.5)  [1770s]
saved runs\linear\pass6\p6e_q_self_decay_s1.json  (ttr-dash runs\linear\pass6\p6e_q_self_decay_s1.json to analyze)
