training q vs self: 30000 games, alpha 0.05, epsilon 0.2 -> 0.02, reward margin; alpha_end 0.005, average 100
(best checkpoint kept by margin vs greedy; play it as linear:runs\linear\pass6\p6e_q_self_decay_s2.json@best)
live: runs\linear\pass6\p6e_q_self_decay_s2.json rewritten every 500 games (watch with ttr-dash --live runs\linear\pass6\p6e_q_self_decay_s2.json)
   500 games  eps 0.110  train win 0.00 margin  -99.9  |td| 0.015  eval vs random win 0.98 (+125.0)  vs greedy win 0.00 (-95.4)  [20s]
  1000 games  eps 0.020  train win 0.30 margin  -40.7  |td| 0.016  eval vs random win 1.00 (+107.2)  vs greedy win 0.00 (-83.3)  [46s]
  1500 games  eps 0.020  train win 0.50 margin   -1.3  |td| 0.019  eval vs random win 1.00 (+126.9)  vs greedy win 0.25 (-22.3)  [76s]
  2000 games  eps 0.020  train win 0.43 margin   -6.7  |td| 0.018  eval vs random win 1.00 (+123.9)  vs greedy win 0.29 (-18.5)  [111s]
  2500 games  eps 0.020  train win 0.46 margin   -6.8  |td| 0.017  eval vs random win 1.00 (+137.6)  vs greedy win 0.52 (-1.7)  [147s]
  3000 games  eps 0.020  train win 0.44 margin   -4.5  |td| 0.015  eval vs random win 1.00 (+141.2)  vs greedy win 0.49 (-0.5)  [182s]
  3500 games  eps 0.020  train win 0.33 margin  -14.3  |td| 0.013  eval vs random win 1.00 (+128.4)  vs greedy win 0.45 (-2.4)  [216s]
  4000 games  eps 0.020  train win 0.47 margin   -3.5  |td| 0.011  eval vs random win 1.00 (+136.9)  vs greedy win 0.43 (-3.7)  [250s]
  4500 games  eps 0.020  train win 0.43 margin   -6.2  |td| 0.010  eval vs random win 1.00 (+144.4)  vs greedy win 0.51 (-0.2)  [284s]
  5000 games  eps 0.020  train win 0.51 margin   -1.5  |td| 0.009  eval vs random win 1.00 (+139.5)  vs greedy win 0.45 (-0.8)  [317s]
  5500 games  eps 0.020  train win 0.52 margin   +1.2  |td| 0.009  eval vs random win 1.00 (+145.1)  vs greedy win 0.41 (-2.4)  [349s]
  6000 games  eps 0.020  train win 0.57 margin   +6.4  |td| 0.009  eval vs random win 1.00 (+149.5)  vs greedy win 0.54 (+3.0)  [382s]
  6500 games  eps 0.020  train win 0.30 margin  -14.4  |td| 0.008  eval vs random win 1.00 (+132.1)  vs greedy win 0.23 (-21.4)  [411s]
  7000 games  eps 0.020  train win 0.23 margin  -20.6  |td| 0.008  eval vs random win 1.00 (+131.2)  vs greedy win 0.20 (-24.0)  [441s]
  7500 games  eps 0.020  train win 0.23 margin  -25.5  |td| 0.009  eval vs random win 1.00 (+156.7)  vs greedy win 0.43 (-1.2)  [471s]
  8000 games  eps 0.020  train win 0.25 margin  -16.4  |td| 0.008  eval vs random win 1.00 (+145.3)  vs greedy win 0.32 (-11.0)  [502s]
  8500 games  eps 0.020  train win 0.21 margin  -22.7  |td| 0.009  eval vs random win 1.00 (+141.9)  vs greedy win 0.37 (-7.9)  [531s]
  9000 games  eps 0.020  train win 0.01 margin  -62.6  |td| 0.008  eval vs random win 1.00 (+130.0)  vs greedy win 0.00 (-71.0)  [560s]
  9500 games  eps 0.020  train win 0.34 margin  -16.1  |td| 0.009  eval vs random win 1.00 (+152.4)  vs greedy win 0.63 (+9.0)  [590s]
 10000 games  eps 0.020  train win 0.10 margin  -46.0  |td| 0.008  eval vs random win 1.00 (+124.9)  vs greedy win 0.01 (-71.7)  [618s]
 10500 games  eps 0.020  train win 0.15 margin  -39.5  |td| 0.010  eval vs random win 1.00 (+155.4)  vs greedy win 0.61 (+9.7)  [647s]
 11000 games  eps 0.020  train win 0.14 margin  -34.5  |td| 0.009  eval vs random win 1.00 (+122.8)  vs greedy win 0.04 (-53.8)  [675s]
 11500 games  eps 0.020  train win 0.19 margin  -34.3  |td| 0.010  eval vs random win 1.00 (+157.6)  vs greedy win 0.57 (+2.2)  [705s]
 12000 games  eps 0.020  train win 0.14 margin  -35.6  |td| 0.009  eval vs random win 1.00 (+126.9)  vs greedy win 0.01 (-59.6)  [734s]
 12500 games  eps 0.020  train win 0.07 margin  -49.7  |td| 0.009  eval vs random win 1.00 (+140.2)  vs greedy win 0.15 (-26.2)  [763s]
 13000 games  eps 0.020  train win 0.42 margin   -5.3  |td| 0.010  eval vs random win 1.00 (+146.1)  vs greedy win 0.33 (-10.9)  [793s]
 13500 games  eps 0.020  train win 0.01 margin  -59.1  |td| 0.009  eval vs random win 0.99 (+133.5)  vs greedy win 0.00 (-69.2)  [821s]
 14000 games  eps 0.020  train win 0.34 margin  -13.1  |td| 0.010  eval vs random win 1.00 (+161.7)  vs greedy win 0.53 (+4.4)  [850s]
 14500 games  eps 0.020  train win 0.06 margin  -48.2  |td| 0.009  eval vs random win 1.00 (+133.1)  vs greedy win 0.00 (-65.9)  [879s]
 15000 games  eps 0.020  train win 0.05 margin  -50.2  |td| 0.009  eval vs random win 1.00 (+143.7)  vs greedy win 0.17 (-30.3)  [907s]
 15500 games  eps 0.020  train win 0.36 margin  -11.6  |td| 0.010  eval vs random win 1.00 (+141.4)  vs greedy win 0.18 (-25.9)  [936s]
 16000 games  eps 0.020  train win 0.00 margin  -68.0  |td| 0.009  eval vs random win 1.00 (+138.3)  vs greedy win 0.01 (-74.8)  [963s]
 16500 games  eps 0.020  train win 0.06 margin  -52.9  |td| 0.009  eval vs random win 1.00 (+132.9)  vs greedy win 0.15 (-29.0)  [990s]
 17000 games  eps 0.020  train win 0.20 margin  -34.9  |td| 0.011  eval vs random win 1.00 (+133.2)  vs greedy win 0.00 (-67.3)  [1020s]
 17500 games  eps 0.020  train win 0.00 margin  -72.6  |td| 0.008  eval vs random win 0.99 (+117.0)  vs greedy win 0.00 (-74.0)  [1047s]
 18000 games  eps 0.020  train win 0.01 margin  -68.7  |td| 0.008  eval vs random win 0.99 (+128.5)  vs greedy win 0.01 (-78.9)  [1074s]
 18500 games  eps 0.020  train win 0.00 margin  -65.1  |td| 0.008  eval vs random win 1.00 (+136.8)  vs greedy win 0.01 (-65.5)  [1102s]
 19000 games  eps 0.020  train win 0.04 margin  -45.7  |td| 0.009  eval vs random win 1.00 (+140.8)  vs greedy win 0.18 (-28.1)  [1130s]
 19500 games  eps 0.020  train win 0.25 margin  -17.4  |td| 0.010  eval vs random win 1.00 (+139.8)  vs greedy win 0.25 (-19.8)  [1160s]
 20000 games  eps 0.020  train win 0.06 margin  -39.1  |td| 0.009  eval vs random win 1.00 (+133.9)  vs greedy win 0.05 (-45.1)  [1188s]
 20500 games  eps 0.020  train win 0.05 margin  -43.5  |td| 0.008  eval vs random win 1.00 (+148.1)  vs greedy win 0.04 (-42.6)  [1217s]
 21000 games  eps 0.020  train win 0.08 margin  -40.6  |td| 0.009  eval vs random win 1.00 (+133.5)  vs greedy win 0.13 (-33.6)  [1246s]
 21500 games  eps 0.020  train win 0.29 margin  -13.7  |td| 0.010  eval vs random win 1.00 (+152.3)  vs greedy win 0.31 (-13.8)  [1275s]
 22000 games  eps 0.020  train win 0.17 margin  -28.5  |td| 0.008  eval vs random win 1.00 (+135.7)  vs greedy win 0.08 (-38.5)  [1304s]
 22500 games  eps 0.020  train win 0.04 margin  -45.8  |td| 0.008  eval vs random win 1.00 (+135.5)  vs greedy win 0.07 (-42.5)  [1332s]
 23000 games  eps 0.020  train win 0.21 margin  -23.9  |td| 0.009  eval vs random win 1.00 (+153.3)  vs greedy win 0.37 (-8.0)  [1361s]
 23500 games  eps 0.020  train win 0.35 margin  -10.6  |td| 0.008  eval vs random win 1.00 (+152.4)  vs greedy win 0.47 (-4.3)  [1390s]
 24000 games  eps 0.020  train win 0.25 margin  -19.5  |td| 0.008  eval vs random win 1.00 (+135.2)  vs greedy win 0.20 (-27.5)  [1420s]
 24500 games  eps 0.020  train win 0.03 margin  -52.7  |td| 0.008  eval vs random win 0.99 (+133.3)  vs greedy win 0.00 (-66.7)  [1451s]
 25000 games  eps 0.020  train win 0.01 margin  -60.2  |td| 0.008  eval vs random win 0.99 (+124.9)  vs greedy win 0.02 (-65.1)  [1478s]
 25500 games  eps 0.020  train win 0.20 margin  -25.2  |td| 0.010  eval vs random win 1.00 (+162.1)  vs greedy win 0.61 (+6.8)  [1508s]
 26000 games  eps 0.020  train win 0.47 margin   -3.5  |td| 0.009  eval vs random win 1.00 (+163.0)  vs greedy win 0.43 (+1.1)  [1540s]
 26500 games  eps 0.020  train win 0.43 margin   -4.3  |td| 0.008  eval vs random win 1.00 (+157.8)  vs greedy win 0.50 (-3.4)  [1571s]
 27000 games  eps 0.020  train win 0.27 margin  -19.4  |td| 0.008  eval vs random win 1.00 (+129.4)  vs greedy win 0.18 (-27.9)  [1599s]
 27500 games  eps 0.020  train win 0.03 margin  -54.7  |td| 0.009  eval vs random win 1.00 (+125.5)  vs greedy win 0.03 (-70.7)  [1626s]
 28000 games  eps 0.020  train win 0.03 margin  -57.4  |td| 0.008  eval vs random win 1.00 (+130.9)  vs greedy win 0.01 (-64.4)  [1654s]
 28500 games  eps 0.020  train win 0.08 margin  -41.7  |td| 0.009  eval vs random win 1.00 (+137.8)  vs greedy win 0.09 (-37.9)  [1683s]
 29000 games  eps 0.020  train win 0.31 margin  -12.0  |td| 0.010  eval vs random win 1.00 (+160.6)  vs greedy win 0.56 (+3.8)  [1713s]
 29500 games  eps 0.020  train win 0.45 margin   -3.4  |td| 0.009  eval vs random win 1.00 (+167.9)  vs greedy win 0.40 (-4.8)  [1745s]
 30000 games  eps 0.020  train win 0.45 margin   -2.5  |td| 0.008  eval vs random win 1.00 (+159.2)  vs greedy win 0.44 (-4.7)  [1777s]
saved runs\linear\pass6\p6e_q_self_decay_s2.json  (ttr-dash runs\linear\pass6\p6e_q_self_decay_s2.json to analyze)
