training q vs self: 30000 games, alpha 0.05, epsilon 0.2 -> 0.02, reward margin; alpha_end 0.005, average 100
(best checkpoint kept by margin vs greedy; play it as linear:runs\linear\pass6\p6e_q_self_decay_s0.json@best)
live: runs\linear\pass6\p6e_q_self_decay_s0.json rewritten every 500 games (watch with ttr-dash --live runs\linear\pass6\p6e_q_self_decay_s0.json)
   500 games  eps 0.110  train win 0.00 margin -110.5  |td| 0.019  eval vs random win 0.98 (+128.6)  vs greedy win 0.00 (-91.7)  [22s]
  1000 games  eps 0.020  train win 0.37 margin  -25.3  |td| 0.018  eval vs random win 1.00 (+131.0)  vs greedy win 0.09 (-43.6)  [50s]
  1500 games  eps 0.020  train win 0.51 margin   -0.4  |td| 0.018  eval vs random win 1.00 (+127.1)  vs greedy win 0.40 (-12.2)  [81s]
  2000 games  eps 0.020  train win 0.36 margin  -10.7  |td| 0.018  eval vs random win 1.00 (+134.2)  vs greedy win 0.40 (-7.8)  [119s]
  2500 games  eps 0.020  train win 0.33 margin  -12.6  |td| 0.017  eval vs random win 1.00 (+138.3)  vs greedy win 0.44 (-3.6)  [160s]
  3000 games  eps 0.020  train win 0.46 margin   -3.9  |td| 0.015  eval vs random win 1.00 (+141.4)  vs greedy win 0.50 (+1.4)  [199s]
  3500 games  eps 0.020  train win 0.46 margin   -4.1  |td| 0.014  eval vs random win 1.00 (+145.7)  vs greedy win 0.54 (+3.7)  [234s]
  4000 games  eps 0.020  train win 0.47 margin   -0.3  |td| 0.012  eval vs random win 1.00 (+146.5)  vs greedy win 0.56 (+4.5)  [270s]
  4500 games  eps 0.020  train win 0.45 margin   -4.5  |td| 0.011  eval vs random win 1.00 (+161.3)  vs greedy win 0.51 (+0.2)  [304s]
  5000 games  eps 0.020  train win 0.41 margin   -6.5  |td| 0.010  eval vs random win 1.00 (+147.4)  vs greedy win 0.46 (-5.6)  [340s]
  5500 games  eps 0.020  train win 0.42 margin   -6.5  |td| 0.010  eval vs random win 1.00 (+139.5)  vs greedy win 0.39 (-6.2)  [374s]
  6000 games  eps 0.020  train win 0.49 margin   +0.0  |td| 0.009  eval vs random win 1.00 (+150.3)  vs greedy win 0.57 (+5.8)  [409s]
  6500 games  eps 0.020  train win 0.30 margin  -18.3  |td| 0.010  eval vs random win 1.00 (+133.8)  vs greedy win 0.14 (-35.0)  [443s]
  7000 games  eps 0.020  train win 0.28 margin  -20.3  |td| 0.010  eval vs random win 1.00 (+129.5)  vs greedy win 0.14 (-28.4)  [476s]
  7500 games  eps 0.020  train win 0.39 margin   -6.9  |td| 0.009  eval vs random win 1.00 (+149.2)  vs greedy win 0.49 (-0.8)  [509s]
  8000 games  eps 0.020  train win 0.42 margin   -6.7  |td| 0.009  eval vs random win 1.00 (+160.1)  vs greedy win 0.65 (+10.8)  [542s]
  8500 games  eps 0.020  train win 0.04 margin  -57.3  |td| 0.009  eval vs random win 0.99 (+127.3)  vs greedy win 0.00 (-74.7)  [574s]
  9000 games  eps 0.020  train win 0.02 margin  -59.5  |td| 0.009  eval vs random win 1.00 (+136.1)  vs greedy win 0.08 (-38.4)  [603s]
  9500 games  eps 0.020  train win 0.29 margin  -16.8  |td| 0.010  eval vs random win 1.00 (+137.2)  vs greedy win 0.31 (-18.2)  [635s]
 10000 games  eps 0.020  train win 0.00 margin  -65.5  |td| 0.009  eval vs random win 0.99 (+131.5)  vs greedy win 0.01 (-73.2)  [664s]
 10500 games  eps 0.020  train win 0.10 margin  -44.7  |td| 0.010  eval vs random win 1.00 (+146.8)  vs greedy win 0.49 (+1.4)  [695s]
 11000 games  eps 0.020  train win 0.20 margin  -29.2  |td| 0.009  eval vs random win 1.00 (+121.2)  vs greedy win 0.03 (-59.8)  [727s]
 11500 games  eps 0.020  train win 0.01 margin  -61.3  |td| 0.009  eval vs random win 1.00 (+135.5)  vs greedy win 0.02 (-62.2)  [757s]
 12000 games  eps 0.020  train win 0.38 margin   -8.9  |td| 0.010  eval vs random win 1.00 (+157.8)  vs greedy win 0.63 (+8.6)  [789s]
 12500 games  eps 0.020  train win 0.15 margin  -38.8  |td| 0.009  eval vs random win 1.00 (+131.7)  vs greedy win 0.01 (-65.3)  [820s]
 13000 games  eps 0.020  train win 0.03 margin  -54.5  |td| 0.009  eval vs random win 0.99 (+134.9)  vs greedy win 0.04 (-46.8)  [850s]
 13500 games  eps 0.020  train win 0.13 margin  -29.5  |td| 0.010  eval vs random win 1.00 (+138.5)  vs greedy win 0.06 (-42.7)  [881s]
 14000 games  eps 0.020  train win 0.16 margin  -29.0  |td| 0.010  eval vs random win 1.00 (+156.6)  vs greedy win 0.51 (-1.9)  [914s]
 14500 games  eps 0.020  train win 0.15 margin  -30.0  |td| 0.009  eval vs random win 1.00 (+130.8)  vs greedy win 0.09 (-46.6)  [945s]
 15000 games  eps 0.020  train win 0.01 margin  -61.6  |td| 0.008  eval vs random win 1.00 (+138.8)  vs greedy win 0.02 (-63.3)  [975s]
 15500 games  eps 0.020  train win 0.26 margin  -18.4  |td| 0.010  eval vs random win 1.00 (+168.4)  vs greedy win 0.53 (+1.9)  [1007s]
 16000 games  eps 0.020  train win 0.11 margin  -47.4  |td| 0.009  eval vs random win 1.00 (+132.0)  vs greedy win 0.00 (-66.0)  [1038s]
 16500 games  eps 0.020  train win 0.03 margin  -52.5  |td| 0.009  eval vs random win 1.00 (+137.4)  vs greedy win 0.11 (-37.1)  [1068s]
 17000 games  eps 0.020  train win 0.32 margin   -9.1  |td| 0.010  eval vs random win 1.00 (+151.3)  vs greedy win 0.51 (-2.5)  [1098s]
 17500 games  eps 0.020  train win 0.05 margin  -45.7  |td| 0.008  eval vs random win 1.00 (+128.3)  vs greedy win 0.05 (-47.7)  [1127s]
 18000 games  eps 0.020  train win 0.28 margin  -16.1  |td| 0.009  eval vs random win 1.00 (+155.0)  vs greedy win 0.55 (+3.4)  [1156s]
 18500 games  eps 0.020  train win 0.19 margin  -28.1  |td| 0.009  eval vs random win 0.99 (+125.1)  vs greedy win 0.01 (-57.5)  [1185s]
 19000 games  eps 0.020  train win 0.01 margin  -62.5  |td| 0.008  eval vs random win 1.00 (+125.0)  vs greedy win 0.00 (-64.5)  [1212s]
 19500 games  eps 0.020  train win 0.31 margin  -15.6  |td| 0.010  eval vs random win 1.00 (+163.7)  vs greedy win 0.54 (+3.4)  [1242s]
 20000 games  eps 0.020  train win 0.22 margin  -20.4  |td| 0.008  eval vs random win 1.00 (+143.5)  vs greedy win 0.12 (-33.9)  [1271s]
 20500 games  eps 0.020  train win 0.02 margin  -51.2  |td| 0.008  eval vs random win 1.00 (+147.4)  vs greedy win 0.01 (-59.6)  [1299s]
 21000 games  eps 0.020  train win 0.14 margin  -30.2  |td| 0.009  eval vs random win 1.00 (+145.8)  vs greedy win 0.30 (-14.1)  [1327s]
 21500 games  eps 0.020  train win 0.40 margin   -4.7  |td| 0.009  eval vs random win 1.00 (+150.2)  vs greedy win 0.42 (-4.4)  [1357s]
 22000 games  eps 0.020  train win 0.11 margin  -36.7  |td| 0.008  eval vs random win 1.00 (+124.4)  vs greedy win 0.03 (-58.7)  [1385s]
 22500 games  eps 0.020  train win 0.04 margin  -44.3  |td| 0.008  eval vs random win 1.00 (+141.6)  vs greedy win 0.16 (-31.7)  [1413s]
 23000 games  eps 0.020  train win 0.40 margin   -7.1  |td| 0.010  eval vs random win 1.00 (+159.3)  vs greedy win 0.46 (+1.6)  [1443s]
 23500 games  eps 0.020  train win 0.25 margin  -21.9  |td| 0.009  eval vs random win 1.00 (+125.7)  vs greedy win 0.10 (-35.3)  [1474s]
 24000 games  eps 0.020  train win 0.02 margin  -57.4  |td| 0.008  eval vs random win 1.00 (+127.8)  vs greedy win 0.02 (-62.6)  [1502s]
 24500 games  eps 0.020  train win 0.05 margin  -44.3  |td| 0.009  eval vs random win 1.00 (+141.3)  vs greedy win 0.06 (-41.6)  [1531s]
 25000 games  eps 0.020  train win 0.37 margin   -9.7  |td| 0.010  eval vs random win 1.00 (+171.7)  vs greedy win 0.46 (-0.4)  [1561s]
 25500 games  eps 0.020  train win 0.36 margin   -8.0  |td| 0.008  eval vs random win 1.00 (+153.0)  vs greedy win 0.37 (-9.1)  [1593s]
 26000 games  eps 0.020  train win 0.11 margin  -29.8  |td| 0.008  eval vs random win 1.00 (+133.6)  vs greedy win 0.06 (-32.3)  [1622s]
 26500 games  eps 0.020  train win 0.08 margin  -33.5  |td| 0.008  eval vs random win 1.00 (+138.5)  vs greedy win 0.15 (-28.9)  [1650s]
 27000 games  eps 0.020  train win 0.18 margin  -23.7  |td| 0.008  eval vs random win 1.00 (+147.3)  vs greedy win 0.31 (-14.5)  [1678s]
 27500 games  eps 0.020  train win 0.22 margin  -19.0  |td| 0.008  eval vs random win 1.00 (+140.0)  vs greedy win 0.20 (-17.9)  [1707s]
 28000 games  eps 0.020  train win 0.21 margin  -19.8  |td| 0.008  eval vs random win 1.00 (+146.1)  vs greedy win 0.33 (-13.9)  [1736s]
 28500 games  eps 0.020  train win 0.18 margin  -22.3  |td| 0.007  eval vs random win 1.00 (+150.2)  vs greedy win 0.20 (-23.1)  [1764s]
 29000 games  eps 0.020  train win 0.15 margin  -25.6  |td| 0.007  eval vs random win 1.00 (+132.9)  vs greedy win 0.17 (-26.3)  [1794s]
 29500 games  eps 0.020  train win 0.08 margin  -34.5  |td| 0.007  eval vs random win 1.00 (+141.5)  vs greedy win 0.08 (-40.7)  [1822s]
 30000 games  eps 0.020  train win 0.07 margin  -36.9  |td| 0.007  eval vs random win 1.00 (+138.5)  vs greedy win 0.13 (-33.2)  [1851s]
saved runs\linear\pass6\p6e_q_self_decay_s0.json  (ttr-dash runs\linear\pass6\p6e_q_self_decay_s0.json to analyze)
