training q vs self: 30000 games, alpha 0.05, epsilon 0.2 -> 0.02, reward margin; alpha_end 0.005, average 100
(best checkpoint kept by margin vs greedy; play it as linear:runs\linear\pass6\p6e_q_self_decay_s3.json@best)
live: runs\linear\pass6\p6e_q_self_decay_s3.json rewritten every 500 games (watch with ttr-dash --live runs\linear\pass6\p6e_q_self_decay_s3.json)
   500 games  eps 0.110  train win 0.00 margin  -99.9  |td| 0.015  eval vs random win 0.97 (+126.5)  vs greedy win 0.00 (-86.9)  [19s]
  1000 games  eps 0.020  train win 0.48 margin  -10.0  |td| 0.016  eval vs random win 1.00 (+130.3)  vs greedy win 0.06 (-56.6)  [46s]
  1500 games  eps 0.020  train win 0.50 margin   -3.2  |td| 0.017  eval vs random win 1.00 (+129.4)  vs greedy win 0.09 (-42.0)  [75s]
  2000 games  eps 0.020  train win 0.34 margin  -16.4  |td| 0.016  eval vs random win 0.99 (+127.8)  vs greedy win 0.15 (-31.1)  [104s]
  2500 games  eps 0.020  train win 0.34 margin  -13.2  |td| 0.016  eval vs random win 1.00 (+149.3)  vs greedy win 0.28 (-18.8)  [137s]
  3000 games  eps 0.020  train win 0.39 margin   -8.9  |td| 0.016  eval vs random win 1.00 (+142.6)  vs greedy win 0.28 (-17.1)  [172s]
  3500 games  eps 0.020  train win 0.39 margin   -9.6  |td| 0.014  eval vs random win 1.00 (+143.8)  vs greedy win 0.31 (-16.1)  [208s]
  4000 games  eps 0.020  train win 0.41 margin   -8.8  |td| 0.012  eval vs random win 1.00 (+151.4)  vs greedy win 0.33 (-13.3)  [241s]
  4500 games  eps 0.020  train win 0.49 margin   -1.9  |td| 0.011  eval vs random win 1.00 (+151.9)  vs greedy win 0.38 (-7.6)  [275s]
  5000 games  eps 0.020  train win 0.32 margin  -11.6  |td| 0.009  eval vs random win 1.00 (+143.6)  vs greedy win 0.36 (-5.8)  [304s]
  5500 games  eps 0.020  train win 0.43 margin   -6.2  |td| 0.009  eval vs random win 1.00 (+152.8)  vs greedy win 0.41 (-5.3)  [338s]
  6000 games  eps 0.020  train win 0.37 margin  -10.0  |td| 0.009  eval vs random win 1.00 (+148.5)  vs greedy win 0.32 (-14.4)  [370s]
  6500 games  eps 0.020  train win 0.31 margin  -16.4  |td| 0.009  eval vs random win 1.00 (+150.1)  vs greedy win 0.30 (-9.5)  [401s]
  7000 games  eps 0.020  train win 0.33 margin  -11.5  |td| 0.009  eval vs random win 1.00 (+151.3)  vs greedy win 0.33 (-11.2)  [431s]
  7500 games  eps 0.020  train win 0.24 margin  -29.4  |td| 0.009  eval vs random win 1.00 (+137.3)  vs greedy win 0.06 (-46.4)  [462s]
  8000 games  eps 0.020  train win 0.16 margin  -24.8  |td| 0.009  eval vs random win 1.00 (+151.3)  vs greedy win 0.20 (-20.3)  [492s]
  8500 games  eps 0.020  train win 0.19 margin  -24.6  |td| 0.009  eval vs random win 1.00 (+140.8)  vs greedy win 0.17 (-26.0)  [521s]
  9000 games  eps 0.020  train win 0.20 margin  -22.1  |td| 0.009  eval vs random win 1.00 (+149.5)  vs greedy win 0.20 (-22.4)  [552s]
  9500 games  eps 0.020  train win 0.14 margin  -30.2  |td| 0.009  eval vs random win 1.00 (+140.9)  vs greedy win 0.05 (-37.5)  [581s]
 10000 games  eps 0.020  train win 0.09 margin  -32.1  |td| 0.009  eval vs random win 1.00 (+155.4)  vs greedy win 0.05 (-46.7)  [610s]
 10500 games  eps 0.020  train win 0.09 margin  -41.3  |td| 0.010  eval vs random win 1.00 (+137.7)  vs greedy win 0.03 (-42.4)  [639s]
 11000 games  eps 0.020  train win 0.08 margin  -47.4  |td| 0.010  eval vs random win 0.99 (+113.7)  vs greedy win 0.00 (-74.2)  [666s]
 11500 games  eps 0.020  train win 0.08 margin  -43.6  |td| 0.010  eval vs random win 1.00 (+138.0)  vs greedy win 0.13 (-29.5)  [695s]
 12000 games  eps 0.020  train win 0.03 margin  -58.2  |td| 0.010  eval vs random win 1.00 (+147.4)  vs greedy win 0.07 (-43.0)  [722s]
 12500 games  eps 0.020  train win 0.03 margin  -51.5  |td| 0.010  eval vs random win 1.00 (+138.9)  vs greedy win 0.00 (-63.2)  [749s]
 13000 games  eps 0.020  train win 0.02 margin  -50.6  |td| 0.010  eval vs random win 1.00 (+162.2)  vs greedy win 0.09 (-37.1)  [778s]
 13500 games  eps 0.020  train win 0.10 margin  -33.7  |td| 0.010  eval vs random win 1.00 (+150.4)  vs greedy win 0.04 (-39.4)  [808s]
 14000 games  eps 0.020  train win 0.04 margin  -54.8  |td| 0.009  eval vs random win 1.00 (+165.4)  vs greedy win 0.17 (-27.9)  [837s]
 14500 games  eps 0.020  train win 0.08 margin  -34.7  |td| 0.009  eval vs random win 1.00 (+158.9)  vs greedy win 0.12 (-31.5)  [867s]
 15000 games  eps 0.020  train win 0.01 margin  -64.0  |td| 0.009  eval vs random win 1.00 (+144.7)  vs greedy win 0.00 (-74.2)  [894s]
 15500 games  eps 0.020  train win 0.01 margin  -61.3  |td| 0.009  eval vs random win 1.00 (+142.3)  vs greedy win 0.00 (-71.6)  [923s]
 16000 games  eps 0.020  train win 0.01 margin  -61.1  |td| 0.009  eval vs random win 1.00 (+148.0)  vs greedy win 0.00 (-69.2)  [950s]
 16500 games  eps 0.020  train win 0.00 margin  -62.7  |td| 0.009  eval vs random win 1.00 (+134.1)  vs greedy win 0.00 (-77.3)  [980s]
 17000 games  eps 0.020  train win 0.00 margin  -63.8  |td| 0.009  eval vs random win 0.99 (+137.8)  vs greedy win 0.00 (-78.3)  [1008s]
 17500 games  eps 0.020  train win 0.00 margin  -61.5  |td| 0.009  eval vs random win 1.00 (+132.4)  vs greedy win 0.00 (-70.8)  [1037s]
 18000 games  eps 0.020  train win 0.01 margin  -61.7  |td| 0.008  eval vs random win 1.00 (+136.2)  vs greedy win 0.00 (-74.8)  [1067s]
 18500 games  eps 0.020  train win 0.00 margin  -62.2  |td| 0.008  eval vs random win 0.99 (+136.4)  vs greedy win 0.00 (-78.6)  [1096s]
 19000 games  eps 0.020  train win 0.01 margin  -62.0  |td| 0.008  eval vs random win 0.99 (+132.0)  vs greedy win 0.00 (-73.3)  [1125s]
 19500 games  eps 0.020  train win 0.00 margin  -63.0  |td| 0.008  eval vs random win 1.00 (+129.0)  vs greedy win 0.00 (-75.0)  [1154s]
 20000 games  eps 0.020  train win 0.01 margin  -62.2  |td| 0.008  eval vs random win 1.00 (+130.0)  vs greedy win 0.00 (-76.7)  [1184s]
 20500 games  eps 0.020  train win 0.01 margin  -62.9  |td| 0.008  eval vs random win 1.00 (+132.6)  vs greedy win 0.00 (-75.5)  [1214s]
 21000 games  eps 0.020  train win 0.01 margin  -61.8  |td| 0.008  eval vs random win 0.99 (+127.0)  vs greedy win 0.00 (-72.6)  [1245s]
 21500 games  eps 0.020  train win 0.01 margin  -61.8  |td| 0.008  eval vs random win 1.00 (+141.8)  vs greedy win 0.00 (-72.2)  [1275s]
 22000 games  eps 0.020  train win 0.00 margin  -62.7  |td| 0.008  eval vs random win 1.00 (+130.4)  vs greedy win 0.00 (-75.1)  [1305s]
 22500 games  eps 0.020  train win 0.01 margin  -64.3  |td| 0.008  eval vs random win 1.00 (+136.7)  vs greedy win 0.00 (-78.2)  [1336s]
 23000 games  eps 0.020  train win 0.00 margin  -61.3  |td| 0.008  eval vs random win 1.00 (+136.1)  vs greedy win 0.00 (-74.7)  [1365s]
 23500 games  eps 0.020  train win 0.00 margin  -64.5  |td| 0.008  eval vs random win 0.99 (+136.3)  vs greedy win 0.00 (-74.6)  [1393s]
 24000 games  eps 0.020  train win 0.00 margin  -63.9  |td| 0.008  eval vs random win 1.00 (+140.0)  vs greedy win 0.00 (-79.8)  [1423s]
 24500 games  eps 0.020  train win 0.00 margin  -62.5  |td| 0.008  eval vs random win 1.00 (+135.9)  vs greedy win 0.00 (-74.9)  [1452s]
 25000 games  eps 0.020  train win 0.00 margin  -62.3  |td| 0.008  eval vs random win 1.00 (+131.3)  vs greedy win 0.00 (-76.5)  [1482s]
 25500 games  eps 0.020  train win 0.01 margin  -66.2  |td| 0.008  eval vs random win 0.99 (+137.8)  vs greedy win 0.00 (-73.7)  [1512s]
 26000 games  eps 0.020  train win 0.00 margin  -60.0  |td| 0.009  eval vs random win 0.99 (+108.7)  vs greedy win 0.00 (-79.3)  [1542s]
 26500 games  eps 0.020  train win 0.01 margin  -64.1  |td| 0.009  eval vs random win 0.98 (+103.9)  vs greedy win 0.00 (-78.5)  [1574s]
 27000 games  eps 0.020  train win 0.00 margin  -63.9  |td| 0.009  eval vs random win 0.97 (+105.3)  vs greedy win 0.00 (-79.8)  [1604s]
 27500 games  eps 0.020  train win 0.01 margin  -62.4  |td| 0.009  eval vs random win 1.00 (+93.4)  vs greedy win 0.00 (-81.8)  [1636s]
 28000 games  eps 0.020  train win 0.01 margin  -64.5  |td| 0.008  eval vs random win 0.98 (+98.5)  vs greedy win 0.00 (-81.4)  [1667s]
 28500 games  eps 0.020  train win 0.01 margin  -64.2  |td| 0.008  eval vs random win 1.00 (+101.2)  vs greedy win 0.00 (-83.4)  [1698s]
 29000 games  eps 0.020  train win 0.01 margin  -65.2  |td| 0.008  eval vs random win 0.99 (+100.3)  vs greedy win 0.00 (-82.1)  [1729s]
 29500 games  eps 0.020  train win 0.01 margin  -61.4  |td| 0.008  eval vs random win 0.97 (+86.0)  vs greedy win 0.00 (-80.3)  [1758s]
 30000 games  eps 0.020  train win 0.00 margin  -65.1  |td| 0.008  eval vs random win 0.98 (+97.6)  vs greedy win 0.00 (-82.4)  [1790s]
saved runs\linear\pass6\p6e_q_self_decay_s3.json  (ttr-dash runs\linear\pass6\p6e_q_self_decay_s3.json to analyze)
