training q vs self: 30000 games, alpha 0.05, epsilon 0.2 -> 0.02, reward margin; alpha_end 0.005, average 100
(best checkpoint kept by margin vs greedy; play it as linear:runs\linear\pass6\p6e_q_self_decay_s4.json@best)
live: runs\linear\pass6\p6e_q_self_decay_s4.json rewritten every 500 games (watch with ttr-dash --live runs\linear\pass6\p6e_q_self_decay_s4.json)
   500 games  eps 0.110  train win 0.00 margin -105.6  |td| 0.015  eval vs random win 0.98 (+125.5)  vs greedy win 0.00 (-93.8)  [20s]
  1000 games  eps 0.020  train win 0.50 margin  -11.4  |td| 0.017  eval vs random win 1.00 (+145.3)  vs greedy win 0.40 (-7.0)  [47s]
  1500 games  eps 0.020  train win 0.14 margin  -34.6  |td| 0.018  eval vs random win 1.00 (+147.0)  vs greedy win 0.19 (-27.1)  [77s]
  2000 games  eps 0.020  train win 0.23 margin  -21.0  |td| 0.014  eval vs random win 1.00 (+133.7)  vs greedy win 0.12 (-31.9)  [111s]
  2500 games  eps 0.020  train win 0.35 margin  -13.5  |td| 0.013  eval vs random win 1.00 (+143.5)  vs greedy win 0.49 (-1.2)  [144s]
  3000 games  eps 0.020  train win 0.47 margin   -4.4  |td| 0.015  eval vs random win 1.00 (+141.1)  vs greedy win 0.50 (+1.9)  [180s]
  3500 games  eps 0.020  train win 0.49 margin   -2.1  |td| 0.013  eval vs random win 1.00 (+145.8)  vs greedy win 0.45 (-2.2)  [214s]
  4000 games  eps 0.020  train win 0.53 margin   +1.5  |td| 0.012  eval vs random win 1.00 (+146.1)  vs greedy win 0.50 (+0.1)  [247s]
  4500 games  eps 0.020  train win 0.53 margin   +0.2  |td| 0.011  eval vs random win 1.00 (+157.2)  vs greedy win 0.59 (+4.2)  [280s]
  5000 games  eps 0.020  train win 0.35 margin  -11.2  |td| 0.009  eval vs random win 1.00 (+147.8)  vs greedy win 0.51 (-0.8)  [311s]
  5500 games  eps 0.020  train win 0.41 margin   -8.4  |td| 0.009  eval vs random win 1.00 (+150.6)  vs greedy win 0.44 (-3.4)  [341s]
  6000 games  eps 0.020  train win 0.37 margin   -8.3  |td| 0.008  eval vs random win 1.00 (+141.6)  vs greedy win 0.37 (-6.1)  [368s]
  6500 games  eps 0.020  train win 0.37 margin   -9.1  |td| 0.009  eval vs random win 1.00 (+148.8)  vs greedy win 0.63 (+8.1)  [395s]
  7000 games  eps 0.020  train win 0.32 margin  -14.3  |td| 0.009  eval vs random win 1.00 (+149.2)  vs greedy win 0.57 (+5.9)  [423s]
  7500 games  eps 0.020  train win 0.37 margin   -9.4  |td| 0.008  eval vs random win 1.00 (+143.1)  vs greedy win 0.30 (-8.9)  [449s]
  8000 games  eps 0.020  train win 0.38 margin  -10.7  |td| 0.009  eval vs random win 1.00 (+142.1)  vs greedy win 0.47 (-2.0)  [473s]
  8500 games  eps 0.020  train win 0.22 margin  -30.5  |td| 0.009  eval vs random win 1.00 (+133.8)  vs greedy win 0.08 (-33.8)  [497s]
  9000 games  eps 0.020  train win 0.35 margin  -11.5  |td| 0.009  eval vs random win 1.00 (+146.2)  vs greedy win 0.17 (-21.6)  [519s]
  9500 games  eps 0.020  train win 0.28 margin  -17.4  |td| 0.009  eval vs random win 1.00 (+151.1)  vs greedy win 0.59 (+5.1)  [540s]
 10000 games  eps 0.020  train win 0.35 margin   -9.6  |td| 0.008  eval vs random win 1.00 (+145.5)  vs greedy win 0.45 (-4.9)  [559s]
 10500 games  eps 0.020  train win 0.40 margin   -9.5  |td| 0.008  eval vs random win 1.00 (+130.5)  vs greedy win 0.27 (-17.2)  [578s]
 11000 games  eps 0.020  train win 0.30 margin  -18.1  |td| 0.009  eval vs random win 1.00 (+152.7)  vs greedy win 0.37 (-9.9)  [598s]
 11500 games  eps 0.020  train win 0.01 margin  -64.7  |td| 0.009  eval vs random win 1.00 (+140.8)  vs greedy win 0.00 (-77.2)  [615s]
 12000 games  eps 0.020  train win 0.27 margin  -28.1  |td| 0.010  eval vs random win 1.00 (+157.3)  vs greedy win 0.52 (+3.0)  [634s]
 12500 games  eps 0.020  train win 0.13 margin  -43.7  |td| 0.009  eval vs random win 1.00 (+130.4)  vs greedy win 0.01 (-73.6)  [652s]
 13000 games  eps 0.020  train win 0.14 margin  -37.1  |td| 0.010  eval vs random win 1.00 (+152.1)  vs greedy win 0.36 (-10.8)  [670s]
 13500 games  eps 0.020  train win 0.09 margin  -38.5  |td| 0.009  eval vs random win 0.98 (+127.7)  vs greedy win 0.04 (-55.7)  [688s]
 14000 games  eps 0.020  train win 0.21 margin  -32.8  |td| 0.010  eval vs random win 1.00 (+156.9)  vs greedy win 0.42 (-5.9)  [706s]
 14500 games  eps 0.020  train win 0.10 margin  -52.8  |td| 0.010  eval vs random win 1.00 (+125.8)  vs greedy win 0.00 (-68.8)  [724s]
 15000 games  eps 0.020  train win 0.27 margin  -16.0  |td| 0.011  eval vs random win 1.00 (+149.3)  vs greedy win 0.40 (-7.8)  [742s]
 15500 games  eps 0.020  train win 0.13 margin  -39.0  |td| 0.010  eval vs random win 1.00 (+140.4)  vs greedy win 0.21 (-20.8)  [760s]
 16000 games  eps 0.020  train win 0.32 margin  -11.4  |td| 0.010  eval vs random win 1.00 (+154.5)  vs greedy win 0.42 (-5.5)  [780s]
 16500 games  eps 0.020  train win 0.13 margin  -37.4  |td| 0.010  eval vs random win 1.00 (+152.7)  vs greedy win 0.49 (-2.7)  [799s]
 17000 games  eps 0.020  train win 0.35 margin   -7.6  |td| 0.009  eval vs random win 1.00 (+163.3)  vs greedy win 0.49 (-1.9)  [819s]
 17500 games  eps 0.020  train win 0.19 margin  -28.4  |td| 0.010  eval vs random win 1.00 (+148.9)  vs greedy win 0.41 (-6.4)  [838s]
 18000 games  eps 0.020  train win 0.20 margin  -31.9  |td| 0.009  eval vs random win 0.99 (+122.6)  vs greedy win 0.06 (-58.6)  [857s]
 18500 games  eps 0.020  train win 0.28 margin  -17.9  |td| 0.010  eval vs random win 1.00 (+157.5)  vs greedy win 0.49 (+1.3)  [876s]
 19000 games  eps 0.020  train win 0.31 margin  -13.6  |td| 0.009  eval vs random win 1.00 (+143.9)  vs greedy win 0.20 (-25.4)  [896s]
 19500 games  eps 0.020  train win 0.18 margin  -29.0  |td| 0.009  eval vs random win 1.00 (+153.1)  vs greedy win 0.47 (-1.7)  [922s]
 20000 games  eps 0.020  train win 0.38 margin   -7.0  |td| 0.009  eval vs random win 1.00 (+148.6)  vs greedy win 0.43 (-4.5)  [960s]
 20500 games  eps 0.020  train win 0.15 margin  -28.0  |td| 0.008  eval vs random win 1.00 (+142.0)  vs greedy win 0.23 (-20.7)  [997s]
 21000 games  eps 0.020  train win 0.28 margin  -15.2  |td| 0.009  eval vs random win 1.00 (+140.9)  vs greedy win 0.33 (-11.6)  [1034s]
 21500 games  eps 0.020  train win 0.27 margin  -15.4  |td| 0.008  eval vs random win 1.00 (+145.0)  vs greedy win 0.41 (-10.2)  [1072s]
 22000 games  eps 0.020  train win 0.23 margin  -19.0  |td| 0.008  eval vs random win 1.00 (+132.0)  vs greedy win 0.16 (-24.1)  [1109s]
 22500 games  eps 0.020  train win 0.28 margin  -15.7  |td| 0.008  eval vs random win 1.00 (+152.9)  vs greedy win 0.41 (-5.8)  [1146s]
 23000 games  eps 0.020  train win 0.43 margin   -4.8  |td| 0.008  eval vs random win 1.00 (+149.9)  vs greedy win 0.47 (-1.5)  [1186s]
 23500 games  eps 0.020  train win 0.25 margin  -13.2  |td| 0.007  eval vs random win 1.00 (+153.5)  vs greedy win 0.36 (-9.8)  [1223s]
 24000 games  eps 0.020  train win 0.29 margin  -13.3  |td| 0.007  eval vs random win 1.00 (+145.7)  vs greedy win 0.34 (-9.8)  [1261s]
 24500 games  eps 0.020  train win 0.40 margin   -7.0  |td| 0.008  eval vs random win 1.00 (+154.1)  vs greedy win 0.43 (-4.2)  [1294s]
 25000 games  eps 0.020  train win 0.41 margin   -5.6  |td| 0.007  eval vs random win 1.00 (+150.5)  vs greedy win 0.44 (-3.0)  [1321s]
 25500 games  eps 0.020  train win 0.48 margin   -2.0  |td| 0.007  eval vs random win 1.00 (+160.8)  vs greedy win 0.49 (+1.0)  [1343s]
 26000 games  eps 0.020  train win 0.41 margin   -6.4  |td| 0.007  eval vs random win 1.00 (+154.0)  vs greedy win 0.43 (-3.6)  [1366s]
 26500 games  eps 0.020  train win 0.44 margin   -5.7  |td| 0.007  eval vs random win 1.00 (+161.4)  vs greedy win 0.43 (-4.4)  [1403s]
 27000 games  eps 0.020  train win 0.44 margin   -2.8  |td| 0.007  eval vs random win 1.00 (+158.8)  vs greedy win 0.42 (-3.5)  [1444s]
 27500 games  eps 0.020  train win 0.45 margin   -4.9  |td| 0.007  eval vs random win 1.00 (+152.4)  vs greedy win 0.41 (-6.0)  [1484s]
 28000 games  eps 0.020  train win 0.51 margin   -1.7  |td| 0.007  eval vs random win 1.00 (+164.1)  vs greedy win 0.47 (-3.8)  [1525s]
 28500 games  eps 0.020  train win 0.27 margin  -20.5  |td| 0.008  eval vs random win 1.00 (+138.7)  vs greedy win 0.09 (-34.2)  [1565s]
 29000 games  eps 0.020  train win 0.14 margin  -32.4  |td| 0.008  eval vs random win 1.00 (+134.6)  vs greedy win 0.11 (-39.4)  [1605s]
 29500 games  eps 0.020  train win 0.16 margin  -28.4  |td| 0.008  eval vs random win 1.00 (+138.3)  vs greedy win 0.12 (-32.4)  [1642s]
 30000 games  eps 0.020  train win 0.19 margin  -23.7  |td| 0.008  eval vs random win 1.00 (+141.4)  vs greedy win 0.22 (-18.0)  [1683s]
saved runs\linear\pass6\p6e_q_self_decay_s4.json  (ttr-dash runs\linear\pass6\p6e_q_self_decay_s4.json to analyze)
