training sarsa vs self: 30000 games, alpha 0.05, epsilon 0.2 -> 0.02, reward margin; alpha_end 0.005, average 100
(best checkpoint kept by margin vs greedy; play it as linear:runs\linear\pass6\p6f_sarsa_self_decay_s4.json@best)
live: runs\linear\pass6\p6f_sarsa_self_decay_s4.json rewritten every 500 games (watch with ttr-dash --live runs\linear\pass6\p6f_sarsa_self_decay_s4.json)
   500 games  eps 0.110  train win 0.00 margin -103.7  |td| 0.016  eval vs random win 1.00 (+119.8)  vs greedy win 0.00 (-93.8)  [20s]
  1000 games  eps 0.020  train win 0.41 margin  -20.5  |td| 0.016  eval vs random win 1.00 (+133.6)  vs greedy win 0.02 (-49.7)  [46s]
  1500 games  eps 0.020  train win 0.36 margin  -15.1  |td| 0.016  eval vs random win 1.00 (+140.8)  vs greedy win 0.22 (-25.5)  [74s]
  2000 games  eps 0.020  train win 0.39 margin  -10.9  |td| 0.016  eval vs random win 1.00 (+136.8)  vs greedy win 0.26 (-20.9)  [107s]
  2500 games  eps 0.020  train win 0.36 margin  -12.3  |td| 0.016  eval vs random win 1.00 (+141.9)  vs greedy win 0.32 (-15.2)  [144s]
  3000 games  eps 0.020  train win 0.41 margin   -9.8  |td| 0.015  eval vs random win 1.00 (+150.7)  vs greedy win 0.22 (-20.8)  [177s]
  3500 games  eps 0.020  train win 0.43 margin   -6.8  |td| 0.013  eval vs random win 1.00 (+157.5)  vs greedy win 0.31 (-9.8)  [213s]
  4000 games  eps 0.020  train win 0.41 margin   -6.5  |td| 0.012  eval vs random win 1.00 (+156.3)  vs greedy win 0.36 (-6.8)  [245s]
  4500 games  eps 0.020  train win 0.34 margin  -11.6  |td| 0.009  eval vs random win 1.00 (+153.9)  vs greedy win 0.34 (-9.1)  [275s]
  5000 games  eps 0.020  train win 0.38 margin   -7.9  |td| 0.009  eval vs random win 1.00 (+143.5)  vs greedy win 0.31 (-12.8)  [303s]
  5500 games  eps 0.020  train win 0.32 margin  -14.6  |td| 0.009  eval vs random win 1.00 (+144.4)  vs greedy win 0.24 (-19.1)  [330s]
  6000 games  eps 0.020  train win 0.30 margin  -13.8  |td| 0.009  eval vs random win 1.00 (+142.0)  vs greedy win 0.23 (-19.5)  [358s]
  6500 games  eps 0.020  train win 0.27 margin  -15.6  |td| 0.009  eval vs random win 1.00 (+144.1)  vs greedy win 0.31 (-9.7)  [385s]
  7000 games  eps 0.020  train win 0.39 margin   -8.6  |td| 0.009  eval vs random win 1.00 (+146.0)  vs greedy win 0.41 (-8.5)  [408s]
  7500 games  eps 0.020  train win 0.14 margin  -27.0  |td| 0.009  eval vs random win 1.00 (+147.7)  vs greedy win 0.12 (-25.3)  [432s]
  8000 games  eps 0.020  train win 0.30 margin  -14.4  |td| 0.009  eval vs random win 1.00 (+138.6)  vs greedy win 0.28 (-13.2)  [455s]
  8500 games  eps 0.020  train win 0.25 margin  -18.4  |td| 0.009  eval vs random win 1.00 (+145.8)  vs greedy win 0.27 (-15.1)  [476s]
  9000 games  eps 0.020  train win 0.30 margin  -14.2  |td| 0.008  eval vs random win 1.00 (+149.7)  vs greedy win 0.26 (-17.5)  [496s]
  9500 games  eps 0.020  train win 0.19 margin  -21.5  |td| 0.009  eval vs random win 1.00 (+144.3)  vs greedy win 0.11 (-33.5)  [515s]
 10000 games  eps 0.020  train win 0.09 margin  -33.4  |td| 0.009  eval vs random win 1.00 (+141.9)  vs greedy win 0.11 (-33.7)  [533s]
 10500 games  eps 0.020  train win 0.09 margin  -32.6  |td| 0.009  eval vs random win 1.00 (+137.5)  vs greedy win 0.07 (-40.7)  [552s]
 11000 games  eps 0.020  train win 0.08 margin  -36.2  |td| 0.009  eval vs random win 1.00 (+138.7)  vs greedy win 0.06 (-36.5)  [570s]
 11500 games  eps 0.020  train win 0.09 margin  -36.6  |td| 0.009  eval vs random win 1.00 (+149.2)  vs greedy win 0.07 (-35.1)  [589s]
 12000 games  eps 0.020  train win 0.09 margin  -33.9  |td| 0.010  eval vs random win 1.00 (+141.7)  vs greedy win 0.12 (-32.8)  [607s]
 12500 games  eps 0.020  train win 0.04 margin  -49.7  |td| 0.009  eval vs random win 0.99 (+133.5)  vs greedy win 0.03 (-66.9)  [624s]
 13000 games  eps 0.020  train win 0.06 margin  -38.5  |td| 0.010  eval vs random win 1.00 (+153.4)  vs greedy win 0.15 (-30.8)  [642s]
 13500 games  eps 0.020  train win 0.12 margin  -30.0  |td| 0.010  eval vs random win 1.00 (+141.3)  vs greedy win 0.06 (-41.2)  [660s]
 14000 games  eps 0.020  train win 0.01 margin  -59.4  |td| 0.009  eval vs random win 1.00 (+123.3)  vs greedy win 0.00 (-75.5)  [678s]
 14500 games  eps 0.020  train win 0.01 margin  -64.4  |td| 0.009  eval vs random win 1.00 (+138.8)  vs greedy win 0.02 (-71.6)  [694s]
 15000 games  eps 0.020  train win 0.09 margin  -37.4  |td| 0.011  eval vs random win 1.00 (+159.8)  vs greedy win 0.09 (-27.1)  [712s]
 15500 games  eps 0.020  train win 0.11 margin  -35.5  |td| 0.010  eval vs random win 1.00 (+134.3)  vs greedy win 0.00 (-62.3)  [731s]
 16000 games  eps 0.020  train win 0.04 margin  -53.4  |td| 0.010  eval vs random win 1.00 (+144.0)  vs greedy win 0.06 (-39.5)  [749s]
 16500 games  eps 0.020  train win 0.12 margin  -25.5  |td| 0.010  eval vs random win 1.00 (+149.7)  vs greedy win 0.10 (-33.9)  [768s]
 17000 games  eps 0.020  train win 0.03 margin  -52.6  |td| 0.009  eval vs random win 1.00 (+126.4)  vs greedy win 0.02 (-77.3)  [785s]
 17500 games  eps 0.020  train win 0.04 margin  -53.0  |td| 0.010  eval vs random win 1.00 (+143.6)  vs greedy win 0.03 (-43.5)  [803s]
 18000 games  eps 0.020  train win 0.17 margin  -23.1  |td| 0.010  eval vs random win 1.00 (+156.0)  vs greedy win 0.11 (-28.8)  [822s]
 18500 games  eps 0.020  train win 0.06 margin  -38.9  |td| 0.009  eval vs random win 1.00 (+129.5)  vs greedy win 0.02 (-54.7)  [840s]
 19000 games  eps 0.020  train win 0.00 margin  -67.8  |td| 0.009  eval vs random win 1.00 (+124.4)  vs greedy win 0.00 (-73.2)  [868s]
 19500 games  eps 0.020  train win 0.08 margin  -39.1  |td| 0.010  eval vs random win 1.00 (+160.9)  vs greedy win 0.13 (-26.8)  [902s]
 20000 games  eps 0.020  train win 0.15 margin  -26.6  |td| 0.010  eval vs random win 1.00 (+159.5)  vs greedy win 0.09 (-32.5)  [939s]
 20500 games  eps 0.020  train win 0.11 margin  -28.0  |td| 0.009  eval vs random win 1.00 (+151.0)  vs greedy win 0.15 (-33.9)  [975s]
 21000 games  eps 0.020  train win 0.06 margin  -36.7  |td| 0.009  eval vs random win 1.00 (+140.2)  vs greedy win 0.04 (-45.8)  [1011s]
 21500 games  eps 0.020  train win 0.02 margin  -62.2  |td| 0.008  eval vs random win 1.00 (+129.5)  vs greedy win 0.00 (-74.1)  [1045s]
 22000 games  eps 0.020  train win 0.01 margin  -62.4  |td| 0.009  eval vs random win 1.00 (+137.8)  vs greedy win 0.00 (-57.7)  [1078s]
 22500 games  eps 0.020  train win 0.14 margin  -24.6  |td| 0.010  eval vs random win 1.00 (+163.3)  vs greedy win 0.17 (-21.2)  [1114s]
 23000 games  eps 0.020  train win 0.15 margin  -26.2  |td| 0.009  eval vs random win 1.00 (+142.8)  vs greedy win 0.07 (-38.8)  [1152s]
 23500 games  eps 0.020  train win 0.11 margin  -27.9  |td| 0.009  eval vs random win 1.00 (+152.7)  vs greedy win 0.19 (-23.6)  [1189s]
 24000 games  eps 0.020  train win 0.16 margin  -25.3  |td| 0.009  eval vs random win 1.00 (+150.2)  vs greedy win 0.09 (-34.4)  [1223s]
 24500 games  eps 0.020  train win 0.09 margin  -31.5  |td| 0.009  eval vs random win 1.00 (+152.2)  vs greedy win 0.02 (-38.5)  [1252s]
 25000 games  eps 0.020  train win 0.05 margin  -43.8  |td| 0.008  eval vs random win 1.00 (+135.5)  vs greedy win 0.00 (-61.1)  [1273s]
 25500 games  eps 0.020  train win 0.01 margin  -60.7  |td| 0.008  eval vs random win 1.00 (+124.5)  vs greedy win 0.01 (-70.6)  [1293s]
 26000 games  eps 0.020  train win 0.01 margin  -63.5  |td| 0.008  eval vs random win 1.00 (+135.9)  vs greedy win 0.00 (-74.5)  [1317s]
 26500 games  eps 0.020  train win 0.02 margin  -53.6  |td| 0.009  eval vs random win 1.00 (+138.2)  vs greedy win 0.02 (-54.3)  [1357s]
 27000 games  eps 0.020  train win 0.15 margin  -26.6  |td| 0.011  eval vs random win 1.00 (+163.1)  vs greedy win 0.13 (-25.3)  [1394s]
 27500 games  eps 0.020  train win 0.18 margin  -22.7  |td| 0.009  eval vs random win 1.00 (+150.0)  vs greedy win 0.14 (-24.5)  [1446s]
 28000 games  eps 0.020  train win 0.18 margin  -21.1  |td| 0.009  eval vs random win 1.00 (+163.7)  vs greedy win 0.13 (-23.9)  [1486s]
 28500 games  eps 0.020  train win 0.16 margin  -22.0  |td| 0.008  eval vs random win 1.00 (+168.1)  vs greedy win 0.13 (-24.0)  [1526s]
 29000 games  eps 0.020  train win 0.16 margin  -25.6  |td| 0.008  eval vs random win 1.00 (+160.6)  vs greedy win 0.09 (-32.2)  [1564s]
 29500 games  eps 0.020  train win 0.10 margin  -31.5  |td| 0.008  eval vs random win 1.00 (+147.0)  vs greedy win 0.07 (-35.0)  [1602s]
 30000 games  eps 0.020  train win 0.12 margin  -27.7  |td| 0.008  eval vs random win 1.00 (+152.2)  vs greedy win 0.06 (-33.1)  [1639s]
saved runs\linear\pass6\p6f_sarsa_self_decay_s4.json  (ttr-dash runs\linear\pass6\p6f_sarsa_self_decay_s4.json to analyze)
