training sarsa vs self: 30000 games, alpha 0.05, epsilon 0.2 -> 0.02, reward margin; alpha_end 0.005, average 100
(best checkpoint kept by margin vs greedy; play it as linear:runs\linear\pass6\p6f_sarsa_self_decay_s2.json@best)
live: runs\linear\pass6\p6f_sarsa_self_decay_s2.json rewritten every 500 games (watch with ttr-dash --live runs\linear\pass6\p6f_sarsa_self_decay_s2.json)
   500 games  eps 0.110  train win 0.00 margin -103.1  |td| 0.016  eval vs random win 0.99 (+121.7)  vs greedy win 0.00 (-91.5)  [20s]
  1000 games  eps 0.020  train win 0.40 margin  -26.1  |td| 0.016  eval vs random win 1.00 (+127.3)  vs greedy win 0.00 (-72.6)  [46s]
  1500 games  eps 0.020  train win 0.53 margin   -0.2  |td| 0.016  eval vs random win 1.00 (+136.4)  vs greedy win 0.38 (-10.5)  [74s]
  2000 games  eps 0.020  train win 0.38 margin  -12.3  |td| 0.019  eval vs random win 1.00 (+134.4)  vs greedy win 0.35 (-13.1)  [107s]
  2500 games  eps 0.020  train win 0.45 margin   -5.1  |td| 0.015  eval vs random win 1.00 (+147.4)  vs greedy win 0.34 (-14.7)  [143s]
  3000 games  eps 0.020  train win 0.47 margin   -2.1  |td| 0.014  eval vs random win 1.00 (+143.8)  vs greedy win 0.39 (-10.2)  [178s]
  3500 games  eps 0.020  train win 0.49 margin   -2.6  |td| 0.016  eval vs random win 1.00 (+142.2)  vs greedy win 0.52 (+3.6)  [212s]
  4000 games  eps 0.020  train win 0.43 margin   -4.9  |td| 0.013  eval vs random win 1.00 (+146.9)  vs greedy win 0.55 (+3.3)  [247s]
  4500 games  eps 0.020  train win 0.49 margin   -2.4  |td| 0.012  eval vs random win 1.00 (+151.9)  vs greedy win 0.49 (-1.2)  [281s]
  5000 games  eps 0.020  train win 0.50 margin   +1.1  |td| 0.012  eval vs random win 1.00 (+159.9)  vs greedy win 0.56 (+5.9)  [315s]
  5500 games  eps 0.020  train win 0.42 margin   -4.5  |td| 0.010  eval vs random win 1.00 (+144.7)  vs greedy win 0.39 (-5.3)  [348s]
  6000 games  eps 0.020  train win 0.53 margin   +2.3  |td| 0.010  eval vs random win 1.00 (+155.1)  vs greedy win 0.55 (+5.2)  [380s]
  6500 games  eps 0.020  train win 0.46 margin   -2.6  |td| 0.009  eval vs random win 1.00 (+157.2)  vs greedy win 0.57 (+4.1)  [413s]
  7000 games  eps 0.020  train win 0.42 margin   -5.2  |td| 0.008  eval vs random win 1.00 (+149.3)  vs greedy win 0.52 (+3.9)  [443s]
  7500 games  eps 0.020  train win 0.45 margin   -3.6  |td| 0.008  eval vs random win 1.00 (+157.7)  vs greedy win 0.47 (+2.1)  [474s]
  8000 games  eps 0.020  train win 0.39 margin   -8.2  |td| 0.008  eval vs random win 1.00 (+140.2)  vs greedy win 0.35 (-12.1)  [504s]
  8500 games  eps 0.020  train win 0.40 margin   -7.5  |td| 0.009  eval vs random win 1.00 (+149.9)  vs greedy win 0.49 (-1.5)  [535s]
  9000 games  eps 0.020  train win 0.02 margin  -61.3  |td| 0.009  eval vs random win 1.00 (+123.5)  vs greedy win 0.00 (-73.5)  [563s]
  9500 games  eps 0.020  train win 0.20 margin  -27.8  |td| 0.010  eval vs random win 1.00 (+156.1)  vs greedy win 0.56 (+0.7)  [593s]
 10000 games  eps 0.020  train win 0.22 margin  -25.8  |td| 0.009  eval vs random win 1.00 (+142.7)  vs greedy win 0.07 (-47.5)  [624s]
 10500 games  eps 0.020  train win 0.16 margin  -40.0  |td| 0.010  eval vs random win 1.00 (+167.2)  vs greedy win 0.52 (-0.4)  [653s]
 11000 games  eps 0.020  train win 0.24 margin  -19.5  |td| 0.009  eval vs random win 1.00 (+137.4)  vs greedy win 0.17 (-26.1)  [684s]
 11500 games  eps 0.020  train win 0.03 margin  -59.5  |td| 0.009  eval vs random win 1.00 (+131.9)  vs greedy win 0.02 (-75.5)  [713s]
 12000 games  eps 0.020  train win 0.01 margin  -66.1  |td| 0.009  eval vs random win 0.99 (+127.3)  vs greedy win 0.00 (-73.1)  [740s]
 12500 games  eps 0.020  train win 0.22 margin  -24.7  |td| 0.011  eval vs random win 1.00 (+157.4)  vs greedy win 0.38 (-10.4)  [770s]
 13000 games  eps 0.020  train win 0.04 margin  -57.3  |td| 0.009  eval vs random win 0.99 (+139.7)  vs greedy win 0.00 (-75.9)  [798s]
 13500 games  eps 0.020  train win 0.01 margin  -67.1  |td| 0.009  eval vs random win 1.00 (+136.3)  vs greedy win 0.00 (-70.0)  [826s]
 14000 games  eps 0.020  train win 0.01 margin  -60.9  |td| 0.009  eval vs random win 1.00 (+143.2)  vs greedy win 0.03 (-57.7)  [853s]
 14500 games  eps 0.020  train win 0.28 margin  -15.5  |td| 0.011  eval vs random win 1.00 (+157.4)  vs greedy win 0.39 (-9.8)  [882s]
 15000 games  eps 0.020  train win 0.03 margin  -60.6  |td| 0.009  eval vs random win 1.00 (+130.8)  vs greedy win 0.00 (-77.9)  [910s]
 15500 games  eps 0.020  train win 0.00 margin  -69.3  |td| 0.009  eval vs random win 1.00 (+138.7)  vs greedy win 0.00 (-73.9)  [938s]
 16000 games  eps 0.020  train win 0.02 margin  -59.7  |td| 0.010  eval vs random win 1.00 (+151.8)  vs greedy win 0.02 (-60.7)  [967s]
 16500 games  eps 0.020  train win 0.00 margin  -71.9  |td| 0.009  eval vs random win 0.99 (+113.6)  vs greedy win 0.00 (-83.3)  [994s]
 17000 games  eps 0.020  train win 0.00 margin  -74.4  |td| 0.009  eval vs random win 0.99 (+138.8)  vs greedy win 0.00 (-77.3)  [1020s]
 17500 games  eps 0.020  train win 0.05 margin  -48.8  |td| 0.010  eval vs random win 1.00 (+141.8)  vs greedy win 0.11 (-38.4)  [1050s]
 18000 games  eps 0.020  train win 0.13 margin  -35.5  |td| 0.011  eval vs random win 1.00 (+131.6)  vs greedy win 0.09 (-45.0)  [1078s]
 18500 games  eps 0.020  train win 0.00 margin  -75.6  |td| 0.008  eval vs random win 0.99 (+131.7)  vs greedy win 0.00 (-83.5)  [1106s]
 19000 games  eps 0.020  train win 0.00 margin  -71.5  |td| 0.009  eval vs random win 1.00 (+138.2)  vs greedy win 0.00 (-78.7)  [1132s]
 19500 games  eps 0.020  train win 0.01 margin  -71.4  |td| 0.009  eval vs random win 1.00 (+133.5)  vs greedy win 0.01 (-74.4)  [1160s]
 20000 games  eps 0.020  train win 0.00 margin  -70.7  |td| 0.009  eval vs random win 1.00 (+139.2)  vs greedy win 0.00 (-80.4)  [1187s]
 20500 games  eps 0.020  train win 0.00 margin  -69.0  |td| 0.009  eval vs random win 1.00 (+143.1)  vs greedy win 0.00 (-78.0)  [1214s]
 21000 games  eps 0.020  train win 0.00 margin  -72.6  |td| 0.009  eval vs random win 0.99 (+139.1)  vs greedy win 0.01 (-81.1)  [1242s]
 21500 games  eps 0.020  train win 0.00 margin  -68.0  |td| 0.009  eval vs random win 1.00 (+140.5)  vs greedy win 0.00 (-72.9)  [1271s]
 22000 games  eps 0.020  train win 0.00 margin  -67.8  |td| 0.009  eval vs random win 0.99 (+131.5)  vs greedy win 0.00 (-70.7)  [1299s]
 22500 games  eps 0.020  train win 0.00 margin  -69.4  |td| 0.009  eval vs random win 0.99 (+125.2)  vs greedy win 0.00 (-79.8)  [1327s]
 23000 games  eps 0.020  train win 0.00 margin  -66.1  |td| 0.009  eval vs random win 1.00 (+142.6)  vs greedy win 0.00 (-76.2)  [1355s]
 23500 games  eps 0.020  train win 0.00 margin  -67.8  |td| 0.009  eval vs random win 1.00 (+138.9)  vs greedy win 0.01 (-69.0)  [1385s]
 24000 games  eps 0.020  train win 0.00 margin  -66.5  |td| 0.009  eval vs random win 0.99 (+136.8)  vs greedy win 0.00 (-75.3)  [1414s]
 24500 games  eps 0.020  train win 0.00 margin  -70.9  |td| 0.009  eval vs random win 1.00 (+142.3)  vs greedy win 0.00 (-71.9)  [1443s]
 25000 games  eps 0.020  train win 0.01 margin  -63.9  |td| 0.009  eval vs random win 1.00 (+140.3)  vs greedy win 0.00 (-70.2)  [1471s]
 25500 games  eps 0.020  train win 0.03 margin  -53.1  |td| 0.011  eval vs random win 1.00 (+141.2)  vs greedy win 0.00 (-63.9)  [1502s]
 26000 games  eps 0.020  train win 0.00 margin  -59.7  |td| 0.008  eval vs random win 1.00 (+142.1)  vs greedy win 0.00 (-65.5)  [1532s]
 26500 games  eps 0.020  train win 0.01 margin  -59.2  |td| 0.008  eval vs random win 1.00 (+149.4)  vs greedy win 0.00 (-63.3)  [1563s]
 27000 games  eps 0.020  train win 0.00 margin  -58.7  |td| 0.008  eval vs random win 1.00 (+143.1)  vs greedy win 0.00 (-63.6)  [1594s]
 27500 games  eps 0.020  train win 0.00 margin  -58.8  |td| 0.008  eval vs random win 0.99 (+147.8)  vs greedy win 0.00 (-64.0)  [1624s]
 28000 games  eps 0.020  train win 0.01 margin  -57.6  |td| 0.008  eval vs random win 1.00 (+140.4)  vs greedy win 0.00 (-63.9)  [1655s]
 28500 games  eps 0.020  train win 0.01 margin  -58.2  |td| 0.008  eval vs random win 1.00 (+153.6)  vs greedy win 0.00 (-65.5)  [1686s]
 29000 games  eps 0.020  train win 0.00 margin  -64.1  |td| 0.008  eval vs random win 1.00 (+145.3)  vs greedy win 0.00 (-65.8)  [1716s]
 29500 games  eps 0.020  train win 0.01 margin  -57.6  |td| 0.008  eval vs random win 1.00 (+144.1)  vs greedy win 0.00 (-76.4)  [1746s]
 30000 games  eps 0.020  train win 0.01 margin  -60.8  |td| 0.008  eval vs random win 1.00 (+148.7)  vs greedy win 0.00 (-68.0)  [1776s]
saved runs\linear\pass6\p6f_sarsa_self_decay_s2.json  (ttr-dash runs\linear\pass6\p6f_sarsa_self_decay_s2.json to analyze)
