training sarsa vs self: 30000 games, alpha 0.05, epsilon 0.2 -> 0.02, reward margin; alpha_end 0.005, average 100
(best checkpoint kept by margin vs greedy; play it as linear:runs\linear\pass6\p6f_sarsa_self_decay_s3.json@best)
live: runs\linear\pass6\p6f_sarsa_self_decay_s3.json rewritten every 500 games (watch with ttr-dash --live runs\linear\pass6\p6f_sarsa_self_decay_s3.json)
   500 games  eps 0.110  train win 0.00 margin  -97.8  |td| 0.015  eval vs random win 1.00 (+115.8)  vs greedy win 0.00 (-89.7)  [20s]
  1000 games  eps 0.020  train win 0.46 margin  -14.8  |td| 0.018  eval vs random win 1.00 (+149.3)  vs greedy win 0.41 (-8.7)  [47s]
  1500 games  eps 0.020  train win 0.16 margin  -30.6  |td| 0.019  eval vs random win 1.00 (+136.3)  vs greedy win 0.14 (-31.7)  [79s]
  2000 games  eps 0.020  train win 0.27 margin  -18.3  |td| 0.014  eval vs random win 1.00 (+151.0)  vs greedy win 0.27 (-18.4)  [116s]
  2500 games  eps 0.020  train win 0.31 margin  -13.5  |td| 0.012  eval vs random win 1.00 (+159.4)  vs greedy win 0.34 (-14.7)  [150s]
  3000 games  eps 0.020  train win 0.35 margin  -11.5  |td| 0.010  eval vs random win 1.00 (+156.1)  vs greedy win 0.32 (-13.5)  [184s]
  3500 games  eps 0.020  train win 0.36 margin  -10.8  |td| 0.010  eval vs random win 1.00 (+161.9)  vs greedy win 0.29 (-16.2)  [216s]
  4000 games  eps 0.020  train win 0.38 margin  -10.3  |td| 0.009  eval vs random win 1.00 (+157.8)  vs greedy win 0.36 (-15.7)  [250s]
  4500 games  eps 0.020  train win 0.34 margin  -11.9  |td| 0.009  eval vs random win 1.00 (+169.4)  vs greedy win 0.28 (-11.6)  [282s]
  5000 games  eps 0.020  train win 0.33 margin  -11.8  |td| 0.009  eval vs random win 1.00 (+150.7)  vs greedy win 0.33 (-12.9)  [313s]
  5500 games  eps 0.020  train win 0.36 margin  -10.6  |td| 0.009  eval vs random win 1.00 (+152.5)  vs greedy win 0.22 (-19.3)  [346s]
  6000 games  eps 0.020  train win 0.36 margin  -11.7  |td| 0.009  eval vs random win 1.00 (+150.5)  vs greedy win 0.21 (-19.2)  [376s]
  6500 games  eps 0.020  train win 0.29 margin  -15.3  |td| 0.009  eval vs random win 1.00 (+131.0)  vs greedy win 0.21 (-23.4)  [407s]
  7000 games  eps 0.020  train win 0.11 margin  -40.4  |td| 0.009  eval vs random win 0.99 (+142.2)  vs greedy win 0.03 (-64.6)  [436s]
  7500 games  eps 0.020  train win 0.05 margin  -50.5  |td| 0.010  eval vs random win 1.00 (+155.4)  vs greedy win 0.01 (-61.3)  [467s]
  8000 games  eps 0.020  train win 0.05 margin  -52.4  |td| 0.009  eval vs random win 1.00 (+132.9)  vs greedy win 0.00 (-73.2)  [497s]
  8500 games  eps 0.020  train win 0.02 margin  -61.0  |td| 0.009  eval vs random win 1.00 (+137.3)  vs greedy win 0.00 (-67.8)  [526s]
  9000 games  eps 0.020  train win 0.05 margin  -52.2  |td| 0.009  eval vs random win 1.00 (+141.5)  vs greedy win 0.00 (-71.1)  [559s]
  9500 games  eps 0.020  train win 0.05 margin  -52.8  |td| 0.009  eval vs random win 1.00 (+147.7)  vs greedy win 0.02 (-60.7)  [589s]
 10000 games  eps 0.020  train win 0.04 margin  -51.5  |td| 0.009  eval vs random win 1.00 (+143.7)  vs greedy win 0.00 (-72.8)  [623s]
 10500 games  eps 0.020  train win 0.05 margin  -50.4  |td| 0.009  eval vs random win 1.00 (+140.3)  vs greedy win 0.00 (-65.8)  [654s]
 11000 games  eps 0.020  train win 0.04 margin  -51.3  |td| 0.009  eval vs random win 1.00 (+130.6)  vs greedy win 0.00 (-70.2)  [686s]
 11500 games  eps 0.020  train win 0.02 margin  -55.0  |td| 0.008  eval vs random win 1.00 (+141.0)  vs greedy win 0.02 (-65.4)  [716s]
 12000 games  eps 0.020  train win 0.07 margin  -47.2  |td| 0.009  eval vs random win 1.00 (+157.3)  vs greedy win 0.00 (-67.1)  [748s]
 12500 games  eps 0.020  train win 0.03 margin  -53.2  |td| 0.008  eval vs random win 1.00 (+137.6)  vs greedy win 0.00 (-72.8)  [779s]
 13000 games  eps 0.020  train win 0.05 margin  -52.1  |td| 0.008  eval vs random win 1.00 (+138.1)  vs greedy win 0.00 (-69.1)  [811s]
 13500 games  eps 0.020  train win 0.05 margin  -49.5  |td| 0.008  eval vs random win 1.00 (+128.3)  vs greedy win 0.00 (-71.7)  [844s]
 14000 games  eps 0.020  train win 0.06 margin  -50.2  |td| 0.008  eval vs random win 1.00 (+118.0)  vs greedy win 0.00 (-68.5)  [877s]
 14500 games  eps 0.020  train win 0.06 margin  -53.3  |td| 0.008  eval vs random win 1.00 (+108.2)  vs greedy win 0.00 (-77.4)  [911s]
 15000 games  eps 0.020  train win 0.08 margin  -50.8  |td| 0.007  eval vs random win 0.99 (+119.0)  vs greedy win 0.01 (-76.8)  [946s]
 15500 games  eps 0.020  train win 0.03 margin  -55.9  |td| 0.008  eval vs random win 1.00 (+113.2)  vs greedy win 0.00 (-78.0)  [980s]
 16000 games  eps 0.020  train win 0.03 margin  -59.2  |td| 0.008  eval vs random win 0.99 (+129.0)  vs greedy win 0.00 (-74.5)  [1010s]
 16500 games  eps 0.020  train win 0.01 margin  -59.0  |td| 0.007  eval vs random win 0.98 (+113.6)  vs greedy win 0.00 (-76.8)  [1043s]
 17000 games  eps 0.020  train win 0.04 margin  -56.1  |td| 0.008  eval vs random win 0.99 (+126.2)  vs greedy win 0.00 (-77.9)  [1073s]
 17500 games  eps 0.020  train win 0.01 margin  -57.4  |td| 0.008  eval vs random win 0.98 (+101.8)  vs greedy win 0.00 (-74.9)  [1105s]
 18000 games  eps 0.020  train win 0.02 margin  -56.6  |td| 0.008  eval vs random win 1.00 (+112.8)  vs greedy win 0.00 (-76.4)  [1137s]
 18500 games  eps 0.020  train win 0.04 margin  -56.5  |td| 0.008  eval vs random win 0.99 (+95.1)  vs greedy win 0.00 (-75.4)  [1168s]
 19000 games  eps 0.020  train win 0.05 margin  -56.6  |td| 0.008  eval vs random win 0.98 (+105.6)  vs greedy win 0.00 (-78.7)  [1200s]
 19500 games  eps 0.020  train win 0.03 margin  -56.8  |td| 0.008  eval vs random win 0.99 (+106.9)  vs greedy win 0.00 (-75.8)  [1232s]
 20000 games  eps 0.020  train win 0.03 margin  -58.8  |td| 0.008  eval vs random win 1.00 (+116.1)  vs greedy win 0.00 (-75.4)  [1264s]
 20500 games  eps 0.020  train win 0.03 margin  -58.3  |td| 0.008  eval vs random win 1.00 (+112.3)  vs greedy win 0.00 (-80.9)  [1294s]
 21000 games  eps 0.020  train win 0.03 margin  -58.8  |td| 0.008  eval vs random win 0.99 (+110.7)  vs greedy win 0.00 (-76.7)  [1325s]
 21500 games  eps 0.020  train win 0.03 margin  -58.4  |td| 0.008  eval vs random win 1.00 (+104.0)  vs greedy win 0.00 (-76.7)  [1356s]
 22000 games  eps 0.020  train win 0.02 margin  -59.2  |td| 0.008  eval vs random win 0.99 (+103.7)  vs greedy win 0.00 (-77.0)  [1387s]
 22500 games  eps 0.020  train win 0.03 margin  -57.4  |td| 0.008  eval vs random win 1.00 (+112.3)  vs greedy win 0.00 (-78.0)  [1420s]
 23000 games  eps 0.020  train win 0.03 margin  -56.8  |td| 0.008  eval vs random win 1.00 (+105.0)  vs greedy win 0.00 (-77.1)  [1451s]
 23500 games  eps 0.020  train win 0.05 margin  -58.2  |td| 0.008  eval vs random win 1.00 (+102.4)  vs greedy win 0.00 (-76.5)  [1484s]
 24000 games  eps 0.020  train win 0.04 margin  -57.1  |td| 0.008  eval vs random win 0.98 (+106.5)  vs greedy win 0.00 (-78.2)  [1515s]
 24500 games  eps 0.020  train win 0.04 margin  -58.3  |td| 0.008  eval vs random win 0.98 (+108.3)  vs greedy win 0.00 (-80.0)  [1547s]
 25000 games  eps 0.020  train win 0.03 margin  -58.7  |td| 0.008  eval vs random win 0.97 (+120.5)  vs greedy win 0.00 (-81.8)  [1578s]
 25500 games  eps 0.020  train win 0.03 margin  -61.0  |td| 0.008  eval vs random win 1.00 (+104.3)  vs greedy win 0.00 (-73.5)  [1610s]
 26000 games  eps 0.020  train win 0.03 margin  -56.5  |td| 0.008  eval vs random win 0.99 (+116.7)  vs greedy win 0.00 (-75.3)  [1640s]
 26500 games  eps 0.020  train win 0.02 margin  -60.1  |td| 0.008  eval vs random win 0.99 (+110.1)  vs greedy win 0.00 (-78.5)  [1669s]
 27000 games  eps 0.020  train win 0.04 margin  -60.7  |td| 0.008  eval vs random win 1.00 (+114.8)  vs greedy win 0.00 (-75.9)  [1698s]
 27500 games  eps 0.020  train win 0.04 margin  -58.2  |td| 0.008  eval vs random win 1.00 (+101.4)  vs greedy win 0.00 (-79.2)  [1728s]
 28000 games  eps 0.020  train win 0.03 margin  -61.2  |td| 0.008  eval vs random win 0.98 (+100.4)  vs greedy win 0.00 (-78.8)  [1754s]
 28500 games  eps 0.020  train win 0.02 margin  -58.6  |td| 0.008  eval vs random win 0.96 (+102.2)  vs greedy win 0.00 (-79.3)  [1782s]
 29000 games  eps 0.020  train win 0.03 margin  -58.3  |td| 0.008  eval vs random win 0.99 (+105.7)  vs greedy win 0.00 (-78.4)  [1806s]
 29500 games  eps 0.020  train win 0.03 margin  -57.3  |td| 0.008  eval vs random win 0.99 (+99.2)  vs greedy win 0.00 (-76.0)  [1830s]
 30000 games  eps 0.020  train win 0.03 margin  -58.0  |td| 0.008  eval vs random win 1.00 (+105.1)  vs greedy win 0.00 (-78.8)  [1850s]
saved runs\linear\pass6\p6f_sarsa_self_decay_s3.json  (ttr-dash runs\linear\pass6\p6f_sarsa_self_decay_s3.json to analyze)
