training sarsa vs self: 30000 games, alpha 0.05, epsilon 0.2 -> 0.02, reward margin; alpha_end 0.005, average 100
(best checkpoint kept by margin vs greedy; play it as linear:runs\linear\pass6\p6f_sarsa_self_decay_s1.json@best)
live: runs\linear\pass6\p6f_sarsa_self_decay_s1.json rewritten every 500 games (watch with ttr-dash --live runs\linear\pass6\p6f_sarsa_self_decay_s1.json)
   500 games  eps 0.110  train win 0.00 margin -102.1  |td| 0.016  eval vs random win 1.00 (+133.2)  vs greedy win 0.00 (-93.7)  [19s]
  1000 games  eps 0.020  train win 0.46 margin  -15.7  |td| 0.017  eval vs random win 1.00 (+143.0)  vs greedy win 0.39 (-5.8)  [46s]
  1500 games  eps 0.020  train win 0.14 margin  -34.7  |td| 0.018  eval vs random win 1.00 (+144.8)  vs greedy win 0.16 (-35.1)  [74s]
  2000 games  eps 0.020  train win 0.23 margin  -18.8  |td| 0.014  eval vs random win 1.00 (+142.7)  vs greedy win 0.18 (-27.6)  [107s]
  2500 games  eps 0.020  train win 0.37 margin  -11.1  |td| 0.013  eval vs random win 1.00 (+148.6)  vs greedy win 0.45 (-7.6)  [140s]
  3000 games  eps 0.020  train win 0.46 margin   -2.1  |td| 0.013  eval vs random win 1.00 (+146.3)  vs greedy win 0.50 (+0.9)  [173s]
  3500 games  eps 0.020  train win 0.48 margin   -2.4  |td| 0.014  eval vs random win 1.00 (+147.2)  vs greedy win 0.53 (+3.3)  [206s]
  4000 games  eps 0.020  train win 0.50 margin   +0.1  |td| 0.012  eval vs random win 1.00 (+153.1)  vs greedy win 0.49 (-3.0)  [239s]
  4500 games  eps 0.020  train win 0.44 margin   -4.6  |td| 0.011  eval vs random win 1.00 (+141.0)  vs greedy win 0.56 (+2.6)  [272s]
  5000 games  eps 0.020  train win 0.50 margin   -1.9  |td| 0.011  eval vs random win 1.00 (+147.4)  vs greedy win 0.65 (+11.3)  [306s]
  5500 games  eps 0.020  train win 0.49 margin   -0.5  |td| 0.010  eval vs random win 1.00 (+152.9)  vs greedy win 0.54 (+3.9)  [337s]
  6000 games  eps 0.020  train win 0.46 margin   -2.8  |td| 0.010  eval vs random win 1.00 (+147.5)  vs greedy win 0.46 (-2.0)  [369s]
  6500 games  eps 0.020  train win 0.49 margin   -2.1  |td| 0.009  eval vs random win 1.00 (+152.4)  vs greedy win 0.62 (+10.1)  [400s]
  7000 games  eps 0.020  train win 0.51 margin   +0.5  |td| 0.009  eval vs random win 1.00 (+148.6)  vs greedy win 0.45 (-1.4)  [432s]
  7500 games  eps 0.020  train win 0.33 margin  -15.6  |td| 0.009  eval vs random win 1.00 (+155.8)  vs greedy win 0.49 (+1.1)  [462s]
  8000 games  eps 0.020  train win 0.35 margin  -10.3  |td| 0.009  eval vs random win 1.00 (+147.2)  vs greedy win 0.30 (-16.8)  [492s]
  8500 games  eps 0.020  train win 0.16 margin  -26.7  |td| 0.009  eval vs random win 1.00 (+143.6)  vs greedy win 0.20 (-20.1)  [521s]
  9000 games  eps 0.020  train win 0.25 margin  -20.8  |td| 0.009  eval vs random win 1.00 (+138.7)  vs greedy win 0.12 (-32.8)  [550s]
  9500 games  eps 0.020  train win 0.01 margin  -62.5  |td| 0.009  eval vs random win 1.00 (+141.3)  vs greedy win 0.01 (-72.5)  [578s]
 10000 games  eps 0.020  train win 0.01 margin  -64.3  |td| 0.009  eval vs random win 1.00 (+131.8)  vs greedy win 0.01 (-77.6)  [605s]
 10500 games  eps 0.020  train win 0.01 margin  -62.3  |td| 0.009  eval vs random win 1.00 (+128.2)  vs greedy win 0.01 (-66.7)  [632s]
 11000 games  eps 0.020  train win 0.20 margin  -27.0  |td| 0.011  eval vs random win 1.00 (+158.2)  vs greedy win 0.32 (-12.1)  [660s]
 11500 games  eps 0.020  train win 0.15 margin  -33.5  |td| 0.010  eval vs random win 1.00 (+153.7)  vs greedy win 0.07 (-50.9)  [690s]
 12000 games  eps 0.020  train win 0.03 margin  -49.8  |td| 0.009  eval vs random win 1.00 (+155.5)  vs greedy win 0.07 (-52.4)  [719s]
 12500 games  eps 0.020  train win 0.09 margin  -40.8  |td| 0.010  eval vs random win 1.00 (+141.8)  vs greedy win 0.20 (-30.8)  [748s]
 13000 games  eps 0.020  train win 0.13 margin  -41.1  |td| 0.010  eval vs random win 1.00 (+141.2)  vs greedy win 0.00 (-67.4)  [778s]
 13500 games  eps 0.020  train win 0.01 margin  -60.6  |td| 0.009  eval vs random win 1.00 (+156.6)  vs greedy win 0.02 (-66.6)  [807s]
 14000 games  eps 0.020  train win 0.01 margin  -55.9  |td| 0.009  eval vs random win 1.00 (+153.1)  vs greedy win 0.02 (-57.6)  [836s]
 14500 games  eps 0.020  train win 0.01 margin  -59.1  |td| 0.008  eval vs random win 1.00 (+148.4)  vs greedy win 0.01 (-70.5)  [864s]
 15000 games  eps 0.020  train win 0.01 margin  -61.2  |td| 0.009  eval vs random win 1.00 (+151.5)  vs greedy win 0.00 (-65.4)  [892s]
 15500 games  eps 0.020  train win 0.00 margin  -65.3  |td| 0.008  eval vs random win 0.99 (+132.4)  vs greedy win 0.01 (-67.5)  [920s]
 16000 games  eps 0.020  train win 0.00 margin  -65.3  |td| 0.008  eval vs random win 1.00 (+134.2)  vs greedy win 0.00 (-75.4)  [949s]
 16500 games  eps 0.020  train win 0.00 margin  -60.0  |td| 0.008  eval vs random win 1.00 (+143.0)  vs greedy win 0.00 (-67.3)  [979s]
 17000 games  eps 0.020  train win 0.01 margin  -59.1  |td| 0.008  eval vs random win 1.00 (+143.0)  vs greedy win 0.00 (-66.0)  [1010s]
 17500 games  eps 0.020  train win 0.01 margin  -58.5  |td| 0.008  eval vs random win 1.00 (+131.0)  vs greedy win 0.00 (-65.4)  [1041s]
 18000 games  eps 0.020  train win 0.00 margin  -59.9  |td| 0.008  eval vs random win 1.00 (+130.6)  vs greedy win 0.00 (-67.3)  [1071s]
 18500 games  eps 0.020  train win 0.01 margin  -57.2  |td| 0.008  eval vs random win 1.00 (+127.5)  vs greedy win 0.00 (-69.8)  [1102s]
 19000 games  eps 0.020  train win 0.01 margin  -60.4  |td| 0.008  eval vs random win 0.99 (+129.1)  vs greedy win 0.00 (-68.9)  [1133s]
 19500 games  eps 0.020  train win 0.01 margin  -60.3  |td| 0.008  eval vs random win 1.00 (+120.6)  vs greedy win 0.00 (-71.7)  [1161s]
 20000 games  eps 0.020  train win 0.01 margin  -57.7  |td| 0.008  eval vs random win 1.00 (+133.8)  vs greedy win 0.00 (-70.6)  [1192s]
 20500 games  eps 0.020  train win 0.01 margin  -58.9  |td| 0.008  eval vs random win 0.98 (+124.8)  vs greedy win 0.00 (-77.0)  [1223s]
 21000 games  eps 0.020  train win 0.01 margin  -59.1  |td| 0.008  eval vs random win 0.99 (+113.4)  vs greedy win 0.00 (-72.3)  [1254s]
 21500 games  eps 0.020  train win 0.00 margin  -61.0  |td| 0.008  eval vs random win 1.00 (+129.4)  vs greedy win 0.00 (-70.5)  [1284s]
 22000 games  eps 0.020  train win 0.01 margin  -60.2  |td| 0.008  eval vs random win 1.00 (+117.4)  vs greedy win 0.00 (-72.3)  [1316s]
 22500 games  eps 0.020  train win 0.01 margin  -65.0  |td| 0.008  eval vs random win 1.00 (+135.2)  vs greedy win 0.00 (-72.6)  [1344s]
 23000 games  eps 0.020  train win 0.00 margin  -64.4  |td| 0.008  eval vs random win 1.00 (+97.0)  vs greedy win 0.00 (-81.4)  [1376s]
 23500 games  eps 0.020  train win 0.00 margin  -65.7  |td| 0.009  eval vs random win 0.99 (+99.0)  vs greedy win 0.00 (-80.1)  [1406s]
 24000 games  eps 0.020  train win 0.01 margin  -68.4  |td| 0.008  eval vs random win 1.00 (+114.7)  vs greedy win 0.00 (-79.9)  [1437s]
 24500 games  eps 0.020  train win 0.01 margin  -66.6  |td| 0.008  eval vs random win 0.97 (+101.2)  vs greedy win 0.01 (-79.2)  [1469s]
 25000 games  eps 0.020  train win 0.01 margin  -65.9  |td| 0.008  eval vs random win 0.99 (+96.5)  vs greedy win 0.00 (-88.3)  [1500s]
 25500 games  eps 0.020  train win 0.00 margin  -69.3  |td| 0.008  eval vs random win 1.00 (+106.3)  vs greedy win 0.00 (-78.2)  [1532s]
 26000 games  eps 0.020  train win 0.00 margin  -67.2  |td| 0.008  eval vs random win 0.98 (+97.3)  vs greedy win 0.00 (-80.1)  [1562s]
 26500 games  eps 0.020  train win 0.01 margin  -66.6  |td| 0.008  eval vs random win 1.00 (+98.2)  vs greedy win 0.00 (-80.0)  [1594s]
 27000 games  eps 0.020  train win 0.01 margin  -67.4  |td| 0.008  eval vs random win 0.99 (+98.1)  vs greedy win 0.00 (-79.8)  [1623s]
 27500 games  eps 0.020  train win 0.01 margin  -68.3  |td| 0.008  eval vs random win 0.98 (+92.7)  vs greedy win 0.00 (-81.9)  [1653s]
 28000 games  eps 0.020  train win 0.00 margin  -66.9  |td| 0.008  eval vs random win 0.97 (+94.9)  vs greedy win 0.00 (-82.9)  [1684s]
 28500 games  eps 0.020  train win 0.01 margin  -66.0  |td| 0.008  eval vs random win 0.97 (+104.7)  vs greedy win 0.00 (-82.2)  [1714s]
 29000 games  eps 0.020  train win 0.01 margin  -65.2  |td| 0.008  eval vs random win 0.99 (+107.3)  vs greedy win 0.00 (-81.1)  [1744s]
 29500 games  eps 0.020  train win 0.01 margin  -65.5  |td| 0.008  eval vs random win 1.00 (+99.5)  vs greedy win 0.00 (-80.7)  [1773s]
 30000 games  eps 0.020  train win 0.00 margin  -66.4  |td| 0.008  eval vs random win 1.00 (+102.9)  vs greedy win 0.00 (-78.7)  [1804s]
saved runs\linear\pass6\p6f_sarsa_self_decay_s1.json  (ttr-dash runs\linear\pass6\p6f_sarsa_self_decay_s1.json to analyze)
