training sarsa vs self: 30000 games, alpha 0.05, epsilon 0.2 -> 0.02, reward margin; alpha_end 0.005, average 100
(best checkpoint kept by margin vs greedy; play it as linear:runs\linear\pass6\p6f_sarsa_self_decay_s0.json@best)
live: runs\linear\pass6\p6f_sarsa_self_decay_s0.json rewritten every 500 games (watch with ttr-dash --live runs\linear\pass6\p6f_sarsa_self_decay_s0.json)
   500 games  eps 0.110  train win 0.00 margin -113.1  |td| 0.021  eval vs random win 0.99 (+125.7)  vs greedy win 0.00 (-86.2)  [22s]
  1000 games  eps 0.020  train win 0.30 margin  -36.6  |td| 0.017  eval vs random win 1.00 (+139.1)  vs greedy win 0.00 (-85.7)  [50s]
  1500 games  eps 0.020  train win 0.53 margin   -4.1  |td| 0.018  eval vs random win 1.00 (+135.2)  vs greedy win 0.24 (-19.6)  [80s]
  2000 games  eps 0.020  train win 0.19 margin  -29.5  |td| 0.018  eval vs random win 1.00 (+132.4)  vs greedy win 0.14 (-33.1)  [114s]
  2500 games  eps 0.020  train win 0.23 margin  -19.7  |td| 0.015  eval vs random win 1.00 (+143.1)  vs greedy win 0.14 (-32.3)  [150s]
  3000 games  eps 0.020  train win 0.36 margin  -11.0  |td| 0.014  eval vs random win 1.00 (+145.3)  vs greedy win 0.40 (-9.4)  [188s]
  3500 games  eps 0.020  train win 0.42 margin  -10.1  |td| 0.016  eval vs random win 1.00 (+143.3)  vs greedy win 0.44 (-2.9)  [224s]
  4000 games  eps 0.020  train win 0.48 margin   -2.7  |td| 0.015  eval vs random win 1.00 (+134.5)  vs greedy win 0.59 (+6.3)  [261s]
  4500 games  eps 0.020  train win 0.49 margin   -2.3  |td| 0.013  eval vs random win 1.00 (+154.3)  vs greedy win 0.57 (+7.7)  [296s]
  5000 games  eps 0.020  train win 0.41 margin   -5.7  |td| 0.012  eval vs random win 1.00 (+146.4)  vs greedy win 0.62 (+4.9)  [333s]
  5500 games  eps 0.020  train win 0.45 margin   -3.4  |td| 0.011  eval vs random win 1.00 (+154.4)  vs greedy win 0.49 (+1.3)  [368s]
  6000 games  eps 0.020  train win 0.55 margin   +1.8  |td| 0.010  eval vs random win 1.00 (+157.6)  vs greedy win 0.57 (+4.2)  [403s]
  6500 games  eps 0.020  train win 0.45 margin   -3.3  |td| 0.010  eval vs random win 1.00 (+150.5)  vs greedy win 0.59 (+6.2)  [437s]
  7000 games  eps 0.020  train win 0.52 margin   +2.2  |td| 0.009  eval vs random win 1.00 (+161.9)  vs greedy win 0.59 (+7.3)  [471s]
  7500 games  eps 0.020  train win 0.52 margin   +0.3  |td| 0.009  eval vs random win 1.00 (+154.7)  vs greedy win 0.58 (+7.6)  [505s]
  8000 games  eps 0.020  train win 0.47 margin   -2.0  |td| 0.009  eval vs random win 1.00 (+151.4)  vs greedy win 0.49 (+0.7)  [538s]
  8500 games  eps 0.020  train win 0.46 margin   -4.2  |td| 0.009  eval vs random win 1.00 (+157.9)  vs greedy win 0.69 (+12.6)  [572s]
  9000 games  eps 0.020  train win 0.12 margin  -41.9  |td| 0.008  eval vs random win 0.98 (+119.9)  vs greedy win 0.00 (-70.0)  [603s]
  9500 games  eps 0.020  train win 0.01 margin  -66.9  |td| 0.008  eval vs random win 0.99 (+122.8)  vs greedy win 0.00 (-68.1)  [633s]
 10000 games  eps 0.020  train win 0.15 margin  -31.8  |td| 0.010  eval vs random win 1.00 (+169.3)  vs greedy win 0.45 (-5.4)  [665s]
 10500 games  eps 0.020  train win 0.08 margin  -45.0  |td| 0.009  eval vs random win 1.00 (+131.8)  vs greedy win 0.01 (-67.0)  [696s]
 11000 games  eps 0.020  train win 0.00 margin  -69.3  |td| 0.008  eval vs random win 1.00 (+127.9)  vs greedy win 0.01 (-72.9)  [726s]
 11500 games  eps 0.020  train win 0.00 margin  -65.6  |td| 0.009  eval vs random win 1.00 (+131.5)  vs greedy win 0.01 (-67.7)  [755s]
 12000 games  eps 0.020  train win 0.03 margin  -51.3  |td| 0.009  eval vs random win 1.00 (+136.2)  vs greedy win 0.03 (-45.5)  [785s]
 12500 games  eps 0.020  train win 0.00 margin  -66.3  |td| 0.008  eval vs random win 1.00 (+136.0)  vs greedy win 0.01 (-76.0)  [814s]
 13000 games  eps 0.020  train win 0.00 margin  -71.0  |td| 0.008  eval vs random win 1.00 (+120.4)  vs greedy win 0.00 (-78.0)  [843s]
 13500 games  eps 0.020  train win 0.00 margin  -66.5  |td| 0.009  eval vs random win 1.00 (+135.8)  vs greedy win 0.00 (-65.0)  [872s]
 14000 games  eps 0.020  train win 0.01 margin  -66.4  |td| 0.009  eval vs random win 1.00 (+123.9)  vs greedy win 0.00 (-78.2)  [903s]
 14500 games  eps 0.020  train win 0.01 margin  -69.5  |td| 0.009  eval vs random win 1.00 (+139.8)  vs greedy win 0.03 (-62.1)  [931s]
 15000 games  eps 0.020  train win 0.00 margin  -68.1  |td| 0.009  eval vs random win 1.00 (+136.7)  vs greedy win 0.02 (-65.2)  [961s]
 15500 games  eps 0.020  train win 0.01 margin  -67.5  |td| 0.009  eval vs random win 1.00 (+140.1)  vs greedy win 0.00 (-67.8)  [990s]
 16000 games  eps 0.020  train win 0.02 margin  -59.0  |td| 0.009  eval vs random win 1.00 (+125.9)  vs greedy win 0.01 (-70.3)  [1019s]
 16500 games  eps 0.020  train win 0.00 margin  -71.2  |td| 0.008  eval vs random win 1.00 (+115.8)  vs greedy win 0.00 (-74.9)  [1048s]
 17000 games  eps 0.020  train win 0.00 margin  -67.9  |td| 0.009  eval vs random win 1.00 (+140.4)  vs greedy win 0.02 (-70.8)  [1076s]
 17500 games  eps 0.020  train win 0.00 margin  -72.4  |td| 0.008  eval vs random win 0.98 (+126.8)  vs greedy win 0.00 (-74.4)  [1102s]
 18000 games  eps 0.020  train win 0.01 margin  -70.2  |td| 0.009  eval vs random win 1.00 (+136.1)  vs greedy win 0.01 (-71.1)  [1131s]
 18500 games  eps 0.020  train win 0.01 margin  -69.7  |td| 0.009  eval vs random win 1.00 (+126.4)  vs greedy win 0.00 (-73.9)  [1158s]
 19000 games  eps 0.020  train win 0.01 margin  -67.6  |td| 0.009  eval vs random win 1.00 (+131.0)  vs greedy win 0.02 (-58.9)  [1185s]
 19500 games  eps 0.020  train win 0.24 margin  -19.8  |td| 0.012  eval vs random win 1.00 (+155.3)  vs greedy win 0.32 (-12.4)  [1214s]
 20000 games  eps 0.020  train win 0.09 margin  -43.6  |td| 0.010  eval vs random win 1.00 (+132.2)  vs greedy win 0.00 (-73.6)  [1241s]
 20500 games  eps 0.020  train win 0.00 margin  -72.4  |td| 0.008  eval vs random win 0.99 (+132.4)  vs greedy win 0.00 (-78.2)  [1268s]
 21000 games  eps 0.020  train win 0.00 margin  -71.8  |td| 0.008  eval vs random win 1.00 (+111.6)  vs greedy win 0.02 (-78.0)  [1294s]
 21500 games  eps 0.020  train win 0.00 margin  -72.1  |td| 0.008  eval vs random win 0.99 (+133.7)  vs greedy win 0.00 (-78.1)  [1321s]
 22000 games  eps 0.020  train win 0.00 margin  -72.5  |td| 0.008  eval vs random win 1.00 (+126.2)  vs greedy win 0.01 (-76.9)  [1347s]
 22500 games  eps 0.020  train win 0.01 margin  -68.2  |td| 0.009  eval vs random win 1.00 (+131.8)  vs greedy win 0.01 (-65.9)  [1374s]
 23000 games  eps 0.020  train win 0.17 margin  -23.6  |td| 0.012  eval vs random win 1.00 (+171.3)  vs greedy win 0.29 (-14.6)  [1404s]
 23500 games  eps 0.020  train win 0.13 margin  -33.1  |td| 0.011  eval vs random win 1.00 (+137.9)  vs greedy win 0.12 (-39.3)  [1433s]
 24000 games  eps 0.020  train win 0.00 margin  -74.7  |td| 0.008  eval vs random win 1.00 (+129.7)  vs greedy win 0.00 (-78.5)  [1460s]
 24500 games  eps 0.020  train win 0.00 margin  -72.4  |td| 0.008  eval vs random win 1.00 (+122.4)  vs greedy win 0.01 (-74.0)  [1487s]
 25000 games  eps 0.020  train win 0.01 margin  -73.9  |td| 0.008  eval vs random win 0.98 (+130.6)  vs greedy win 0.00 (-80.1)  [1514s]
 25500 games  eps 0.020  train win 0.08 margin  -50.0  |td| 0.010  eval vs random win 1.00 (+168.7)  vs greedy win 0.43 (-2.7)  [1542s]
 26000 games  eps 0.020  train win 0.19 margin  -19.3  |td| 0.011  eval vs random win 1.00 (+164.1)  vs greedy win 0.33 (-10.1)  [1573s]
 26500 games  eps 0.020  train win 0.18 margin  -23.9  |td| 0.011  eval vs random win 1.00 (+141.6)  vs greedy win 0.21 (-24.0)  [1602s]
 27000 games  eps 0.020  train win 0.02 margin  -61.5  |td| 0.009  eval vs random win 1.00 (+122.2)  vs greedy win 0.00 (-76.7)  [1629s]
 27500 games  eps 0.020  train win 0.00 margin  -74.0  |td| 0.008  eval vs random win 0.99 (+123.6)  vs greedy win 0.00 (-81.3)  [1656s]
 28000 games  eps 0.020  train win 0.00 margin  -73.6  |td| 0.008  eval vs random win 1.00 (+127.2)  vs greedy win 0.00 (-80.0)  [1682s]
 28500 games  eps 0.020  train win 0.00 margin  -71.3  |td| 0.008  eval vs random win 1.00 (+129.8)  vs greedy win 0.00 (-76.7)  [1708s]
 29000 games  eps 0.020  train win 0.00 margin  -68.6  |td| 0.008  eval vs random win 0.99 (+121.5)  vs greedy win 0.00 (-68.5)  [1734s]
 29500 games  eps 0.020  train win 0.00 margin  -72.3  |td| 0.008  eval vs random win 1.00 (+127.8)  vs greedy win 0.01 (-75.4)  [1760s]
 30000 games  eps 0.020  train win 0.00 margin  -69.5  |td| 0.008  eval vs random win 1.00 (+125.9)  vs greedy win 0.00 (-70.5)  [1788s]
saved runs\linear\pass6\p6f_sarsa_self_decay_s0.json  (ttr-dash runs\linear\pass6\p6f_sarsa_self_decay_s0.json to analyze)
