training sarsa vs greedy: 30000 games, alpha 0.05, epsilon 0.2 -> 0.02, reward margin; average 100
(best checkpoint kept by margin vs greedy; play it as linear:runs\linear\pass6\p6g_sarsa_greedy_s1.json@best)
live: runs\linear\pass6\p6g_sarsa_greedy_s1.json rewritten every 500 games (watch with ttr-dash --live runs\linear\pass6\p6g_sarsa_greedy_s1.json)
   500 games  eps 0.110  train win 0.00 margin  -99.4  |td| 0.016  eval vs random win 1.00 (+134.8)  vs greedy win 0.00 (-94.5)  [20s]
  1000 games  eps 0.020  train win 0.02 margin  -79.7  |td| 0.013  eval vs random win 1.00 (+149.6)  vs greedy win 0.11 (-44.0)  [44s]
  1500 games  eps 0.020  train win 0.26 margin  -24.6  |td| 0.013  eval vs random win 1.00 (+136.8)  vs greedy win 0.32 (-10.9)  [67s]
  2000 games  eps 0.020  train win 0.30 margin  -16.8  |td| 0.013  eval vs random win 1.00 (+129.3)  vs greedy win 0.40 (-10.3)  [94s]
  2500 games  eps 0.020  train win 0.38 margin  -11.1  |td| 0.013  eval vs random win 1.00 (+140.8)  vs greedy win 0.35 (-14.6)  [121s]
  3000 games  eps 0.020  train win 0.31 margin  -15.5  |td| 0.013  eval vs random win 1.00 (+135.7)  vs greedy win 0.41 (-7.3)  [146s]
  3500 games  eps 0.020  train win 0.34 margin  -10.7  |td| 0.012  eval vs random win 1.00 (+132.6)  vs greedy win 0.32 (-8.9)  [174s]
  4000 games  eps 0.020  train win 0.33 margin  -13.5  |td| 0.012  eval vs random win 1.00 (+133.5)  vs greedy win 0.36 (-8.8)  [200s]
  4500 games  eps 0.020  train win 0.38 margin   -9.1  |td| 0.012  eval vs random win 1.00 (+136.4)  vs greedy win 0.39 (-11.1)  [227s]
  5000 games  eps 0.020  train win 0.32 margin  -12.7  |td| 0.012  eval vs random win 1.00 (+126.2)  vs greedy win 0.37 (-8.3)  [254s]
  5500 games  eps 0.020  train win 0.40 margin   -8.7  |td| 0.011  eval vs random win 1.00 (+132.0)  vs greedy win 0.40 (-8.3)  [281s]
  6000 games  eps 0.020  train win 0.35 margin  -11.1  |td| 0.011  eval vs random win 1.00 (+137.5)  vs greedy win 0.48 (-3.1)  [308s]
  6500 games  eps 0.020  train win 0.37 margin   -9.7  |td| 0.011  eval vs random win 1.00 (+132.8)  vs greedy win 0.44 (-4.9)  [336s]
  7000 games  eps 0.020  train win 0.24 margin  -21.5  |td| 0.011  eval vs random win 1.00 (+133.1)  vs greedy win 0.20 (-18.9)  [362s]
  7500 games  eps 0.020  train win 0.31 margin  -14.9  |td| 0.011  eval vs random win 1.00 (+142.8)  vs greedy win 0.40 (-4.9)  [389s]
  8000 games  eps 0.020  train win 0.21 margin  -25.1  |td| 0.011  eval vs random win 1.00 (+135.0)  vs greedy win 0.42 (-7.0)  [414s]
  8500 games  eps 0.020  train win 0.31 margin  -13.9  |td| 0.010  eval vs random win 1.00 (+132.3)  vs greedy win 0.40 (-8.4)  [441s]
  9000 games  eps 0.020  train win 0.34 margin  -12.2  |td| 0.011  eval vs random win 1.00 (+141.1)  vs greedy win 0.44 (-4.5)  [467s]
  9500 games  eps 0.020  train win 0.18 margin  -33.0  |td| 0.011  eval vs random win 1.00 (+136.8)  vs greedy win 0.31 (-11.9)  [493s]
 10000 games  eps 0.020  train win 0.29 margin  -18.6  |td| 0.011  eval vs random win 1.00 (+137.1)  vs greedy win 0.26 (-17.0)  [519s]
 10500 games  eps 0.020  train win 0.30 margin  -14.8  |td| 0.010  eval vs random win 1.00 (+135.7)  vs greedy win 0.33 (-16.8)  [546s]
 11000 games  eps 0.020  train win 0.21 margin  -27.5  |td| 0.011  eval vs random win 1.00 (+143.6)  vs greedy win 0.42 (-3.2)  [571s]
 11500 games  eps 0.020  train win 0.28 margin  -22.1  |td| 0.011  eval vs random win 1.00 (+132.1)  vs greedy win 0.08 (-42.0)  [598s]
 12000 games  eps 0.020  train win 0.31 margin  -17.3  |td| 0.011  eval vs random win 1.00 (+144.1)  vs greedy win 0.53 (+0.4)  [624s]
 12500 games  eps 0.020  train win 0.20 margin  -23.7  |td| 0.010  eval vs random win 1.00 (+139.9)  vs greedy win 0.30 (-13.4)  [651s]
 13000 games  eps 0.020  train win 0.26 margin  -22.6  |td| 0.011  eval vs random win 1.00 (+138.5)  vs greedy win 0.34 (-8.9)  [677s]
 13500 games  eps 0.020  train win 0.11 margin  -45.0  |td| 0.010  eval vs random win 1.00 (+127.7)  vs greedy win 0.03 (-53.9)  [703s]
 14000 games  eps 0.020  train win 0.20 margin  -25.5  |td| 0.011  eval vs random win 1.00 (+122.0)  vs greedy win 0.11 (-32.2)  [729s]
 14500 games  eps 0.020  train win 0.25 margin  -20.4  |td| 0.010  eval vs random win 1.00 (+139.5)  vs greedy win 0.36 (-10.8)  [755s]
 15000 games  eps 0.020  train win 0.17 margin  -28.7  |td| 0.010  eval vs random win 1.00 (+139.5)  vs greedy win 0.25 (-17.8)  [782s]
 15500 games  eps 0.020  train win 0.27 margin  -18.2  |td| 0.010  eval vs random win 1.00 (+128.6)  vs greedy win 0.12 (-34.5)  [808s]
 16000 games  eps 0.020  train win 0.28 margin  -23.6  |td| 0.011  eval vs random win 1.00 (+125.7)  vs greedy win 0.25 (-19.6)  [834s]
 16500 games  eps 0.020  train win 0.28 margin  -23.0  |td| 0.011  eval vs random win 1.00 (+146.7)  vs greedy win 0.41 (-4.8)  [860s]
 17000 games  eps 0.020  train win 0.16 margin  -33.9  |td| 0.010  eval vs random win 1.00 (+137.8)  vs greedy win 0.04 (-42.5)  [886s]
 17500 games  eps 0.020  train win 0.17 margin  -33.8  |td| 0.011  eval vs random win 1.00 (+133.1)  vs greedy win 0.21 (-17.8)  [912s]
 18000 games  eps 0.020  train win 0.13 margin  -37.8  |td| 0.010  eval vs random win 1.00 (+125.2)  vs greedy win 0.16 (-30.0)  [938s]
 18500 games  eps 0.020  train win 0.23 margin  -22.8  |td| 0.011  eval vs random win 1.00 (+138.4)  vs greedy win 0.08 (-36.7)  [964s]
 19000 games  eps 0.020  train win 0.21 margin  -27.2  |td| 0.011  eval vs random win 1.00 (+141.5)  vs greedy win 0.53 (+1.0)  [990s]
 19500 games  eps 0.020  train win 0.16 margin  -40.4  |td| 0.010  eval vs random win 1.00 (+128.8)  vs greedy win 0.03 (-47.0)  [1016s]
 20000 games  eps 0.020  train win 0.30 margin  -20.5  |td| 0.011  eval vs random win 1.00 (+132.6)  vs greedy win 0.22 (-24.5)  [1043s]
 20500 games  eps 0.020  train win 0.05 margin  -47.9  |td| 0.010  eval vs random win 1.00 (+131.3)  vs greedy win 0.04 (-41.1)  [1069s]
 21000 games  eps 0.020  train win 0.16 margin  -27.2  |td| 0.010  eval vs random win 1.00 (+131.1)  vs greedy win 0.15 (-26.5)  [1096s]
 21500 games  eps 0.020  train win 0.04 margin  -50.7  |td| 0.010  eval vs random win 1.00 (+124.3)  vs greedy win 0.03 (-54.2)  [1123s]
 22000 games  eps 0.020  train win 0.28 margin  -16.5  |td| 0.011  eval vs random win 1.00 (+134.8)  vs greedy win 0.40 (-6.6)  [1149s]
 22500 games  eps 0.020  train win 0.18 margin  -27.7  |td| 0.010  eval vs random win 1.00 (+133.6)  vs greedy win 0.15 (-26.1)  [1177s]
 23000 games  eps 0.020  train win 0.32 margin  -13.5  |td| 0.010  eval vs random win 1.00 (+138.8)  vs greedy win 0.35 (-12.0)  [1205s]
 23500 games  eps 0.020  train win 0.16 margin  -32.7  |td| 0.010  eval vs random win 1.00 (+120.0)  vs greedy win 0.09 (-37.0)  [1231s]
 24000 games  eps 0.020  train win 0.19 margin  -29.4  |td| 0.010  eval vs random win 1.00 (+130.7)  vs greedy win 0.14 (-41.2)  [1258s]
 24500 games  eps 0.020  train win 0.20 margin  -26.6  |td| 0.010  eval vs random win 1.00 (+135.8)  vs greedy win 0.23 (-17.8)  [1284s]
 25000 games  eps 0.020  train win 0.06 margin  -46.1  |td| 0.010  eval vs random win 1.00 (+123.3)  vs greedy win 0.10 (-35.6)  [1310s]
 25500 games  eps 0.020  train win 0.19 margin  -28.7  |td| 0.011  eval vs random win 1.00 (+129.8)  vs greedy win 0.35 (-11.4)  [1336s]
 26000 games  eps 0.020  train win 0.19 margin  -31.9  |td| 0.011  eval vs random win 1.00 (+127.0)  vs greedy win 0.06 (-37.8)  [1362s]
 26500 games  eps 0.020  train win 0.27 margin  -20.2  |td| 0.011  eval vs random win 1.00 (+133.4)  vs greedy win 0.27 (-19.6)  [1388s]
 27000 games  eps 0.020  train win 0.17 margin  -27.0  |td| 0.010  eval vs random win 1.00 (+133.5)  vs greedy win 0.22 (-25.0)  [1415s]
 27500 games  eps 0.020  train win 0.22 margin  -23.5  |td| 0.010  eval vs random win 1.00 (+125.5)  vs greedy win 0.17 (-27.7)  [1442s]
 28000 games  eps 0.020  train win 0.15 margin  -31.1  |td| 0.010  eval vs random win 1.00 (+133.4)  vs greedy win 0.15 (-29.8)  [1469s]
 28500 games  eps 0.020  train win 0.13 margin  -32.2  |td| 0.010  eval vs random win 1.00 (+137.2)  vs greedy win 0.20 (-26.0)  [1495s]
 29000 games  eps 0.020  train win 0.24 margin  -20.0  |td| 0.010  eval vs random win 1.00 (+143.4)  vs greedy win 0.25 (-17.1)  [1522s]
 29500 games  eps 0.020  train win 0.14 margin  -34.4  |td| 0.010  eval vs random win 1.00 (+133.7)  vs greedy win 0.19 (-23.4)  [1548s]
 30000 games  eps 0.020  train win 0.17 margin  -34.5  |td| 0.010  eval vs random win 1.00 (+116.0)  vs greedy win 0.11 (-38.8)  [1574s]
saved runs\linear\pass6\p6g_sarsa_greedy_s1.json  (ttr-dash runs\linear\pass6\p6g_sarsa_greedy_s1.json to analyze)
