training sarsa vs greedy: 30000 games, alpha 0.05, epsilon 0.2 -> 0.02, reward margin; average 100
(best checkpoint kept by margin vs greedy; play it as linear:runs\linear\pass6\p6g_sarsa_greedy_s4.json@best)
live: runs\linear\pass6\p6g_sarsa_greedy_s4.json rewritten every 500 games (watch with ttr-dash --live runs\linear\pass6\p6g_sarsa_greedy_s4.json)
   500 games  eps 0.110  train win 0.00 margin -104.6  |td| 0.016  eval vs random win 0.98 (+128.3)  vs greedy win 0.00 (-92.5)  [20s]
  1000 games  eps 0.020  train win 0.00 margin  -88.5  |td| 0.012  eval vs random win 1.00 (+128.6)  vs greedy win 0.00 (-91.9)  [44s]
  1500 games  eps 0.020  train win 0.04 margin  -64.7  |td| 0.013  eval vs random win 1.00 (+130.1)  vs greedy win 0.02 (-74.9)  [70s]
  2000 games  eps 0.020  train win 0.19 margin  -30.8  |td| 0.013  eval vs random win 1.00 (+133.3)  vs greedy win 0.18 (-25.2)  [95s]
  2500 games  eps 0.020  train win 0.21 margin  -24.3  |td| 0.012  eval vs random win 1.00 (+148.3)  vs greedy win 0.36 (-13.3)  [122s]
  3000 games  eps 0.020  train win 0.28 margin  -17.8  |td| 0.012  eval vs random win 1.00 (+145.0)  vs greedy win 0.30 (-18.7)  [147s]
  3500 games  eps 0.020  train win 0.26 margin  -16.9  |td| 0.012  eval vs random win 1.00 (+137.4)  vs greedy win 0.33 (-16.0)  [173s]
  4000 games  eps 0.020  train win 0.29 margin  -17.1  |td| 0.011  eval vs random win 1.00 (+132.8)  vs greedy win 0.30 (-14.6)  [199s]
  4500 games  eps 0.020  train win 0.28 margin  -15.8  |td| 0.011  eval vs random win 1.00 (+149.1)  vs greedy win 0.30 (-13.4)  [224s]
  5000 games  eps 0.020  train win 0.29 margin  -15.2  |td| 0.011  eval vs random win 1.00 (+131.9)  vs greedy win 0.34 (-15.6)  [246s]
  5500 games  eps 0.020  train win 0.22 margin  -20.9  |td| 0.010  eval vs random win 1.00 (+133.2)  vs greedy win 0.24 (-14.2)  [269s]
  6000 games  eps 0.020  train win 0.16 margin  -25.8  |td| 0.010  eval vs random win 1.00 (+140.6)  vs greedy win 0.15 (-29.5)  [290s]
  6500 games  eps 0.020  train win 0.24 margin  -20.8  |td| 0.010  eval vs random win 1.00 (+134.0)  vs greedy win 0.29 (-13.3)  [310s]
  7000 games  eps 0.020  train win 0.22 margin  -20.7  |td| 0.010  eval vs random win 1.00 (+141.0)  vs greedy win 0.36 (-9.2)  [328s]
  7500 games  eps 0.020  train win 0.26 margin  -18.4  |td| 0.010  eval vs random win 1.00 (+136.8)  vs greedy win 0.29 (-15.5)  [347s]
  8000 games  eps 0.020  train win 0.15 margin  -32.0  |td| 0.010  eval vs random win 1.00 (+129.4)  vs greedy win 0.23 (-20.2)  [364s]
  8500 games  eps 0.020  train win 0.14 margin  -29.3  |td| 0.010  eval vs random win 1.00 (+135.8)  vs greedy win 0.26 (-17.9)  [381s]
  9000 games  eps 0.020  train win 0.19 margin  -24.7  |td| 0.010  eval vs random win 1.00 (+138.2)  vs greedy win 0.18 (-22.4)  [399s]
  9500 games  eps 0.020  train win 0.08 margin  -35.4  |td| 0.009  eval vs random win 1.00 (+138.3)  vs greedy win 0.18 (-26.6)  [417s]
 10000 games  eps 0.020  train win 0.10 margin  -33.6  |td| 0.009  eval vs random win 1.00 (+142.1)  vs greedy win 0.07 (-37.0)  [434s]
 10500 games  eps 0.020  train win 0.09 margin  -33.9  |td| 0.009  eval vs random win 1.00 (+135.2)  vs greedy win 0.08 (-34.2)  [451s]
 11000 games  eps 0.020  train win 0.08 margin  -37.7  |td| 0.009  eval vs random win 1.00 (+130.3)  vs greedy win 0.11 (-31.3)  [468s]
 11500 games  eps 0.020  train win 0.10 margin  -34.4  |td| 0.009  eval vs random win 1.00 (+142.3)  vs greedy win 0.04 (-38.5)  [486s]
 12000 games  eps 0.020  train win 0.12 margin  -33.0  |td| 0.009  eval vs random win 1.00 (+135.3)  vs greedy win 0.28 (-17.2)  [503s]
 12500 games  eps 0.020  train win 0.10 margin  -37.9  |td| 0.009  eval vs random win 1.00 (+134.0)  vs greedy win 0.02 (-39.5)  [520s]
 13000 games  eps 0.020  train win 0.08 margin  -38.2  |td| 0.010  eval vs random win 1.00 (+139.6)  vs greedy win 0.12 (-31.0)  [537s]
 13500 games  eps 0.020  train win 0.12 margin  -34.0  |td| 0.009  eval vs random win 1.00 (+132.7)  vs greedy win 0.09 (-35.1)  [555s]
 14000 games  eps 0.020  train win 0.07 margin  -39.7  |td| 0.010  eval vs random win 1.00 (+132.7)  vs greedy win 0.06 (-37.7)  [573s]
 14500 games  eps 0.020  train win 0.06 margin  -44.0  |td| 0.009  eval vs random win 1.00 (+135.6)  vs greedy win 0.04 (-39.7)  [591s]
 15000 games  eps 0.020  train win 0.10 margin  -38.6  |td| 0.010  eval vs random win 1.00 (+143.3)  vs greedy win 0.06 (-35.9)  [608s]
 15500 games  eps 0.020  train win 0.09 margin  -38.3  |td| 0.009  eval vs random win 1.00 (+136.6)  vs greedy win 0.08 (-36.7)  [625s]
 16000 games  eps 0.020  train win 0.08 margin  -36.2  |td| 0.010  eval vs random win 1.00 (+139.9)  vs greedy win 0.16 (-33.4)  [643s]
 16500 games  eps 0.020  train win 0.08 margin  -36.0  |td| 0.009  eval vs random win 1.00 (+128.3)  vs greedy win 0.11 (-27.5)  [660s]
 17000 games  eps 0.020  train win 0.09 margin  -34.9  |td| 0.009  eval vs random win 1.00 (+147.7)  vs greedy win 0.09 (-33.4)  [678s]
 17500 games  eps 0.020  train win 0.09 margin  -37.0  |td| 0.009  eval vs random win 1.00 (+137.2)  vs greedy win 0.14 (-29.4)  [696s]
 18000 games  eps 0.020  train win 0.09 margin  -35.6  |td| 0.009  eval vs random win 1.00 (+145.9)  vs greedy win 0.11 (-32.9)  [730s]
 18500 games  eps 0.020  train win 0.08 margin  -36.1  |td| 0.009  eval vs random win 1.00 (+133.2)  vs greedy win 0.08 (-34.5)  [764s]
 19000 games  eps 0.020  train win 0.07 margin  -39.6  |td| 0.009  eval vs random win 1.00 (+136.0)  vs greedy win 0.06 (-38.7)  [798s]
 19500 games  eps 0.020  train win 0.08 margin  -34.9  |td| 0.009  eval vs random win 1.00 (+144.0)  vs greedy win 0.10 (-34.7)  [832s]
 20000 games  eps 0.020  train win 0.07 margin  -35.6  |td| 0.009  eval vs random win 1.00 (+139.8)  vs greedy win 0.14 (-30.0)  [866s]
 20500 games  eps 0.020  train win 0.13 margin  -31.0  |td| 0.009  eval vs random win 1.00 (+139.3)  vs greedy win 0.08 (-36.9)  [901s]
 21000 games  eps 0.020  train win 0.06 margin  -41.6  |td| 0.009  eval vs random win 1.00 (+125.8)  vs greedy win 0.02 (-41.8)  [934s]
 21500 games  eps 0.020  train win 0.05 margin  -44.0  |td| 0.010  eval vs random win 1.00 (+138.1)  vs greedy win 0.08 (-33.8)  [968s]
 22000 games  eps 0.020  train win 0.06 margin  -37.3  |td| 0.009  eval vs random win 1.00 (+136.7)  vs greedy win 0.20 (-27.5)  [1002s]
 22500 games  eps 0.020  train win 0.12 margin  -30.4  |td| 0.009  eval vs random win 1.00 (+130.6)  vs greedy win 0.10 (-32.2)  [1036s]
 23000 games  eps 0.020  train win 0.08 margin  -36.7  |td| 0.009  eval vs random win 1.00 (+132.7)  vs greedy win 0.12 (-32.5)  [1069s]
 23500 games  eps 0.020  train win 0.07 margin  -36.7  |td| 0.009  eval vs random win 1.00 (+140.1)  vs greedy win 0.17 (-25.3)  [1096s]
 24000 games  eps 0.020  train win 0.08 margin  -38.3  |td| 0.009  eval vs random win 1.00 (+131.1)  vs greedy win 0.13 (-34.5)  [1118s]
 24500 games  eps 0.020  train win 0.11 margin  -33.6  |td| 0.009  eval vs random win 1.00 (+138.4)  vs greedy win 0.18 (-23.7)  [1138s]
 25000 games  eps 0.020  train win 0.10 margin  -35.0  |td| 0.009  eval vs random win 1.00 (+125.2)  vs greedy win 0.09 (-32.3)  [1158s]
 25500 games  eps 0.020  train win 0.12 margin  -34.6  |td| 0.009  eval vs random win 1.00 (+127.6)  vs greedy win 0.06 (-41.4)  [1208s]
 26000 games  eps 0.020  train win 0.05 margin  -43.6  |td| 0.009  eval vs random win 1.00 (+137.5)  vs greedy win 0.06 (-39.0)  [1242s]
 26500 games  eps 0.020  train win 0.04 margin  -40.6  |td| 0.009  eval vs random win 1.00 (+138.0)  vs greedy win 0.04 (-35.7)  [1281s]
 27000 games  eps 0.020  train win 0.09 margin  -34.7  |td| 0.009  eval vs random win 1.00 (+129.7)  vs greedy win 0.12 (-27.3)  [1316s]
 27500 games  eps 0.020  train win 0.07 margin  -41.0  |td| 0.009  eval vs random win 1.00 (+128.4)  vs greedy win 0.06 (-37.0)  [1361s]
 28000 games  eps 0.020  train win 0.10 margin  -35.4  |td| 0.009  eval vs random win 1.00 (+135.0)  vs greedy win 0.09 (-30.2)  [1400s]
 28500 games  eps 0.020  train win 0.08 margin  -36.2  |td| 0.010  eval vs random win 1.00 (+149.8)  vs greedy win 0.09 (-34.2)  [1436s]
 29000 games  eps 0.020  train win 0.05 margin  -40.2  |td| 0.010  eval vs random win 1.00 (+145.3)  vs greedy win 0.14 (-33.7)  [1475s]
 29500 games  eps 0.020  train win 0.07 margin  -38.5  |td| 0.009  eval vs random win 1.00 (+127.9)  vs greedy win 0.09 (-38.1)  [1510s]
 30000 games  eps 0.020  train win 0.08 margin  -33.7  |td| 0.009  eval vs random win 1.00 (+143.5)  vs greedy win 0.14 (-29.2)  [1544s]
saved runs\linear\pass6\p6g_sarsa_greedy_s4.json  (ttr-dash runs\linear\pass6\p6g_sarsa_greedy_s4.json to analyze)
