training sarsa vs greedy: 30000 games, alpha 0.05, epsilon 0.2 -> 0.02, reward margin; average 100
(best checkpoint kept by margin vs greedy; play it as linear:runs\linear\pass6\p6g_sarsa_greedy_s0.json@best)
live: runs\linear\pass6\p6g_sarsa_greedy_s0.json rewritten every 500 games (watch with ttr-dash --live runs\linear\pass6\p6g_sarsa_greedy_s0.json)
   500 games  eps 0.110  train win 0.00 margin -113.4  |td| 0.020  eval vs random win 1.00 (+140.9)  vs greedy win 0.00 (-85.4)  [23s]
  1000 games  eps 0.020  train win 0.00 margin  -90.5  |td| 0.014  eval vs random win 1.00 (+123.4)  vs greedy win 0.00 (-95.3)  [51s]
  1500 games  eps 0.020  train win 0.00 margin  -84.8  |td| 0.012  eval vs random win 0.99 (+128.3)  vs greedy win 0.00 (-81.7)  [77s]
  2000 games  eps 0.020  train win 0.01 margin  -78.4  |td| 0.011  eval vs random win 1.00 (+121.8)  vs greedy win 0.00 (-74.6)  [104s]
  2500 games  eps 0.020  train win 0.24 margin  -23.6  |td| 0.013  eval vs random win 1.00 (+142.1)  vs greedy win 0.42 (-7.8)  [132s]
  3000 games  eps 0.020  train win 0.33 margin  -13.5  |td| 0.012  eval vs random win 1.00 (+133.8)  vs greedy win 0.39 (-8.7)  [161s]
  3500 games  eps 0.020  train win 0.33 margin  -13.8  |td| 0.012  eval vs random win 1.00 (+141.4)  vs greedy win 0.36 (-10.2)  [190s]
  4000 games  eps 0.020  train win 0.37 margin  -11.3  |td| 0.012  eval vs random win 1.00 (+137.9)  vs greedy win 0.48 (-2.8)  [219s]
  4500 games  eps 0.020  train win 0.35 margin  -10.8  |td| 0.012  eval vs random win 1.00 (+137.2)  vs greedy win 0.42 (-6.4)  [249s]
  5000 games  eps 0.020  train win 0.30 margin  -15.1  |td| 0.012  eval vs random win 1.00 (+130.7)  vs greedy win 0.33 (-14.3)  [278s]
  5500 games  eps 0.020  train win 0.25 margin  -19.7  |td| 0.011  eval vs random win 1.00 (+132.9)  vs greedy win 0.28 (-16.6)  [305s]
  6000 games  eps 0.020  train win 0.37 margin  -10.6  |td| 0.011  eval vs random win 1.00 (+130.4)  vs greedy win 0.34 (-14.5)  [335s]
  6500 games  eps 0.020  train win 0.30 margin  -18.7  |td| 0.011  eval vs random win 1.00 (+125.8)  vs greedy win 0.27 (-17.6)  [364s]
  7000 games  eps 0.020  train win 0.29 margin  -13.9  |td| 0.011  eval vs random win 1.00 (+138.4)  vs greedy win 0.45 (-3.6)  [392s]
  7500 games  eps 0.020  train win 0.25 margin  -21.3  |td| 0.010  eval vs random win 1.00 (+133.7)  vs greedy win 0.35 (-13.3)  [420s]
  8000 games  eps 0.020  train win 0.38 margin   -9.5  |td| 0.011  eval vs random win 1.00 (+148.1)  vs greedy win 0.47 (-2.0)  [448s]
  8500 games  eps 0.020  train win 0.22 margin  -26.6  |td| 0.010  eval vs random win 1.00 (+126.6)  vs greedy win 0.46 (-4.4)  [477s]
  9000 games  eps 0.020  train win 0.26 margin  -19.5  |td| 0.010  eval vs random win 1.00 (+136.8)  vs greedy win 0.44 (-2.6)  [505s]
  9500 games  eps 0.020  train win 0.22 margin  -24.0  |td| 0.010  eval vs random win 1.00 (+136.1)  vs greedy win 0.37 (-11.6)  [533s]
 10000 games  eps 0.020  train win 0.13 margin  -38.6  |td| 0.010  eval vs random win 1.00 (+124.5)  vs greedy win 0.11 (-36.6)  [561s]
 10500 games  eps 0.020  train win 0.32 margin  -13.8  |td| 0.011  eval vs random win 1.00 (+133.4)  vs greedy win 0.31 (-16.0)  [589s]
 11000 games  eps 0.020  train win 0.27 margin  -18.2  |td| 0.010  eval vs random win 1.00 (+136.5)  vs greedy win 0.28 (-10.4)  [617s]
 11500 games  eps 0.020  train win 0.20 margin  -27.1  |td| 0.010  eval vs random win 1.00 (+130.5)  vs greedy win 0.12 (-34.6)  [645s]
 12000 games  eps 0.020  train win 0.16 margin  -31.0  |td| 0.010  eval vs random win 1.00 (+128.9)  vs greedy win 0.15 (-26.8)  [671s]
 12500 games  eps 0.020  train win 0.38 margin   -9.3  |td| 0.010  eval vs random win 1.00 (+133.8)  vs greedy win 0.32 (-8.6)  [700s]
 13000 games  eps 0.020  train win 0.12 margin  -37.9  |td| 0.010  eval vs random win 1.00 (+128.6)  vs greedy win 0.14 (-34.1)  [728s]
 13500 games  eps 0.020  train win 0.41 margin   -7.3  |td| 0.010  eval vs random win 1.00 (+142.6)  vs greedy win 0.46 (-3.9)  [758s]
 14000 games  eps 0.020  train win 0.18 margin  -32.3  |td| 0.011  eval vs random win 1.00 (+136.5)  vs greedy win 0.27 (-16.4)  [786s]
 14500 games  eps 0.020  train win 0.28 margin  -16.0  |td| 0.010  eval vs random win 1.00 (+141.5)  vs greedy win 0.38 (-11.5)  [815s]
 15000 games  eps 0.020  train win 0.20 margin  -24.8  |td| 0.010  eval vs random win 1.00 (+132.2)  vs greedy win 0.26 (-20.1)  [843s]
 15500 games  eps 0.020  train win 0.25 margin  -21.5  |td| 0.010  eval vs random win 1.00 (+143.6)  vs greedy win 0.34 (-10.8)  [872s]
 16000 games  eps 0.020  train win 0.08 margin  -48.6  |td| 0.010  eval vs random win 1.00 (+132.7)  vs greedy win 0.03 (-45.4)  [900s]
 16500 games  eps 0.020  train win 0.26 margin  -20.0  |td| 0.011  eval vs random win 1.00 (+129.7)  vs greedy win 0.31 (-15.0)  [927s]
 17000 games  eps 0.020  train win 0.16 margin  -29.5  |td| 0.010  eval vs random win 1.00 (+128.3)  vs greedy win 0.25 (-17.4)  [954s]
 17500 games  eps 0.020  train win 0.18 margin  -30.5  |td| 0.010  eval vs random win 0.99 (+113.8)  vs greedy win 0.08 (-44.6)  [983s]
 18000 games  eps 0.020  train win 0.22 margin  -26.0  |td| 0.011  eval vs random win 1.00 (+134.1)  vs greedy win 0.43 (-8.2)  [1011s]
 18500 games  eps 0.020  train win 0.30 margin  -15.1  |td| 0.010  eval vs random win 1.00 (+139.2)  vs greedy win 0.37 (-8.4)  [1040s]
 19000 games  eps 0.020  train win 0.20 margin  -24.8  |td| 0.010  eval vs random win 1.00 (+134.5)  vs greedy win 0.29 (-13.2)  [1069s]
 19500 games  eps 0.020  train win 0.28 margin  -19.1  |td| 0.010  eval vs random win 1.00 (+133.1)  vs greedy win 0.15 (-27.7)  [1095s]
 20000 games  eps 0.020  train win 0.16 margin  -29.5  |td| 0.011  eval vs random win 1.00 (+126.7)  vs greedy win 0.13 (-31.4)  [1122s]
 20500 games  eps 0.020  train win 0.14 margin  -36.0  |td| 0.010  eval vs random win 1.00 (+129.3)  vs greedy win 0.08 (-44.9)  [1149s]
 21000 games  eps 0.020  train win 0.29 margin  -15.7  |td| 0.011  eval vs random win 1.00 (+136.0)  vs greedy win 0.27 (-15.2)  [1175s]
 21500 games  eps 0.020  train win 0.08 margin  -40.5  |td| 0.010  eval vs random win 1.00 (+130.3)  vs greedy win 0.08 (-33.4)  [1202s]
 22000 games  eps 0.020  train win 0.14 margin  -32.1  |td| 0.010  eval vs random win 1.00 (+132.7)  vs greedy win 0.24 (-20.3)  [1228s]
 22500 games  eps 0.020  train win 0.15 margin  -30.1  |td| 0.010  eval vs random win 1.00 (+130.8)  vs greedy win 0.16 (-31.9)  [1254s]
 23000 games  eps 0.020  train win 0.34 margin  -13.4  |td| 0.011  eval vs random win 1.00 (+127.1)  vs greedy win 0.24 (-18.1)  [1280s]
 23500 games  eps 0.020  train win 0.12 margin  -41.4  |td| 0.010  eval vs random win 1.00 (+122.8)  vs greedy win 0.11 (-39.7)  [1306s]
 24000 games  eps 0.020  train win 0.19 margin  -25.3  |td| 0.011  eval vs random win 1.00 (+136.9)  vs greedy win 0.17 (-26.6)  [1332s]
 24500 games  eps 0.020  train win 0.12 margin  -36.7  |td| 0.011  eval vs random win 1.00 (+138.2)  vs greedy win 0.16 (-25.3)  [1358s]
 25000 games  eps 0.020  train win 0.19 margin  -23.5  |td| 0.010  eval vs random win 1.00 (+132.4)  vs greedy win 0.23 (-18.9)  [1385s]
 25500 games  eps 0.020  train win 0.18 margin  -29.3  |td| 0.010  eval vs random win 1.00 (+133.5)  vs greedy win 0.26 (-18.3)  [1412s]
 26000 games  eps 0.020  train win 0.28 margin  -19.0  |td| 0.010  eval vs random win 1.00 (+137.8)  vs greedy win 0.37 (-8.7)  [1438s]
 26500 games  eps 0.020  train win 0.13 margin  -38.3  |td| 0.010  eval vs random win 1.00 (+132.4)  vs greedy win 0.13 (-34.6)  [1466s]
 27000 games  eps 0.020  train win 0.22 margin  -22.9  |td| 0.010  eval vs random win 1.00 (+140.2)  vs greedy win 0.20 (-25.9)  [1492s]
 27500 games  eps 0.020  train win 0.18 margin  -36.5  |td| 0.011  eval vs random win 1.00 (+136.8)  vs greedy win 0.42 (-3.3)  [1518s]
 28000 games  eps 0.020  train win 0.25 margin  -18.2  |td| 0.010  eval vs random win 1.00 (+140.9)  vs greedy win 0.36 (-12.1)  [1544s]
 28500 games  eps 0.020  train win 0.11 margin  -40.2  |td| 0.011  eval vs random win 1.00 (+142.6)  vs greedy win 0.26 (-20.1)  [1570s]
 29000 games  eps 0.020  train win 0.11 margin  -46.2  |td| 0.010  eval vs random win 1.00 (+124.6)  vs greedy win 0.03 (-57.0)  [1597s]
 29500 games  eps 0.020  train win 0.15 margin  -29.5  |td| 0.011  eval vs random win 1.00 (+138.1)  vs greedy win 0.25 (-22.3)  [1623s]
 30000 games  eps 0.020  train win 0.11 margin  -37.9  |td| 0.010  eval vs random win 1.00 (+128.0)  vs greedy win 0.10 (-33.8)  [1650s]
saved runs\linear\pass6\p6g_sarsa_greedy_s0.json  (ttr-dash runs\linear\pass6\p6g_sarsa_greedy_s0.json to analyze)
