training sarsa vs greedy: 30000 games, alpha 0.05, epsilon 0.2 -> 0.02, reward margin; average 100
(best checkpoint kept by margin vs greedy; play it as linear:runs\linear\pass6\p6g_sarsa_greedy_s3.json@best)
live: runs\linear\pass6\p6g_sarsa_greedy_s3.json rewritten every 500 games (watch with ttr-dash --live runs\linear\pass6\p6g_sarsa_greedy_s3.json)
   500 games  eps 0.110  train win 0.00 margin  -96.9  |td| 0.016  eval vs random win 1.00 (+129.8)  vs greedy win 0.00 (-89.7)  [20s]
  1000 games  eps 0.020  train win 0.01 margin  -85.5  |td| 0.012  eval vs random win 1.00 (+147.6)  vs greedy win 0.01 (-61.7)  [44s]
  1500 games  eps 0.020  train win 0.29 margin  -18.0  |td| 0.014  eval vs random win 1.00 (+129.4)  vs greedy win 0.32 (-12.9)  [72s]
  2000 games  eps 0.020  train win 0.28 margin  -16.8  |td| 0.012  eval vs random win 1.00 (+128.7)  vs greedy win 0.30 (-14.1)  [100s]
  2500 games  eps 0.020  train win 0.39 margin  -10.1  |td| 0.012  eval vs random win 1.00 (+145.0)  vs greedy win 0.35 (-13.1)  [126s]
  3000 games  eps 0.020  train win 0.35 margin  -10.9  |td| 0.012  eval vs random win 1.00 (+132.8)  vs greedy win 0.29 (-13.4)  [153s]
  3500 games  eps 0.020  train win 0.31 margin  -16.3  |td| 0.012  eval vs random win 1.00 (+127.7)  vs greedy win 0.28 (-19.0)  [179s]
  4000 games  eps 0.020  train win 0.26 margin  -18.6  |td| 0.011  eval vs random win 1.00 (+135.8)  vs greedy win 0.32 (-11.2)  [205s]
  4500 games  eps 0.020  train win 0.39 margin   -6.9  |td| 0.012  eval vs random win 1.00 (+138.3)  vs greedy win 0.32 (-11.7)  [233s]
  5000 games  eps 0.020  train win 0.29 margin  -16.3  |td| 0.011  eval vs random win 1.00 (+129.6)  vs greedy win 0.26 (-15.3)  [258s]
  5500 games  eps 0.020  train win 0.27 margin  -18.4  |td| 0.011  eval vs random win 1.00 (+129.7)  vs greedy win 0.24 (-19.3)  [284s]
  6000 games  eps 0.020  train win 0.33 margin  -15.9  |td| 0.011  eval vs random win 1.00 (+138.0)  vs greedy win 0.31 (-18.6)  [310s]
  6500 games  eps 0.020  train win 0.28 margin  -18.2  |td| 0.011  eval vs random win 1.00 (+133.0)  vs greedy win 0.41 (-11.1)  [336s]
  7000 games  eps 0.020  train win 0.33 margin  -14.8  |td| 0.011  eval vs random win 1.00 (+137.2)  vs greedy win 0.41 (-8.2)  [362s]
  7500 games  eps 0.020  train win 0.25 margin  -20.3  |td| 0.011  eval vs random win 1.00 (+129.3)  vs greedy win 0.36 (-7.9)  [388s]
  8000 games  eps 0.020  train win 0.20 margin  -32.1  |td| 0.010  eval vs random win 0.99 (+129.1)  vs greedy win 0.08 (-38.0)  [414s]
  8500 games  eps 0.020  train win 0.31 margin  -13.3  |td| 0.011  eval vs random win 1.00 (+132.8)  vs greedy win 0.35 (-13.9)  [440s]
  9000 games  eps 0.020  train win 0.20 margin  -25.4  |td| 0.010  eval vs random win 1.00 (+134.7)  vs greedy win 0.31 (-13.2)  [466s]
  9500 games  eps 0.020  train win 0.18 margin  -27.3  |td| 0.010  eval vs random win 1.00 (+125.5)  vs greedy win 0.30 (-17.2)  [492s]
 10000 games  eps 0.020  train win 0.15 margin  -39.2  |td| 0.011  eval vs random win 1.00 (+137.5)  vs greedy win 0.37 (-10.1)  [518s]
 10500 games  eps 0.020  train win 0.31 margin  -12.8  |td| 0.010  eval vs random win 1.00 (+134.3)  vs greedy win 0.43 (-4.9)  [544s]
 11000 games  eps 0.020  train win 0.17 margin  -33.2  |td| 0.010  eval vs random win 1.00 (+117.2)  vs greedy win 0.07 (-44.5)  [570s]
 11500 games  eps 0.020  train win 0.26 margin  -20.1  |td| 0.010  eval vs random win 1.00 (+128.0)  vs greedy win 0.32 (-16.1)  [596s]
 12000 games  eps 0.020  train win 0.23 margin  -24.7  |td| 0.011  eval vs random win 1.00 (+137.1)  vs greedy win 0.35 (-11.0)  [621s]
 12500 games  eps 0.020  train win 0.14 margin  -41.6  |td| 0.010  eval vs random win 1.00 (+127.5)  vs greedy win 0.02 (-60.5)  [646s]
 13000 games  eps 0.020  train win 0.33 margin  -19.3  |td| 0.011  eval vs random win 1.00 (+139.0)  vs greedy win 0.37 (-10.8)  [672s]
 13500 games  eps 0.020  train win 0.18 margin  -28.9  |td| 0.010  eval vs random win 1.00 (+132.4)  vs greedy win 0.29 (-16.2)  [698s]
 14000 games  eps 0.020  train win 0.31 margin  -14.8  |td| 0.011  eval vs random win 1.00 (+130.1)  vs greedy win 0.28 (-19.7)  [724s]
 14500 games  eps 0.020  train win 0.21 margin  -24.3  |td| 0.011  eval vs random win 1.00 (+136.7)  vs greedy win 0.29 (-13.2)  [750s]
 15000 games  eps 0.020  train win 0.18 margin  -35.3  |td| 0.011  eval vs random win 1.00 (+133.8)  vs greedy win 0.15 (-34.0)  [776s]
 15500 games  eps 0.020  train win 0.34 margin  -12.2  |td| 0.011  eval vs random win 1.00 (+140.0)  vs greedy win 0.37 (-8.9)  [803s]
 16000 games  eps 0.020  train win 0.22 margin  -32.4  |td| 0.010  eval vs random win 1.00 (+123.2)  vs greedy win 0.10 (-37.3)  [829s]
 16500 games  eps 0.020  train win 0.39 margin   -8.0  |td| 0.011  eval vs random win 1.00 (+141.2)  vs greedy win 0.36 (-11.2)  [855s]
 17000 games  eps 0.020  train win 0.17 margin  -30.9  |td| 0.010  eval vs random win 1.00 (+122.8)  vs greedy win 0.17 (-27.5)  [882s]
 17500 games  eps 0.020  train win 0.25 margin  -20.1  |td| 0.011  eval vs random win 1.00 (+136.3)  vs greedy win 0.38 (-7.1)  [908s]
 18000 games  eps 0.020  train win 0.18 margin  -30.1  |td| 0.010  eval vs random win 1.00 (+126.1)  vs greedy win 0.07 (-39.6)  [934s]
 18500 games  eps 0.020  train win 0.25 margin  -22.8  |td| 0.011  eval vs random win 1.00 (+137.8)  vs greedy win 0.15 (-27.2)  [960s]
 19000 games  eps 0.020  train win 0.18 margin  -34.3  |td| 0.011  eval vs random win 1.00 (+133.0)  vs greedy win 0.36 (-9.8)  [986s]
 19500 games  eps 0.020  train win 0.30 margin  -21.1  |td| 0.010  eval vs random win 1.00 (+123.9)  vs greedy win 0.11 (-41.6)  [1012s]
 20000 games  eps 0.020  train win 0.26 margin  -21.2  |td| 0.011  eval vs random win 1.00 (+137.5)  vs greedy win 0.31 (-19.3)  [1038s]
 20500 games  eps 0.020  train win 0.23 margin  -22.8  |td| 0.011  eval vs random win 1.00 (+149.2)  vs greedy win 0.38 (-10.7)  [1064s]
 21000 games  eps 0.020  train win 0.22 margin  -25.2  |td| 0.011  eval vs random win 1.00 (+132.5)  vs greedy win 0.13 (-27.2)  [1091s]
 21500 games  eps 0.020  train win 0.33 margin  -14.0  |td| 0.011  eval vs random win 1.00 (+132.9)  vs greedy win 0.28 (-16.1)  [1116s]
 22000 games  eps 0.020  train win 0.18 margin  -31.0  |td| 0.010  eval vs random win 1.00 (+131.3)  vs greedy win 0.09 (-36.0)  [1141s]
 22500 games  eps 0.020  train win 0.08 margin  -43.6  |td| 0.011  eval vs random win 1.00 (+129.5)  vs greedy win 0.23 (-22.8)  [1168s]
 23000 games  eps 0.020  train win 0.16 margin  -33.7  |td| 0.011  eval vs random win 1.00 (+119.1)  vs greedy win 0.12 (-37.6)  [1193s]
 23500 games  eps 0.020  train win 0.30 margin  -13.9  |td| 0.011  eval vs random win 1.00 (+131.7)  vs greedy win 0.34 (-12.8)  [1220s]
 24000 games  eps 0.020  train win 0.13 margin  -39.8  |td| 0.010  eval vs random win 1.00 (+128.8)  vs greedy win 0.13 (-38.4)  [1247s]
 24500 games  eps 0.020  train win 0.19 margin  -25.4  |td| 0.011  eval vs random win 1.00 (+138.7)  vs greedy win 0.20 (-19.7)  [1272s]
 25000 games  eps 0.020  train win 0.10 margin  -37.8  |td| 0.010  eval vs random win 1.00 (+128.0)  vs greedy win 0.02 (-45.3)  [1298s]
 25500 games  eps 0.020  train win 0.29 margin  -17.2  |td| 0.011  eval vs random win 1.00 (+139.5)  vs greedy win 0.52 (-2.4)  [1324s]
 26000 games  eps 0.020  train win 0.15 margin  -34.0  |td| 0.011  eval vs random win 1.00 (+141.7)  vs greedy win 0.27 (-16.2)  [1351s]
 26500 games  eps 0.020  train win 0.21 margin  -22.7  |td| 0.010  eval vs random win 1.00 (+132.7)  vs greedy win 0.18 (-22.6)  [1378s]
 27000 games  eps 0.020  train win 0.12 margin  -38.0  |td| 0.010  eval vs random win 1.00 (+130.2)  vs greedy win 0.07 (-43.0)  [1404s]
 27500 games  eps 0.020  train win 0.21 margin  -23.7  |td| 0.010  eval vs random win 1.00 (+140.4)  vs greedy win 0.31 (-13.0)  [1431s]
 28000 games  eps 0.020  train win 0.15 margin  -30.4  |td| 0.010  eval vs random win 1.00 (+131.7)  vs greedy win 0.12 (-31.4)  [1458s]
 28500 games  eps 0.020  train win 0.16 margin  -27.8  |td| 0.010  eval vs random win 1.00 (+137.2)  vs greedy win 0.20 (-21.7)  [1484s]
 29000 games  eps 0.020  train win 0.14 margin  -33.3  |td| 0.010  eval vs random win 1.00 (+127.7)  vs greedy win 0.14 (-37.7)  [1510s]
 29500 games  eps 0.020  train win 0.25 margin  -24.6  |td| 0.011  eval vs random win 1.00 (+142.8)  vs greedy win 0.12 (-30.6)  [1538s]
 30000 games  eps 0.020  train win 0.15 margin  -29.2  |td| 0.011  eval vs random win 1.00 (+134.6)  vs greedy win 0.10 (-32.7)  [1563s]
saved runs\linear\pass6\p6g_sarsa_greedy_s3.json  (ttr-dash runs\linear\pass6\p6g_sarsa_greedy_s3.json to analyze)
