training sarsa vs greedy: 30000 games, alpha 0.05, epsilon 0.2 -> 0.02, reward margin; average 100
(best checkpoint kept by margin vs greedy; play it as linear:runs\linear\pass6\p6g_sarsa_greedy_s2.json@best)
live: runs\linear\pass6\p6g_sarsa_greedy_s2.json rewritten every 500 games (watch with ttr-dash --live runs\linear\pass6\p6g_sarsa_greedy_s2.json)
   500 games  eps 0.110  train win 0.00 margin -102.6  |td| 0.016  eval vs random win 0.97 (+121.1)  vs greedy win 0.00 (-92.1)  [20s]
  1000 games  eps 0.020  train win 0.00 margin  -89.0  |td| 0.013  eval vs random win 1.00 (+124.3)  vs greedy win 0.00 (-88.7)  [45s]
  1500 games  eps 0.020  train win 0.19 margin  -29.3  |td| 0.014  eval vs random win 1.00 (+134.8)  vs greedy win 0.40 (-7.9)  [70s]
  2000 games  eps 0.020  train win 0.33 margin  -14.7  |td| 0.013  eval vs random win 1.00 (+127.6)  vs greedy win 0.40 (-7.9)  [98s]
  2500 games  eps 0.020  train win 0.38 margin  -10.6  |td| 0.012  eval vs random win 1.00 (+136.3)  vs greedy win 0.32 (-10.4)  [125s]
  3000 games  eps 0.020  train win 0.37 margin  -10.0  |td| 0.012  eval vs random win 1.00 (+133.8)  vs greedy win 0.31 (-13.0)  [152s]
  3500 games  eps 0.020  train win 0.39 margin   -8.9  |td| 0.012  eval vs random win 1.00 (+138.4)  vs greedy win 0.48 (-3.2)  [180s]
  4000 games  eps 0.020  train win 0.41 margin   -7.1  |td| 0.012  eval vs random win 1.00 (+141.9)  vs greedy win 0.40 (-9.2)  [207s]
  4500 games  eps 0.020  train win 0.39 margin   -9.0  |td| 0.012  eval vs random win 1.00 (+141.6)  vs greedy win 0.45 (-7.5)  [234s]
  5000 games  eps 0.020  train win 0.33 margin  -14.0  |td| 0.012  eval vs random win 1.00 (+135.1)  vs greedy win 0.38 (-8.2)  [260s]
  5500 games  eps 0.020  train win 0.29 margin  -20.4  |td| 0.012  eval vs random win 1.00 (+138.1)  vs greedy win 0.45 (-4.3)  [286s]
  6000 games  eps 0.020  train win 0.33 margin  -12.2  |td| 0.011  eval vs random win 1.00 (+128.6)  vs greedy win 0.33 (-11.7)  [313s]
  6500 games  eps 0.020  train win 0.29 margin  -16.0  |td| 0.011  eval vs random win 1.00 (+139.9)  vs greedy win 0.47 (-3.7)  [339s]
  7000 games  eps 0.020  train win 0.22 margin  -23.4  |td| 0.011  eval vs random win 1.00 (+136.0)  vs greedy win 0.31 (-12.1)  [366s]
  7500 games  eps 0.020  train win 0.25 margin  -20.6  |td| 0.011  eval vs random win 1.00 (+129.3)  vs greedy win 0.18 (-23.1)  [391s]
  8000 games  eps 0.020  train win 0.17 margin  -27.8  |td| 0.010  eval vs random win 1.00 (+131.6)  vs greedy win 0.18 (-22.4)  [417s]
  8500 games  eps 0.020  train win 0.23 margin  -24.2  |td| 0.011  eval vs random win 1.00 (+130.6)  vs greedy win 0.29 (-17.1)  [443s]
  9000 games  eps 0.020  train win 0.20 margin  -29.5  |td| 0.011  eval vs random win 1.00 (+135.3)  vs greedy win 0.43 (-7.2)  [468s]
  9500 games  eps 0.020  train win 0.31 margin  -14.5  |td| 0.010  eval vs random win 1.00 (+132.6)  vs greedy win 0.35 (-12.6)  [494s]
 10000 games  eps 0.020  train win 0.33 margin  -14.4  |td| 0.010  eval vs random win 1.00 (+132.8)  vs greedy win 0.38 (-12.2)  [520s]
 10500 games  eps 0.020  train win 0.24 margin  -22.7  |td| 0.011  eval vs random win 1.00 (+138.5)  vs greedy win 0.45 (-4.8)  [545s]
 11000 games  eps 0.020  train win 0.26 margin  -19.0  |td| 0.010  eval vs random win 1.00 (+138.5)  vs greedy win 0.28 (-15.3)  [571s]
 11500 games  eps 0.020  train win 0.22 margin  -24.7  |td| 0.010  eval vs random win 1.00 (+137.5)  vs greedy win 0.28 (-15.6)  [596s]
 12000 games  eps 0.020  train win 0.25 margin  -20.2  |td| 0.010  eval vs random win 1.00 (+128.8)  vs greedy win 0.24 (-24.0)  [622s]
 12500 games  eps 0.020  train win 0.21 margin  -25.5  |td| 0.011  eval vs random win 1.00 (+135.7)  vs greedy win 0.19 (-24.8)  [648s]
 13000 games  eps 0.020  train win 0.12 margin  -38.6  |td| 0.010  eval vs random win 1.00 (+126.5)  vs greedy win 0.07 (-43.4)  [674s]
 13500 games  eps 0.020  train win 0.16 margin  -32.9  |td| 0.011  eval vs random win 1.00 (+133.0)  vs greedy win 0.23 (-17.6)  [700s]
 14000 games  eps 0.020  train win 0.23 margin  -22.7  |td| 0.010  eval vs random win 1.00 (+132.3)  vs greedy win 0.27 (-16.6)  [725s]
 14500 games  eps 0.020  train win 0.17 margin  -28.8  |td| 0.010  eval vs random win 1.00 (+133.8)  vs greedy win 0.23 (-21.8)  [751s]
 15000 games  eps 0.020  train win 0.16 margin  -39.3  |td| 0.010  eval vs random win 1.00 (+129.0)  vs greedy win 0.02 (-54.3)  [776s]
 15500 games  eps 0.020  train win 0.15 margin  -34.9  |td| 0.011  eval vs random win 1.00 (+137.2)  vs greedy win 0.21 (-17.9)  [802s]
 16000 games  eps 0.020  train win 0.23 margin  -19.8  |td| 0.010  eval vs random win 1.00 (+127.1)  vs greedy win 0.27 (-13.0)  [829s]
 16500 games  eps 0.020  train win 0.19 margin  -26.3  |td| 0.010  eval vs random win 1.00 (+124.6)  vs greedy win 0.05 (-40.4)  [854s]
 17000 games  eps 0.020  train win 0.12 margin  -35.5  |td| 0.010  eval vs random win 1.00 (+140.8)  vs greedy win 0.17 (-28.3)  [879s]
 17500 games  eps 0.020  train win 0.16 margin  -27.4  |td| 0.010  eval vs random win 1.00 (+128.2)  vs greedy win 0.20 (-21.3)  [905s]
 18000 games  eps 0.020  train win 0.15 margin  -30.2  |td| 0.010  eval vs random win 1.00 (+129.5)  vs greedy win 0.26 (-18.5)  [932s]
 18500 games  eps 0.020  train win 0.14 margin  -32.3  |td| 0.010  eval vs random win 1.00 (+134.7)  vs greedy win 0.11 (-35.4)  [958s]
 19000 games  eps 0.020  train win 0.12 margin  -33.7  |td| 0.010  eval vs random win 1.00 (+135.9)  vs greedy win 0.19 (-21.1)  [985s]
 19500 games  eps 0.020  train win 0.23 margin  -20.9  |td| 0.010  eval vs random win 1.00 (+140.1)  vs greedy win 0.22 (-18.9)  [1012s]
 20000 games  eps 0.020  train win 0.19 margin  -27.1  |td| 0.010  eval vs random win 1.00 (+125.3)  vs greedy win 0.17 (-29.0)  [1039s]
 20500 games  eps 0.020  train win 0.11 margin  -36.5  |td| 0.010  eval vs random win 1.00 (+133.0)  vs greedy win 0.10 (-31.4)  [1064s]
 21000 games  eps 0.020  train win 0.07 margin  -50.5  |td| 0.010  eval vs random win 1.00 (+124.6)  vs greedy win 0.11 (-29.6)  [1091s]
 21500 games  eps 0.020  train win 0.20 margin  -28.5  |td| 0.011  eval vs random win 1.00 (+124.5)  vs greedy win 0.12 (-35.8)  [1118s]
 22000 games  eps 0.020  train win 0.30 margin  -18.4  |td| 0.011  eval vs random win 1.00 (+134.6)  vs greedy win 0.35 (-10.4)  [1144s]
 22500 games  eps 0.020  train win 0.10 margin  -41.4  |td| 0.011  eval vs random win 1.00 (+124.8)  vs greedy win 0.12 (-34.2)  [1172s]
 23000 games  eps 0.020  train win 0.20 margin  -27.8  |td| 0.010  eval vs random win 1.00 (+127.6)  vs greedy win 0.10 (-38.9)  [1197s]
 23500 games  eps 0.020  train win 0.16 margin  -38.1  |td| 0.011  eval vs random win 1.00 (+139.2)  vs greedy win 0.47 (-3.6)  [1224s]
 24000 games  eps 0.020  train win 0.16 margin  -35.1  |td| 0.010  eval vs random win 1.00 (+126.3)  vs greedy win 0.11 (-38.9)  [1250s]
 24500 games  eps 0.020  train win 0.23 margin  -22.6  |td| 0.010  eval vs random win 1.00 (+142.9)  vs greedy win 0.26 (-16.9)  [1276s]
 25000 games  eps 0.020  train win 0.14 margin  -33.9  |td| 0.010  eval vs random win 1.00 (+126.5)  vs greedy win 0.24 (-17.2)  [1302s]
 25500 games  eps 0.020  train win 0.21 margin  -24.3  |td| 0.010  eval vs random win 1.00 (+136.2)  vs greedy win 0.28 (-15.1)  [1329s]
 26000 games  eps 0.020  train win 0.15 margin  -33.1  |td| 0.010  eval vs random win 1.00 (+131.5)  vs greedy win 0.17 (-25.4)  [1355s]
 26500 games  eps 0.020  train win 0.23 margin  -24.2  |td| 0.011  eval vs random win 1.00 (+141.1)  vs greedy win 0.30 (-11.6)  [1382s]
 27000 games  eps 0.020  train win 0.25 margin  -18.6  |td| 0.010  eval vs random win 1.00 (+135.1)  vs greedy win 0.22 (-21.7)  [1409s]
 27500 games  eps 0.020  train win 0.18 margin  -29.5  |td| 0.010  eval vs random win 1.00 (+135.2)  vs greedy win 0.18 (-29.5)  [1437s]
 28000 games  eps 0.020  train win 0.18 margin  -30.7  |td| 0.011  eval vs random win 0.99 (+136.9)  vs greedy win 0.21 (-23.9)  [1462s]
 28500 games  eps 0.020  train win 0.16 margin  -28.4  |td| 0.011  eval vs random win 1.00 (+130.8)  vs greedy win 0.26 (-19.3)  [1488s]
 29000 games  eps 0.020  train win 0.18 margin  -25.8  |td| 0.011  eval vs random win 1.00 (+134.8)  vs greedy win 0.14 (-25.6)  [1516s]
 29500 games  eps 0.020  train win 0.20 margin  -25.1  |td| 0.010  eval vs random win 1.00 (+134.3)  vs greedy win 0.14 (-32.2)  [1542s]
 30000 games  eps 0.020  train win 0.16 margin  -31.4  |td| 0.011  eval vs random win 1.00 (+144.2)  vs greedy win 0.23 (-21.5)  [1568s]
saved runs\linear\pass6\p6g_sarsa_greedy_s2.json  (ttr-dash runs\linear\pass6\p6g_sarsa_greedy_s2.json to analyze)
