training sarsa vs self: 30000 games, alpha 0.05, epsilon 0.2 -> 0.02, reward margin; average 100
(best checkpoint kept by margin vs greedy; play it as linear:runs\linear\pass6\p6h_sarsa_self_s3.json@best)
live: runs\linear\pass6\p6h_sarsa_self_s3.json rewritten every 500 games (watch with ttr-dash --live runs\linear\pass6\p6h_sarsa_self_s3.json)
   500 games  eps 0.110  train win 0.00 margin  -96.9  |td| 0.016  eval vs random win 1.00 (+129.8)  vs greedy win 0.00 (-89.7)  [20s]
  1000 games  eps 0.020  train win 0.41 margin  -20.9  |td| 0.016  eval vs random win 1.00 (+146.3)  vs greedy win 0.23 (-18.9)  [47s]
  1500 games  eps 0.020  train win 0.17 margin  -30.6  |td| 0.017  eval vs random win 1.00 (+135.5)  vs greedy win 0.15 (-33.6)  [76s]
  2000 games  eps 0.020  train win 0.25 margin  -19.3  |td| 0.014  eval vs random win 1.00 (+137.8)  vs greedy win 0.28 (-22.1)  [109s]
  2500 games  eps 0.020  train win 0.44 margin   -6.5  |td| 0.013  eval vs random win 1.00 (+138.6)  vs greedy win 0.39 (-9.4)  [140s]
  3000 games  eps 0.020  train win 0.50 margin   -2.6  |td| 0.016  eval vs random win 1.00 (+137.3)  vs greedy win 0.51 (-0.9)  [175s]
  3500 games  eps 0.020  train win 0.44 margin   -4.8  |td| 0.013  eval vs random win 1.00 (+149.1)  vs greedy win 0.60 (+8.0)  [210s]
  4000 games  eps 0.020  train win 0.45 margin   -4.7  |td| 0.012  eval vs random win 1.00 (+139.4)  vs greedy win 0.50 (+1.5)  [244s]
  4500 games  eps 0.020  train win 0.50 margin   -1.1  |td| 0.011  eval vs random win 1.00 (+153.3)  vs greedy win 0.43 (-3.2)  [276s]
  5000 games  eps 0.020  train win 0.57 margin   +3.3  |td| 0.010  eval vs random win 1.00 (+153.6)  vs greedy win 0.55 (+3.6)  [307s]
  5500 games  eps 0.020  train win 0.54 margin   +3.8  |td| 0.010  eval vs random win 1.00 (+161.4)  vs greedy win 0.56 (+2.1)  [339s]
  6000 games  eps 0.020  train win 0.47 margin   -3.7  |td| 0.010  eval vs random win 1.00 (+156.4)  vs greedy win 0.47 (-0.2)  [370s]
  6500 games  eps 0.020  train win 0.49 margin   -0.7  |td| 0.009  eval vs random win 1.00 (+147.2)  vs greedy win 0.48 (+1.1)  [400s]
  7000 games  eps 0.020  train win 0.48 margin   -3.5  |td| 0.009  eval vs random win 1.00 (+150.4)  vs greedy win 0.45 (-0.9)  [431s]
  7500 games  eps 0.020  train win 0.39 margin  -10.1  |td| 0.009  eval vs random win 1.00 (+148.0)  vs greedy win 0.23 (-24.0)  [460s]
  8000 games  eps 0.020  train win 0.30 margin  -20.2  |td| 0.010  eval vs random win 1.00 (+171.9)  vs greedy win 0.46 (+0.0)  [490s]
  8500 games  eps 0.020  train win 0.15 margin  -36.3  |td| 0.010  eval vs random win 0.99 (+127.3)  vs greedy win 0.20 (-27.6)  [521s]
  9000 games  eps 0.020  train win 0.17 margin  -40.5  |td| 0.011  eval vs random win 0.99 (+133.3)  vs greedy win 0.00 (-83.6)  [549s]
  9500 games  eps 0.020  train win 0.00 margin  -68.5  |td| 0.010  eval vs random win 0.99 (+131.7)  vs greedy win 0.00 (-81.2)  [576s]
 10000 games  eps 0.020  train win 0.02 margin  -61.1  |td| 0.010  eval vs random win 1.00 (+141.6)  vs greedy win 0.00 (-71.8)  [603s]
 10500 games  eps 0.020  train win 0.00 margin  -70.0  |td| 0.010  eval vs random win 1.00 (+137.0)  vs greedy win 0.00 (-83.4)  [631s]
 11000 games  eps 0.020  train win 0.02 margin  -56.2  |td| 0.011  eval vs random win 1.00 (+151.1)  vs greedy win 0.00 (-62.1)  [660s]
 11500 games  eps 0.020  train win 0.00 margin  -65.1  |td| 0.010  eval vs random win 1.00 (+140.2)  vs greedy win 0.00 (-78.7)  [688s]
 12000 games  eps 0.020  train win 0.00 margin  -65.7  |td| 0.010  eval vs random win 1.00 (+138.8)  vs greedy win 0.00 (-77.5)  [716s]
 12500 games  eps 0.020  train win 0.01 margin  -60.1  |td| 0.011  eval vs random win 1.00 (+143.0)  vs greedy win 0.00 (-74.0)  [744s]
 13000 games  eps 0.020  train win 0.01 margin  -58.7  |td| 0.010  eval vs random win 1.00 (+147.0)  vs greedy win 0.00 (-70.1)  [773s]
 13500 games  eps 0.020  train win 0.02 margin  -56.6  |td| 0.010  eval vs random win 1.00 (+153.6)  vs greedy win 0.00 (-70.9)  [804s]
 14000 games  eps 0.020  train win 0.01 margin  -58.4  |td| 0.010  eval vs random win 1.00 (+134.6)  vs greedy win 0.00 (-73.3)  [834s]
 14500 games  eps 0.020  train win 0.01 margin  -61.4  |td| 0.010  eval vs random win 1.00 (+140.3)  vs greedy win 0.00 (-68.7)  [864s]
 15000 games  eps 0.020  train win 0.01 margin  -55.6  |td| 0.010  eval vs random win 0.99 (+142.8)  vs greedy win 0.00 (-74.0)  [894s]
 15500 games  eps 0.020  train win 0.01 margin  -57.4  |td| 0.010  eval vs random win 1.00 (+128.2)  vs greedy win 0.00 (-69.4)  [925s]
 16000 games  eps 0.020  train win 0.00 margin  -62.6  |td| 0.010  eval vs random win 1.00 (+151.6)  vs greedy win 0.00 (-74.9)  [955s]
 16500 games  eps 0.020  train win 0.01 margin  -60.1  |td| 0.010  eval vs random win 1.00 (+125.8)  vs greedy win 0.00 (-69.8)  [984s]
 17000 games  eps 0.020  train win 0.01 margin  -59.5  |td| 0.009  eval vs random win 1.00 (+142.4)  vs greedy win 0.00 (-74.1)  [1014s]
 17500 games  eps 0.020  train win 0.01 margin  -61.3  |td| 0.010  eval vs random win 1.00 (+125.6)  vs greedy win 0.00 (-70.2)  [1044s]
 18000 games  eps 0.020  train win 0.01 margin  -58.0  |td| 0.010  eval vs random win 1.00 (+115.8)  vs greedy win 0.00 (-68.7)  [1072s]
 18500 games  eps 0.020  train win 0.02 margin  -58.9  |td| 0.010  eval vs random win 1.00 (+131.9)  vs greedy win 0.00 (-69.5)  [1103s]
 19000 games  eps 0.020  train win 0.01 margin  -64.0  |td| 0.010  eval vs random win 1.00 (+107.2)  vs greedy win 0.00 (-80.2)  [1132s]
 19500 games  eps 0.020  train win 0.00 margin  -64.6  |td| 0.009  eval vs random win 1.00 (+122.9)  vs greedy win 0.00 (-71.8)  [1163s]
 20000 games  eps 0.020  train win 0.01 margin  -65.0  |td| 0.009  eval vs random win 0.99 (+113.6)  vs greedy win 0.00 (-76.5)  [1193s]
 20500 games  eps 0.020  train win 0.01 margin  -65.1  |td| 0.009  eval vs random win 1.00 (+117.2)  vs greedy win 0.00 (-76.2)  [1223s]
 21000 games  eps 0.020  train win 0.01 margin  -64.4  |td| 0.009  eval vs random win 1.00 (+120.0)  vs greedy win 0.00 (-75.0)  [1253s]
 21500 games  eps 0.020  train win 0.00 margin  -66.4  |td| 0.009  eval vs random win 1.00 (+113.9)  vs greedy win 0.00 (-74.5)  [1282s]
 22000 games  eps 0.020  train win 0.01 margin  -63.2  |td| 0.009  eval vs random win 0.99 (+122.9)  vs greedy win 0.00 (-73.1)  [1312s]
 22500 games  eps 0.020  train win 0.02 margin  -60.7  |td| 0.009  eval vs random win 1.00 (+124.0)  vs greedy win 0.00 (-71.2)  [1342s]
 23000 games  eps 0.020  train win 0.00 margin  -65.2  |td| 0.009  eval vs random win 1.00 (+122.5)  vs greedy win 0.00 (-76.5)  [1372s]
 23500 games  eps 0.020  train win 0.02 margin  -63.7  |td| 0.009  eval vs random win 1.00 (+135.4)  vs greedy win 0.00 (-69.9)  [1403s]
 24000 games  eps 0.020  train win 0.01 margin  -64.3  |td| 0.009  eval vs random win 0.98 (+121.7)  vs greedy win 0.00 (-76.4)  [1433s]
 24500 games  eps 0.020  train win 0.00 margin  -61.7  |td| 0.010  eval vs random win 1.00 (+124.6)  vs greedy win 0.00 (-77.1)  [1464s]
 25000 games  eps 0.020  train win 0.02 margin  -58.7  |td| 0.010  eval vs random win 1.00 (+129.5)  vs greedy win 0.00 (-75.0)  [1493s]
 25500 games  eps 0.020  train win 0.01 margin  -63.2  |td| 0.009  eval vs random win 1.00 (+131.8)  vs greedy win 0.00 (-65.2)  [1524s]
 26000 games  eps 0.020  train win 0.01 margin  -63.0  |td| 0.009  eval vs random win 1.00 (+122.8)  vs greedy win 0.00 (-75.1)  [1554s]
 26500 games  eps 0.020  train win 0.00 margin  -61.0  |td| 0.009  eval vs random win 1.00 (+136.8)  vs greedy win 0.00 (-75.1)  [1584s]
 27000 games  eps 0.020  train win 0.01 margin  -65.7  |td| 0.009  eval vs random win 0.99 (+114.7)  vs greedy win 0.00 (-77.8)  [1613s]
 27500 games  eps 0.020  train win 0.01 margin  -59.2  |td| 0.009  eval vs random win 1.00 (+116.7)  vs greedy win 0.00 (-70.1)  [1641s]
 28000 games  eps 0.020  train win 0.01 margin  -62.8  |td| 0.009  eval vs random win 1.00 (+127.2)  vs greedy win 0.00 (-72.7)  [1670s]
 28500 games  eps 0.020  train win 0.01 margin  -65.0  |td| 0.009  eval vs random win 0.99 (+135.4)  vs greedy win 0.00 (-70.6)  [1698s]
 29000 games  eps 0.020  train win 0.01 margin  -61.4  |td| 0.009  eval vs random win 0.99 (+132.6)  vs greedy win 0.00 (-77.1)  [1722s]
 29500 games  eps 0.020  train win 0.00 margin  -64.5  |td| 0.010  eval vs random win 0.99 (+127.2)  vs greedy win 0.00 (-77.0)  [1747s]
 30000 games  eps 0.020  train win 0.01 margin  -64.6  |td| 0.009  eval vs random win 1.00 (+146.4)  vs greedy win 0.00 (-74.0)  [1771s]
saved runs\linear\pass6\p6h_sarsa_self_s3.json  (ttr-dash runs\linear\pass6\p6h_sarsa_self_s3.json to analyze)
