training sarsa vs self: 30000 games, alpha 0.05, epsilon 0.2 -> 0.02, reward margin; average 100
(best checkpoint kept by margin vs greedy; play it as linear:runs\linear\pass6\p6h_sarsa_self_s0.json@best)
live: runs\linear\pass6\p6h_sarsa_self_s0.json rewritten every 500 games (watch with ttr-dash --live runs\linear\pass6\p6h_sarsa_self_s0.json)
   500 games  eps 0.110  train win 0.00 margin -113.4  |td| 0.020  eval vs random win 1.00 (+140.9)  vs greedy win 0.00 (-85.4)  [23s]
  1000 games  eps 0.020  train win 0.29 margin  -38.9  |td| 0.017  eval vs random win 1.00 (+132.3)  vs greedy win 0.00 (-81.5)  [51s]
  1500 games  eps 0.020  train win 0.42 margin   -8.7  |td| 0.017  eval vs random win 1.00 (+131.0)  vs greedy win 0.21 (-27.5)  [80s]
  2000 games  eps 0.020  train win 0.37 margin  -13.0  |td| 0.019  eval vs random win 1.00 (+134.8)  vs greedy win 0.30 (-18.5)  [119s]
  2500 games  eps 0.020  train win 0.39 margin  -10.6  |td| 0.018  eval vs random win 1.00 (+147.2)  vs greedy win 0.28 (-19.3)  [159s]
  3000 games  eps 0.020  train win 0.39 margin   -9.2  |td| 0.015  eval vs random win 1.00 (+144.4)  vs greedy win 0.32 (-14.4)  [198s]
  3500 games  eps 0.020  train win 0.40 margin   -8.2  |td| 0.013  eval vs random win 1.00 (+155.8)  vs greedy win 0.30 (-12.4)  [233s]
  4000 games  eps 0.020  train win 0.42 margin   -6.8  |td| 0.010  eval vs random win 1.00 (+147.2)  vs greedy win 0.27 (-12.3)  [267s]
  4500 games  eps 0.020  train win 0.40 margin   -6.8  |td| 0.009  eval vs random win 1.00 (+150.0)  vs greedy win 0.41 (-6.3)  [300s]
  5000 games  eps 0.020  train win 0.29 margin  -13.3  |td| 0.009  eval vs random win 1.00 (+151.9)  vs greedy win 0.38 (-10.4)  [334s]
  5500 games  eps 0.020  train win 0.32 margin  -13.8  |td| 0.009  eval vs random win 1.00 (+152.1)  vs greedy win 0.27 (-14.5)  [367s]
  6000 games  eps 0.020  train win 0.37 margin  -10.6  |td| 0.009  eval vs random win 1.00 (+147.8)  vs greedy win 0.37 (-7.5)  [400s]
  6500 games  eps 0.020  train win 0.36 margin  -10.6  |td| 0.009  eval vs random win 1.00 (+138.1)  vs greedy win 0.42 (-9.7)  [432s]
  7000 games  eps 0.020  train win 0.28 margin  -14.8  |td| 0.009  eval vs random win 1.00 (+151.8)  vs greedy win 0.33 (-11.7)  [465s]
  7500 games  eps 0.020  train win 0.11 margin  -32.9  |td| 0.010  eval vs random win 1.00 (+143.1)  vs greedy win 0.10 (-33.8)  [497s]
  8000 games  eps 0.020  train win 0.11 margin  -33.3  |td| 0.010  eval vs random win 1.00 (+156.1)  vs greedy win 0.09 (-31.1)  [528s]
  8500 games  eps 0.020  train win 0.09 margin  -34.6  |td| 0.010  eval vs random win 1.00 (+144.9)  vs greedy win 0.08 (-35.7)  [560s]
  9000 games  eps 0.020  train win 0.03 margin  -60.4  |td| 0.010  eval vs random win 1.00 (+126.9)  vs greedy win 0.00 (-78.0)  [590s]
  9500 games  eps 0.020  train win 0.07 margin  -43.0  |td| 0.011  eval vs random win 1.00 (+131.9)  vs greedy win 0.02 (-58.8)  [620s]
 10000 games  eps 0.020  train win 0.00 margin  -64.2  |td| 0.010  eval vs random win 1.00 (+148.2)  vs greedy win 0.01 (-69.2)  [649s]
 10500 games  eps 0.020  train win 0.03 margin  -54.9  |td| 0.010  eval vs random win 0.99 (+142.8)  vs greedy win 0.00 (-83.5)  [679s]
 11000 games  eps 0.020  train win 0.01 margin  -66.0  |td| 0.010  eval vs random win 0.99 (+132.7)  vs greedy win 0.00 (-78.8)  [709s]
 11500 games  eps 0.020  train win 0.00 margin  -64.7  |td| 0.010  eval vs random win 0.99 (+131.6)  vs greedy win 0.00 (-79.9)  [738s]
 12000 games  eps 0.020  train win 0.00 margin  -67.2  |td| 0.010  eval vs random win 0.99 (+120.0)  vs greedy win 0.01 (-76.3)  [769s]
 12500 games  eps 0.020  train win 0.01 margin  -63.8  |td| 0.010  eval vs random win 1.00 (+136.9)  vs greedy win 0.00 (-80.2)  [799s]
 13000 games  eps 0.020  train win 0.00 margin  -66.6  |td| 0.010  eval vs random win 0.98 (+128.1)  vs greedy win 0.00 (-79.1)  [830s]
 13500 games  eps 0.020  train win 0.00 margin  -65.9  |td| 0.010  eval vs random win 1.00 (+138.7)  vs greedy win 0.00 (-77.7)  [860s]
 14000 games  eps 0.020  train win 0.01 margin  -66.4  |td| 0.010  eval vs random win 1.00 (+131.0)  vs greedy win 0.00 (-78.2)  [890s]
 14500 games  eps 0.020  train win 0.00 margin  -64.6  |td| 0.010  eval vs random win 1.00 (+138.4)  vs greedy win 0.00 (-69.8)  [921s]
 15000 games  eps 0.020  train win 0.00 margin  -66.0  |td| 0.010  eval vs random win 0.99 (+145.1)  vs greedy win 0.00 (-78.5)  [950s]
 15500 games  eps 0.020  train win 0.00 margin  -63.2  |td| 0.010  eval vs random win 1.00 (+135.6)  vs greedy win 0.00 (-74.0)  [980s]
 16000 games  eps 0.020  train win 0.00 margin  -64.7  |td| 0.011  eval vs random win 0.99 (+141.4)  vs greedy win 0.00 (-77.5)  [1010s]
 16500 games  eps 0.020  train win 0.00 margin  -63.2  |td| 0.011  eval vs random win 1.00 (+121.5)  vs greedy win 0.00 (-79.2)  [1040s]
 17000 games  eps 0.020  train win 0.01 margin  -64.6  |td| 0.011  eval vs random win 1.00 (+151.6)  vs greedy win 0.00 (-76.5)  [1071s]
 17500 games  eps 0.020  train win 0.00 margin  -68.3  |td| 0.010  eval vs random win 0.99 (+133.8)  vs greedy win 0.01 (-73.0)  [1098s]
 18000 games  eps 0.020  train win 0.01 margin  -62.1  |td| 0.011  eval vs random win 0.99 (+134.2)  vs greedy win 0.00 (-72.5)  [1128s]
 18500 games  eps 0.020  train win 0.00 margin  -66.4  |td| 0.011  eval vs random win 1.00 (+128.5)  vs greedy win 0.00 (-74.9)  [1156s]
 19000 games  eps 0.020  train win 0.01 margin  -63.0  |td| 0.011  eval vs random win 0.99 (+137.2)  vs greedy win 0.00 (-76.0)  [1185s]
 19500 games  eps 0.020  train win 0.01 margin  -68.3  |td| 0.011  eval vs random win 1.00 (+146.1)  vs greedy win 0.00 (-79.6)  [1213s]
 20000 games  eps 0.020  train win 0.01 margin  -63.3  |td| 0.011  eval vs random win 1.00 (+137.6)  vs greedy win 0.00 (-77.6)  [1241s]
 20500 games  eps 0.020  train win 0.01 margin  -62.9  |td| 0.011  eval vs random win 1.00 (+138.8)  vs greedy win 0.00 (-74.3)  [1268s]
 21000 games  eps 0.020  train win 0.01 margin  -59.5  |td| 0.011  eval vs random win 1.00 (+127.5)  vs greedy win 0.00 (-71.1)  [1295s]
 21500 games  eps 0.020  train win 0.00 margin  -63.7  |td| 0.011  eval vs random win 0.98 (+134.7)  vs greedy win 0.00 (-78.0)  [1323s]
 22000 games  eps 0.020  train win 0.02 margin  -60.2  |td| 0.011  eval vs random win 0.99 (+129.2)  vs greedy win 0.00 (-74.0)  [1351s]
 22500 games  eps 0.020  train win 0.01 margin  -61.1  |td| 0.011  eval vs random win 1.00 (+130.4)  vs greedy win 0.00 (-71.2)  [1379s]
 23000 games  eps 0.020  train win 0.01 margin  -57.8  |td| 0.011  eval vs random win 1.00 (+149.0)  vs greedy win 0.00 (-76.6)  [1408s]
 23500 games  eps 0.020  train win 0.01 margin  -61.1  |td| 0.011  eval vs random win 0.99 (+139.1)  vs greedy win 0.00 (-78.8)  [1437s]
 24000 games  eps 0.020  train win 0.01 margin  -67.3  |td| 0.011  eval vs random win 1.00 (+123.4)  vs greedy win 0.00 (-78.4)  [1465s]
 24500 games  eps 0.020  train win 0.01 margin  -60.1  |td| 0.011  eval vs random win 1.00 (+138.2)  vs greedy win 0.00 (-72.3)  [1494s]
 25000 games  eps 0.020  train win 0.01 margin  -56.3  |td| 0.011  eval vs random win 1.00 (+133.9)  vs greedy win 0.00 (-73.2)  [1523s]
 25500 games  eps 0.020  train win 0.00 margin  -61.7  |td| 0.010  eval vs random win 1.00 (+150.6)  vs greedy win 0.00 (-77.6)  [1552s]
 26000 games  eps 0.020  train win 0.01 margin  -65.2  |td| 0.011  eval vs random win 1.00 (+137.1)  vs greedy win 0.00 (-79.7)  [1580s]
 26500 games  eps 0.020  train win 0.01 margin  -63.8  |td| 0.011  eval vs random win 1.00 (+147.7)  vs greedy win 0.00 (-77.5)  [1609s]
 27000 games  eps 0.020  train win 0.01 margin  -61.9  |td| 0.011  eval vs random win 1.00 (+150.7)  vs greedy win 0.00 (-71.4)  [1637s]
 27500 games  eps 0.020  train win 0.00 margin  -61.3  |td| 0.011  eval vs random win 1.00 (+134.9)  vs greedy win 0.00 (-74.5)  [1665s]
 28000 games  eps 0.020  train win 0.00 margin  -61.0  |td| 0.010  eval vs random win 1.00 (+146.1)  vs greedy win 0.00 (-73.1)  [1692s]
 28500 games  eps 0.020  train win 0.01 margin  -61.1  |td| 0.010  eval vs random win 1.00 (+144.8)  vs greedy win 0.00 (-69.1)  [1720s]
 29000 games  eps 0.020  train win 0.01 margin  -63.4  |td| 0.010  eval vs random win 1.00 (+133.5)  vs greedy win 0.00 (-77.6)  [1748s]
 29500 games  eps 0.020  train win 0.00 margin  -66.8  |td| 0.011  eval vs random win 1.00 (+123.2)  vs greedy win 0.00 (-77.6)  [1776s]
 30000 games  eps 0.020  train win 0.00 margin  -62.1  |td| 0.011  eval vs random win 1.00 (+130.1)  vs greedy win 0.00 (-72.8)  [1805s]
saved runs\linear\pass6\p6h_sarsa_self_s0.json  (ttr-dash runs\linear\pass6\p6h_sarsa_self_s0.json to analyze)
