training sarsa vs self: 30000 games, alpha 0.05, epsilon 0.2 -> 0.02, reward margin; average 100
(best checkpoint kept by margin vs greedy; play it as linear:runs\linear\pass6\p6h_sarsa_self_s1.json@best)
live: runs\linear\pass6\p6h_sarsa_self_s1.json rewritten every 500 games (watch with ttr-dash --live runs\linear\pass6\p6h_sarsa_self_s1.json)
   500 games  eps 0.110  train win 0.00 margin  -99.4  |td| 0.016  eval vs random win 1.00 (+134.8)  vs greedy win 0.00 (-94.5)  [20s]
  1000 games  eps 0.020  train win 0.39 margin  -25.2  |td| 0.017  eval vs random win 1.00 (+126.5)  vs greedy win 0.00 (-84.0)  [44s]
  1500 games  eps 0.020  train win 0.55 margin   +4.2  |td| 0.017  eval vs random win 1.00 (+123.4)  vs greedy win 0.27 (-16.6)  [70s]
  2000 games  eps 0.020  train win 0.36 margin  -13.7  |td| 0.019  eval vs random win 1.00 (+132.4)  vs greedy win 0.38 (-11.9)  [101s]
  2500 games  eps 0.020  train win 0.40 margin  -10.2  |td| 0.018  eval vs random win 1.00 (+140.2)  vs greedy win 0.42 (-10.7)  [135s]
  3000 games  eps 0.020  train win 0.47 margin   -2.1  |td| 0.017  eval vs random win 1.00 (+142.7)  vs greedy win 0.40 (-2.7)  [172s]
  3500 games  eps 0.020  train win 0.51 margin   -0.1  |td| 0.014  eval vs random win 1.00 (+142.0)  vs greedy win 0.52 (+0.8)  [206s]
  4000 games  eps 0.020  train win 0.48 margin   -3.5  |td| 0.013  eval vs random win 1.00 (+143.4)  vs greedy win 0.59 (+4.6)  [241s]
  4500 games  eps 0.020  train win 0.53 margin   +1.1  |td| 0.011  eval vs random win 1.00 (+166.5)  vs greedy win 0.53 (+2.5)  [273s]
  5000 games  eps 0.020  train win 0.52 margin   +2.2  |td| 0.010  eval vs random win 1.00 (+149.7)  vs greedy win 0.60 (+5.0)  [305s]
  5500 games  eps 0.020  train win 0.38 margin   -7.8  |td| 0.009  eval vs random win 1.00 (+136.7)  vs greedy win 0.28 (-14.6)  [335s]
  6000 games  eps 0.020  train win 0.38 margin   -7.4  |td| 0.009  eval vs random win 1.00 (+150.4)  vs greedy win 0.47 (-2.7)  [365s]
  6500 games  eps 0.020  train win 0.50 margin   +0.6  |td| 0.008  eval vs random win 1.00 (+149.8)  vs greedy win 0.55 (+5.7)  [396s]
  7000 games  eps 0.020  train win 0.32 margin  -12.2  |td| 0.008  eval vs random win 1.00 (+141.5)  vs greedy win 0.26 (-16.2)  [426s]
  7500 games  eps 0.020  train win 0.25 margin  -19.3  |td| 0.009  eval vs random win 1.00 (+146.4)  vs greedy win 0.39 (-5.2)  [456s]
  8000 games  eps 0.020  train win 0.21 margin  -23.5  |td| 0.009  eval vs random win 1.00 (+148.6)  vs greedy win 0.40 (-4.5)  [485s]
  8500 games  eps 0.020  train win 0.05 margin  -40.1  |td| 0.009  eval vs random win 1.00 (+129.7)  vs greedy win 0.08 (-31.0)  [513s]
  9000 games  eps 0.020  train win 0.20 margin  -20.2  |td| 0.009  eval vs random win 1.00 (+137.4)  vs greedy win 0.20 (-19.7)  [542s]
  9500 games  eps 0.020  train win 0.19 margin  -25.7  |td| 0.009  eval vs random win 1.00 (+140.7)  vs greedy win 0.42 (-7.4)  [570s]
 10000 games  eps 0.020  train win 0.18 margin  -27.4  |td| 0.009  eval vs random win 1.00 (+135.9)  vs greedy win 0.06 (-44.7)  [599s]
 10500 games  eps 0.020  train win 0.04 margin  -54.1  |td| 0.009  eval vs random win 1.00 (+129.4)  vs greedy win 0.13 (-32.8)  [627s]
 11000 games  eps 0.020  train win 0.15 margin  -31.5  |td| 0.010  eval vs random win 1.00 (+130.1)  vs greedy win 0.15 (-36.1)  [655s]
 11500 games  eps 0.020  train win 0.16 margin  -29.4  |td| 0.009  eval vs random win 1.00 (+128.3)  vs greedy win 0.03 (-46.8)  [683s]
 12000 games  eps 0.020  train win 0.15 margin  -32.8  |td| 0.010  eval vs random win 1.00 (+149.2)  vs greedy win 0.48 (-5.2)  [711s]
 12500 games  eps 0.020  train win 0.05 margin  -53.4  |td| 0.009  eval vs random win 1.00 (+145.9)  vs greedy win 0.00 (-69.6)  [738s]
 13000 games  eps 0.020  train win 0.13 margin  -33.0  |td| 0.010  eval vs random win 1.00 (+139.7)  vs greedy win 0.13 (-31.5)  [766s]
 13500 games  eps 0.020  train win 0.08 margin  -39.5  |td| 0.010  eval vs random win 1.00 (+146.0)  vs greedy win 0.15 (-29.6)  [794s]
 14000 games  eps 0.020  train win 0.04 margin  -58.1  |td| 0.010  eval vs random win 1.00 (+138.3)  vs greedy win 0.01 (-67.0)  [822s]
 14500 games  eps 0.020  train win 0.15 margin  -38.6  |td| 0.011  eval vs random win 1.00 (+140.6)  vs greedy win 0.36 (-14.5)  [850s]
 15000 games  eps 0.020  train win 0.04 margin  -59.3  |td| 0.010  eval vs random win 1.00 (+128.3)  vs greedy win 0.00 (-73.9)  [878s]
 15500 games  eps 0.020  train win 0.01 margin  -57.4  |td| 0.011  eval vs random win 0.99 (+137.5)  vs greedy win 0.02 (-54.6)  [905s]
 16000 games  eps 0.020  train win 0.03 margin  -54.4  |td| 0.010  eval vs random win 1.00 (+126.9)  vs greedy win 0.06 (-52.5)  [933s]
 16500 games  eps 0.020  train win 0.05 margin  -51.7  |td| 0.011  eval vs random win 1.00 (+119.2)  vs greedy win 0.00 (-70.3)  [961s]
 17000 games  eps 0.020  train win 0.05 margin  -48.3  |td| 0.011  eval vs random win 1.00 (+141.4)  vs greedy win 0.05 (-54.2)  [988s]
 17500 games  eps 0.020  train win 0.02 margin  -60.0  |td| 0.010  eval vs random win 1.00 (+130.6)  vs greedy win 0.04 (-52.8)  [1017s]
 18000 games  eps 0.020  train win 0.03 margin  -47.7  |td| 0.010  eval vs random win 1.00 (+128.7)  vs greedy win 0.04 (-49.8)  [1045s]
 18500 games  eps 0.020  train win 0.02 margin  -57.1  |td| 0.010  eval vs random win 1.00 (+141.8)  vs greedy win 0.02 (-61.5)  [1073s]
 19000 games  eps 0.020  train win 0.04 margin  -45.7  |td| 0.010  eval vs random win 0.99 (+128.0)  vs greedy win 0.01 (-55.0)  [1101s]
 19500 games  eps 0.020  train win 0.01 margin  -65.7  |td| 0.008  eval vs random win 1.00 (+130.2)  vs greedy win 0.02 (-58.5)  [1128s]
 20000 games  eps 0.020  train win 0.13 margin  -27.2  |td| 0.009  eval vs random win 1.00 (+174.7)  vs greedy win 0.12 (-25.5)  [1158s]
 20500 games  eps 0.020  train win 0.13 margin  -25.2  |td| 0.008  eval vs random win 1.00 (+149.4)  vs greedy win 0.10 (-35.5)  [1188s]
 21000 games  eps 0.020  train win 0.08 margin  -35.4  |td| 0.008  eval vs random win 1.00 (+137.6)  vs greedy win 0.05 (-41.8)  [1216s]
 21500 games  eps 0.020  train win 0.06 margin  -40.1  |td| 0.009  eval vs random win 1.00 (+148.7)  vs greedy win 0.15 (-28.7)  [1244s]
 22000 games  eps 0.020  train win 0.06 margin  -53.3  |td| 0.008  eval vs random win 1.00 (+131.3)  vs greedy win 0.00 (-69.8)  [1272s]
 22500 games  eps 0.020  train win 0.06 margin  -43.3  |td| 0.009  eval vs random win 1.00 (+124.9)  vs greedy win 0.00 (-57.5)  [1300s]
 23000 games  eps 0.020  train win 0.08 margin  -39.3  |td| 0.009  eval vs random win 1.00 (+159.4)  vs greedy win 0.09 (-34.0)  [1329s]
 23500 games  eps 0.020  train win 0.04 margin  -49.5  |td| 0.009  eval vs random win 1.00 (+135.1)  vs greedy win 0.05 (-42.8)  [1358s]
 24000 games  eps 0.020  train win 0.05 margin  -41.1  |td| 0.009  eval vs random win 1.00 (+158.2)  vs greedy win 0.11 (-29.9)  [1387s]
 24500 games  eps 0.020  train win 0.03 margin  -47.1  |td| 0.009  eval vs random win 1.00 (+141.6)  vs greedy win 0.10 (-34.0)  [1415s]
 25000 games  eps 0.020  train win 0.14 margin  -25.4  |td| 0.008  eval vs random win 1.00 (+157.5)  vs greedy win 0.13 (-29.1)  [1446s]
 25500 games  eps 0.020  train win 0.24 margin  -17.5  |td| 0.008  eval vs random win 1.00 (+163.9)  vs greedy win 0.13 (-21.0)  [1476s]
 26000 games  eps 0.020  train win 0.11 margin  -30.3  |td| 0.008  eval vs random win 1.00 (+154.7)  vs greedy win 0.12 (-32.0)  [1506s]
 26500 games  eps 0.020  train win 0.04 margin  -58.7  |td| 0.009  eval vs random win 1.00 (+154.4)  vs greedy win 0.12 (-29.9)  [1535s]
 27000 games  eps 0.020  train win 0.07 margin  -47.4  |td| 0.009  eval vs random win 1.00 (+126.5)  vs greedy win 0.02 (-62.4)  [1564s]
 27500 games  eps 0.020  train win 0.08 margin  -32.8  |td| 0.009  eval vs random win 1.00 (+152.3)  vs greedy win 0.02 (-37.6)  [1592s]
 28000 games  eps 0.020  train win 0.12 margin  -27.8  |td| 0.009  eval vs random win 1.00 (+155.4)  vs greedy win 0.08 (-32.0)  [1622s]
 28500 games  eps 0.020  train win 0.09 margin  -31.5  |td| 0.008  eval vs random win 1.00 (+157.3)  vs greedy win 0.10 (-33.9)  [1650s]
 29000 games  eps 0.020  train win 0.02 margin  -64.7  |td| 0.008  eval vs random win 1.00 (+137.4)  vs greedy win 0.00 (-78.5)  [1677s]
 29500 games  eps 0.020  train win 0.05 margin  -42.9  |td| 0.009  eval vs random win 1.00 (+140.6)  vs greedy win 0.01 (-56.3)  [1706s]
 30000 games  eps 0.020  train win 0.12 margin  -40.3  |td| 0.009  eval vs random win 1.00 (+167.9)  vs greedy win 0.08 (-26.6)  [1733s]
saved runs\linear\pass6\p6h_sarsa_self_s1.json  (ttr-dash runs\linear\pass6\p6h_sarsa_self_s1.json to analyze)
