training sarsa vs self: 30000 games, alpha 0.05, epsilon 0.2 -> 0.02, reward margin; average 100
(best checkpoint kept by margin vs greedy; play it as linear:runs\linear\pass6\p6h_sarsa_self_s2.json@best)
live: runs\linear\pass6\p6h_sarsa_self_s2.json rewritten every 500 games (watch with ttr-dash --live runs\linear\pass6\p6h_sarsa_self_s2.json)
   500 games  eps 0.110  train win 0.00 margin -102.6  |td| 0.016  eval vs random win 0.97 (+121.1)  vs greedy win 0.00 (-92.1)  [19s]
  1000 games  eps 0.020  train win 0.40 margin  -21.7  |td| 0.017  eval vs random win 0.99 (+129.7)  vs greedy win 0.01 (-80.8)  [45s]
  1500 games  eps 0.020  train win 0.46 margin   -7.0  |td| 0.016  eval vs random win 1.00 (+129.5)  vs greedy win 0.22 (-25.8)  [72s]
  2000 games  eps 0.020  train win 0.28 margin  -19.2  |td| 0.018  eval vs random win 1.00 (+133.1)  vs greedy win 0.20 (-28.5)  [104s]
  2500 games  eps 0.020  train win 0.39 margin   -9.6  |td| 0.016  eval vs random win 1.00 (+143.2)  vs greedy win 0.27 (-20.9)  [138s]
  3000 games  eps 0.020  train win 0.41 margin  -10.3  |td| 0.018  eval vs random win 1.00 (+148.6)  vs greedy win 0.31 (-15.9)  [173s]
  3500 games  eps 0.020  train win 0.50 margin   -1.8  |td| 0.014  eval vs random win 1.00 (+159.4)  vs greedy win 0.37 (-9.6)  [207s]
  4000 games  eps 0.020  train win 0.45 margin   -5.0  |td| 0.011  eval vs random win 1.00 (+159.1)  vs greedy win 0.33 (-11.6)  [240s]
  4500 games  eps 0.020  train win 0.43 margin   -6.6  |td| 0.011  eval vs random win 1.00 (+160.6)  vs greedy win 0.37 (-8.3)  [271s]
  5000 games  eps 0.020  train win 0.36 margin  -10.3  |td| 0.010  eval vs random win 1.00 (+149.5)  vs greedy win 0.43 (-4.5)  [302s]
  5500 games  eps 0.020  train win 0.34 margin   -9.9  |td| 0.009  eval vs random win 1.00 (+139.8)  vs greedy win 0.35 (-8.7)  [332s]
  6000 games  eps 0.020  train win 0.33 margin  -10.0  |td| 0.009  eval vs random win 1.00 (+147.7)  vs greedy win 0.35 (-9.3)  [363s]
  6500 games  eps 0.020  train win 0.32 margin   -9.5  |td| 0.009  eval vs random win 1.00 (+150.3)  vs greedy win 0.38 (-6.6)  [393s]
  7000 games  eps 0.020  train win 0.32 margin  -14.1  |td| 0.009  eval vs random win 1.00 (+150.5)  vs greedy win 0.34 (-10.7)  [422s]
  7500 games  eps 0.020  train win 0.27 margin  -17.5  |td| 0.009  eval vs random win 1.00 (+156.0)  vs greedy win 0.39 (-6.4)  [453s]
  8000 games  eps 0.020  train win 0.09 margin  -33.4  |td| 0.010  eval vs random win 1.00 (+142.7)  vs greedy win 0.15 (-30.8)  [482s]
  8500 games  eps 0.020  train win 0.13 margin  -27.6  |td| 0.010  eval vs random win 1.00 (+136.0)  vs greedy win 0.22 (-25.8)  [512s]
  9000 games  eps 0.020  train win 0.07 margin  -37.5  |td| 0.010  eval vs random win 0.99 (+133.6)  vs greedy win 0.02 (-42.8)  [541s]
  9500 games  eps 0.020  train win 0.06 margin  -39.9  |td| 0.010  eval vs random win 1.00 (+138.9)  vs greedy win 0.06 (-36.7)  [571s]
 10000 games  eps 0.020  train win 0.05 margin  -48.0  |td| 0.010  eval vs random win 0.99 (+123.3)  vs greedy win 0.00 (-73.8)  [598s]
 10500 games  eps 0.020  train win 0.12 margin  -31.9  |td| 0.011  eval vs random win 1.00 (+142.0)  vs greedy win 0.08 (-37.8)  [626s]
 11000 games  eps 0.020  train win 0.09 margin  -36.5  |td| 0.011  eval vs random win 1.00 (+135.3)  vs greedy win 0.10 (-37.6)  [655s]
 11500 games  eps 0.020  train win 0.02 margin  -56.1  |td| 0.010  eval vs random win 1.00 (+130.5)  vs greedy win 0.00 (-66.3)  [682s]
 12000 games  eps 0.020  train win 0.09 margin  -35.3  |td| 0.011  eval vs random win 1.00 (+157.8)  vs greedy win 0.10 (-32.0)  [711s]
 12500 games  eps 0.020  train win 0.06 margin  -45.7  |td| 0.011  eval vs random win 1.00 (+150.5)  vs greedy win 0.03 (-45.3)  [738s]
 13000 games  eps 0.020  train win 0.04 margin  -51.2  |td| 0.010  eval vs random win 1.00 (+159.0)  vs greedy win 0.07 (-36.3)  [766s]
 13500 games  eps 0.020  train win 0.04 margin  -54.4  |td| 0.010  eval vs random win 1.00 (+133.4)  vs greedy win 0.01 (-58.6)  [793s]
 14000 games  eps 0.020  train win 0.05 margin  -34.9  |td| 0.010  eval vs random win 1.00 (+168.0)  vs greedy win 0.06 (-36.7)  [822s]
 14500 games  eps 0.020  train win 0.06 margin  -41.1  |td| 0.010  eval vs random win 1.00 (+162.4)  vs greedy win 0.08 (-34.2)  [851s]
 15000 games  eps 0.020  train win 0.05 margin  -46.6  |td| 0.010  eval vs random win 1.00 (+145.3)  vs greedy win 0.06 (-41.7)  [879s]
 15500 games  eps 0.020  train win 0.04 margin  -42.6  |td| 0.009  eval vs random win 1.00 (+146.0)  vs greedy win 0.10 (-43.0)  [909s]
 16000 games  eps 0.020  train win 0.05 margin  -39.8  |td| 0.009  eval vs random win 1.00 (+151.4)  vs greedy win 0.10 (-38.6)  [938s]
 16500 games  eps 0.020  train win 0.06 margin  -44.4  |td| 0.009  eval vs random win 1.00 (+162.2)  vs greedy win 0.10 (-30.4)  [967s]
 17000 games  eps 0.020  train win 0.10 margin  -35.5  |td| 0.009  eval vs random win 1.00 (+159.3)  vs greedy win 0.08 (-42.4)  [996s]
 17500 games  eps 0.020  train win 0.03 margin  -49.6  |td| 0.009  eval vs random win 1.00 (+150.1)  vs greedy win 0.13 (-24.5)  [1024s]
 18000 games  eps 0.020  train win 0.10 margin  -30.5  |td| 0.009  eval vs random win 1.00 (+153.1)  vs greedy win 0.05 (-34.9)  [1053s]
 18500 games  eps 0.020  train win 0.18 margin  -26.9  |td| 0.009  eval vs random win 1.00 (+152.5)  vs greedy win 0.20 (-19.3)  [1081s]
 19000 games  eps 0.020  train win 0.16 margin  -32.8  |td| 0.009  eval vs random win 1.00 (+124.5)  vs greedy win 0.02 (-57.8)  [1111s]
 19500 games  eps 0.020  train win 0.04 margin  -48.0  |td| 0.010  eval vs random win 1.00 (+163.2)  vs greedy win 0.14 (-28.2)  [1139s]
 20000 games  eps 0.020  train win 0.03 margin  -46.7  |td| 0.009  eval vs random win 1.00 (+151.9)  vs greedy win 0.07 (-35.0)  [1167s]
 20500 games  eps 0.020  train win 0.12 margin  -27.2  |td| 0.009  eval vs random win 1.00 (+150.6)  vs greedy win 0.11 (-35.5)  [1197s]
 21000 games  eps 0.020  train win 0.04 margin  -40.5  |td| 0.009  eval vs random win 1.00 (+152.3)  vs greedy win 0.09 (-30.7)  [1225s]
 21500 games  eps 0.020  train win 0.09 margin  -36.7  |td| 0.009  eval vs random win 0.99 (+135.9)  vs greedy win 0.09 (-42.6)  [1254s]
 22000 games  eps 0.020  train win 0.11 margin  -32.3  |td| 0.009  eval vs random win 1.00 (+147.7)  vs greedy win 0.06 (-28.4)  [1283s]
 22500 games  eps 0.020  train win 0.21 margin  -21.7  |td| 0.008  eval vs random win 1.00 (+162.5)  vs greedy win 0.11 (-23.1)  [1314s]
 23000 games  eps 0.020  train win 0.03 margin  -54.8  |td| 0.010  eval vs random win 1.00 (+150.5)  vs greedy win 0.09 (-39.0)  [1343s]
 23500 games  eps 0.020  train win 0.10 margin  -35.6  |td| 0.009  eval vs random win 1.00 (+145.8)  vs greedy win 0.03 (-47.1)  [1372s]
 24000 games  eps 0.020  train win 0.10 margin  -39.4  |td| 0.010  eval vs random win 1.00 (+150.6)  vs greedy win 0.05 (-34.7)  [1399s]
 24500 games  eps 0.020  train win 0.10 margin  -31.6  |td| 0.009  eval vs random win 1.00 (+174.1)  vs greedy win 0.11 (-26.1)  [1428s]
 25000 games  eps 0.020  train win 0.12 margin  -29.9  |td| 0.009  eval vs random win 1.00 (+160.2)  vs greedy win 0.21 (-23.9)  [1459s]
 25500 games  eps 0.020  train win 0.04 margin  -53.8  |td| 0.010  eval vs random win 1.00 (+158.4)  vs greedy win 0.07 (-28.0)  [1487s]
 26000 games  eps 0.020  train win 0.12 margin  -35.1  |td| 0.009  eval vs random win 1.00 (+140.0)  vs greedy win 0.02 (-49.4)  [1518s]
 26500 games  eps 0.020  train win 0.07 margin  -43.3  |td| 0.010  eval vs random win 1.00 (+160.5)  vs greedy win 0.06 (-26.4)  [1545s]
 27000 games  eps 0.020  train win 0.06 margin  -42.8  |td| 0.009  eval vs random win 1.00 (+155.1)  vs greedy win 0.08 (-33.5)  [1572s]
 27500 games  eps 0.020  train win 0.04 margin  -46.2  |td| 0.009  eval vs random win 1.00 (+164.8)  vs greedy win 0.10 (-34.6)  [1601s]
 28000 games  eps 0.020  train win 0.07 margin  -39.6  |td| 0.009  eval vs random win 1.00 (+143.0)  vs greedy win 0.04 (-48.3)  [1630s]
 28500 games  eps 0.020  train win 0.07 margin  -40.9  |td| 0.010  eval vs random win 1.00 (+152.7)  vs greedy win 0.06 (-39.3)  [1658s]
 29000 games  eps 0.020  train win 0.06 margin  -43.4  |td| 0.009  eval vs random win 1.00 (+150.4)  vs greedy win 0.05 (-36.9)  [1685s]
 29500 games  eps 0.020  train win 0.08 margin  -33.2  |td| 0.009  eval vs random win 1.00 (+153.4)  vs greedy win 0.05 (-38.3)  [1714s]
 30000 games  eps 0.020  train win 0.14 margin  -33.7  |td| 0.009  eval vs random win 1.00 (+140.3)  vs greedy win 0.04 (-47.9)  [1744s]
saved runs\linear\pass6\p6h_sarsa_self_s2.json  (ttr-dash runs\linear\pass6\p6h_sarsa_self_s2.json to analyze)
