training sarsa vs self: 30000 games, alpha 0.05, epsilon 0.2 -> 0.02, reward margin; average 100
(best checkpoint kept by margin vs greedy; play it as linear:runs\linear\pass6\p6h_sarsa_self_s4.json@best)
live: runs\linear\pass6\p6h_sarsa_self_s4.json rewritten every 500 games (watch with ttr-dash --live runs\linear\pass6\p6h_sarsa_self_s4.json)
   500 games  eps 0.110  train win 0.00 margin -104.6  |td| 0.016  eval vs random win 0.98 (+128.3)  vs greedy win 0.00 (-92.5)  [20s]
  1000 games  eps 0.020  train win 0.45 margin  -17.7  |td| 0.016  eval vs random win 1.00 (+124.1)  vs greedy win 0.07 (-55.0)  [47s]
  1500 games  eps 0.020  train win 0.48 margin   -3.2  |td| 0.017  eval vs random win 1.00 (+143.8)  vs greedy win 0.39 (-7.5)  [74s]
  2000 games  eps 0.020  train win 0.27 margin  -19.1  |td| 0.018  eval vs random win 1.00 (+128.4)  vs greedy win 0.33 (-15.3)  [105s]
  2500 games  eps 0.020  train win 0.26 margin  -18.2  |td| 0.016  eval vs random win 1.00 (+140.7)  vs greedy win 0.29 (-18.2)  [136s]
  3000 games  eps 0.020  train win 0.32 margin  -15.5  |td| 0.014  eval vs random win 0.99 (+143.8)  vs greedy win 0.22 (-22.5)  [165s]
  3500 games  eps 0.020  train win 0.39 margin   -9.5  |td| 0.014  eval vs random win 1.00 (+149.6)  vs greedy win 0.37 (-12.0)  [196s]
  4000 games  eps 0.020  train win 0.40 margin   -5.6  |td| 0.013  eval vs random win 1.00 (+147.1)  vs greedy win 0.34 (-11.7)  [225s]
  4500 games  eps 0.020  train win 0.48 margin   -0.7  |td| 0.012  eval vs random win 1.00 (+151.9)  vs greedy win 0.40 (-9.5)  [251s]
  5000 games  eps 0.020  train win 0.46 margin   -3.0  |td| 0.011  eval vs random win 1.00 (+159.0)  vs greedy win 0.37 (-7.8)  [276s]
  5500 games  eps 0.020  train win 0.49 margin   -1.1  |td| 0.010  eval vs random win 1.00 (+143.3)  vs greedy win 0.32 (-13.5)  [300s]
  6000 games  eps 0.020  train win 0.45 margin   -5.0  |td| 0.010  eval vs random win 1.00 (+141.1)  vs greedy win 0.22 (-17.5)  [322s]
  6500 games  eps 0.020  train win 0.51 margin   -2.3  |td| 0.010  eval vs random win 1.00 (+145.8)  vs greedy win 0.36 (-7.2)  [342s]
  7000 games  eps 0.020  train win 0.41 margin   -6.0  |td| 0.009  eval vs random win 1.00 (+157.2)  vs greedy win 0.43 (-6.7)  [361s]
  7500 games  eps 0.020  train win 0.29 margin  -14.1  |td| 0.010  eval vs random win 1.00 (+155.0)  vs greedy win 0.30 (-17.2)  [380s]
  8000 games  eps 0.020  train win 0.19 margin  -31.5  |td| 0.010  eval vs random win 1.00 (+122.3)  vs greedy win 0.00 (-69.2)  [399s]
  8500 games  eps 0.020  train win 0.09 margin  -39.6  |td| 0.011  eval vs random win 1.00 (+140.4)  vs greedy win 0.13 (-28.5)  [418s]
  9000 games  eps 0.020  train win 0.06 margin  -36.7  |td| 0.010  eval vs random win 1.00 (+145.2)  vs greedy win 0.04 (-43.7)  [436s]
  9500 games  eps 0.020  train win 0.05 margin  -40.8  |td| 0.010  eval vs random win 1.00 (+134.0)  vs greedy win 0.05 (-46.3)  [454s]
 10000 games  eps 0.020  train win 0.06 margin  -39.0  |td| 0.010  eval vs random win 1.00 (+137.3)  vs greedy win 0.02 (-49.4)  [472s]
 10500 games  eps 0.020  train win 0.03 margin  -44.9  |td| 0.010  eval vs random win 1.00 (+133.0)  vs greedy win 0.07 (-41.9)  [490s]
 11000 games  eps 0.020  train win 0.07 margin  -40.4  |td| 0.010  eval vs random win 1.00 (+133.0)  vs greedy win 0.03 (-39.8)  [508s]
 11500 games  eps 0.020  train win 0.13 margin  -26.6  |td| 0.010  eval vs random win 1.00 (+159.0)  vs greedy win 0.08 (-35.2)  [527s]
 12000 games  eps 0.020  train win 0.09 margin  -36.1  |td| 0.010  eval vs random win 1.00 (+146.7)  vs greedy win 0.09 (-39.1)  [545s]
 12500 games  eps 0.020  train win 0.05 margin  -46.8  |td| 0.010  eval vs random win 1.00 (+143.2)  vs greedy win 0.07 (-41.5)  [564s]
 13000 games  eps 0.020  train win 0.03 margin  -49.4  |td| 0.010  eval vs random win 1.00 (+139.4)  vs greedy win 0.01 (-55.5)  [582s]
 13500 games  eps 0.020  train win 0.06 margin  -46.4  |td| 0.010  eval vs random win 1.00 (+147.8)  vs greedy win 0.06 (-41.1)  [601s]
 14000 games  eps 0.020  train win 0.10 margin  -32.7  |td| 0.010  eval vs random win 1.00 (+160.7)  vs greedy win 0.06 (-36.6)  [620s]
 14500 games  eps 0.020  train win 0.07 margin  -44.4  |td| 0.010  eval vs random win 1.00 (+140.2)  vs greedy win 0.04 (-56.4)  [638s]
 15000 games  eps 0.020  train win 0.06 margin  -37.6  |td| 0.010  eval vs random win 1.00 (+148.2)  vs greedy win 0.03 (-42.2)  [656s]
 15500 games  eps 0.020  train win 0.11 margin  -31.8  |td| 0.009  eval vs random win 1.00 (+162.0)  vs greedy win 0.06 (-37.1)  [675s]
 16000 games  eps 0.020  train win 0.09 margin  -33.5  |td| 0.009  eval vs random win 1.00 (+168.4)  vs greedy win 0.11 (-31.4)  [694s]
 16500 games  eps 0.020  train win 0.06 margin  -41.8  |td| 0.009  eval vs random win 1.00 (+143.7)  vs greedy win 0.11 (-43.6)  [729s]
 17000 games  eps 0.020  train win 0.07 margin  -43.1  |td| 0.010  eval vs random win 1.00 (+163.2)  vs greedy win 0.08 (-34.0)  [765s]
 17500 games  eps 0.020  train win 0.07 margin  -39.2  |td| 0.010  eval vs random win 1.00 (+155.5)  vs greedy win 0.07 (-35.4)  [802s]
 18000 games  eps 0.020  train win 0.10 margin  -31.0  |td| 0.009  eval vs random win 1.00 (+148.2)  vs greedy win 0.04 (-36.8)  [839s]
 18500 games  eps 0.020  train win 0.08 margin  -38.9  |td| 0.009  eval vs random win 1.00 (+149.4)  vs greedy win 0.11 (-35.8)  [876s]
 19000 games  eps 0.020  train win 0.14 margin  -25.4  |td| 0.008  eval vs random win 1.00 (+150.3)  vs greedy win 0.10 (-31.8)  [913s]
 19500 games  eps 0.020  train win 0.09 margin  -36.2  |td| 0.009  eval vs random win 1.00 (+157.7)  vs greedy win 0.05 (-33.2)  [949s]
 20000 games  eps 0.020  train win 0.13 margin  -28.7  |td| 0.008  eval vs random win 1.00 (+156.9)  vs greedy win 0.09 (-32.5)  [986s]
 20500 games  eps 0.020  train win 0.10 margin  -35.1  |td| 0.009  eval vs random win 1.00 (+158.1)  vs greedy win 0.06 (-35.0)  [1022s]
 21000 games  eps 0.020  train win 0.14 margin  -27.1  |td| 0.008  eval vs random win 1.00 (+154.5)  vs greedy win 0.11 (-28.5)  [1059s]
 21500 games  eps 0.020  train win 0.17 margin  -23.1  |td| 0.008  eval vs random win 1.00 (+164.3)  vs greedy win 0.10 (-29.2)  [1090s]
 22000 games  eps 0.020  train win 0.05 margin  -48.4  |td| 0.010  eval vs random win 1.00 (+157.9)  vs greedy win 0.13 (-24.1)  [1114s]
 22500 games  eps 0.020  train win 0.14 margin  -35.8  |td| 0.010  eval vs random win 1.00 (+139.4)  vs greedy win 0.13 (-27.1)  [1136s]
 23000 games  eps 0.020  train win 0.11 margin  -38.3  |td| 0.010  eval vs random win 1.00 (+125.9)  vs greedy win 0.02 (-50.0)  [1157s]
 23500 games  eps 0.020  train win 0.09 margin  -35.8  |td| 0.010  eval vs random win 1.00 (+152.7)  vs greedy win 0.09 (-32.5)  [1195s]
 24000 games  eps 0.020  train win 0.14 margin  -27.7  |td| 0.009  eval vs random win 1.00 (+154.7)  vs greedy win 0.05 (-32.8)  [1233s]
 24500 games  eps 0.020  train win 0.12 margin  -29.6  |td| 0.009  eval vs random win 1.00 (+168.7)  vs greedy win 0.09 (-27.8)  [1273s]
 25000 games  eps 0.020  train win 0.09 margin  -36.0  |td| 0.009  eval vs random win 1.00 (+153.0)  vs greedy win 0.07 (-33.5)  [1310s]
 25500 games  eps 0.020  train win 0.12 margin  -29.2  |td| 0.009  eval vs random win 1.00 (+158.2)  vs greedy win 0.08 (-30.3)  [1348s]
 26000 games  eps 0.020  train win 0.08 margin  -42.5  |td| 0.009  eval vs random win 1.00 (+136.8)  vs greedy win 0.00 (-73.9)  [1390s]
 26500 games  eps 0.020  train win 0.11 margin  -30.4  |td| 0.010  eval vs random win 1.00 (+161.9)  vs greedy win 0.06 (-29.4)  [1427s]
 27000 games  eps 0.020  train win 0.08 margin  -43.3  |td| 0.010  eval vs random win 1.00 (+158.9)  vs greedy win 0.04 (-33.4)  [1476s]
 27500 games  eps 0.020  train win 0.09 margin  -42.4  |td| 0.009  eval vs random win 1.00 (+170.0)  vs greedy win 0.13 (-25.7)  [1513s]
 28000 games  eps 0.020  train win 0.06 margin  -41.6  |td| 0.009  eval vs random win 1.00 (+136.7)  vs greedy win 0.04 (-49.7)  [1549s]
 28500 games  eps 0.020  train win 0.05 margin  -45.9  |td| 0.009  eval vs random win 1.00 (+153.0)  vs greedy win 0.01 (-64.0)  [1578s]
 29000 games  eps 0.020  train win 0.06 margin  -39.5  |td| 0.009  eval vs random win 1.00 (+154.4)  vs greedy win 0.06 (-41.2)  [1606s]
 29500 games  eps 0.020  train win 0.10 margin  -32.2  |td| 0.009  eval vs random win 1.00 (+154.8)  vs greedy win 0.08 (-35.0)  [1635s]
 30000 games  eps 0.020  train win 0.12 margin  -29.3  |td| 0.009  eval vs random win 1.00 (+161.9)  vs greedy win 0.05 (-30.3)  [1662s]
saved runs\linear\pass6\p6h_sarsa_self_s4.json  (ttr-dash runs\linear\pass6\p6h_sarsa_self_s4.json to analyze)
