started 2026-09-27T02:45:21
start 2026-09-27T02:45:21  p6a_q_random_decay_s0
start 2026-09-27T02:45:21  p6b_sarsa_random_decay_s0
start 2026-09-27T02:45:21  p6c_q_greedy_decay_s0
start 2026-09-27T02:45:21  p6d_sarsa_greedy_decay_s0
start 2026-09-27T02:45:21  p6e_q_self_decay_s0
start 2026-09-27T02:45:21  p6f_sarsa_self_decay_s0
start 2026-09-27T02:45:21  p6g_sarsa_greedy_s0
start 2026-09-27T02:45:21  p6h_sarsa_self_s0
start 2026-09-27T02:45:21  p6a_q_random_decay_s1
start 2026-09-27T02:45:21  p6b_sarsa_random_decay_s1
start 2026-09-27T02:45:21  p6c_q_greedy_decay_s1
start 2026-09-27T02:45:21  p6d_sarsa_greedy_decay_s1
start 2026-09-27T03:12:53  p6e_q_self_decay_s1
start 2026-09-27T03:13:13  p6f_sarsa_self_decay_s1
start 2026-09-27T03:13:13  p6g_sarsa_greedy_s1
start 2026-09-27T03:13:33  p6h_sarsa_self_s1
start 2026-09-27T03:13:43  p6a_q_random_decay_s2
start 2026-09-27T03:14:03  p6b_sarsa_random_decay_s2
start 2026-09-27T03:14:03  p6c_q_greedy_decay_s2
start 2026-09-27T03:14:23  p6d_sarsa_greedy_decay_s2
start 2026-09-27T03:14:33  p6e_q_self_decay_s2
start 2026-09-27T03:15:33  p6f_sarsa_self_decay_s2
start 2026-09-27T03:15:43  p6g_sarsa_greedy_s2
start 2026-09-27T03:16:33  p6h_sarsa_self_s2
start 2026-09-27T03:36:54  p6a_q_random_decay_s3
start 2026-09-27T03:39:54  p6b_sarsa_random_decay_s3
start 2026-09-27T03:40:24  p6c_q_greedy_decay_s3
start 2026-09-27T03:40:44  p6d_sarsa_greedy_decay_s3
start 2026-09-27T03:40:54  p6e_q_self_decay_s3
start 2026-09-27T03:42:14  p6f_sarsa_self_decay_s3
start 2026-09-27T03:42:45  p6g_sarsa_greedy_s3
start 2026-09-27T03:42:45  p6h_sarsa_self_s3
start 2026-09-27T03:43:35  p6a_q_random_decay_s4
start 2026-09-27T03:44:35  p6b_sarsa_random_decay_s4
start 2026-09-27T03:45:35  p6c_q_greedy_decay_s4
start 2026-09-27T03:45:55  p6d_sarsa_greedy_decay_s4
start 2026-09-27T04:03:46  p6e_q_self_decay_s4
start 2026-09-27T04:04:46  p6f_sarsa_self_decay_s4
start 2026-09-27T04:07:16  p6g_sarsa_greedy_s4
start 2026-09-27T04:07:16  p6h_sarsa_self_s4
exit 0  p6a_q_random_decay_s0
exit 0  p6b_sarsa_random_decay_s0
exit 0  p6c_q_greedy_decay_s0
exit 0  p6d_sarsa_greedy_decay_s0
exit 0  p6e_q_self_decay_s0
exit 0  p6f_sarsa_self_decay_s0
exit 0  p6g_sarsa_greedy_s0
exit 0  p6h_sarsa_self_s0
exit 0  p6a_q_random_decay_s1
exit 0  p6b_sarsa_random_decay_s1
exit 0  p6c_q_greedy_decay_s1
exit 0  p6d_sarsa_greedy_decay_s1
exit 0  p6e_q_self_decay_s1
exit 0  p6f_sarsa_self_decay_s1
exit 0  p6g_sarsa_greedy_s1
exit 0  p6h_sarsa_self_s1
exit 0  p6a_q_random_decay_s2
exit 0  p6b_sarsa_random_decay_s2
exit 0  p6c_q_greedy_decay_s2
exit 0  p6d_sarsa_greedy_decay_s2
exit 0  p6e_q_self_decay_s2
exit 0  p6f_sarsa_self_decay_s2
exit 0  p6g_sarsa_greedy_s2
exit 0  p6h_sarsa_self_s2
exit 0  p6a_q_random_decay_s3
exit 0  p6b_sarsa_random_decay_s3
exit 0  p6c_q_greedy_decay_s3
exit 0  p6d_sarsa_greedy_decay_s3
exit 0  p6e_q_self_decay_s3
exit 0  p6f_sarsa_self_decay_s3
exit 0  p6g_sarsa_greedy_s3
exit 0  p6h_sarsa_self_s3
exit 0  p6a_q_random_decay_s4
exit 0  p6b_sarsa_random_decay_s4
exit 0  p6c_q_greedy_decay_s4
exit 0  p6d_sarsa_greedy_decay_s4
exit 0  p6e_q_self_decay_s4
exit 0  p6f_sarsa_self_decay_s4
exit 0  p6g_sarsa_greedy_s4
exit 0  p6h_sarsa_self_s4
finished 2026-09-27T04:35:17
