training q vs random: 30000 games, alpha 0.2, epsilon 0.2 -> 0.02, reward margin; lam 0.98, average 100
(best checkpoint kept by margin vs greedy; play it as linear:runs\linear\pass7\p7a_q_lam98_random_s3.json@best)
live: runs\linear\pass7\p7a_q_lam98_random_s3.json rewritten every 500 games (watch with ttr-dash --live runs\linear\pass7\p7a_q_lam98_random_s3.json)
   500 games  eps 0.110  train win 0.94 margin  +95.1  |td| 0.031  eval vs random win 1.00 (+114.7)  vs greedy win 0.04 (-47.4)  [23s]
  1000 games  eps 0.020  train win 0.85 margin  +63.1  |td| 0.040  eval vs random win 0.86 (+61.7)  vs greedy win 0.00 (-139.8)  [61s]
  1500 games  eps 0.020  train win 1.00 margin +132.8  |td| 0.035  eval vs random win 1.00 (+142.2)  vs greedy win 0.18 (-25.9)  [95s]
  2000 games  eps 0.020  train win 1.00 margin +140.6  |td| 0.024  eval vs random win 1.00 (+135.2)  vs greedy win 0.22 (-22.9)  [126s]
  2500 games  eps 0.020  train win 1.00 margin +138.3  |td| 0.023  eval vs random win 1.00 (+143.9)  vs greedy win 0.21 (-19.6)  [154s]
  3000 games  eps 0.020  train win 1.00 margin +144.4  |td| 0.024  eval vs random win 1.00 (+137.1)  vs greedy win 0.40 (-5.2)  [182s]
  3500 games  eps 0.020  train win 1.00 margin +130.6  |td| 0.023  eval vs random win 1.00 (+126.1)  vs greedy win 0.21 (-23.0)  [209s]
  4000 games  eps 0.020  train win 1.00 margin +129.8  |td| 0.026  eval vs random win 1.00 (+126.6)  vs greedy win 0.20 (-22.7)  [236s]
  4500 games  eps 0.020  train win 1.00 margin +133.5  |td| 0.034  eval vs random win 1.00 (+134.3)  vs greedy win 0.36 (-8.0)  [264s]
  5000 games  eps 0.020  train win 1.00 margin +135.9  |td| 0.045  eval vs random win 1.00 (+137.1)  vs greedy win 0.57 (+4.4)  [292s]
  5500 games  eps 0.020  train win 1.00 margin +128.8  |td| 0.036  eval vs random win 1.00 (+123.0)  vs greedy win 0.29 (-13.6)  [317s]
  6000 games  eps 0.020  train win 1.00 margin +124.2  |td| 0.038  eval vs random win 1.00 (+128.2)  vs greedy win 0.28 (-14.9)  [340s]
  6500 games  eps 0.020  train win 1.00 margin +116.3  |td| 0.034  eval vs random win 1.00 (+120.4)  vs greedy win 0.11 (-32.8)  [364s]
  7000 games  eps 0.020  train win 1.00 margin +114.3  |td| 0.036  eval vs random win 1.00 (+113.6)  vs greedy win 0.13 (-37.0)  [387s]
  7500 games  eps 0.020  train win 1.00 margin +116.1  |td| 0.041  eval vs random win 1.00 (+106.3)  vs greedy win 0.10 (-32.1)  [412s]
  8000 games  eps 0.020  train win 1.00 margin +120.1  |td| 0.037  eval vs random win 1.00 (+115.5)  vs greedy win 0.07 (-37.5)  [435s]
  8500 games  eps 0.020  train win 1.00 margin +132.9  |td| 0.036  eval vs random win 1.00 (+139.0)  vs greedy win 0.20 (-19.3)  [459s]
  9000 games  eps 0.020  train win 1.00 margin +130.0  |td| 0.034  eval vs random win 1.00 (+127.8)  vs greedy win 0.20 (-24.4)  [479s]
  9500 games  eps 0.020  train win 1.00 margin +140.0  |td| 0.034  eval vs random win 1.00 (+143.5)  vs greedy win 0.30 (-15.3)  [497s]
 10000 games  eps 0.020  train win 1.00 margin +141.3  |td| 0.035  eval vs random win 1.00 (+154.2)  vs greedy win 0.44 (-8.0)  [515s]
 10500 games  eps 0.020  train win 1.00 margin +145.6  |td| 0.040  eval vs random win 1.00 (+152.0)  vs greedy win 0.43 (-3.8)  [535s]
 11000 games  eps 0.020  train win 1.00 margin +143.7  |td| 0.037  eval vs random win 1.00 (+145.4)  vs greedy win 0.40 (-8.0)  [553s]
 11500 games  eps 0.020  train win 1.00 margin +149.6  |td| 0.038  eval vs random win 1.00 (+157.3)  vs greedy win 0.38 (-4.0)  [571s]
 12000 games  eps 0.020  train win 1.00 margin +153.0  |td| 0.037  eval vs random win 1.00 (+147.6)  vs greedy win 0.42 (-3.8)  [590s]
 12500 games  eps 0.020  train win 1.00 margin +149.4  |td| 0.038  eval vs random win 1.00 (+150.0)  vs greedy win 0.37 (-10.0)  [608s]
 13000 games  eps 0.020  train win 1.00 margin +147.6  |td| 0.040  eval vs random win 1.00 (+149.7)  vs greedy win 0.44 (-3.4)  [624s]
 13500 games  eps 0.020  train win 1.00 margin +157.9  |td| 0.037  eval vs random win 1.00 (+155.8)  vs greedy win 0.41 (-9.7)  [641s]
 14000 games  eps 0.020  train win 1.00 margin +150.7  |td| 0.035  eval vs random win 1.00 (+159.9)  vs greedy win 0.34 (-11.9)  [659s]
 14500 games  eps 0.020  train win 1.00 margin +157.8  |td| 0.038  eval vs random win 1.00 (+148.4)  vs greedy win 0.32 (-13.5)  [676s]
 15000 games  eps 0.020  train win 1.00 margin +152.8  |td| 0.041  eval vs random win 1.00 (+159.4)  vs greedy win 0.49 (-1.2)  [693s]
 15500 games  eps 0.020  train win 1.00 margin +152.9  |td| 0.041  eval vs random win 1.00 (+166.4)  vs greedy win 0.46 (-3.2)  [711s]
 16000 games  eps 0.020  train win 1.00 margin +148.3  |td| 0.042  eval vs random win 1.00 (+140.6)  vs greedy win 0.34 (-9.3)  [729s]
 16500 games  eps 0.020  train win 1.00 margin +156.5  |td| 0.046  eval vs random win 1.00 (+155.8)  vs greedy win 0.53 (+1.1)  [746s]
 17000 games  eps 0.020  train win 1.00 margin +151.6  |td| 0.048  eval vs random win 1.00 (+158.2)  vs greedy win 0.50 (+2.8)  [765s]
 17500 games  eps 0.020  train win 1.00 margin +146.5  |td| 0.048  eval vs random win 1.00 (+147.2)  vs greedy win 0.58 (+4.0)  [785s]
 18000 games  eps 0.020  train win 1.00 margin +156.3  |td| 0.046  eval vs random win 1.00 (+150.9)  vs greedy win 0.54 (+4.4)  [802s]
 18500 games  eps 0.020  train win 1.00 margin +146.8  |td| 0.045  eval vs random win 1.00 (+159.4)  vs greedy win 0.45 (+1.4)  [820s]
 19000 games  eps 0.020  train win 1.00 margin +153.3  |td| 0.048  eval vs random win 1.00 (+158.3)  vs greedy win 0.51 (+0.8)  [838s]
 19500 games  eps 0.020  train win 1.00 margin +146.5  |td| 0.053  eval vs random win 1.00 (+152.1)  vs greedy win 0.38 (-9.9)  [855s]
 20000 games  eps 0.020  train win 1.00 margin +132.9  |td| 0.054  eval vs random win 1.00 (+154.0)  vs greedy win 0.33 (-10.6)  [872s]
 20500 games  eps 0.020  train win 1.00 margin +145.6  |td| 0.054  eval vs random win 1.00 (+154.9)  vs greedy win 0.43 (-5.8)  [889s]
 21000 games  eps 0.020  train win 1.00 margin +138.4  |td| 0.051  eval vs random win 1.00 (+148.5)  vs greedy win 0.38 (-7.8)  [906s]
 21500 games  eps 0.020  train win 1.00 margin +154.3  |td| 0.047  eval vs random win 1.00 (+157.7)  vs greedy win 0.40 (-5.1)  [924s]
 22000 games  eps 0.020  train win 1.00 margin +136.8  |td| 0.047  eval vs random win 1.00 (+128.2)  vs greedy win 0.19 (-25.4)  [942s]
 22500 games  eps 0.020  train win 1.00 margin +147.4  |td| 0.050  eval vs random win 1.00 (+148.9)  vs greedy win 0.46 (-6.5)  [960s]
 23000 games  eps 0.020  train win 1.00 margin +153.6  |td| 0.046  eval vs random win 1.00 (+156.3)  vs greedy win 0.38 (-9.8)  [978s]
 23500 games  eps 0.020  train win 1.00 margin +144.1  |td| 0.046  eval vs random win 1.00 (+143.6)  vs greedy win 0.34 (-8.2)  [996s]
 24000 games  eps 0.020  train win 1.00 margin +152.5  |td| 0.048  eval vs random win 1.00 (+156.9)  vs greedy win 0.45 (-4.6)  [1014s]
 24500 games  eps 0.020  train win 0.99 margin +148.2  |td| 0.048  eval vs random win 1.00 (+148.1)  vs greedy win 0.48 (-3.4)  [1032s]
 25000 games  eps 0.020  train win 1.00 margin +142.2  |td| 0.050  eval vs random win 1.00 (+143.7)  vs greedy win 0.41 (-8.0)  [1051s]
 25500 games  eps 0.020  train win 1.00 margin +140.5  |td| 0.054  eval vs random win 1.00 (+140.4)  vs greedy win 0.35 (-11.7)  [1070s]
 26000 games  eps 0.020  train win 1.00 margin +138.4  |td| 0.056  eval vs random win 1.00 (+151.3)  vs greedy win 0.31 (-15.2)  [1090s]
 26500 games  eps 0.020  train win 1.00 margin +129.1  |td| 0.052  eval vs random win 1.00 (+125.8)  vs greedy win 0.15 (-27.3)  [1108s]
 27000 games  eps 0.020  train win 0.99 margin +144.0  |td| 0.051  eval vs random win 1.00 (+148.0)  vs greedy win 0.44 (-9.1)  [1127s]
 27500 games  eps 0.020  train win 1.00 margin +138.1  |td| 0.047  eval vs random win 1.00 (+143.2)  vs greedy win 0.45 (-5.2)  [1146s]
 28000 games  eps 0.020  train win 0.99 margin +136.8  |td| 0.045  eval vs random win 1.00 (+137.8)  vs greedy win 0.54 (+0.4)  [1166s]
 28500 games  eps 0.020  train win 1.00 margin +137.5  |td| 0.048  eval vs random win 1.00 (+147.4)  vs greedy win 0.36 (-11.5)  [1187s]
 29000 games  eps 0.020  train win 1.00 margin +142.0  |td| 0.052  eval vs random win 1.00 (+138.8)  vs greedy win 0.37 (-8.9)  [1208s]
 29500 games  eps 0.020  train win 1.00 margin +140.8  |td| 0.052  eval vs random win 1.00 (+149.3)  vs greedy win 0.41 (-4.4)  [1229s]
 30000 games  eps 0.020  train win 1.00 margin +143.2  |td| 0.053  eval vs random win 1.00 (+141.0)  vs greedy win 0.44 (-0.9)  [1249s]
saved runs\linear\pass7\p7a_q_lam98_random_s3.json  (ttr-dash runs\linear\pass7\p7a_q_lam98_random_s3.json to analyze)
