training q vs random: 30000 games, alpha 0.2, epsilon 0.2 -> 0.02, reward margin; lam 0.98, average 100
(best checkpoint kept by margin vs greedy; play it as linear:runs\linear\pass7\p7a_q_lam98_random_s1.json@best)
live: runs\linear\pass7\p7a_q_lam98_random_s1.json rewritten every 500 games (watch with ttr-dash --live runs\linear\pass7\p7a_q_lam98_random_s1.json)
   500 games  eps 0.110  train win 0.71 margin  +28.9  |td| 0.050  eval vs random win 1.00 (+119.6)  vs greedy win 0.00 (-64.3)  [45s]
  1000 games  eps 0.020  train win 0.99 margin +111.7  |td| 0.027  eval vs random win 1.00 (+134.5)  vs greedy win 0.05 (-43.2)  [94s]
  1500 games  eps 0.020  train win 1.00 margin +119.6  |td| 0.029  eval vs random win 1.00 (+115.0)  vs greedy win 0.01 (-60.4)  [136s]
  2000 games  eps 0.020  train win 1.00 margin +119.3  |td| 0.033  eval vs random win 1.00 (+115.0)  vs greedy win 0.00 (-72.9)  [168s]
  2500 games  eps 0.020  train win 1.00 margin +117.1  |td| 0.040  eval vs random win 1.00 (+127.0)  vs greedy win 0.01 (-70.7)  [201s]
  3000 games  eps 0.020  train win 0.99 margin +116.2  |td| 0.029  eval vs random win 1.00 (+111.8)  vs greedy win 0.00 (-69.8)  [232s]
  3500 games  eps 0.020  train win 0.99 margin +116.3  |td| 0.033  eval vs random win 1.00 (+113.6)  vs greedy win 0.00 (-71.8)  [264s]
  4000 games  eps 0.020  train win 1.00 margin +118.2  |td| 0.029  eval vs random win 1.00 (+122.2)  vs greedy win 0.01 (-73.5)  [296s]
  4500 games  eps 0.020  train win 1.00 margin +118.9  |td| 0.027  eval vs random win 0.99 (+122.0)  vs greedy win 0.01 (-68.6)  [327s]
  5000 games  eps 0.020  train win 1.00 margin +126.6  |td| 0.031  eval vs random win 0.99 (+120.2)  vs greedy win 0.01 (-68.6)  [356s]
  5500 games  eps 0.020  train win 1.00 margin +123.3  |td| 0.034  eval vs random win 0.99 (+125.6)  vs greedy win 0.00 (-69.3)  [384s]
  6000 games  eps 0.020  train win 0.99 margin +122.6  |td| 0.034  eval vs random win 1.00 (+129.0)  vs greedy win 0.00 (-74.3)  [410s]
  6500 games  eps 0.020  train win 1.00 margin +125.7  |td| 0.034  eval vs random win 1.00 (+127.9)  vs greedy win 0.02 (-63.4)  [434s]
  7000 games  eps 0.020  train win 0.99 margin +121.2  |td| 0.034  eval vs random win 1.00 (+128.6)  vs greedy win 0.00 (-69.6)  [458s]
  7500 games  eps 0.020  train win 0.99 margin +127.1  |td| 0.054  eval vs random win 1.00 (+132.6)  vs greedy win 0.25 (-13.2)  [486s]
  8000 games  eps 0.020  train win 0.99 margin +124.9  |td| 0.046  eval vs random win 1.00 (+122.3)  vs greedy win 0.01 (-69.1)  [513s]
  8500 games  eps 0.020  train win 1.00 margin +144.0  |td| 0.043  eval vs random win 1.00 (+146.7)  vs greedy win 0.23 (-16.0)  [538s]
  9000 games  eps 0.020  train win 1.00 margin +140.6  |td| 0.041  eval vs random win 1.00 (+144.2)  vs greedy win 0.46 (+0.0)  [563s]
  9500 games  eps 0.020  train win 1.00 margin +146.7  |td| 0.041  eval vs random win 1.00 (+139.4)  vs greedy win 0.57 (+2.9)  [589s]
 10000 games  eps 0.020  train win 1.00 margin +141.3  |td| 0.040  eval vs random win 1.00 (+152.5)  vs greedy win 0.57 (+1.9)  [619s]
 10500 games  eps 0.020  train win 1.00 margin +151.2  |td| 0.038  eval vs random win 1.00 (+154.6)  vs greedy win 0.60 (+8.6)  [653s]
 11000 games  eps 0.020  train win 1.00 margin +146.6  |td| 0.050  eval vs random win 1.00 (+134.1)  vs greedy win 0.14 (-27.9)  [687s]
 11500 games  eps 0.020  train win 1.00 margin +154.6  |td| 0.040  eval vs random win 1.00 (+164.6)  vs greedy win 0.63 (+7.2)  [720s]
 12000 games  eps 0.020  train win 1.00 margin +157.3  |td| 0.038  eval vs random win 1.00 (+150.3)  vs greedy win 0.26 (-22.2)  [761s]
 12500 games  eps 0.020  train win 1.00 margin +150.9  |td| 0.050  eval vs random win 1.00 (+161.6)  vs greedy win 0.41 (-11.0)  [798s]
 13000 games  eps 0.020  train win 0.99 margin +130.4  |td| 0.054  eval vs random win 1.00 (+125.0)  vs greedy win 0.03 (-57.7)  [834s]
 13500 games  eps 0.020  train win 1.00 margin +132.6  |td| 0.055  eval vs random win 1.00 (+154.6)  vs greedy win 0.24 (-17.7)  [869s]
 14000 games  eps 0.020  train win 1.00 margin +121.8  |td| 0.060  eval vs random win 1.00 (+130.0)  vs greedy win 0.00 (-70.9)  [904s]
 14500 games  eps 0.020  train win 1.00 margin +130.2  |td| 0.062  eval vs random win 1.00 (+147.0)  vs greedy win 0.14 (-39.7)  [945s]
 15000 games  eps 0.020  train win 1.00 margin +128.1  |td| 0.049  eval vs random win 1.00 (+130.0)  vs greedy win 0.07 (-45.6)  [980s]
 15500 games  eps 0.020  train win 0.99 margin +120.1  |td| 0.058  eval vs random win 1.00 (+137.6)  vs greedy win 0.31 (-17.4)  [1016s]
 16000 games  eps 0.020  train win 0.99 margin +111.7  |td| 0.053  eval vs random win 0.98 (+110.4)  vs greedy win 0.00 (-81.3)  [1054s]
 16500 games  eps 0.020  train win 0.99 margin +116.7  |td| 0.049  eval vs random win 1.00 (+137.2)  vs greedy win 0.09 (-43.4)  [1091s]
 17000 games  eps 0.020  train win 0.98 margin +115.8  |td| 0.059  eval vs random win 1.00 (+114.6)  vs greedy win 0.07 (-54.5)  [1136s]
 17500 games  eps 0.020  train win 0.99 margin +127.4  |td| 0.041  eval vs random win 1.00 (+131.6)  vs greedy win 0.27 (-33.3)  [1178s]
 18000 games  eps 0.020  train win 0.99 margin +131.3  |td| 0.044  eval vs random win 1.00 (+132.0)  vs greedy win 0.38 (-13.2)  [1213s]
 18500 games  eps 0.020  train win 1.00 margin +140.9  |td| 0.039  eval vs random win 1.00 (+138.2)  vs greedy win 0.13 (-37.0)  [1255s]
 19000 games  eps 0.020  train win 1.00 margin +130.9  |td| 0.043  eval vs random win 1.00 (+135.6)  vs greedy win 0.24 (-22.2)  [1288s]
 19500 games  eps 0.020  train win 1.00 margin +131.7  |td| 0.047  eval vs random win 1.00 (+129.2)  vs greedy win 0.32 (-14.3)  [1320s]
 20000 games  eps 0.020  train win 1.00 margin +125.1  |td| 0.048  eval vs random win 1.00 (+131.4)  vs greedy win 0.28 (-16.2)  [1347s]
 20500 games  eps 0.020  train win 1.00 margin +136.5  |td| 0.048  eval vs random win 1.00 (+145.5)  vs greedy win 0.12 (-44.0)  [1372s]
 21000 games  eps 0.020  train win 1.00 margin +118.0  |td| 0.054  eval vs random win 0.98 (+113.2)  vs greedy win 0.01 (-69.0)  [1396s]
 21500 games  eps 0.020  train win 0.98 margin +117.0  |td| 0.055  eval vs random win 1.00 (+115.1)  vs greedy win 0.00 (-87.5)  [1421s]
 22000 games  eps 0.020  train win 1.00 margin +124.7  |td| 0.049  eval vs random win 1.00 (+134.1)  vs greedy win 0.27 (-18.2)  [1445s]
 22500 games  eps 0.020  train win 0.99 margin +117.0  |td| 0.050  eval vs random win 1.00 (+122.4)  vs greedy win 0.01 (-85.2)  [1469s]
 23000 games  eps 0.020  train win 1.00 margin +123.4  |td| 0.055  eval vs random win 1.00 (+123.0)  vs greedy win 0.01 (-82.3)  [1493s]
 23500 games  eps 0.020  train win 1.00 margin +115.9  |td| 0.051  eval vs random win 1.00 (+113.6)  vs greedy win 0.01 (-70.3)  [1518s]
 24000 games  eps 0.020  train win 0.99 margin +117.2  |td| 0.061  eval vs random win 1.00 (+121.0)  vs greedy win 0.08 (-54.5)  [1544s]
 24500 games  eps 0.020  train win 1.00 margin +119.2  |td| 0.050  eval vs random win 1.00 (+131.7)  vs greedy win 0.04 (-52.3)  [1569s]
 25000 games  eps 0.020  train win 1.00 margin +127.1  |td| 0.052  eval vs random win 1.00 (+129.3)  vs greedy win 0.07 (-48.1)  [1592s]
 25500 games  eps 0.020  train win 1.00 margin +120.5  |td| 0.058  eval vs random win 1.00 (+127.2)  vs greedy win 0.07 (-45.4)  [1617s]
 26000 games  eps 0.020  train win 1.00 margin +119.3  |td| 0.048  eval vs random win 1.00 (+129.5)  vs greedy win 0.15 (-28.8)  [1642s]
 26500 games  eps 0.020  train win 1.00 margin +129.9  |td| 0.043  eval vs random win 1.00 (+137.7)  vs greedy win 0.33 (-14.6)  [1667s]
 27000 games  eps 0.020  train win 1.00 margin +136.2  |td| 0.041  eval vs random win 1.00 (+137.3)  vs greedy win 0.55 (-3.9)  [1692s]
 27500 games  eps 0.020  train win 1.00 margin +133.6  |td| 0.044  eval vs random win 1.00 (+128.2)  vs greedy win 0.45 (-9.9)  [1717s]
 28000 games  eps 0.020  train win 1.00 margin +123.3  |td| 0.041  eval vs random win 1.00 (+131.6)  vs greedy win 0.39 (-5.5)  [1742s]
 28500 games  eps 0.020  train win 1.00 margin +126.8  |td| 0.049  eval vs random win 1.00 (+129.1)  vs greedy win 0.10 (-39.6)  [1768s]
 29000 games  eps 0.020  train win 1.00 margin +128.0  |td| 0.049  eval vs random win 1.00 (+142.0)  vs greedy win 0.15 (-34.3)  [1791s]
 29500 games  eps 0.020  train win 0.99 margin +124.3  |td| 0.051  eval vs random win 1.00 (+128.9)  vs greedy win 0.03 (-51.6)  [1813s]
 30000 games  eps 0.020  train win 0.99 margin +119.8  |td| 0.054  eval vs random win 0.99 (+114.8)  vs greedy win 0.00 (-81.6)  [1838s]
saved runs\linear\pass7\p7a_q_lam98_random_s1.json  (ttr-dash runs\linear\pass7\p7a_q_lam98_random_s1.json to analyze)
