training q vs random: 30000 games, alpha 0.2, epsilon 0.2 -> 0.02, reward margin; lam 0.98, average 100
(best checkpoint kept by margin vs greedy; play it as linear:runs\linear\pass7\p7a_q_lam98_random_s2.json@best)
live: runs\linear\pass7\p7a_q_lam98_random_s2.json rewritten every 500 games (watch with ttr-dash --live runs\linear\pass7\p7a_q_lam98_random_s2.json)
   500 games  eps 0.110  train win 0.75 margin  +31.9  |td| 0.050  eval vs random win 0.98 (+105.0)  vs greedy win 0.01 (-87.0)  [39s]
  1000 games  eps 0.020  train win 0.93 margin  +80.4  |td| 0.028  eval vs random win 0.99 (+105.3)  vs greedy win 0.04 (-59.8)  [80s]
  1500 games  eps 0.020  train win 0.97 margin +111.9  |td| 0.042  eval vs random win 1.00 (+136.1)  vs greedy win 0.27 (-13.9)  [124s]
  2000 games  eps 0.020  train win 1.00 margin +124.1  |td| 0.038  eval vs random win 1.00 (+117.6)  vs greedy win 0.35 (-10.8)  [158s]
  2500 games  eps 0.020  train win 1.00 margin +131.9  |td| 0.040  eval vs random win 1.00 (+129.9)  vs greedy win 0.40 (-4.6)  [192s]
  3000 games  eps 0.020  train win 1.00 margin +124.8  |td| 0.040  eval vs random win 1.00 (+111.3)  vs greedy win 0.20 (-26.9)  [226s]
  3500 games  eps 0.020  train win 0.99 margin +107.5  |td| 0.030  eval vs random win 1.00 (+109.6)  vs greedy win 0.02 (-53.4)  [259s]
  4000 games  eps 0.020  train win 0.99 margin +111.9  |td| 0.030  eval vs random win 0.98 (+108.6)  vs greedy win 0.02 (-61.8)  [292s]
  4500 games  eps 0.020  train win 1.00 margin +132.2  |td| 0.032  eval vs random win 1.00 (+136.0)  vs greedy win 0.30 (-17.4)  [327s]
  5000 games  eps 0.020  train win 1.00 margin +127.8  |td| 0.032  eval vs random win 1.00 (+119.4)  vs greedy win 0.18 (-29.4)  [360s]
  5500 games  eps 0.020  train win 1.00 margin +128.1  |td| 0.038  eval vs random win 1.00 (+127.3)  vs greedy win 0.23 (-20.2)  [390s]
  6000 games  eps 0.020  train win 1.00 margin +131.8  |td| 0.036  eval vs random win 1.00 (+133.4)  vs greedy win 0.40 (-13.3)  [419s]
  6500 games  eps 0.020  train win 1.00 margin +141.8  |td| 0.032  eval vs random win 1.00 (+141.7)  vs greedy win 0.29 (-14.7)  [444s]
  7000 games  eps 0.020  train win 1.00 margin +155.7  |td| 0.032  eval vs random win 1.00 (+155.7)  vs greedy win 0.39 (-3.8)  [470s]
  7500 games  eps 0.020  train win 1.00 margin +157.0  |td| 0.030  eval vs random win 1.00 (+158.1)  vs greedy win 0.33 (-11.2)  [495s]
  8000 games  eps 0.020  train win 1.00 margin +151.8  |td| 0.033  eval vs random win 1.00 (+157.2)  vs greedy win 0.47 (+1.6)  [520s]
  8500 games  eps 0.020  train win 1.00 margin +144.8  |td| 0.037  eval vs random win 1.00 (+147.4)  vs greedy win 0.51 (+0.0)  [545s]
  9000 games  eps 0.020  train win 1.00 margin +150.3  |td| 0.037  eval vs random win 1.00 (+160.5)  vs greedy win 0.40 (-3.9)  [569s]
  9500 games  eps 0.020  train win 1.00 margin +147.0  |td| 0.037  eval vs random win 1.00 (+148.5)  vs greedy win 0.45 (-4.5)  [596s]
 10000 games  eps 0.020  train win 1.00 margin +141.7  |td| 0.039  eval vs random win 1.00 (+152.6)  vs greedy win 0.41 (-12.2)  [628s]
 10500 games  eps 0.020  train win 1.00 margin +144.8  |td| 0.039  eval vs random win 1.00 (+150.1)  vs greedy win 0.40 (-6.0)  [668s]
 11000 games  eps 0.020  train win 1.00 margin +152.6  |td| 0.037  eval vs random win 1.00 (+152.3)  vs greedy win 0.41 (-7.7)  [704s]
 11500 games  eps 0.020  train win 1.00 margin +144.3  |td| 0.041  eval vs random win 1.00 (+146.5)  vs greedy win 0.46 (-1.8)  [736s]
 12000 games  eps 0.020  train win 1.00 margin +140.7  |td| 0.043  eval vs random win 1.00 (+143.7)  vs greedy win 0.44 (-5.7)  [771s]
 12500 games  eps 0.020  train win 1.00 margin +152.1  |td| 0.043  eval vs random win 1.00 (+157.3)  vs greedy win 0.43 (-4.5)  [804s]
 13000 games  eps 0.020  train win 1.00 margin +144.7  |td| 0.047  eval vs random win 1.00 (+145.9)  vs greedy win 0.56 (+6.3)  [837s]
 13500 games  eps 0.020  train win 1.00 margin +139.3  |td| 0.047  eval vs random win 1.00 (+144.2)  vs greedy win 0.38 (-5.2)  [873s]
 14000 games  eps 0.020  train win 1.00 margin +141.7  |td| 0.053  eval vs random win 1.00 (+137.7)  vs greedy win 0.38 (-6.5)  [907s]
 14500 games  eps 0.020  train win 1.00 margin +142.7  |td| 0.050  eval vs random win 1.00 (+137.8)  vs greedy win 0.51 (+1.0)  [943s]
 15000 games  eps 0.020  train win 1.00 margin +146.4  |td| 0.049  eval vs random win 1.00 (+156.4)  vs greedy win 0.51 (+0.1)  [975s]
 15500 games  eps 0.020  train win 1.00 margin +143.4  |td| 0.045  eval vs random win 1.00 (+153.6)  vs greedy win 0.32 (-13.4)  [1006s]
 16000 games  eps 0.020  train win 1.00 margin +139.3  |td| 0.048  eval vs random win 1.00 (+124.3)  vs greedy win 0.27 (-27.7)  [1045s]
 16500 games  eps 0.020  train win 0.99 margin +145.0  |td| 0.055  eval vs random win 1.00 (+143.4)  vs greedy win 0.40 (-8.6)  [1088s]
 17000 games  eps 0.020  train win 0.99 margin +130.9  |td| 0.057  eval vs random win 1.00 (+138.1)  vs greedy win 0.27 (-22.9)  [1120s]
 17500 games  eps 0.020  train win 1.00 margin +132.3  |td| 0.054  eval vs random win 1.00 (+120.6)  vs greedy win 0.12 (-40.5)  [1150s]
 18000 games  eps 0.020  train win 0.99 margin +126.6  |td| 0.049  eval vs random win 1.00 (+129.7)  vs greedy win 0.12 (-41.0)  [1184s]
 18500 games  eps 0.020  train win 0.99 margin +126.2  |td| 0.047  eval vs random win 1.00 (+126.7)  vs greedy win 0.20 (-30.0)  [1217s]
 19000 games  eps 0.020  train win 1.00 margin +147.7  |td| 0.048  eval vs random win 1.00 (+134.1)  vs greedy win 0.27 (-21.2)  [1253s]
 19500 games  eps 0.020  train win 0.99 margin +124.9  |td| 0.045  eval vs random win 1.00 (+131.8)  vs greedy win 0.15 (-30.5)  [1291s]
 20000 games  eps 0.020  train win 1.00 margin +141.5  |td| 0.048  eval vs random win 1.00 (+147.9)  vs greedy win 0.23 (-29.0)  [1321s]
 20500 games  eps 0.020  train win 0.99 margin +135.1  |td| 0.058  eval vs random win 1.00 (+141.4)  vs greedy win 0.48 (-5.9)  [1350s]
 21000 games  eps 0.020  train win 1.00 margin +131.9  |td| 0.056  eval vs random win 1.00 (+129.3)  vs greedy win 0.35 (-9.0)  [1377s]
 21500 games  eps 0.020  train win 0.99 margin +129.0  |td| 0.059  eval vs random win 1.00 (+132.3)  vs greedy win 0.41 (-6.4)  [1402s]
 22000 games  eps 0.020  train win 1.00 margin +131.2  |td| 0.057  eval vs random win 1.00 (+137.5)  vs greedy win 0.41 (-7.9)  [1428s]
 22500 games  eps 0.020  train win 1.00 margin +124.5  |td| 0.055  eval vs random win 1.00 (+132.5)  vs greedy win 0.33 (-15.0)  [1451s]
 23000 games  eps 0.020  train win 1.00 margin +123.1  |td| 0.051  eval vs random win 1.00 (+127.5)  vs greedy win 0.20 (-34.9)  [1474s]
 23500 games  eps 0.020  train win 1.00 margin +124.5  |td| 0.048  eval vs random win 1.00 (+123.3)  vs greedy win 0.13 (-30.4)  [1497s]
 24000 games  eps 0.020  train win 0.99 margin +120.0  |td| 0.050  eval vs random win 0.99 (+113.3)  vs greedy win 0.08 (-54.2)  [1520s]
 24500 games  eps 0.020  train win 0.99 margin +124.1  |td| 0.059  eval vs random win 1.00 (+126.8)  vs greedy win 0.25 (-20.9)  [1544s]
 25000 games  eps 0.020  train win 1.00 margin +132.3  |td| 0.058  eval vs random win 1.00 (+140.1)  vs greedy win 0.20 (-21.7)  [1570s]
 25500 games  eps 0.020  train win 1.00 margin +129.6  |td| 0.051  eval vs random win 1.00 (+138.9)  vs greedy win 0.41 (-8.3)  [1596s]
 26000 games  eps 0.020  train win 1.00 margin +132.5  |td| 0.055  eval vs random win 1.00 (+128.1)  vs greedy win 0.19 (-25.2)  [1621s]
 26500 games  eps 0.020  train win 1.00 margin +118.9  |td| 0.056  eval vs random win 1.00 (+134.0)  vs greedy win 0.22 (-31.6)  [1644s]
 27000 games  eps 0.020  train win 1.00 margin +137.8  |td| 0.054  eval vs random win 1.00 (+134.2)  vs greedy win 0.38 (-11.6)  [1668s]
 27500 games  eps 0.020  train win 1.00 margin +127.8  |td| 0.056  eval vs random win 1.00 (+136.7)  vs greedy win 0.48 (-1.9)  [1694s]
 28000 games  eps 0.020  train win 1.00 margin +132.6  |td| 0.052  eval vs random win 1.00 (+130.9)  vs greedy win 0.28 (-22.3)  [1718s]
 28500 games  eps 0.020  train win 1.00 margin +136.5  |td| 0.051  eval vs random win 1.00 (+152.0)  vs greedy win 0.32 (-18.8)  [1741s]
 29000 games  eps 0.020  train win 0.99 margin +126.7  |td| 0.049  eval vs random win 1.00 (+133.9)  vs greedy win 0.19 (-25.6)  [1764s]
 29500 games  eps 0.020  train win 0.99 margin +125.2  |td| 0.050  eval vs random win 1.00 (+111.5)  vs greedy win 0.11 (-51.6)  [1788s]
 30000 games  eps 0.020  train win 1.00 margin +122.2  |td| 0.059  eval vs random win 1.00 (+124.8)  vs greedy win 0.27 (-17.0)  [1813s]
saved runs\linear\pass7\p7a_q_lam98_random_s2.json  (ttr-dash runs\linear\pass7\p7a_q_lam98_random_s2.json to analyze)
