training q vs random: 30000 games, alpha 0.2, epsilon 0.2 -> 0.02, reward margin; lam 0.98, average 100
(best checkpoint kept by margin vs greedy; play it as linear:runs\linear\pass7\p7a_q_lam98_random_s0.json@best)
live: runs\linear\pass7\p7a_q_lam98_random_s0.json rewritten every 500 games (watch with ttr-dash --live runs\linear\pass7\p7a_q_lam98_random_s0.json)
   500 games  eps 0.110  train win 0.94 margin  +95.2  |td| 0.034  eval vs random win 1.00 (+129.8)  vs greedy win 0.01 (-53.2)  [30s]
  1000 games  eps 0.020  train win 0.80 margin  +50.0  |td| 0.060  eval vs random win 0.99 (+140.9)  vs greedy win 0.00 (-59.3)  [84s]
  1500 games  eps 0.020  train win 1.00 margin +146.9  |td| 0.028  eval vs random win 1.00 (+148.7)  vs greedy win 0.04 (-31.0)  [132s]
  2000 games  eps 0.020  train win 1.00 margin +145.3  |td| 0.024  eval vs random win 1.00 (+146.5)  vs greedy win 0.35 (-12.1)  [174s]
  2500 games  eps 0.020  train win 1.00 margin +144.3  |td| 0.024  eval vs random win 1.00 (+135.9)  vs greedy win 0.24 (-20.4)  [212s]
  3000 games  eps 0.020  train win 1.00 margin +143.8  |td| 0.025  eval vs random win 1.00 (+142.7)  vs greedy win 0.19 (-23.2)  [250s]
  3500 games  eps 0.020  train win 1.00 margin +144.3  |td| 0.025  eval vs random win 1.00 (+143.8)  vs greedy win 0.21 (-21.4)  [287s]
  4000 games  eps 0.020  train win 1.00 margin +133.6  |td| 0.028  eval vs random win 1.00 (+136.8)  vs greedy win 0.34 (-10.9)  [324s]
  4500 games  eps 0.020  train win 1.00 margin +132.1  |td| 0.027  eval vs random win 1.00 (+137.8)  vs greedy win 0.26 (-14.2)  [356s]
  5000 games  eps 0.020  train win 1.00 margin +137.6  |td| 0.027  eval vs random win 1.00 (+139.6)  vs greedy win 0.19 (-17.8)  [388s]
  5500 games  eps 0.020  train win 1.00 margin +136.7  |td| 0.027  eval vs random win 1.00 (+137.7)  vs greedy win 0.14 (-23.6)  [418s]
  6000 games  eps 0.020  train win 1.00 margin +127.1  |td| 0.034  eval vs random win 1.00 (+133.4)  vs greedy win 0.23 (-20.3)  [448s]
  6500 games  eps 0.020  train win 1.00 margin +128.9  |td| 0.029  eval vs random win 1.00 (+125.3)  vs greedy win 0.15 (-27.8)  [476s]
  7000 games  eps 0.020  train win 1.00 margin +136.2  |td| 0.031  eval vs random win 1.00 (+146.0)  vs greedy win 0.18 (-22.7)  [503s]
  7500 games  eps 0.020  train win 1.00 margin +160.4  |td| 0.033  eval vs random win 1.00 (+161.7)  vs greedy win 0.25 (-17.7)  [530s]
  8000 games  eps 0.020  train win 1.00 margin +156.0  |td| 0.042  eval vs random win 1.00 (+152.6)  vs greedy win 0.22 (-25.4)  [555s]
  8500 games  eps 0.020  train win 1.00 margin +138.6  |td| 0.045  eval vs random win 1.00 (+131.5)  vs greedy win 0.48 (-3.5)  [582s]
  9000 games  eps 0.020  train win 1.00 margin +136.8  |td| 0.043  eval vs random win 1.00 (+134.8)  vs greedy win 0.43 (-1.6)  [612s]
  9500 games  eps 0.020  train win 1.00 margin +149.8  |td| 0.039  eval vs random win 1.00 (+148.9)  vs greedy win 0.20 (-22.0)  [647s]
 10000 games  eps 0.020  train win 1.00 margin +147.5  |td| 0.040  eval vs random win 1.00 (+140.2)  vs greedy win 0.24 (-26.3)  [676s]
 10500 games  eps 0.020  train win 1.00 margin +143.6  |td| 0.037  eval vs random win 1.00 (+141.6)  vs greedy win 0.37 (-14.0)  [711s]
 11000 games  eps 0.020  train win 1.00 margin +152.5  |td| 0.038  eval vs random win 1.00 (+144.1)  vs greedy win 0.30 (-19.6)  [746s]
 11500 games  eps 0.020  train win 1.00 margin +146.8  |td| 0.041  eval vs random win 1.00 (+148.1)  vs greedy win 0.38 (-8.8)  [777s]
 12000 games  eps 0.020  train win 1.00 margin +121.2  |td| 0.044  eval vs random win 1.00 (+123.5)  vs greedy win 0.04 (-52.0)  [814s]
 12500 games  eps 0.020  train win 1.00 margin +141.4  |td| 0.044  eval vs random win 1.00 (+136.7)  vs greedy win 0.22 (-20.2)  [850s]
 13000 games  eps 0.020  train win 1.00 margin +135.8  |td| 0.045  eval vs random win 1.00 (+127.6)  vs greedy win 0.28 (-21.0)  [883s]
 13500 games  eps 0.020  train win 1.00 margin +134.2  |td| 0.046  eval vs random win 1.00 (+138.9)  vs greedy win 0.03 (-54.8)  [921s]
 14000 games  eps 0.020  train win 1.00 margin +141.1  |td| 0.045  eval vs random win 1.00 (+153.9)  vs greedy win 0.13 (-30.1)  [955s]
 14500 games  eps 0.020  train win 1.00 margin +153.3  |td| 0.056  eval vs random win 1.00 (+146.6)  vs greedy win 0.40 (-7.8)  [992s]
 15000 games  eps 0.020  train win 1.00 margin +144.6  |td| 0.047  eval vs random win 1.00 (+139.8)  vs greedy win 0.54 (+5.0)  [1029s]
 15500 games  eps 0.020  train win 1.00 margin +131.6  |td| 0.049  eval vs random win 1.00 (+133.4)  vs greedy win 0.45 (-0.6)  [1066s]
 16000 games  eps 0.020  train win 1.00 margin +131.6  |td| 0.046  eval vs random win 0.99 (+131.2)  vs greedy win 0.03 (-57.6)  [1110s]
 16500 games  eps 0.020  train win 1.00 margin +141.9  |td| 0.048  eval vs random win 1.00 (+153.0)  vs greedy win 0.22 (-19.5)  [1153s]
 17000 games  eps 0.020  train win 0.99 margin +137.0  |td| 0.051  eval vs random win 0.99 (+127.0)  vs greedy win 0.06 (-48.0)  [1192s]
 17500 games  eps 0.020  train win 1.00 margin +139.0  |td| 0.048  eval vs random win 1.00 (+148.0)  vs greedy win 0.58 (+5.1)  [1232s]
 18000 games  eps 0.020  train win 1.00 margin +131.7  |td| 0.051  eval vs random win 1.00 (+126.2)  vs greedy win 0.04 (-44.6)  [1274s]
 18500 games  eps 0.020  train win 1.00 margin +133.2  |td| 0.061  eval vs random win 1.00 (+141.3)  vs greedy win 0.16 (-20.6)  [1310s]
 19000 games  eps 0.020  train win 1.00 margin +131.0  |td| 0.061  eval vs random win 1.00 (+135.9)  vs greedy win 0.35 (-8.8)  [1340s]
 19500 games  eps 0.020  train win 1.00 margin +125.0  |td| 0.054  eval vs random win 1.00 (+135.1)  vs greedy win 0.09 (-34.1)  [1365s]
 20000 games  eps 0.020  train win 1.00 margin +128.6  |td| 0.064  eval vs random win 0.99 (+125.9)  vs greedy win 0.00 (-58.9)  [1391s]
 20500 games  eps 0.020  train win 1.00 margin +123.0  |td| 0.054  eval vs random win 1.00 (+141.2)  vs greedy win 0.04 (-42.2)  [1415s]
 21000 games  eps 0.020  train win 1.00 margin +125.2  |td| 0.059  eval vs random win 1.00 (+121.0)  vs greedy win 0.01 (-50.6)  [1440s]
 21500 games  eps 0.020  train win 1.00 margin +126.4  |td| 0.055  eval vs random win 1.00 (+126.3)  vs greedy win 0.11 (-31.7)  [1466s]
 22000 games  eps 0.020  train win 1.00 margin +121.3  |td| 0.052  eval vs random win 1.00 (+116.6)  vs greedy win 0.02 (-51.5)  [1491s]
 22500 games  eps 0.020  train win 1.00 margin +134.9  |td| 0.059  eval vs random win 1.00 (+137.2)  vs greedy win 0.21 (-18.9)  [1516s]
 23000 games  eps 0.020  train win 1.00 margin +123.6  |td| 0.060  eval vs random win 1.00 (+120.0)  vs greedy win 0.08 (-36.8)  [1541s]
 23500 games  eps 0.020  train win 0.99 margin +132.7  |td| 0.054  eval vs random win 1.00 (+127.6)  vs greedy win 0.47 (-2.2)  [1567s]
 24000 games  eps 0.020  train win 1.00 margin +138.8  |td| 0.051  eval vs random win 1.00 (+137.2)  vs greedy win 0.19 (-25.9)  [1592s]
 24500 games  eps 0.020  train win 1.00 margin +131.1  |td| 0.049  eval vs random win 1.00 (+129.4)  vs greedy win 0.38 (-10.5)  [1617s]
 25000 games  eps 0.020  train win 1.00 margin +130.7  |td| 0.049  eval vs random win 1.00 (+124.0)  vs greedy win 0.10 (-36.2)  [1642s]
 25500 games  eps 0.020  train win 1.00 margin +137.4  |td| 0.044  eval vs random win 1.00 (+151.4)  vs greedy win 0.56 (+4.8)  [1665s]
 26000 games  eps 0.020  train win 1.00 margin +135.6  |td| 0.052  eval vs random win 1.00 (+142.0)  vs greedy win 0.24 (-23.6)  [1691s]
 26500 games  eps 0.020  train win 1.00 margin +125.0  |td| 0.052  eval vs random win 1.00 (+133.7)  vs greedy win 0.01 (-49.7)  [1714s]
 27000 games  eps 0.020  train win 1.00 margin +140.9  |td| 0.048  eval vs random win 1.00 (+154.7)  vs greedy win 0.14 (-26.8)  [1738s]
 27500 games  eps 0.020  train win 1.00 margin +143.2  |td| 0.052  eval vs random win 1.00 (+135.9)  vs greedy win 0.23 (-20.6)  [1762s]
 28000 games  eps 0.020  train win 1.00 margin +121.9  |td| 0.052  eval vs random win 1.00 (+131.5)  vs greedy win 0.03 (-45.7)  [1786s]
 28500 games  eps 0.020  train win 1.00 margin +147.5  |td| 0.059  eval vs random win 1.00 (+156.2)  vs greedy win 0.31 (-14.2)  [1809s]
 29000 games  eps 0.020  train win 0.99 margin +125.1  |td| 0.061  eval vs random win 1.00 (+131.3)  vs greedy win 0.29 (-15.1)  [1836s]
 29500 games  eps 0.020  train win 1.00 margin +124.7  |td| 0.061  eval vs random win 1.00 (+115.8)  vs greedy win 0.17 (-23.9)  [1860s]
 30000 games  eps 0.020  train win 1.00 margin +129.4  |td| 0.055  eval vs random win 1.00 (+133.4)  vs greedy win 0.34 (-14.3)  [1884s]
saved runs\linear\pass7\p7a_q_lam98_random_s0.json  (ttr-dash runs\linear\pass7\p7a_q_lam98_random_s0.json to analyze)
