training q vs random: 30000 games, alpha 0.2, epsilon 0.2 -> 0.02, reward margin; lam 0.98, average 100
(best checkpoint kept by margin vs greedy; play it as linear:runs\linear\pass7\p7a_q_lam98_random_s4.json@best)
live: runs\linear\pass7\p7a_q_lam98_random_s4.json rewritten every 500 games (watch with ttr-dash --live runs\linear\pass7\p7a_q_lam98_random_s4.json)
   500 games  eps 0.110  train win 0.97 margin +109.5  |td| 0.037  eval vs random win 1.00 (+129.5)  vs greedy win 0.13 (-47.1)  [24s]
  1000 games  eps 0.020  train win 0.99 margin +101.8  |td| 0.023  eval vs random win 1.00 (+94.7)  vs greedy win 0.06 (-45.4)  [58s]
  1500 games  eps 0.020  train win 0.97 margin +109.3  |td| 0.033  eval vs random win 1.00 (+153.0)  vs greedy win 0.37 (-5.8)  [91s]
  2000 games  eps 0.020  train win 1.00 margin +138.5  |td| 0.027  eval vs random win 1.00 (+142.3)  vs greedy win 0.19 (-27.3)  [120s]
  2500 games  eps 0.020  train win 1.00 margin +140.2  |td| 0.042  eval vs random win 1.00 (+131.1)  vs greedy win 0.15 (-26.0)  [150s]
  3000 games  eps 0.020  train win 1.00 margin +121.5  |td| 0.030  eval vs random win 1.00 (+122.2)  vs greedy win 0.05 (-39.1)  [176s]
  3500 games  eps 0.020  train win 1.00 margin +125.4  |td| 0.030  eval vs random win 1.00 (+125.0)  vs greedy win 0.16 (-28.8)  [201s]
  4000 games  eps 0.020  train win 1.00 margin +123.9  |td| 0.034  eval vs random win 1.00 (+142.4)  vs greedy win 0.22 (-18.8)  [225s]
  4500 games  eps 0.020  train win 1.00 margin +122.0  |td| 0.036  eval vs random win 1.00 (+122.5)  vs greedy win 0.19 (-35.8)  [249s]
  5000 games  eps 0.020  train win 1.00 margin +124.7  |td| 0.035  eval vs random win 1.00 (+121.3)  vs greedy win 0.40 (-3.9)  [272s]
  5500 games  eps 0.020  train win 1.00 margin +134.4  |td| 0.039  eval vs random win 1.00 (+148.1)  vs greedy win 0.14 (-29.0)  [295s]
  6000 games  eps 0.020  train win 1.00 margin +133.3  |td| 0.043  eval vs random win 1.00 (+118.2)  vs greedy win 0.05 (-39.5)  [318s]
  6500 games  eps 0.020  train win 1.00 margin +121.2  |td| 0.038  eval vs random win 1.00 (+129.4)  vs greedy win 0.12 (-39.8)  [340s]
  7000 games  eps 0.020  train win 1.00 margin +143.2  |td| 0.040  eval vs random win 1.00 (+137.6)  vs greedy win 0.13 (-33.3)  [360s]
  7500 games  eps 0.020  train win 1.00 margin +142.1  |td| 0.039  eval vs random win 1.00 (+139.1)  vs greedy win 0.06 (-40.8)  [381s]
  8000 games  eps 0.020  train win 1.00 margin +128.2  |td| 0.043  eval vs random win 1.00 (+117.4)  vs greedy win 0.03 (-55.6)  [402s]
  8500 games  eps 0.020  train win 1.00 margin +130.1  |td| 0.047  eval vs random win 1.00 (+123.3)  vs greedy win 0.00 (-62.5)  [423s]
  9000 games  eps 0.020  train win 1.00 margin +127.1  |td| 0.041  eval vs random win 1.00 (+133.8)  vs greedy win 0.09 (-41.8)  [442s]
  9500 games  eps 0.020  train win 1.00 margin +133.1  |td| 0.042  eval vs random win 1.00 (+126.9)  vs greedy win 0.28 (-18.6)  [460s]
 10000 games  eps 0.020  train win 0.99 margin +134.9  |td| 0.036  eval vs random win 0.99 (+137.2)  vs greedy win 0.25 (-18.6)  [478s]
 10500 games  eps 0.020  train win 1.00 margin +129.3  |td| 0.038  eval vs random win 1.00 (+130.2)  vs greedy win 0.08 (-39.9)  [495s]
 11000 games  eps 0.020  train win 1.00 margin +146.2  |td| 0.042  eval vs random win 1.00 (+134.5)  vs greedy win 0.08 (-39.9)  [512s]
 11500 games  eps 0.020  train win 0.99 margin +128.4  |td| 0.049  eval vs random win 1.00 (+130.4)  vs greedy win 0.12 (-41.6)  [529s]
 12000 games  eps 0.020  train win 0.99 margin +122.0  |td| 0.050  eval vs random win 1.00 (+112.2)  vs greedy win 0.02 (-74.3)  [547s]
 12500 games  eps 0.020  train win 1.00 margin +129.9  |td| 0.047  eval vs random win 1.00 (+134.3)  vs greedy win 0.09 (-43.1)  [566s]
 13000 games  eps 0.020  train win 1.00 margin +130.6  |td| 0.052  eval vs random win 1.00 (+122.5)  vs greedy win 0.04 (-44.6)  [584s]
 13500 games  eps 0.020  train win 1.00 margin +120.0  |td| 0.045  eval vs random win 0.99 (+124.3)  vs greedy win 0.04 (-51.5)  [601s]
 14000 games  eps 0.020  train win 1.00 margin +122.1  |td| 0.047  eval vs random win 1.00 (+135.0)  vs greedy win 0.01 (-58.9)  [618s]
 14500 games  eps 0.020  train win 1.00 margin +136.8  |td| 0.047  eval vs random win 1.00 (+147.2)  vs greedy win 0.37 (-11.9)  [635s]
 15000 games  eps 0.020  train win 1.00 margin +142.1  |td| 0.045  eval vs random win 1.00 (+137.5)  vs greedy win 0.07 (-37.5)  [651s]
 15500 games  eps 0.020  train win 1.00 margin +125.9  |td| 0.044  eval vs random win 1.00 (+128.6)  vs greedy win 0.26 (-17.2)  [669s]
 16000 games  eps 0.020  train win 1.00 margin +121.1  |td| 0.047  eval vs random win 1.00 (+120.6)  vs greedy win 0.01 (-65.7)  [687s]
 16500 games  eps 0.020  train win 1.00 margin +128.3  |td| 0.047  eval vs random win 1.00 (+123.7)  vs greedy win 0.05 (-43.9)  [705s]
 17000 games  eps 0.020  train win 1.00 margin +135.8  |td| 0.046  eval vs random win 1.00 (+146.5)  vs greedy win 0.13 (-38.3)  [722s]
 17500 games  eps 0.020  train win 1.00 margin +135.9  |td| 0.052  eval vs random win 1.00 (+133.6)  vs greedy win 0.12 (-35.6)  [738s]
 18000 games  eps 0.020  train win 1.00 margin +135.8  |td| 0.051  eval vs random win 1.00 (+145.2)  vs greedy win 0.49 (-3.6)  [756s]
 18500 games  eps 0.020  train win 1.00 margin +144.9  |td| 0.043  eval vs random win 1.00 (+143.6)  vs greedy win 0.48 (-4.5)  [774s]
 19000 games  eps 0.020  train win 1.00 margin +141.1  |td| 0.040  eval vs random win 1.00 (+146.7)  vs greedy win 0.23 (-26.8)  [792s]
 19500 games  eps 0.020  train win 1.00 margin +136.3  |td| 0.040  eval vs random win 1.00 (+141.5)  vs greedy win 0.29 (-17.0)  [810s]
 20000 games  eps 0.020  train win 1.00 margin +137.2  |td| 0.044  eval vs random win 1.00 (+133.8)  vs greedy win 0.06 (-46.1)  [827s]
 20500 games  eps 0.020  train win 1.00 margin +134.8  |td| 0.048  eval vs random win 1.00 (+139.1)  vs greedy win 0.12 (-33.3)  [844s]
 21000 games  eps 0.020  train win 1.00 margin +126.8  |td| 0.056  eval vs random win 0.99 (+128.5)  vs greedy win 0.00 (-66.9)  [861s]
 21500 games  eps 0.020  train win 1.00 margin +119.8  |td| 0.050  eval vs random win 1.00 (+126.7)  vs greedy win 0.01 (-67.5)  [879s]
 22000 games  eps 0.020  train win 1.00 margin +132.2  |td| 0.051  eval vs random win 1.00 (+130.6)  vs greedy win 0.12 (-37.5)  [898s]
 22500 games  eps 0.020  train win 1.00 margin +140.9  |td| 0.045  eval vs random win 1.00 (+138.2)  vs greedy win 0.36 (-8.6)  [917s]
 23000 games  eps 0.020  train win 0.99 margin +135.9  |td| 0.040  eval vs random win 1.00 (+127.0)  vs greedy win 0.49 (-2.9)  [937s]
 23500 games  eps 0.020  train win 1.00 margin +132.3  |td| 0.039  eval vs random win 1.00 (+131.4)  vs greedy win 0.36 (-14.9)  [958s]
 24000 games  eps 0.020  train win 1.00 margin +133.4  |td| 0.050  eval vs random win 1.00 (+124.1)  vs greedy win 0.11 (-35.4)  [978s]
 24500 games  eps 0.020  train win 1.00 margin +126.3  |td| 0.055  eval vs random win 1.00 (+118.0)  vs greedy win 0.01 (-59.9)  [996s]
 25000 games  eps 0.020  train win 1.00 margin +129.6  |td| 0.054  eval vs random win 1.00 (+133.4)  vs greedy win 0.08 (-40.1)  [1016s]
 25500 games  eps 0.020  train win 1.00 margin +129.0  |td| 0.051  eval vs random win 1.00 (+135.7)  vs greedy win 0.14 (-34.5)  [1035s]
 26000 games  eps 0.020  train win 1.00 margin +130.2  |td| 0.051  eval vs random win 1.00 (+132.6)  vs greedy win 0.10 (-41.2)  [1053s]
 26500 games  eps 0.020  train win 1.00 margin +140.4  |td| 0.051  eval vs random win 1.00 (+157.0)  vs greedy win 0.46 (-6.4)  [1071s]
 27000 games  eps 0.020  train win 0.99 margin +140.3  |td| 0.042  eval vs random win 1.00 (+137.5)  vs greedy win 0.34 (-10.0)  [1090s]
 27500 games  eps 0.020  train win 0.99 margin +129.8  |td| 0.044  eval vs random win 1.00 (+135.3)  vs greedy win 0.45 (-2.1)  [1110s]
 28000 games  eps 0.020  train win 1.00 margin +131.6  |td| 0.043  eval vs random win 1.00 (+139.3)  vs greedy win 0.55 (-0.2)  [1130s]
 28500 games  eps 0.020  train win 1.00 margin +126.0  |td| 0.052  eval vs random win 1.00 (+130.8)  vs greedy win 0.04 (-60.1)  [1150s]
 29000 games  eps 0.020  train win 1.00 margin +128.7  |td| 0.053  eval vs random win 1.00 (+128.0)  vs greedy win 0.20 (-28.3)  [1169s]
 29500 games  eps 0.020  train win 0.99 margin +146.1  |td| 0.044  eval vs random win 1.00 (+144.9)  vs greedy win 0.41 (-6.0)  [1188s]
 30000 games  eps 0.020  train win 1.00 margin +145.8  |td| 0.040  eval vs random win 1.00 (+147.6)  vs greedy win 0.55 (+3.1)  [1210s]
saved runs\linear\pass7\p7a_q_lam98_random_s4.json  (ttr-dash runs\linear\pass7\p7a_q_lam98_random_s4.json to analyze)
