training sarsa vs random: 30000 games, alpha 0.2, epsilon 0.2 -> 0.02, reward margin; lam 0.98, average 100
(best checkpoint kept by margin vs greedy; play it as linear:runs\linear\pass7\p7b_sarsa_lam98_random_s0.json@best)
live: runs\linear\pass7\p7b_sarsa_lam98_random_s0.json rewritten every 500 games (watch with ttr-dash --live runs\linear\pass7\p7b_sarsa_lam98_random_s0.json)
   500 games  eps 0.110  train win 0.93 margin  +95.6  |td| 0.042  eval vs random win 1.00 (+144.9)  vs greedy win 0.01 (-51.8)  [36s]
  1000 games  eps 0.020  train win 0.99 margin +119.4  |td| 0.034  eval vs random win 1.00 (+134.8)  vs greedy win 0.06 (-37.2)  [80s]
  1500 games  eps 0.020  train win 1.00 margin +126.7  |td| 0.038  eval vs random win 1.00 (+117.6)  vs greedy win 0.04 (-42.9)  [115s]
  2000 games  eps 0.020  train win 1.00 margin +122.0  |td| 0.030  eval vs random win 1.00 (+111.2)  vs greedy win 0.02 (-50.8)  [148s]
  2500 games  eps 0.020  train win 1.00 margin +118.1  |td| 0.034  eval vs random win 1.00 (+119.1)  vs greedy win 0.00 (-47.5)  [182s]
  3000 games  eps 0.020  train win 1.00 margin +111.3  |td| 0.030  eval vs random win 0.99 (+110.0)  vs greedy win 0.01 (-56.1)  [214s]
  3500 games  eps 0.020  train win 1.00 margin +112.6  |td| 0.033  eval vs random win 1.00 (+127.3)  vs greedy win 0.06 (-40.6)  [247s]
  4000 games  eps 0.020  train win 1.00 margin +116.2  |td| 0.032  eval vs random win 1.00 (+123.8)  vs greedy win 0.04 (-51.8)  [280s]
  4500 games  eps 0.020  train win 1.00 margin +123.7  |td| 0.039  eval vs random win 1.00 (+118.5)  vs greedy win 0.17 (-36.2)  [313s]
  5000 games  eps 0.020  train win 1.00 margin +130.4  |td| 0.038  eval vs random win 1.00 (+133.2)  vs greedy win 0.06 (-39.2)  [343s]
  5500 games  eps 0.020  train win 1.00 margin +140.5  |td| 0.036  eval vs random win 1.00 (+148.0)  vs greedy win 0.13 (-30.7)  [372s]
  6000 games  eps 0.020  train win 1.00 margin +152.4  |td| 0.036  eval vs random win 1.00 (+150.1)  vs greedy win 0.16 (-25.2)  [397s]
  6500 games  eps 0.020  train win 1.00 margin +141.4  |td| 0.037  eval vs random win 1.00 (+129.7)  vs greedy win 0.07 (-37.6)  [422s]
  7000 games  eps 0.020  train win 1.00 margin +145.3  |td| 0.037  eval vs random win 1.00 (+142.4)  vs greedy win 0.44 (-1.7)  [448s]
  7500 games  eps 0.020  train win 1.00 margin +147.8  |td| 0.035  eval vs random win 1.00 (+145.2)  vs greedy win 0.09 (-33.3)  [476s]
  8000 games  eps 0.020  train win 1.00 margin +140.4  |td| 0.043  eval vs random win 1.00 (+127.7)  vs greedy win 0.18 (-25.9)  [504s]
  8500 games  eps 0.020  train win 1.00 margin +125.8  |td| 0.048  eval vs random win 1.00 (+131.9)  vs greedy win 0.14 (-33.9)  [530s]
  9000 games  eps 0.020  train win 1.00 margin +145.1  |td| 0.043  eval vs random win 1.00 (+145.7)  vs greedy win 0.61 (+9.7)  [555s]
  9500 games  eps 0.020  train win 1.00 margin +144.9  |td| 0.046  eval vs random win 1.00 (+148.0)  vs greedy win 0.21 (-23.3)  [582s]
 10000 games  eps 0.020  train win 1.00 margin +129.5  |td| 0.050  eval vs random win 1.00 (+125.3)  vs greedy win 0.09 (-47.6)  [610s]
 10500 games  eps 0.020  train win 1.00 margin +136.3  |td| 0.054  eval vs random win 1.00 (+136.8)  vs greedy win 0.07 (-38.1)  [650s]
 11000 games  eps 0.020  train win 1.00 margin +136.0  |td| 0.047  eval vs random win 1.00 (+135.2)  vs greedy win 0.13 (-44.8)  [690s]
 11500 games  eps 0.020  train win 0.99 margin +135.7  |td| 0.043  eval vs random win 1.00 (+137.2)  vs greedy win 0.26 (-14.3)  [730s]
 12000 games  eps 0.020  train win 1.00 margin +137.9  |td| 0.041  eval vs random win 1.00 (+138.2)  vs greedy win 0.38 (-7.6)  [766s]
 12500 games  eps 0.020  train win 1.00 margin +144.3  |td| 0.039  eval vs random win 1.00 (+148.8)  vs greedy win 0.41 (-3.4)  [810s]
 13000 games  eps 0.020  train win 1.00 margin +139.1  |td| 0.047  eval vs random win 1.00 (+139.1)  vs greedy win 0.16 (-29.8)  [849s]
 13500 games  eps 0.020  train win 1.00 margin +129.4  |td| 0.053  eval vs random win 1.00 (+126.9)  vs greedy win 0.08 (-39.1)  [880s]
 14000 games  eps 0.020  train win 1.00 margin +136.3  |td| 0.053  eval vs random win 1.00 (+143.1)  vs greedy win 0.10 (-39.2)  [912s]
 14500 games  eps 0.020  train win 1.00 margin +142.0  |td| 0.050  eval vs random win 1.00 (+138.0)  vs greedy win 0.26 (-17.4)  [955s]
 15000 games  eps 0.020  train win 1.00 margin +120.5  |td| 0.055  eval vs random win 1.00 (+131.2)  vs greedy win 0.01 (-58.7)  [996s]
 15500 games  eps 0.020  train win 1.00 margin +121.9  |td| 0.059  eval vs random win 1.00 (+119.5)  vs greedy win 0.03 (-50.5)  [1038s]
 16000 games  eps 0.020  train win 1.00 margin +125.5  |td| 0.054  eval vs random win 1.00 (+129.9)  vs greedy win 0.05 (-40.6)  [1082s]
 16500 games  eps 0.020  train win 1.00 margin +116.2  |td| 0.053  eval vs random win 1.00 (+116.1)  vs greedy win 0.02 (-62.5)  [1118s]
 17000 games  eps 0.020  train win 1.00 margin +120.4  |td| 0.058  eval vs random win 1.00 (+129.8)  vs greedy win 0.05 (-43.5)  [1152s]
 17500 games  eps 0.020  train win 1.00 margin +121.8  |td| 0.057  eval vs random win 0.99 (+117.4)  vs greedy win 0.01 (-66.3)  [1184s]
 18000 games  eps 0.020  train win 0.99 margin +120.7  |td| 0.063  eval vs random win 0.99 (+105.3)  vs greedy win 0.02 (-65.3)  [1217s]
 18500 games  eps 0.020  train win 1.00 margin +115.7  |td| 0.056  eval vs random win 1.00 (+113.8)  vs greedy win 0.00 (-57.5)  [1257s]
 19000 games  eps 0.020  train win 1.00 margin +115.3  |td| 0.054  eval vs random win 1.00 (+118.8)  vs greedy win 0.06 (-50.1)  [1292s]
 19500 games  eps 0.020  train win 1.00 margin +117.9  |td| 0.052  eval vs random win 1.00 (+122.5)  vs greedy win 0.05 (-47.7)  [1323s]
 20000 games  eps 0.020  train win 1.00 margin +131.3  |td| 0.051  eval vs random win 1.00 (+143.0)  vs greedy win 0.13 (-31.2)  [1349s]
 20500 games  eps 0.020  train win 1.00 margin +133.7  |td| 0.051  eval vs random win 1.00 (+144.5)  vs greedy win 0.28 (-20.0)  [1373s]
 21000 games  eps 0.020  train win 0.99 margin +130.3  |td| 0.059  eval vs random win 1.00 (+115.6)  vs greedy win 0.32 (-13.8)  [1398s]
 21500 games  eps 0.020  train win 1.00 margin +125.1  |td| 0.057  eval vs random win 1.00 (+133.5)  vs greedy win 0.36 (-11.6)  [1423s]
 22000 games  eps 0.020  train win 1.00 margin +144.9  |td| 0.047  eval vs random win 1.00 (+147.8)  vs greedy win 0.40 (-6.1)  [1448s]
 22500 games  eps 0.020  train win 1.00 margin +151.0  |td| 0.049  eval vs random win 1.00 (+142.7)  vs greedy win 0.55 (-0.8)  [1472s]
 23000 games  eps 0.020  train win 0.99 margin +143.7  |td| 0.056  eval vs random win 1.00 (+139.1)  vs greedy win 0.55 (+4.9)  [1498s]
 23500 games  eps 0.020  train win 1.00 margin +138.4  |td| 0.054  eval vs random win 1.00 (+130.3)  vs greedy win 0.44 (-0.0)  [1523s]
 24000 games  eps 0.020  train win 1.00 margin +138.6  |td| 0.051  eval vs random win 1.00 (+147.3)  vs greedy win 0.46 (-1.1)  [1548s]
 24500 games  eps 0.020  train win 1.00 margin +149.8  |td| 0.045  eval vs random win 1.00 (+154.7)  vs greedy win 0.43 (-6.4)  [1572s]
 25000 games  eps 0.020  train win 1.00 margin +149.1  |td| 0.048  eval vs random win 1.00 (+148.7)  vs greedy win 0.22 (-17.1)  [1597s]
 25500 games  eps 0.020  train win 1.00 margin +139.6  |td| 0.051  eval vs random win 1.00 (+137.3)  vs greedy win 0.42 (-3.0)  [1622s]
 26000 games  eps 0.020  train win 1.00 margin +133.0  |td| 0.057  eval vs random win 1.00 (+135.3)  vs greedy win 0.35 (-6.8)  [1647s]
 26500 games  eps 0.020  train win 1.00 margin +145.6  |td| 0.048  eval vs random win 1.00 (+158.1)  vs greedy win 0.54 (+4.2)  [1672s]
 27000 games  eps 0.020  train win 1.00 margin +144.8  |td| 0.047  eval vs random win 1.00 (+151.5)  vs greedy win 0.30 (-17.9)  [1696s]
 27500 games  eps 0.020  train win 0.99 margin +132.5  |td| 0.058  eval vs random win 0.99 (+124.6)  vs greedy win 0.25 (-24.7)  [1721s]
 28000 games  eps 0.020  train win 1.00 margin +137.6  |td| 0.048  eval vs random win 1.00 (+148.3)  vs greedy win 0.49 (-2.7)  [1745s]
 28500 games  eps 0.020  train win 1.00 margin +141.4  |td| 0.047  eval vs random win 1.00 (+149.1)  vs greedy win 0.28 (-17.9)  [1769s]
 29000 games  eps 0.020  train win 1.00 margin +140.6  |td| 0.052  eval vs random win 1.00 (+146.7)  vs greedy win 0.60 (+9.6)  [1794s]
 29500 games  eps 0.020  train win 1.00 margin +130.9  |td| 0.052  eval vs random win 1.00 (+121.5)  vs greedy win 0.14 (-35.6)  [1820s]
 30000 games  eps 0.020  train win 1.00 margin +140.0  |td| 0.049  eval vs random win 1.00 (+145.7)  vs greedy win 0.24 (-16.8)  [1845s]
saved runs\linear\pass7\p7b_sarsa_lam98_random_s0.json  (ttr-dash runs\linear\pass7\p7b_sarsa_lam98_random_s0.json to analyze)
