training sarsa vs random: 30000 games, alpha 0.2, epsilon 0.2 -> 0.02, reward margin; lam 0.98, average 100
(best checkpoint kept by margin vs greedy; play it as linear:runs\linear\pass7\p7b_sarsa_lam98_random_s2.json@best)
live: runs\linear\pass7\p7b_sarsa_lam98_random_s2.json rewritten every 500 games (watch with ttr-dash --live runs\linear\pass7\p7b_sarsa_lam98_random_s2.json)
   500 games  eps 0.110  train win 0.98 margin +106.5  |td| 0.036  eval vs random win 1.00 (+125.1)  vs greedy win 0.14 (-36.5)  [33s]
  1000 games  eps 0.020  train win 1.00 margin +119.8  |td| 0.025  eval vs random win 1.00 (+133.1)  vs greedy win 0.16 (-25.2)  [75s]
  1500 games  eps 0.020  train win 1.00 margin +139.6  |td| 0.025  eval vs random win 1.00 (+140.0)  vs greedy win 0.26 (-14.5)  [112s]
  2000 games  eps 0.020  train win 1.00 margin +137.5  |td| 0.034  eval vs random win 1.00 (+138.8)  vs greedy win 0.27 (-13.8)  [153s]
  2500 games  eps 0.020  train win 1.00 margin +151.8  |td| 0.027  eval vs random win 1.00 (+139.4)  vs greedy win 0.44 (-2.5)  [189s]
  3000 games  eps 0.020  train win 1.00 margin +143.7  |td| 0.028  eval vs random win 1.00 (+145.4)  vs greedy win 0.27 (-15.7)  [222s]
  3500 games  eps 0.020  train win 1.00 margin +142.8  |td| 0.041  eval vs random win 1.00 (+154.0)  vs greedy win 0.34 (-8.2)  [256s]
  4000 games  eps 0.020  train win 1.00 margin +139.7  |td| 0.042  eval vs random win 1.00 (+136.7)  vs greedy win 0.44 (-2.2)  [294s]
  4500 games  eps 0.020  train win 1.00 margin +146.4  |td| 0.036  eval vs random win 1.00 (+164.1)  vs greedy win 0.51 (-1.0)  [327s]
  5000 games  eps 0.020  train win 1.00 margin +155.7  |td| 0.032  eval vs random win 1.00 (+150.3)  vs greedy win 0.27 (-13.5)  [356s]
  5500 games  eps 0.020  train win 1.00 margin +161.8  |td| 0.033  eval vs random win 1.00 (+161.9)  vs greedy win 0.44 (-4.5)  [382s]
  6000 games  eps 0.020  train win 1.00 margin +149.1  |td| 0.037  eval vs random win 1.00 (+146.3)  vs greedy win 0.36 (-9.9)  [409s]
  6500 games  eps 0.020  train win 1.00 margin +151.1  |td| 0.039  eval vs random win 1.00 (+150.9)  vs greedy win 0.48 (+2.4)  [436s]
  7000 games  eps 0.020  train win 1.00 margin +145.7  |td| 0.047  eval vs random win 1.00 (+141.3)  vs greedy win 0.47 (-2.8)  [464s]
  7500 games  eps 0.020  train win 1.00 margin +134.2  |td| 0.045  eval vs random win 1.00 (+136.9)  vs greedy win 0.33 (-11.1)  [490s]
  8000 games  eps 0.020  train win 0.99 margin +139.0  |td| 0.043  eval vs random win 1.00 (+150.2)  vs greedy win 0.41 (-10.8)  [515s]
  8500 games  eps 0.020  train win 1.00 margin +142.0  |td| 0.041  eval vs random win 1.00 (+146.8)  vs greedy win 0.37 (-9.5)  [539s]
  9000 games  eps 0.020  train win 1.00 margin +145.8  |td| 0.041  eval vs random win 1.00 (+146.4)  vs greedy win 0.27 (-18.9)  [563s]
  9500 games  eps 0.020  train win 1.00 margin +143.8  |td| 0.046  eval vs random win 1.00 (+133.3)  vs greedy win 0.30 (-16.4)  [589s]
 10000 games  eps 0.020  train win 1.00 margin +139.7  |td| 0.047  eval vs random win 1.00 (+150.0)  vs greedy win 0.43 (-7.1)  [618s]
 10500 games  eps 0.020  train win 1.00 margin +140.9  |td| 0.045  eval vs random win 1.00 (+141.2)  vs greedy win 0.38 (-13.6)  [656s]
 11000 games  eps 0.020  train win 1.00 margin +142.7  |td| 0.046  eval vs random win 1.00 (+147.5)  vs greedy win 0.41 (-9.2)  [694s]
 11500 games  eps 0.020  train win 1.00 margin +144.2  |td| 0.045  eval vs random win 1.00 (+150.3)  vs greedy win 0.36 (-13.8)  [728s]
 12000 games  eps 0.020  train win 1.00 margin +137.6  |td| 0.047  eval vs random win 1.00 (+137.9)  vs greedy win 0.37 (-13.9)  [760s]
 12500 games  eps 0.020  train win 1.00 margin +145.2  |td| 0.046  eval vs random win 1.00 (+148.2)  vs greedy win 0.44 (-5.0)  [801s]
 13000 games  eps 0.020  train win 1.00 margin +140.3  |td| 0.048  eval vs random win 1.00 (+147.1)  vs greedy win 0.30 (-14.1)  [837s]
 13500 games  eps 0.020  train win 1.00 margin +134.1  |td| 0.047  eval vs random win 1.00 (+133.2)  vs greedy win 0.16 (-32.3)  [878s]
 14000 games  eps 0.020  train win 1.00 margin +150.3  |td| 0.044  eval vs random win 1.00 (+153.0)  vs greedy win 0.44 (-4.8)  [920s]
 14500 games  eps 0.020  train win 1.00 margin +147.8  |td| 0.041  eval vs random win 1.00 (+154.9)  vs greedy win 0.32 (-14.6)  [964s]
 15000 games  eps 0.020  train win 1.00 margin +147.8  |td| 0.042  eval vs random win 1.00 (+156.8)  vs greedy win 0.33 (-6.0)  [1005s]
 15500 games  eps 0.020  train win 1.00 margin +143.9  |td| 0.045  eval vs random win 1.00 (+132.2)  vs greedy win 0.20 (-30.8)  [1042s]
 16000 games  eps 0.020  train win 1.00 margin +139.0  |td| 0.051  eval vs random win 1.00 (+136.1)  vs greedy win 0.32 (-12.7)  [1082s]
 16500 games  eps 0.020  train win 1.00 margin +133.4  |td| 0.051  eval vs random win 1.00 (+145.3)  vs greedy win 0.48 (+1.1)  [1123s]
 17000 games  eps 0.020  train win 1.00 margin +135.8  |td| 0.052  eval vs random win 1.00 (+143.8)  vs greedy win 0.29 (-19.5)  [1154s]
 17500 games  eps 0.020  train win 1.00 margin +131.7  |td| 0.052  eval vs random win 1.00 (+124.7)  vs greedy win 0.22 (-21.2)  [1194s]
 18000 games  eps 0.020  train win 1.00 margin +125.5  |td| 0.055  eval vs random win 1.00 (+125.5)  vs greedy win 0.26 (-21.6)  [1236s]
 18500 games  eps 0.020  train win 1.00 margin +126.4  |td| 0.053  eval vs random win 1.00 (+123.2)  vs greedy win 0.21 (-23.4)  [1267s]
 19000 games  eps 0.020  train win 1.00 margin +125.2  |td| 0.051  eval vs random win 1.00 (+124.6)  vs greedy win 0.13 (-33.9)  [1306s]
 19500 games  eps 0.020  train win 1.00 margin +118.7  |td| 0.051  eval vs random win 1.00 (+116.1)  vs greedy win 0.03 (-50.6)  [1336s]
 20000 games  eps 0.020  train win 1.00 margin +128.5  |td| 0.050  eval vs random win 1.00 (+130.3)  vs greedy win 0.13 (-40.6)  [1360s]
 20500 games  eps 0.020  train win 1.00 margin +137.0  |td| 0.047  eval vs random win 1.00 (+154.6)  vs greedy win 0.22 (-27.8)  [1383s]
 21000 games  eps 0.020  train win 1.00 margin +137.7  |td| 0.045  eval vs random win 1.00 (+141.5)  vs greedy win 0.23 (-19.9)  [1406s]
 21500 games  eps 0.020  train win 1.00 margin +150.0  |td| 0.045  eval vs random win 1.00 (+152.2)  vs greedy win 0.37 (-11.3)  [1429s]
 22000 games  eps 0.020  train win 0.99 margin +140.2  |td| 0.045  eval vs random win 1.00 (+143.3)  vs greedy win 0.41 (-4.6)  [1454s]
 22500 games  eps 0.020  train win 1.00 margin +144.8  |td| 0.046  eval vs random win 1.00 (+150.7)  vs greedy win 0.41 (-10.8)  [1479s]
 23000 games  eps 0.020  train win 1.00 margin +143.0  |td| 0.051  eval vs random win 1.00 (+155.3)  vs greedy win 0.26 (-15.4)  [1504s]
 23500 games  eps 0.020  train win 1.00 margin +142.9  |td| 0.049  eval vs random win 1.00 (+143.3)  vs greedy win 0.49 (+2.7)  [1529s]
 24000 games  eps 0.020  train win 1.00 margin +129.2  |td| 0.052  eval vs random win 1.00 (+133.7)  vs greedy win 0.22 (-23.2)  [1552s]
 24500 games  eps 0.020  train win 1.00 margin +147.8  |td| 0.054  eval vs random win 1.00 (+154.1)  vs greedy win 0.61 (+5.6)  [1576s]
 25000 games  eps 0.020  train win 1.00 margin +138.9  |td| 0.055  eval vs random win 1.00 (+147.1)  vs greedy win 0.49 (-1.5)  [1600s]
 25500 games  eps 0.020  train win 1.00 margin +129.3  |td| 0.056  eval vs random win 1.00 (+133.3)  vs greedy win 0.35 (-8.8)  [1624s]
 26000 games  eps 0.020  train win 1.00 margin +125.1  |td| 0.053  eval vs random win 1.00 (+128.2)  vs greedy win 0.18 (-29.7)  [1647s]
 26500 games  eps 0.020  train win 1.00 margin +137.1  |td| 0.054  eval vs random win 1.00 (+141.3)  vs greedy win 0.16 (-26.0)  [1670s]
 27000 games  eps 0.020  train win 1.00 margin +141.2  |td| 0.050  eval vs random win 1.00 (+142.8)  vs greedy win 0.29 (-18.2)  [1694s]
 27500 games  eps 0.020  train win 1.00 margin +138.4  |td| 0.050  eval vs random win 1.00 (+141.8)  vs greedy win 0.29 (-14.7)  [1716s]
 28000 games  eps 0.020  train win 1.00 margin +139.5  |td| 0.050  eval vs random win 1.00 (+133.2)  vs greedy win 0.25 (-26.4)  [1738s]
 28500 games  eps 0.020  train win 1.00 margin +140.5  |td| 0.048  eval vs random win 1.00 (+141.3)  vs greedy win 0.31 (-13.8)  [1760s]
 29000 games  eps 0.020  train win 1.00 margin +143.0  |td| 0.049  eval vs random win 1.00 (+150.2)  vs greedy win 0.45 (-7.1)  [1783s]
 29500 games  eps 0.020  train win 1.00 margin +144.5  |td| 0.050  eval vs random win 1.00 (+145.6)  vs greedy win 0.43 (-8.7)  [1806s]
 30000 games  eps 0.020  train win 1.00 margin +138.7  |td| 0.052  eval vs random win 1.00 (+148.8)  vs greedy win 0.41 (-7.5)  [1830s]
saved runs\linear\pass7\p7b_sarsa_lam98_random_s2.json  (ttr-dash runs\linear\pass7\p7b_sarsa_lam98_random_s2.json to analyze)
