training sarsa vs random: 30000 games, alpha 0.2, epsilon 0.2 -> 0.02, reward margin; lam 0.98, average 100
(best checkpoint kept by margin vs greedy; play it as linear:runs\linear\pass7\p7b_sarsa_lam98_random_s1.json@best)
live: runs\linear\pass7\p7b_sarsa_lam98_random_s1.json rewritten every 500 games (watch with ttr-dash --live runs\linear\pass7\p7b_sarsa_lam98_random_s1.json)
   500 games  eps 0.110  train win 0.97 margin +106.8  |td| 0.044  eval vs random win 1.00 (+146.5)  vs greedy win 0.02 (-42.7)  [30s]
  1000 games  eps 0.020  train win 1.00 margin +127.0  |td| 0.035  eval vs random win 0.99 (+134.8)  vs greedy win 0.11 (-35.3)  [71s]
  1500 games  eps 0.020  train win 1.00 margin +128.5  |td| 0.044  eval vs random win 1.00 (+136.6)  vs greedy win 0.50 (-1.5)  [111s]
  2000 games  eps 0.020  train win 1.00 margin +126.1  |td| 0.038  eval vs random win 1.00 (+114.0)  vs greedy win 0.19 (-24.4)  [146s]
  2500 games  eps 0.020  train win 1.00 margin +123.0  |td| 0.035  eval vs random win 1.00 (+117.0)  vs greedy win 0.16 (-31.2)  [178s]
  3000 games  eps 0.020  train win 1.00 margin +125.6  |td| 0.038  eval vs random win 1.00 (+119.2)  vs greedy win 0.24 (-20.4)  [211s]
  3500 games  eps 0.020  train win 1.00 margin +132.3  |td| 0.041  eval vs random win 1.00 (+126.3)  vs greedy win 0.36 (-8.0)  [244s]
  4000 games  eps 0.020  train win 1.00 margin +139.6  |td| 0.038  eval vs random win 1.00 (+141.5)  vs greedy win 0.44 (-2.6)  [275s]
  4500 games  eps 0.020  train win 1.00 margin +140.5  |td| 0.037  eval vs random win 1.00 (+142.1)  vs greedy win 0.41 (-9.8)  [305s]
  5000 games  eps 0.020  train win 1.00 margin +148.1  |td| 0.044  eval vs random win 1.00 (+143.5)  vs greedy win 0.46 (-0.4)  [335s]
  5500 games  eps 0.020  train win 1.00 margin +143.8  |td| 0.037  eval vs random win 1.00 (+139.9)  vs greedy win 0.28 (-20.5)  [363s]
  6000 games  eps 0.020  train win 1.00 margin +144.8  |td| 0.044  eval vs random win 1.00 (+142.6)  vs greedy win 0.42 (-5.0)  [391s]
  6500 games  eps 0.020  train win 1.00 margin +137.1  |td| 0.042  eval vs random win 1.00 (+138.3)  vs greedy win 0.38 (-13.8)  [417s]
  7000 games  eps 0.020  train win 1.00 margin +157.4  |td| 0.038  eval vs random win 1.00 (+161.4)  vs greedy win 0.40 (-2.3)  [442s]
  7500 games  eps 0.020  train win 1.00 margin +158.4  |td| 0.038  eval vs random win 1.00 (+158.9)  vs greedy win 0.42 (-8.1)  [468s]
  8000 games  eps 0.020  train win 1.00 margin +156.5  |td| 0.039  eval vs random win 1.00 (+159.2)  vs greedy win 0.55 (+3.3)  [493s]
  8500 games  eps 0.020  train win 1.00 margin +157.0  |td| 0.038  eval vs random win 1.00 (+157.4)  vs greedy win 0.40 (-3.9)  [518s]
  9000 games  eps 0.020  train win 1.00 margin +152.1  |td| 0.041  eval vs random win 1.00 (+154.4)  vs greedy win 0.31 (-13.0)  [544s]
  9500 games  eps 0.020  train win 1.00 margin +141.6  |td| 0.049  eval vs random win 1.00 (+130.0)  vs greedy win 0.31 (-10.1)  [571s]
 10000 games  eps 0.020  train win 1.00 margin +139.1  |td| 0.051  eval vs random win 1.00 (+150.1)  vs greedy win 0.36 (-7.9)  [601s]
 10500 games  eps 0.020  train win 1.00 margin +149.8  |td| 0.046  eval vs random win 1.00 (+146.8)  vs greedy win 0.47 (-0.8)  [638s]
 11000 games  eps 0.020  train win 1.00 margin +141.5  |td| 0.048  eval vs random win 1.00 (+153.2)  vs greedy win 0.35 (-8.0)  [672s]
 11500 games  eps 0.020  train win 1.00 margin +136.3  |td| 0.048  eval vs random win 1.00 (+150.9)  vs greedy win 0.42 (-10.1)  [707s]
 12000 games  eps 0.020  train win 1.00 margin +144.2  |td| 0.057  eval vs random win 1.00 (+148.5)  vs greedy win 0.40 (-7.5)  [744s]
 12500 games  eps 0.020  train win 1.00 margin +143.1  |td| 0.055  eval vs random win 1.00 (+150.6)  vs greedy win 0.29 (-10.9)  [779s]
 13000 games  eps 0.020  train win 1.00 margin +141.6  |td| 0.051  eval vs random win 1.00 (+144.8)  vs greedy win 0.24 (-23.1)  [809s]
 13500 games  eps 0.020  train win 1.00 margin +147.6  |td| 0.051  eval vs random win 1.00 (+148.7)  vs greedy win 0.38 (-14.6)  [846s]
 14000 games  eps 0.020  train win 1.00 margin +149.6  |td| 0.053  eval vs random win 1.00 (+154.7)  vs greedy win 0.37 (-7.7)  [880s]
 14500 games  eps 0.020  train win 1.00 margin +140.6  |td| 0.054  eval vs random win 1.00 (+154.0)  vs greedy win 0.41 (-9.0)  [912s]
 15000 games  eps 0.020  train win 1.00 margin +135.7  |td| 0.050  eval vs random win 1.00 (+139.5)  vs greedy win 0.22 (-24.7)  [952s]
 15500 games  eps 0.020  train win 0.99 margin +132.4  |td| 0.052  eval vs random win 1.00 (+139.8)  vs greedy win 0.13 (-33.8)  [991s]
 16000 games  eps 0.020  train win 1.00 margin +146.7  |td| 0.050  eval vs random win 1.00 (+149.4)  vs greedy win 0.39 (-8.9)  [1020s]
 16500 games  eps 0.020  train win 1.00 margin +136.9  |td| 0.059  eval vs random win 1.00 (+147.2)  vs greedy win 0.43 (-8.1)  [1058s]
 17000 games  eps 0.020  train win 1.00 margin +144.9  |td| 0.065  eval vs random win 1.00 (+155.6)  vs greedy win 0.50 (+0.7)  [1106s]
 17500 games  eps 0.020  train win 1.00 margin +139.9  |td| 0.060  eval vs random win 1.00 (+143.3)  vs greedy win 0.41 (-4.5)  [1151s]
 18000 games  eps 0.020  train win 1.00 margin +140.3  |td| 0.062  eval vs random win 1.00 (+141.6)  vs greedy win 0.56 (+5.1)  [1198s]
 18500 games  eps 0.020  train win 1.00 margin +146.5  |td| 0.058  eval vs random win 1.00 (+144.5)  vs greedy win 0.72 (+11.4)  [1242s]
 19000 games  eps 0.020  train win 1.00 margin +150.3  |td| 0.060  eval vs random win 1.00 (+150.8)  vs greedy win 0.61 (+8.4)  [1290s]
 19500 games  eps 0.020  train win 1.00 margin +148.8  |td| 0.063  eval vs random win 1.00 (+160.2)  vs greedy win 0.62 (+7.9)  [1326s]
 20000 games  eps 0.020  train win 1.00 margin +156.7  |td| 0.055  eval vs random win 1.00 (+152.5)  vs greedy win 0.56 (+4.7)  [1353s]
 20500 games  eps 0.020  train win 1.00 margin +144.1  |td| 0.051  eval vs random win 1.00 (+145.8)  vs greedy win 0.27 (-18.6)  [1378s]
 21000 games  eps 0.020  train win 0.99 margin +138.0  |td| 0.051  eval vs random win 1.00 (+140.7)  vs greedy win 0.37 (-11.3)  [1401s]
 21500 games  eps 0.020  train win 1.00 margin +144.2  |td| 0.049  eval vs random win 1.00 (+150.8)  vs greedy win 0.48 (-4.3)  [1424s]
 22000 games  eps 0.020  train win 1.00 margin +134.9  |td| 0.059  eval vs random win 1.00 (+140.9)  vs greedy win 0.39 (-9.0)  [1448s]
 22500 games  eps 0.020  train win 1.00 margin +139.5  |td| 0.063  eval vs random win 1.00 (+136.9)  vs greedy win 0.32 (-9.8)  [1471s]
 23000 games  eps 0.020  train win 1.00 margin +136.9  |td| 0.064  eval vs random win 1.00 (+137.8)  vs greedy win 0.39 (-7.8)  [1495s]
 23500 games  eps 0.020  train win 1.00 margin +139.3  |td| 0.055  eval vs random win 1.00 (+150.4)  vs greedy win 0.39 (-8.8)  [1520s]
 24000 games  eps 0.020  train win 1.00 margin +143.9  |td| 0.051  eval vs random win 1.00 (+144.1)  vs greedy win 0.47 (-3.0)  [1543s]
 24500 games  eps 0.020  train win 1.00 margin +135.5  |td| 0.050  eval vs random win 1.00 (+131.1)  vs greedy win 0.36 (-12.0)  [1567s]
 25000 games  eps 0.020  train win 1.00 margin +133.0  |td| 0.058  eval vs random win 1.00 (+141.2)  vs greedy win 0.29 (-15.9)  [1591s]
 25500 games  eps 0.020  train win 1.00 margin +132.4  |td| 0.052  eval vs random win 1.00 (+128.2)  vs greedy win 0.29 (-17.5)  [1615s]
 26000 games  eps 0.020  train win 1.00 margin +133.6  |td| 0.062  eval vs random win 1.00 (+136.5)  vs greedy win 0.39 (-7.4)  [1640s]
 26500 games  eps 0.020  train win 1.00 margin +134.4  |td| 0.060  eval vs random win 1.00 (+151.5)  vs greedy win 0.38 (-8.7)  [1664s]
 27000 games  eps 0.020  train win 1.00 margin +146.0  |td| 0.056  eval vs random win 1.00 (+148.0)  vs greedy win 0.41 (-4.2)  [1690s]
 27500 games  eps 0.020  train win 1.00 margin +141.3  |td| 0.056  eval vs random win 1.00 (+146.0)  vs greedy win 0.51 (+2.3)  [1715s]
 28000 games  eps 0.020  train win 1.00 margin +142.6  |td| 0.055  eval vs random win 1.00 (+140.8)  vs greedy win 0.40 (-7.7)  [1740s]
 28500 games  eps 0.020  train win 0.99 margin +135.6  |td| 0.051  eval vs random win 1.00 (+148.2)  vs greedy win 0.40 (-7.1)  [1764s]
 29000 games  eps 0.020  train win 1.00 margin +142.8  |td| 0.055  eval vs random win 0.99 (+144.5)  vs greedy win 0.46 (-4.1)  [1788s]
 29500 games  eps 0.020  train win 1.00 margin +132.1  |td| 0.065  eval vs random win 1.00 (+127.8)  vs greedy win 0.25 (-23.7)  [1812s]
 30000 games  eps 0.020  train win 1.00 margin +131.4  |td| 0.059  eval vs random win 1.00 (+131.9)  vs greedy win 0.47 (-3.3)  [1838s]
saved runs\linear\pass7\p7b_sarsa_lam98_random_s1.json  (ttr-dash runs\linear\pass7\p7b_sarsa_lam98_random_s1.json to analyze)
