training sarsa vs random: 30000 games, alpha 0.2, epsilon 0.2 -> 0.02, reward margin; lam 0.98, average 100
(best checkpoint kept by margin vs greedy; play it as linear:runs\linear\pass7\p7b_sarsa_lam98_random_s3.json@best)
live: runs\linear\pass7\p7b_sarsa_lam98_random_s3.json rewritten every 500 games (watch with ttr-dash --live runs\linear\pass7\p7b_sarsa_lam98_random_s3.json)
   500 games  eps 0.110  train win 0.94 margin  +91.1  |td| 0.037  eval vs random win 1.00 (+118.0)  vs greedy win 0.02 (-61.7)  [25s]
  1000 games  eps 0.020  train win 0.99 margin +115.3  |td| 0.026  eval vs random win 1.00 (+134.8)  vs greedy win 0.08 (-37.6)  [57s]
  1500 games  eps 0.020  train win 1.00 margin +115.0  |td| 0.036  eval vs random win 1.00 (+117.2)  vs greedy win 0.11 (-37.0)  [83s]
  2000 games  eps 0.020  train win 1.00 margin +117.8  |td| 0.033  eval vs random win 0.99 (+122.7)  vs greedy win 0.00 (-72.5)  [108s]
  2500 games  eps 0.020  train win 1.00 margin +117.2  |td| 0.038  eval vs random win 1.00 (+120.5)  vs greedy win 0.01 (-64.0)  [133s]
  3000 games  eps 0.020  train win 0.99 margin +120.2  |td| 0.038  eval vs random win 1.00 (+127.2)  vs greedy win 0.00 (-67.5)  [159s]
  3500 games  eps 0.020  train win 0.99 margin +112.0  |td| 0.033  eval vs random win 1.00 (+114.7)  vs greedy win 0.16 (-32.3)  [185s]
  4000 games  eps 0.020  train win 0.99 margin +130.4  |td| 0.051  eval vs random win 1.00 (+117.7)  vs greedy win 0.29 (-16.0)  [213s]
  4500 games  eps 0.020  train win 1.00 margin +119.3  |td| 0.038  eval vs random win 1.00 (+131.1)  vs greedy win 0.03 (-39.8)  [239s]
  5000 games  eps 0.020  train win 1.00 margin +129.1  |td| 0.036  eval vs random win 1.00 (+130.3)  vs greedy win 0.30 (-15.7)  [267s]
  5500 games  eps 0.020  train win 1.00 margin +125.8  |td| 0.036  eval vs random win 1.00 (+134.6)  vs greedy win 0.12 (-28.4)  [290s]
  6000 games  eps 0.020  train win 1.00 margin +138.7  |td| 0.037  eval vs random win 1.00 (+137.9)  vs greedy win 0.23 (-19.7)  [313s]
  6500 games  eps 0.020  train win 1.00 margin +138.5  |td| 0.042  eval vs random win 1.00 (+145.9)  vs greedy win 0.50 (+2.0)  [338s]
  7000 games  eps 0.020  train win 1.00 margin +132.5  |td| 0.039  eval vs random win 1.00 (+148.7)  vs greedy win 0.52 (-0.5)  [360s]
  7500 games  eps 0.020  train win 1.00 margin +144.8  |td| 0.036  eval vs random win 1.00 (+152.2)  vs greedy win 0.45 (-4.0)  [383s]
  8000 games  eps 0.020  train win 1.00 margin +142.4  |td| 0.043  eval vs random win 1.00 (+137.2)  vs greedy win 0.56 (-0.8)  [405s]
  8500 games  eps 0.020  train win 1.00 margin +132.5  |td| 0.051  eval vs random win 1.00 (+127.7)  vs greedy win 0.62 (+8.1)  [427s]
  9000 games  eps 0.020  train win 1.00 margin +128.3  |td| 0.045  eval vs random win 1.00 (+152.9)  vs greedy win 0.43 (-3.5)  [448s]
  9500 games  eps 0.020  train win 1.00 margin +150.8  |td| 0.040  eval vs random win 1.00 (+147.6)  vs greedy win 0.42 (-3.1)  [467s]
 10000 games  eps 0.020  train win 1.00 margin +150.3  |td| 0.037  eval vs random win 1.00 (+160.9)  vs greedy win 0.51 (+2.7)  [487s]
 10500 games  eps 0.020  train win 1.00 margin +150.0  |td| 0.037  eval vs random win 1.00 (+142.6)  vs greedy win 0.18 (-27.2)  [504s]
 11000 games  eps 0.020  train win 1.00 margin +143.8  |td| 0.043  eval vs random win 1.00 (+148.6)  vs greedy win 0.39 (-7.9)  [521s]
 11500 games  eps 0.020  train win 1.00 margin +144.0  |td| 0.048  eval vs random win 1.00 (+150.2)  vs greedy win 0.77 (+16.9)  [540s]
 12000 games  eps 0.020  train win 1.00 margin +149.2  |td| 0.044  eval vs random win 1.00 (+151.1)  vs greedy win 0.64 (+11.4)  [560s]
 12500 games  eps 0.020  train win 1.00 margin +151.8  |td| 0.040  eval vs random win 1.00 (+154.6)  vs greedy win 0.52 (+2.3)  [578s]
 13000 games  eps 0.020  train win 1.00 margin +135.4  |td| 0.039  eval vs random win 1.00 (+142.7)  vs greedy win 0.14 (-35.7)  [594s]
 13500 games  eps 0.020  train win 1.00 margin +141.6  |td| 0.041  eval vs random win 1.00 (+162.7)  vs greedy win 0.17 (-20.1)  [611s]
 14000 games  eps 0.020  train win 1.00 margin +143.3  |td| 0.049  eval vs random win 1.00 (+152.4)  vs greedy win 0.46 (+1.3)  [627s]
 14500 games  eps 0.020  train win 1.00 margin +137.8  |td| 0.052  eval vs random win 1.00 (+138.5)  vs greedy win 0.49 (-2.6)  [645s]
 15000 games  eps 0.020  train win 1.00 margin +140.4  |td| 0.046  eval vs random win 1.00 (+143.4)  vs greedy win 0.61 (+10.6)  [664s]
 15500 games  eps 0.020  train win 1.00 margin +140.0  |td| 0.043  eval vs random win 1.00 (+151.1)  vs greedy win 0.51 (-0.7)  [682s]
 16000 games  eps 0.020  train win 1.00 margin +143.2  |td| 0.054  eval vs random win 1.00 (+131.9)  vs greedy win 0.36 (-5.8)  [699s]
 16500 games  eps 0.020  train win 1.00 margin +141.4  |td| 0.049  eval vs random win 1.00 (+138.8)  vs greedy win 0.41 (-8.2)  [717s]
 17000 games  eps 0.020  train win 0.99 margin +141.0  |td| 0.046  eval vs random win 1.00 (+144.2)  vs greedy win 0.06 (-34.2)  [735s]
 17500 games  eps 0.020  train win 1.00 margin +146.6  |td| 0.048  eval vs random win 1.00 (+147.2)  vs greedy win 0.22 (-19.7)  [752s]
 18000 games  eps 0.020  train win 1.00 margin +135.2  |td| 0.050  eval vs random win 1.00 (+120.3)  vs greedy win 0.04 (-45.1)  [769s]
 18500 games  eps 0.020  train win 1.00 margin +141.6  |td| 0.056  eval vs random win 1.00 (+144.9)  vs greedy win 0.59 (+5.7)  [786s]
 19000 games  eps 0.020  train win 1.00 margin +133.5  |td| 0.053  eval vs random win 1.00 (+135.9)  vs greedy win 0.18 (-28.4)  [804s]
 19500 games  eps 0.020  train win 1.00 margin +136.6  |td| 0.050  eval vs random win 1.00 (+151.2)  vs greedy win 0.15 (-29.1)  [820s]
 20000 games  eps 0.020  train win 1.00 margin +138.9  |td| 0.060  eval vs random win 1.00 (+135.4)  vs greedy win 0.01 (-59.2)  [837s]
 20500 games  eps 0.020  train win 1.00 margin +136.1  |td| 0.059  eval vs random win 0.99 (+145.5)  vs greedy win 0.07 (-42.9)  [854s]
 21000 games  eps 0.020  train win 1.00 margin +133.6  |td| 0.057  eval vs random win 1.00 (+127.0)  vs greedy win 0.01 (-59.1)  [871s]
 21500 games  eps 0.020  train win 1.00 margin +139.9  |td| 0.060  eval vs random win 1.00 (+149.8)  vs greedy win 0.15 (-30.8)  [888s]
 22000 games  eps 0.020  train win 1.00 margin +132.2  |td| 0.055  eval vs random win 1.00 (+130.9)  vs greedy win 0.03 (-51.8)  [905s]
 22500 games  eps 0.020  train win 1.00 margin +139.9  |td| 0.064  eval vs random win 1.00 (+133.3)  vs greedy win 0.32 (-22.3)  [923s]
 23000 games  eps 0.020  train win 1.00 margin +148.1  |td| 0.056  eval vs random win 1.00 (+162.5)  vs greedy win 0.51 (+0.0)  [941s]
 23500 games  eps 0.020  train win 1.00 margin +154.2  |td| 0.046  eval vs random win 1.00 (+157.0)  vs greedy win 0.56 (+4.2)  [961s]
 24000 games  eps 0.020  train win 0.99 margin +144.0  |td| 0.047  eval vs random win 1.00 (+153.0)  vs greedy win 0.53 (-2.2)  [981s]
 24500 games  eps 0.020  train win 1.00 margin +137.8  |td| 0.047  eval vs random win 1.00 (+146.3)  vs greedy win 0.53 (+0.7)  [1000s]
 25000 games  eps 0.020  train win 1.00 margin +135.3  |td| 0.047  eval vs random win 1.00 (+140.8)  vs greedy win 0.31 (-11.5)  [1019s]
 25500 games  eps 0.020  train win 1.00 margin +135.9  |td| 0.046  eval vs random win 1.00 (+140.9)  vs greedy win 0.41 (-8.8)  [1038s]
 26000 games  eps 0.020  train win 1.00 margin +137.9  |td| 0.046  eval vs random win 1.00 (+144.8)  vs greedy win 0.36 (-7.3)  [1057s]
 26500 games  eps 0.020  train win 1.00 margin +142.1  |td| 0.055  eval vs random win 1.00 (+148.4)  vs greedy win 0.14 (-27.9)  [1077s]
 27000 games  eps 0.020  train win 1.00 margin +139.4  |td| 0.060  eval vs random win 1.00 (+126.1)  vs greedy win 0.06 (-47.3)  [1096s]
 27500 games  eps 0.020  train win 1.00 margin +137.7  |td| 0.062  eval vs random win 1.00 (+140.1)  vs greedy win 0.12 (-32.1)  [1114s]
 28000 games  eps 0.020  train win 1.00 margin +132.4  |td| 0.061  eval vs random win 1.00 (+132.2)  vs greedy win 0.07 (-41.9)  [1132s]
 28500 games  eps 0.020  train win 1.00 margin +138.6  |td| 0.062  eval vs random win 1.00 (+134.5)  vs greedy win 0.07 (-50.0)  [1151s]
 29000 games  eps 0.020  train win 1.00 margin +133.8  |td| 0.061  eval vs random win 1.00 (+141.8)  vs greedy win 0.10 (-39.2)  [1169s]
 29500 games  eps 0.020  train win 1.00 margin +134.5  |td| 0.063  eval vs random win 1.00 (+130.5)  vs greedy win 0.09 (-52.8)  [1187s]
 30000 games  eps 0.020  train win 1.00 margin +135.2  |td| 0.062  eval vs random win 1.00 (+133.9)  vs greedy win 0.11 (-37.3)  [1206s]
saved runs\linear\pass7\p7b_sarsa_lam98_random_s3.json  (ttr-dash runs\linear\pass7\p7b_sarsa_lam98_random_s3.json to analyze)
