training sarsa vs random: 30000 games, alpha 0.2, epsilon 0.2 -> 0.02, reward margin; lam 0.98, average 100
(best checkpoint kept by margin vs greedy; play it as linear:runs\linear\pass7\p7b_sarsa_lam98_random_s4.json@best)
live: runs\linear\pass7\p7b_sarsa_lam98_random_s4.json rewritten every 500 games (watch with ttr-dash --live runs\linear\pass7\p7b_sarsa_lam98_random_s4.json)
   500 games  eps 0.110  train win 0.95 margin  +99.4  |td| 0.042  eval vs random win 1.00 (+148.5)  vs greedy win 0.00 (-50.9)  [28s]
  1000 games  eps 0.020  train win 0.99 margin +113.3  |td| 0.031  eval vs random win 1.00 (+134.2)  vs greedy win 0.01 (-47.2)  [68s]
  1500 games  eps 0.020  train win 1.00 margin +125.0  |td| 0.033  eval vs random win 0.99 (+129.2)  vs greedy win 0.04 (-49.4)  [104s]
  2000 games  eps 0.020  train win 1.00 margin +134.7  |td| 0.036  eval vs random win 1.00 (+121.2)  vs greedy win 0.22 (-17.6)  [136s]
  2500 games  eps 0.020  train win 1.00 margin +133.9  |td| 0.026  eval vs random win 1.00 (+134.3)  vs greedy win 0.06 (-32.9)  [162s]
  3000 games  eps 0.020  train win 1.00 margin +130.2  |td| 0.029  eval vs random win 1.00 (+136.4)  vs greedy win 0.04 (-38.3)  [190s]
  3500 games  eps 0.020  train win 1.00 margin +130.8  |td| 0.034  eval vs random win 1.00 (+120.2)  vs greedy win 0.04 (-42.5)  [216s]
  4000 games  eps 0.020  train win 1.00 margin +120.0  |td| 0.032  eval vs random win 1.00 (+122.7)  vs greedy win 0.04 (-47.8)  [239s]
  4500 games  eps 0.020  train win 1.00 margin +114.7  |td| 0.034  eval vs random win 0.99 (+121.2)  vs greedy win 0.02 (-49.0)  [263s]
  5000 games  eps 0.020  train win 1.00 margin +119.0  |td| 0.035  eval vs random win 0.99 (+115.7)  vs greedy win 0.02 (-46.8)  [287s]
  5500 games  eps 0.020  train win 1.00 margin +121.0  |td| 0.035  eval vs random win 1.00 (+110.8)  vs greedy win 0.02 (-56.5)  [311s]
  6000 games  eps 0.020  train win 1.00 margin +122.9  |td| 0.044  eval vs random win 1.00 (+115.6)  vs greedy win 0.05 (-46.2)  [335s]
  6500 games  eps 0.020  train win 1.00 margin +126.6  |td| 0.041  eval vs random win 1.00 (+129.2)  vs greedy win 0.11 (-39.0)  [358s]
  7000 games  eps 0.020  train win 1.00 margin +122.6  |td| 0.044  eval vs random win 1.00 (+124.1)  vs greedy win 0.01 (-57.0)  [379s]
  7500 games  eps 0.020  train win 1.00 margin +132.9  |td| 0.044  eval vs random win 1.00 (+133.2)  vs greedy win 0.10 (-41.1)  [399s]
  8000 games  eps 0.020  train win 1.00 margin +139.7  |td| 0.041  eval vs random win 1.00 (+142.6)  vs greedy win 0.17 (-31.4)  [415s]
  8500 games  eps 0.020  train win 1.00 margin +156.2  |td| 0.038  eval vs random win 1.00 (+155.4)  vs greedy win 0.31 (-13.9)  [432s]
  9000 games  eps 0.020  train win 1.00 margin +149.7  |td| 0.037  eval vs random win 1.00 (+159.4)  vs greedy win 0.19 (-20.9)  [450s]
  9500 games  eps 0.020  train win 1.00 margin +147.4  |td| 0.043  eval vs random win 1.00 (+128.3)  vs greedy win 0.23 (-26.1)  [469s]
 10000 games  eps 0.020  train win 1.00 margin +131.7  |td| 0.047  eval vs random win 1.00 (+130.5)  vs greedy win 0.08 (-40.5)  [487s]
 10500 games  eps 0.020  train win 1.00 margin +134.6  |td| 0.054  eval vs random win 1.00 (+143.0)  vs greedy win 0.12 (-40.8)  [504s]
 11000 games  eps 0.020  train win 1.00 margin +141.1  |td| 0.052  eval vs random win 1.00 (+150.3)  vs greedy win 0.13 (-29.9)  [521s]
 11500 games  eps 0.020  train win 1.00 margin +130.5  |td| 0.049  eval vs random win 1.00 (+133.1)  vs greedy win 0.03 (-44.2)  [538s]
 12000 games  eps 0.020  train win 1.00 margin +150.3  |td| 0.045  eval vs random win 1.00 (+159.2)  vs greedy win 0.42 (-4.6)  [556s]
 12500 games  eps 0.020  train win 1.00 margin +146.8  |td| 0.041  eval vs random win 1.00 (+139.7)  vs greedy win 0.12 (-31.1)  [575s]
 13000 games  eps 0.020  train win 1.00 margin +132.3  |td| 0.047  eval vs random win 1.00 (+148.6)  vs greedy win 0.21 (-21.2)  [593s]
 13500 games  eps 0.020  train win 1.00 margin +141.4  |td| 0.048  eval vs random win 1.00 (+151.5)  vs greedy win 0.14 (-29.1)  [611s]
 14000 games  eps 0.020  train win 1.00 margin +131.3  |td| 0.052  eval vs random win 1.00 (+146.9)  vs greedy win 0.04 (-43.9)  [628s]
 14500 games  eps 0.020  train win 1.00 margin +139.0  |td| 0.054  eval vs random win 1.00 (+140.2)  vs greedy win 0.17 (-28.6)  [646s]
 15000 games  eps 0.020  train win 1.00 margin +134.0  |td| 0.049  eval vs random win 1.00 (+132.1)  vs greedy win 0.07 (-40.8)  [662s]
 15500 games  eps 0.020  train win 1.00 margin +134.7  |td| 0.055  eval vs random win 1.00 (+140.4)  vs greedy win 0.02 (-51.5)  [679s]
 16000 games  eps 0.020  train win 1.00 margin +133.1  |td| 0.055  eval vs random win 1.00 (+126.5)  vs greedy win 0.02 (-66.3)  [696s]
 16500 games  eps 0.020  train win 0.99 margin +133.3  |td| 0.054  eval vs random win 1.00 (+126.1)  vs greedy win 0.05 (-48.2)  [715s]
 17000 games  eps 0.020  train win 1.00 margin +127.8  |td| 0.049  eval vs random win 1.00 (+148.3)  vs greedy win 0.32 (-14.9)  [733s]
 17500 games  eps 0.020  train win 1.00 margin +145.7  |td| 0.044  eval vs random win 1.00 (+145.4)  vs greedy win 0.12 (-30.2)  [752s]
 18000 games  eps 0.020  train win 1.00 margin +140.8  |td| 0.051  eval vs random win 1.00 (+140.4)  vs greedy win 0.24 (-20.6)  [771s]
 18500 games  eps 0.020  train win 1.00 margin +128.7  |td| 0.058  eval vs random win 1.00 (+126.7)  vs greedy win 0.04 (-58.3)  [789s]
 19000 games  eps 0.020  train win 1.00 margin +127.5  |td| 0.055  eval vs random win 1.00 (+135.1)  vs greedy win 0.05 (-47.7)  [806s]
 19500 games  eps 0.020  train win 1.00 margin +136.5  |td| 0.054  eval vs random win 1.00 (+132.3)  vs greedy win 0.06 (-47.1)  [822s]
 20000 games  eps 0.020  train win 1.00 margin +133.0  |td| 0.050  eval vs random win 1.00 (+138.5)  vs greedy win 0.47 (-4.2)  [839s]
 20500 games  eps 0.020  train win 0.99 margin +135.0  |td| 0.045  eval vs random win 1.00 (+135.3)  vs greedy win 0.32 (-12.2)  [858s]
 21000 games  eps 0.020  train win 1.00 margin +144.9  |td| 0.047  eval vs random win 1.00 (+148.5)  vs greedy win 0.13 (-27.7)  [876s]
 21500 games  eps 0.020  train win 1.00 margin +140.6  |td| 0.045  eval vs random win 1.00 (+147.7)  vs greedy win 0.31 (-15.7)  [894s]
 22000 games  eps 0.020  train win 1.00 margin +142.7  |td| 0.053  eval vs random win 1.00 (+148.0)  vs greedy win 0.27 (-18.2)  [914s]
 22500 games  eps 0.020  train win 1.00 margin +126.2  |td| 0.060  eval vs random win 1.00 (+122.7)  vs greedy win 0.01 (-54.6)  [932s]
 23000 games  eps 0.020  train win 1.00 margin +129.5  |td| 0.062  eval vs random win 1.00 (+125.5)  vs greedy win 0.05 (-55.5)  [951s]
 23500 games  eps 0.020  train win 1.00 margin +129.6  |td| 0.065  eval vs random win 1.00 (+132.2)  vs greedy win 0.07 (-39.3)  [970s]
 24000 games  eps 0.020  train win 1.00 margin +117.4  |td| 0.061  eval vs random win 1.00 (+121.2)  vs greedy win 0.10 (-38.5)  [990s]
 24500 games  eps 0.020  train win 1.00 margin +117.4  |td| 0.058  eval vs random win 1.00 (+123.9)  vs greedy win 0.03 (-48.9)  [1010s]
 25000 games  eps 0.020  train win 1.00 margin +126.7  |td| 0.062  eval vs random win 1.00 (+132.5)  vs greedy win 0.11 (-29.8)  [1030s]
 25500 games  eps 0.020  train win 0.99 margin +122.2  |td| 0.063  eval vs random win 1.00 (+122.0)  vs greedy win 0.31 (-10.7)  [1051s]
 26000 games  eps 0.020  train win 0.99 margin +128.4  |td| 0.044  eval vs random win 1.00 (+141.8)  vs greedy win 0.38 (-6.8)  [1072s]
 26500 games  eps 0.020  train win 1.00 margin +133.0  |td| 0.043  eval vs random win 1.00 (+136.9)  vs greedy win 0.36 (-10.3)  [1092s]
 27000 games  eps 0.020  train win 1.00 margin +140.1  |td| 0.042  eval vs random win 1.00 (+139.0)  vs greedy win 0.45 (-1.2)  [1112s]
 27500 games  eps 0.020  train win 1.00 margin +140.7  |td| 0.043  eval vs random win 1.00 (+150.6)  vs greedy win 0.50 (+0.6)  [1133s]
 28000 games  eps 0.020  train win 1.00 margin +145.0  |td| 0.043  eval vs random win 1.00 (+154.2)  vs greedy win 0.55 (+2.5)  [1153s]
 28500 games  eps 0.020  train win 1.00 margin +150.7  |td| 0.045  eval vs random win 1.00 (+159.1)  vs greedy win 0.41 (-7.2)  [1174s]
 29000 games  eps 0.020  train win 1.00 margin +146.7  |td| 0.054  eval vs random win 1.00 (+152.0)  vs greedy win 0.28 (-14.8)  [1194s]
 29500 games  eps 0.020  train win 1.00 margin +128.9  |td| 0.062  eval vs random win 0.99 (+124.2)  vs greedy win 0.01 (-53.0)  [1212s]
 30000 games  eps 0.020  train win 1.00 margin +125.6  |td| 0.058  eval vs random win 0.99 (+113.0)  vs greedy win 0.01 (-67.6)  [1229s]
saved runs\linear\pass7\p7b_sarsa_lam98_random_s4.json  (ttr-dash runs\linear\pass7\p7b_sarsa_lam98_random_s4.json to analyze)
