training q vs greedy: 30000 games, alpha 0.2, epsilon 0.2 -> 0.02, reward margin; lam 0.98, average 100
(best checkpoint kept by margin vs greedy; play it as linear:runs\linear\pass7\p7c_q_lam98_greedy_s4.json@best)
live: runs\linear\pass7\p7c_q_lam98_greedy_s4.json rewritten every 500 games (watch with ttr-dash --live runs\linear\pass7\p7c_q_lam98_greedy_s4.json)
   500 games  eps 0.110  train win 0.00 margin -179.5  |td| 0.054  eval vs random win 0.98 (+113.7)  vs greedy win 0.00 (-104.9)  [28s]
  1000 games  eps 0.020  train win 0.00 margin -133.9  |td| 0.031  eval vs random win 0.74 (+50.0)  vs greedy win 0.00 (-129.1)  [55s]
  1500 games  eps 0.020  train win 0.00 margin -100.7  |td| 0.022  eval vs random win 0.95 (+104.5)  vs greedy win 0.00 (-98.9)  [84s]
  2000 games  eps 0.020  train win 0.00 margin  -98.3  |td| 0.018  eval vs random win 0.99 (+101.7)  vs greedy win 0.01 (-91.9)  [110s]
  2500 games  eps 0.020  train win 0.01 margin  -84.8  |td| 0.020  eval vs random win 0.99 (+103.1)  vs greedy win 0.02 (-64.6)  [136s]
  3000 games  eps 0.020  train win 0.07 margin  -81.5  |td| 0.028  eval vs random win 0.95 (+88.7)  vs greedy win 0.00 (-112.2)  [166s]
  3500 games  eps 0.020  train win 0.09 margin  -79.3  |td| 0.052  eval vs random win 1.00 (+103.8)  vs greedy win 0.02 (-52.0)  [199s]
  4000 games  eps 0.020  train win 0.00 margin -388.3  |td| 0.059  eval vs random win 0.00 (-193.2)  vs greedy win 0.00 (-398.8)  [252s]
  4500 games  eps 0.020  train win 0.00 margin -398.5  |td| 0.045  eval vs random win 0.00 (-209.5)  vs greedy win 0.00 (-399.9)  [321s]
  5000 games  eps 0.020  train win 0.08 margin -221.8  |td| 0.084  eval vs random win 1.00 (+122.1)  vs greedy win 0.29 (-21.3)  [372s]
  5500 games  eps 0.020  train win 0.05 margin  -52.2  |td| 0.035  eval vs random win 1.00 (+105.1)  vs greedy win 0.07 (-46.0)  [394s]
  6000 games  eps 0.020  train win 0.12 margin  -49.3  |td| 0.036  eval vs random win 1.00 (+120.2)  vs greedy win 0.33 (-15.6)  [416s]
  6500 games  eps 0.020  train win 0.25 margin  -28.1  |td| 0.030  eval vs random win 1.00 (+130.2)  vs greedy win 0.46 (-15.9)  [438s]
  7000 games  eps 0.020  train win 0.29 margin  -20.7  |td| 0.031  eval vs random win 1.00 (+131.2)  vs greedy win 0.37 (-15.4)  [459s]
  7500 games  eps 0.020  train win 0.08 margin  -43.0  |td| 0.028  eval vs random win 1.00 (+128.2)  vs greedy win 0.07 (-39.2)  [479s]
  8000 games  eps 0.020  train win 0.17 margin  -31.1  |td| 0.027  eval vs random win 1.00 (+124.7)  vs greedy win 0.26 (-16.7)  [499s]
  8500 games  eps 0.020  train win 0.23 margin  -22.6  |td| 0.026  eval vs random win 1.00 (+142.2)  vs greedy win 0.40 (-11.3)  [519s]
  9000 games  eps 0.020  train win 0.39 margin   -9.8  |td| 0.022  eval vs random win 1.00 (+141.9)  vs greedy win 0.35 (-12.1)  [541s]
  9500 games  eps 0.020  train win 0.26 margin  -14.9  |td| 0.021  eval vs random win 1.00 (+144.7)  vs greedy win 0.27 (-17.2)  [562s]
 10000 games  eps 0.020  train win 0.37 margin   -9.7  |td| 0.019  eval vs random win 1.00 (+156.4)  vs greedy win 0.54 (+1.4)  [583s]
 10500 games  eps 0.020  train win 0.28 margin  -14.8  |td| 0.020  eval vs random win 1.00 (+142.0)  vs greedy win 0.46 (-3.8)  [605s]
 11000 games  eps 0.020  train win 0.42 margin   -4.7  |td| 0.018  eval vs random win 1.00 (+144.0)  vs greedy win 0.43 (-4.4)  [626s]
 11500 games  eps 0.020  train win 0.40 margin   -7.8  |td| 0.019  eval vs random win 1.00 (+151.5)  vs greedy win 0.38 (-9.3)  [648s]
 12000 games  eps 0.020  train win 0.32 margin  -13.8  |td| 0.021  eval vs random win 1.00 (+143.2)  vs greedy win 0.25 (-18.6)  [669s]
 12500 games  eps 0.020  train win 0.25 margin  -20.1  |td| 0.027  eval vs random win 1.00 (+133.2)  vs greedy win 0.13 (-26.2)  [690s]
 13000 games  eps 0.020  train win 0.30 margin  -28.6  |td| 0.037  eval vs random win 1.00 (+131.5)  vs greedy win 0.49 (+0.3)  [712s]
 13500 games  eps 0.020  train win 0.37 margin  -18.7  |td| 0.033  eval vs random win 1.00 (+139.2)  vs greedy win 0.57 (+5.0)  [735s]
 14000 games  eps 0.020  train win 0.37 margin   -9.5  |td| 0.024  eval vs random win 1.00 (+149.0)  vs greedy win 0.44 (-2.7)  [757s]
 14500 games  eps 0.020  train win 0.14 margin  -36.5  |td| 0.023  eval vs random win 0.99 (+128.1)  vs greedy win 0.14 (-32.1)  [777s]
 15000 games  eps 0.020  train win 0.33 margin  -13.0  |td| 0.023  eval vs random win 1.00 (+153.2)  vs greedy win 0.45 (-4.8)  [798s]
 15500 games  eps 0.020  train win 0.29 margin  -13.6  |td| 0.020  eval vs random win 1.00 (+140.5)  vs greedy win 0.33 (-13.8)  [819s]
 16000 games  eps 0.020  train win 0.39 margin   -5.3  |td| 0.020  eval vs random win 1.00 (+145.6)  vs greedy win 0.46 (-5.7)  [841s]
 16500 games  eps 0.020  train win 0.35 margin  -10.7  |td| 0.018  eval vs random win 1.00 (+144.7)  vs greedy win 0.37 (-9.1)  [862s]
 17000 games  eps 0.020  train win 0.43 margin   -4.6  |td| 0.018  eval vs random win 1.00 (+151.0)  vs greedy win 0.52 (+0.2)  [883s]
 17500 games  eps 0.020  train win 0.49 margin   -1.1  |td| 0.018  eval vs random win 1.00 (+143.9)  vs greedy win 0.57 (+2.5)  [905s]
 18000 games  eps 0.020  train win 0.45 margin   -4.0  |td| 0.018  eval vs random win 1.00 (+144.8)  vs greedy win 0.49 (+0.9)  [927s]
 18500 games  eps 0.020  train win 0.47 margin   -2.3  |td| 0.017  eval vs random win 1.00 (+146.5)  vs greedy win 0.47 (-0.9)  [949s]
 19000 games  eps 0.020  train win 0.42 margin   -5.2  |td| 0.017  eval vs random win 1.00 (+148.7)  vs greedy win 0.63 (+4.0)  [970s]
 19500 games  eps 0.020  train win 0.40 margin   -9.1  |td| 0.019  eval vs random win 1.00 (+145.0)  vs greedy win 0.50 (+0.3)  [992s]
 20000 games  eps 0.020  train win 0.25 margin  -24.5  |td| 0.022  eval vs random win 1.00 (+149.2)  vs greedy win 0.42 (-6.6)  [1012s]
 20500 games  eps 0.020  train win 0.44 margin   -4.6  |td| 0.019  eval vs random win 1.00 (+150.9)  vs greedy win 0.46 (-2.6)  [1031s]
 21000 games  eps 0.020  train win 0.48 margin   -2.3  |td| 0.019  eval vs random win 1.00 (+152.3)  vs greedy win 0.50 (+0.2)  [1050s]
 21500 games  eps 0.020  train win 0.27 margin  -18.4  |td| 0.022  eval vs random win 1.00 (+136.2)  vs greedy win 0.21 (-22.6)  [1070s]
 22000 games  eps 0.020  train win 0.37 margin  -16.0  |td| 0.032  eval vs random win 1.00 (+141.3)  vs greedy win 0.62 (+11.8)  [1091s]
 22500 games  eps 0.020  train win 0.31 margin  -23.4  |td| 0.036  eval vs random win 1.00 (+132.1)  vs greedy win 0.52 (+5.0)  [1113s]
 23000 games  eps 0.020  train win 0.30 margin  -27.5  |td| 0.029  eval vs random win 1.00 (+123.5)  vs greedy win 0.25 (-21.1)  [1135s]
 23500 games  eps 0.020  train win 0.44 margin   -5.3  |td| 0.025  eval vs random win 1.00 (+142.7)  vs greedy win 0.49 (+1.1)  [1158s]
 24000 games  eps 0.020  train win 0.48 margin   -1.3  |td| 0.021  eval vs random win 1.00 (+151.1)  vs greedy win 0.48 (+2.1)  [1178s]
 24500 games  eps 0.020  train win 0.33 margin  -13.9  |td| 0.027  eval vs random win 1.00 (+140.2)  vs greedy win 0.49 (-2.4)  [1199s]
 25000 games  eps 0.020  train win 0.38 margin   -9.2  |td| 0.026  eval vs random win 1.00 (+141.0)  vs greedy win 0.46 (-5.6)  [1220s]
 25500 games  eps 0.020  train win 0.24 margin  -24.0  |td| 0.032  eval vs random win 1.00 (+129.7)  vs greedy win 0.34 (-13.5)  [1240s]
 26000 games  eps 0.020  train win 0.28 margin  -19.9  |td| 0.030  eval vs random win 1.00 (+138.9)  vs greedy win 0.43 (-1.7)  [1261s]
 26500 games  eps 0.020  train win 0.32 margin  -20.2  |td| 0.032  eval vs random win 1.00 (+137.0)  vs greedy win 0.25 (-16.7)  [1282s]
 27000 games  eps 0.020  train win 0.32 margin  -20.9  |td| 0.038  eval vs random win 1.00 (+140.8)  vs greedy win 0.68 (+10.9)  [1302s]
 27500 games  eps 0.020  train win 0.36 margin  -19.4  |td| 0.032  eval vs random win 1.00 (+128.7)  vs greedy win 0.46 (-4.3)  [1321s]
 28000 games  eps 0.020  train win 0.45 margin   -4.6  |td| 0.025  eval vs random win 1.00 (+140.0)  vs greedy win 0.50 (+2.6)  [1339s]
 28500 games  eps 0.020  train win 0.34 margin  -18.9  |td| 0.031  eval vs random win 1.00 (+138.5)  vs greedy win 0.39 (-8.3)  [1358s]
 29000 games  eps 0.020  train win 0.43 margin   -8.4  |td| 0.032  eval vs random win 1.00 (+148.5)  vs greedy win 0.61 (+12.3)  [1377s]
 29500 games  eps 0.020  train win 0.42 margin   -8.3  |td| 0.027  eval vs random win 1.00 (+151.0)  vs greedy win 0.54 (+1.7)  [1395s]
 30000 games  eps 0.020  train win 0.34 margin  -13.3  |td| 0.025  eval vs random win 1.00 (+134.7)  vs greedy win 0.22 (-18.0)  [1413s]
saved runs\linear\pass7\p7c_q_lam98_greedy_s4.json  (ttr-dash runs\linear\pass7\p7c_q_lam98_greedy_s4.json to analyze)
