training q vs greedy: 30000 games, alpha 0.2, epsilon 0.2 -> 0.02, reward margin; lam 0.98, average 100
(best checkpoint kept by margin vs greedy; play it as linear:runs\linear\pass7\p7c_q_lam98_greedy_s3.json@best)
live: runs\linear\pass7\p7c_q_lam98_greedy_s3.json rewritten every 500 games (watch with ttr-dash --live runs\linear\pass7\p7c_q_lam98_greedy_s3.json)
   500 games  eps 0.110  train win 0.00 margin -152.6  |td| 0.041  eval vs random win 1.00 (+115.3)  vs greedy win 0.00 (-98.6)  [27s]
  1000 games  eps 0.020  train win 0.00 margin -101.9  |td| 0.020  eval vs random win 0.98 (+117.5)  vs greedy win 0.00 (-97.6)  [54s]
  1500 games  eps 0.020  train win 0.00 margin  -96.2  |td| 0.016  eval vs random win 0.99 (+113.9)  vs greedy win 0.00 (-93.5)  [82s]
  2000 games  eps 0.020  train win 0.00 margin  -96.6  |td| 0.014  eval vs random win 1.00 (+104.2)  vs greedy win 0.00 (-96.5)  [109s]
  2500 games  eps 0.020  train win 0.08 margin  -56.8  |td| 0.031  eval vs random win 1.00 (+131.1)  vs greedy win 0.11 (-39.1)  [138s]
  3000 games  eps 0.020  train win 0.30 margin  -19.7  |td| 0.038  eval vs random win 1.00 (+139.0)  vs greedy win 0.60 (+5.9)  [167s]
  3500 games  eps 0.020  train win 0.34 margin  -15.9  |td| 0.035  eval vs random win 1.00 (+138.7)  vs greedy win 0.55 (+6.9)  [198s]
  4000 games  eps 0.020  train win 0.39 margin  -11.2  |td| 0.032  eval vs random win 1.00 (+122.2)  vs greedy win 0.51 (-1.1)  [227s]
  4500 games  eps 0.020  train win 0.49 margin   +1.0  |td| 0.025  eval vs random win 1.00 (+145.9)  vs greedy win 0.44 (-3.0)  [256s]
  5000 games  eps 0.020  train win 0.52 margin   +2.9  |td| 0.025  eval vs random win 1.00 (+148.8)  vs greedy win 0.58 (+7.1)  [282s]
  5500 games  eps 0.020  train win 0.45 margin   -5.2  |td| 0.026  eval vs random win 1.00 (+146.2)  vs greedy win 0.48 (+2.8)  [308s]
  6000 games  eps 0.020  train win 0.39 margin  -10.9  |td| 0.026  eval vs random win 1.00 (+150.9)  vs greedy win 0.47 (-2.2)  [333s]
  6500 games  eps 0.020  train win 0.48 margin   -2.2  |td| 0.025  eval vs random win 1.00 (+141.9)  vs greedy win 0.56 (+5.2)  [358s]
  7000 games  eps 0.020  train win 0.44 margin   -4.5  |td| 0.024  eval vs random win 1.00 (+139.7)  vs greedy win 0.46 (-5.9)  [385s]
  7500 games  eps 0.020  train win 0.23 margin  -39.1  |td| 0.032  eval vs random win 1.00 (+127.4)  vs greedy win 0.16 (-46.6)  [410s]
  8000 games  eps 0.020  train win 0.44 margin   -2.8  |td| 0.030  eval vs random win 1.00 (+136.5)  vs greedy win 0.53 (+4.7)  [436s]
  8500 games  eps 0.020  train win 0.53 margin   +2.4  |td| 0.023  eval vs random win 1.00 (+151.7)  vs greedy win 0.68 (+11.7)  [457s]
  9000 games  eps 0.020  train win 0.41 margin   -9.3  |td| 0.030  eval vs random win 1.00 (+134.3)  vs greedy win 0.40 (-3.0)  [479s]
  9500 games  eps 0.020  train win 0.51 margin   -0.5  |td| 0.027  eval vs random win 1.00 (+157.5)  vs greedy win 0.51 (+2.5)  [500s]
 10000 games  eps 0.020  train win 0.54 margin   +2.5  |td| 0.025  eval vs random win 1.00 (+152.1)  vs greedy win 0.46 (-1.0)  [520s]
 10500 games  eps 0.020  train win 0.49 margin   -1.7  |td| 0.027  eval vs random win 1.00 (+143.0)  vs greedy win 0.58 (+2.2)  [541s]
 11000 games  eps 0.020  train win 0.44 margin   -8.3  |td| 0.030  eval vs random win 1.00 (+156.4)  vs greedy win 0.61 (+7.3)  [563s]
 11500 games  eps 0.020  train win 0.60 margin   +7.2  |td| 0.023  eval vs random win 1.00 (+143.9)  vs greedy win 0.56 (+7.5)  [584s]
 12000 games  eps 0.020  train win 0.51 margin   +1.6  |td| 0.025  eval vs random win 1.00 (+155.4)  vs greedy win 0.55 (+4.2)  [605s]
 12500 games  eps 0.020  train win 0.43 margin   -6.0  |td| 0.024  eval vs random win 1.00 (+146.8)  vs greedy win 0.32 (-13.3)  [626s]
 13000 games  eps 0.020  train win 0.44 margin   -4.7  |td| 0.024  eval vs random win 1.00 (+137.5)  vs greedy win 0.62 (+2.8)  [646s]
 13500 games  eps 0.020  train win 0.38 margin  -17.0  |td| 0.026  eval vs random win 1.00 (+129.7)  vs greedy win 0.33 (-20.7)  [667s]
 14000 games  eps 0.020  train win 0.44 margin   -7.9  |td| 0.039  eval vs random win 1.00 (+144.5)  vs greedy win 0.48 (+2.8)  [690s]
 14500 games  eps 0.020  train win 0.44 margin   -6.8  |td| 0.032  eval vs random win 1.00 (+142.6)  vs greedy win 0.48 (+2.4)  [712s]
 15000 games  eps 0.020  train win 0.53 margin   +3.9  |td| 0.024  eval vs random win 1.00 (+156.8)  vs greedy win 0.72 (+16.6)  [733s]
 15500 games  eps 0.020  train win 0.41 margin   -6.6  |td| 0.026  eval vs random win 1.00 (+140.1)  vs greedy win 0.32 (-13.3)  [754s]
 16000 games  eps 0.020  train win 0.40 margin   -8.0  |td| 0.030  eval vs random win 1.00 (+145.2)  vs greedy win 0.36 (-7.8)  [774s]
 16500 games  eps 0.020  train win 0.39 margin   -9.0  |td| 0.025  eval vs random win 1.00 (+142.9)  vs greedy win 0.41 (-5.8)  [795s]
 17000 games  eps 0.020  train win 0.36 margin  -10.8  |td| 0.026  eval vs random win 1.00 (+130.6)  vs greedy win 0.29 (-14.4)  [816s]
 17500 games  eps 0.020  train win 0.42 margin   -6.1  |td| 0.026  eval vs random win 1.00 (+142.6)  vs greedy win 0.44 (-2.6)  [837s]
 18000 games  eps 0.020  train win 0.43 margin   -7.0  |td| 0.028  eval vs random win 1.00 (+133.9)  vs greedy win 0.52 (-1.3)  [858s]
 18500 games  eps 0.020  train win 0.50 margin   -1.4  |td| 0.023  eval vs random win 1.00 (+142.8)  vs greedy win 0.60 (+9.8)  [880s]
 19000 games  eps 0.020  train win 0.47 margin   -1.0  |td| 0.020  eval vs random win 1.00 (+150.2)  vs greedy win 0.48 (-1.1)  [901s]
 19500 games  eps 0.020  train win 0.39 margin   -7.5  |td| 0.023  eval vs random win 1.00 (+152.4)  vs greedy win 0.51 (-0.3)  [922s]
 20000 games  eps 0.020  train win 0.31 margin  -17.0  |td| 0.031  eval vs random win 1.00 (+136.1)  vs greedy win 0.36 (-20.3)  [945s]
 20500 games  eps 0.020  train win 0.42 margin   -9.1  |td| 0.028  eval vs random win 1.00 (+134.9)  vs greedy win 0.60 (+4.8)  [968s]
 21000 games  eps 0.020  train win 0.46 margin   -5.0  |td| 0.021  eval vs random win 1.00 (+146.3)  vs greedy win 0.52 (+2.6)  [990s]
 21500 games  eps 0.020  train win 0.45 margin   -5.1  |td| 0.025  eval vs random win 1.00 (+132.3)  vs greedy win 0.41 (-3.6)  [1012s]
 22000 games  eps 0.020  train win 0.39 margin   -8.5  |td| 0.025  eval vs random win 1.00 (+150.0)  vs greedy win 0.39 (-4.1)  [1034s]
 22500 games  eps 0.020  train win 0.34 margin  -14.4  |td| 0.026  eval vs random win 1.00 (+130.8)  vs greedy win 0.42 (-8.8)  [1059s]
 23000 games  eps 0.020  train win 0.46 margin   -4.9  |td| 0.024  eval vs random win 1.00 (+123.7)  vs greedy win 0.56 (+7.1)  [1083s]
 23500 games  eps 0.020  train win 0.51 margin   -1.2  |td| 0.022  eval vs random win 1.00 (+139.7)  vs greedy win 0.69 (+13.3)  [1106s]
 24000 games  eps 0.020  train win 0.39 margin  -10.9  |td| 0.025  eval vs random win 1.00 (+144.1)  vs greedy win 0.39 (-9.9)  [1130s]
 24500 games  eps 0.020  train win 0.31 margin  -14.4  |td| 0.025  eval vs random win 1.00 (+139.2)  vs greedy win 0.46 (+1.5)  [1154s]
 25000 games  eps 0.020  train win 0.40 margin  -10.2  |td| 0.023  eval vs random win 1.00 (+140.6)  vs greedy win 0.35 (-6.4)  [1178s]
 25500 games  eps 0.020  train win 0.30 margin  -17.0  |td| 0.024  eval vs random win 1.00 (+130.5)  vs greedy win 0.37 (-10.4)  [1202s]
 26000 games  eps 0.020  train win 0.34 margin  -15.5  |td| 0.025  eval vs random win 1.00 (+122.3)  vs greedy win 0.31 (-16.6)  [1226s]
 26500 games  eps 0.020  train win 0.35 margin  -11.7  |td| 0.022  eval vs random win 1.00 (+155.0)  vs greedy win 0.42 (-3.6)  [1247s]
 27000 games  eps 0.020  train win 0.46 margin   -3.7  |td| 0.020  eval vs random win 1.00 (+142.7)  vs greedy win 0.72 (+12.6)  [1267s]
 27500 games  eps 0.020  train win 0.41 margin   -6.8  |td| 0.022  eval vs random win 1.00 (+141.1)  vs greedy win 0.56 (+3.1)  [1288s]
 28000 games  eps 0.020  train win 0.31 margin  -21.6  |td| 0.029  eval vs random win 1.00 (+139.0)  vs greedy win 0.41 (-10.7)  [1310s]
 28500 games  eps 0.020  train win 0.38 margin  -13.9  |td| 0.029  eval vs random win 1.00 (+140.9)  vs greedy win 0.49 (-2.9)  [1333s]
 29000 games  eps 0.020  train win 0.51 margin   +0.1  |td| 0.024  eval vs random win 1.00 (+147.3)  vs greedy win 0.71 (+11.8)  [1355s]
 29500 games  eps 0.020  train win 0.47 margin   -1.8  |td| 0.022  eval vs random win 1.00 (+145.6)  vs greedy win 0.34 (-5.9)  [1376s]
 30000 games  eps 0.020  train win 0.45 margin   -6.2  |td| 0.025  eval vs random win 1.00 (+144.1)  vs greedy win 0.46 (-9.4)  [1397s]
saved runs\linear\pass7\p7c_q_lam98_greedy_s3.json  (ttr-dash runs\linear\pass7\p7c_q_lam98_greedy_s3.json to analyze)
