training q vs greedy: 30000 games, alpha 0.2, epsilon 0.2 -> 0.02, reward margin; lam 0.98, average 100
(best checkpoint kept by margin vs greedy; play it as linear:runs\linear\pass7\p7c_q_lam98_greedy_s2.json@best)
live: runs\linear\pass7\p7c_q_lam98_greedy_s2.json rewritten every 500 games (watch with ttr-dash --live runs\linear\pass7\p7c_q_lam98_greedy_s2.json)
   500 games  eps 0.110  train win 0.00 margin -159.4  |td| 0.046  eval vs random win 1.00 (+118.6)  vs greedy win 0.00 (-94.0)  [36s]
  1000 games  eps 0.020  train win 0.00 margin -101.2  |td| 0.020  eval vs random win 0.98 (+117.9)  vs greedy win 0.00 (-99.0)  [71s]
  1500 games  eps 0.020  train win 0.00 margin  -90.8  |td| 0.018  eval vs random win 0.98 (+130.8)  vs greedy win 0.00 (-85.4)  [106s]
  2000 games  eps 0.020  train win 0.03 margin  -61.2  |td| 0.034  eval vs random win 1.00 (+138.9)  vs greedy win 0.03 (-39.2)  [141s]
  2500 games  eps 0.020  train win 0.17 margin  -28.6  |td| 0.042  eval vs random win 1.00 (+159.0)  vs greedy win 0.30 (-13.3)  [178s]
  3000 games  eps 0.020  train win 0.30 margin  -19.7  |td| 0.032  eval vs random win 1.00 (+147.9)  vs greedy win 0.46 (-1.3)  [215s]
  3500 games  eps 0.020  train win 0.26 margin  -20.6  |td| 0.026  eval vs random win 1.00 (+146.6)  vs greedy win 0.15 (-26.1)  [253s]
  4000 games  eps 0.020  train win 0.26 margin  -27.6  |td| 0.030  eval vs random win 1.00 (+138.5)  vs greedy win 0.24 (-21.0)  [293s]
  4500 games  eps 0.020  train win 0.21 margin  -37.1  |td| 0.042  eval vs random win 1.00 (+125.4)  vs greedy win 0.40 (-3.7)  [333s]
  5000 games  eps 0.020  train win 0.38 margin  -13.1  |td| 0.029  eval vs random win 1.00 (+121.7)  vs greedy win 0.54 (+3.5)  [369s]
  5500 games  eps 0.020  train win 0.49 margin   -6.0  |td| 0.029  eval vs random win 1.00 (+140.0)  vs greedy win 0.58 (+7.3)  [403s]
  6000 games  eps 0.020  train win 0.36 margin  -18.7  |td| 0.030  eval vs random win 0.99 (+121.4)  vs greedy win 0.34 (-14.7)  [436s]
  6500 games  eps 0.020  train win 0.50 margin   -0.6  |td| 0.029  eval vs random win 1.00 (+136.5)  vs greedy win 0.56 (+7.6)  [468s]
  7000 games  eps 0.020  train win 0.57 margin   +5.6  |td| 0.027  eval vs random win 1.00 (+143.0)  vs greedy win 0.59 (+5.7)  [499s]
  7500 games  eps 0.020  train win 0.56 margin   +5.6  |td| 0.023  eval vs random win 1.00 (+156.3)  vs greedy win 0.58 (+9.2)  [530s]
  8000 games  eps 0.020  train win 0.52 margin   +0.2  |td| 0.025  eval vs random win 1.00 (+140.6)  vs greedy win 0.51 (+3.3)  [557s]
  8500 games  eps 0.020  train win 0.58 margin   +6.0  |td| 0.025  eval vs random win 1.00 (+146.3)  vs greedy win 0.64 (+11.2)  [586s]
  9000 games  eps 0.020  train win 0.50 margin   -1.1  |td| 0.023  eval vs random win 1.00 (+150.9)  vs greedy win 0.63 (+9.4)  [620s]
  9500 games  eps 0.020  train win 0.39 margin   -7.5  |td| 0.026  eval vs random win 1.00 (+145.0)  vs greedy win 0.42 (-8.2)  [660s]
 10000 games  eps 0.020  train win 0.49 margin   -2.2  |td| 0.024  eval vs random win 1.00 (+144.6)  vs greedy win 0.46 (-2.0)  [699s]
 10500 games  eps 0.020  train win 0.42 margin   -8.5  |td| 0.024  eval vs random win 1.00 (+136.1)  vs greedy win 0.32 (-11.8)  [747s]
 11000 games  eps 0.020  train win 0.34 margin  -20.3  |td| 0.031  eval vs random win 1.00 (+138.2)  vs greedy win 0.45 (+0.8)  [794s]
 11500 games  eps 0.020  train win 0.46 margin   -3.2  |td| 0.023  eval vs random win 1.00 (+151.9)  vs greedy win 0.47 (+0.5)  [833s]
 12000 games  eps 0.020  train win 0.51 margin   +1.2  |td| 0.020  eval vs random win 1.00 (+144.4)  vs greedy win 0.47 (-1.1)  [874s]
 12500 games  eps 0.020  train win 0.49 margin   -1.6  |td| 0.023  eval vs random win 1.00 (+146.0)  vs greedy win 0.53 (+2.8)  [920s]
 13000 games  eps 0.020  train win 0.48 margin   -0.6  |td| 0.023  eval vs random win 1.00 (+141.0)  vs greedy win 0.49 (-1.8)  [957s]
 13500 games  eps 0.020  train win 0.51 margin   -0.1  |td| 0.021  eval vs random win 1.00 (+148.4)  vs greedy win 0.51 (+0.1)  [1004s]
 14000 games  eps 0.020  train win 0.45 margin   -5.2  |td| 0.022  eval vs random win 1.00 (+148.0)  vs greedy win 0.54 (+5.0)  [1041s]
 14500 games  eps 0.020  train win 0.50 margin   -1.2  |td| 0.022  eval vs random win 1.00 (+146.5)  vs greedy win 0.55 (+0.7)  [1089s]
 15000 games  eps 0.020  train win 0.36 margin  -14.4  |td| 0.030  eval vs random win 1.00 (+141.1)  vs greedy win 0.54 (+5.0)  [1136s]
 15500 games  eps 0.020  train win 0.55 margin   +2.1  |td| 0.024  eval vs random win 1.00 (+152.3)  vs greedy win 0.54 (+3.7)  [1187s]
 16000 games  eps 0.020  train win 0.49 margin   +0.6  |td| 0.023  eval vs random win 1.00 (+155.0)  vs greedy win 0.57 (+4.0)  [1226s]
 16500 games  eps 0.020  train win 0.32 margin  -29.7  |td| 0.036  eval vs random win 1.00 (+149.1)  vs greedy win 0.40 (-4.0)  [1268s]
 17000 games  eps 0.020  train win 0.53 margin   +3.3  |td| 0.027  eval vs random win 1.00 (+135.6)  vs greedy win 0.50 (+2.8)  [1312s]
 17500 games  eps 0.020  train win 0.56 margin   +4.8  |td| 0.026  eval vs random win 1.00 (+144.3)  vs greedy win 0.63 (+10.1)  [1345s]
 18000 games  eps 0.020  train win 0.42 margin   -8.6  |td| 0.033  eval vs random win 1.00 (+141.7)  vs greedy win 0.55 (+2.4)  [1375s]
 18500 games  eps 0.020  train win 0.39 margin  -15.2  |td| 0.034  eval vs random win 1.00 (+139.3)  vs greedy win 0.37 (-23.3)  [1403s]
 19000 games  eps 0.020  train win 0.52 margin   -0.4  |td| 0.029  eval vs random win 1.00 (+162.5)  vs greedy win 0.76 (+18.2)  [1432s]
 19500 games  eps 0.020  train win 0.52 margin   +2.9  |td| 0.027  eval vs random win 1.00 (+154.2)  vs greedy win 0.50 (+2.2)  [1459s]
 20000 games  eps 0.020  train win 0.54 margin   +2.7  |td| 0.028  eval vs random win 1.00 (+148.8)  vs greedy win 0.59 (+5.8)  [1487s]
 20500 games  eps 0.020  train win 0.49 margin   -1.8  |td| 0.025  eval vs random win 1.00 (+152.7)  vs greedy win 0.44 (-5.0)  [1515s]
 21000 games  eps 0.020  train win 0.45 margin   -4.7  |td| 0.025  eval vs random win 1.00 (+150.0)  vs greedy win 0.55 (+2.8)  [1543s]
 21500 games  eps 0.020  train win 0.43 margin   -7.1  |td| 0.024  eval vs random win 1.00 (+136.4)  vs greedy win 0.48 (-2.1)  [1572s]
 22000 games  eps 0.020  train win 0.35 margin  -21.8  |td| 0.032  eval vs random win 1.00 (+154.4)  vs greedy win 0.81 (+17.2)  [1602s]
 22500 games  eps 0.020  train win 0.50 margin   +1.1  |td| 0.023  eval vs random win 1.00 (+147.6)  vs greedy win 0.54 (+4.3)  [1633s]
 23000 games  eps 0.020  train win 0.54 margin   +2.5  |td| 0.023  eval vs random win 1.00 (+145.8)  vs greedy win 0.47 (-1.2)  [1662s]
 23500 games  eps 0.020  train win 0.48 margin   -2.1  |td| 0.023  eval vs random win 1.00 (+148.3)  vs greedy win 0.65 (+5.5)  [1690s]
 24000 games  eps 0.020  train win 0.46 margin   -2.8  |td| 0.022  eval vs random win 1.00 (+144.1)  vs greedy win 0.47 (-0.7)  [1718s]
 24500 games  eps 0.020  train win 0.45 margin   -4.3  |td| 0.024  eval vs random win 1.00 (+148.0)  vs greedy win 0.49 (+1.5)  [1746s]
 25000 games  eps 0.020  train win 0.43 margin   -3.5  |td| 0.022  eval vs random win 1.00 (+151.1)  vs greedy win 0.51 (+2.2)  [1774s]
 25500 games  eps 0.020  train win 0.52 margin   +1.1  |td| 0.022  eval vs random win 1.00 (+156.8)  vs greedy win 0.53 (+2.5)  [1802s]
 26000 games  eps 0.020  train win 0.56 margin   +2.1  |td| 0.022  eval vs random win 1.00 (+152.0)  vs greedy win 0.51 (+3.0)  [1831s]
 26500 games  eps 0.020  train win 0.41 margin   -6.6  |td| 0.022  eval vs random win 1.00 (+149.9)  vs greedy win 0.41 (+0.8)  [1858s]
 27000 games  eps 0.020  train win 0.47 margin   -2.8  |td| 0.022  eval vs random win 1.00 (+140.4)  vs greedy win 0.58 (+4.1)  [1885s]
 27500 games  eps 0.020  train win 0.19 margin  -50.4  |td| 0.039  eval vs random win 1.00 (+142.4)  vs greedy win 0.05 (-65.7)  [1918s]
 28000 games  eps 0.020  train win 0.57 margin   +6.2  |td| 0.024  eval vs random win 1.00 (+166.2)  vs greedy win 0.72 (+17.0)  [1951s]
 28500 games  eps 0.020  train win 0.57 margin   +7.2  |td| 0.022  eval vs random win 1.00 (+161.4)  vs greedy win 0.64 (+12.3)  [1980s]
 29000 games  eps 0.020  train win 0.43 margin   -5.9  |td| 0.026  eval vs random win 1.00 (+142.4)  vs greedy win 0.34 (-8.8)  [2008s]
 29500 games  eps 0.020  train win 0.43 margin   -5.7  |td| 0.026  eval vs random win 1.00 (+154.9)  vs greedy win 0.55 (+2.6)  [2036s]
 30000 games  eps 0.020  train win 0.47 margin   -1.1  |td| 0.023  eval vs random win 1.00 (+145.4)  vs greedy win 0.51 (+2.1)  [2064s]
saved runs\linear\pass7\p7c_q_lam98_greedy_s2.json  (ttr-dash runs\linear\pass7\p7c_q_lam98_greedy_s2.json to analyze)
