training q vs greedy: 30000 games, alpha 0.2, epsilon 0.2 -> 0.02, reward margin; lam 0.98, average 100
(best checkpoint kept by margin vs greedy; play it as linear:runs\linear\pass7\p7c_q_lam98_greedy_s1.json@best)
live: runs\linear\pass7\p7c_q_lam98_greedy_s1.json rewritten every 500 games (watch with ttr-dash --live runs\linear\pass7\p7c_q_lam98_greedy_s1.json)
   500 games  eps 0.110  train win 0.00 margin -110.9  |td| 0.023  eval vs random win 1.00 (+110.0)  vs greedy win 0.00 (-93.4)  [30s]
  1000 games  eps 0.020  train win 0.00 margin  -94.4  |td| 0.016  eval vs random win 1.00 (+133.1)  vs greedy win 0.00 (-78.5)  [66s]
  1500 games  eps 0.020  train win 0.15 margin  -50.2  |td| 0.024  eval vs random win 1.00 (+149.3)  vs greedy win 0.26 (-32.2)  [103s]
  2000 games  eps 0.020  train win 0.32 margin  -17.9  |td| 0.025  eval vs random win 1.00 (+163.0)  vs greedy win 0.41 (-4.5)  [141s]
  2500 games  eps 0.020  train win 0.28 margin  -23.2  |td| 0.025  eval vs random win 1.00 (+142.7)  vs greedy win 0.33 (-22.4)  [179s]
  3000 games  eps 0.020  train win 0.34 margin  -15.9  |td| 0.028  eval vs random win 1.00 (+146.4)  vs greedy win 0.66 (+10.7)  [218s]
  3500 games  eps 0.020  train win 0.39 margin   -7.7  |td| 0.024  eval vs random win 1.00 (+148.0)  vs greedy win 0.51 (+2.4)  [255s]
  4000 games  eps 0.020  train win 0.43 margin   -6.2  |td| 0.023  eval vs random win 1.00 (+136.3)  vs greedy win 0.52 (-4.6)  [292s]
  4500 games  eps 0.020  train win 0.33 margin  -15.1  |td| 0.024  eval vs random win 1.00 (+148.4)  vs greedy win 0.51 (+3.1)  [329s]
  5000 games  eps 0.020  train win 0.34 margin  -19.5  |td| 0.030  eval vs random win 1.00 (+129.8)  vs greedy win 0.43 (-15.9)  [366s]
  5500 games  eps 0.020  train win 0.47 margin   -2.8  |td| 0.025  eval vs random win 1.00 (+145.1)  vs greedy win 0.51 (-2.0)  [401s]
  6000 games  eps 0.020  train win 0.33 margin  -16.6  |td| 0.030  eval vs random win 1.00 (+145.6)  vs greedy win 0.46 (-4.6)  [434s]
  6500 games  eps 0.020  train win 0.17 margin  -57.4  |td| 0.054  eval vs random win 1.00 (+132.6)  vs greedy win 0.29 (-27.7)  [468s]
  7000 games  eps 0.020  train win 0.31 margin  -21.5  |td| 0.033  eval vs random win 1.00 (+131.7)  vs greedy win 0.46 (-4.4)  [501s]
  7500 games  eps 0.020  train win 0.26 margin  -21.4  |td| 0.025  eval vs random win 1.00 (+128.8)  vs greedy win 0.25 (-19.9)  [533s]
  8000 games  eps 0.020  train win 0.33 margin  -12.2  |td| 0.023  eval vs random win 1.00 (+138.6)  vs greedy win 0.40 (-3.9)  [561s]
  8500 games  eps 0.020  train win 0.46 margin   -2.6  |td| 0.020  eval vs random win 1.00 (+144.1)  vs greedy win 0.56 (+7.0)  [593s]
  9000 games  eps 0.020  train win 0.44 margin   -5.0  |td| 0.022  eval vs random win 1.00 (+141.3)  vs greedy win 0.46 (+1.9)  [636s]
  9500 games  eps 0.020  train win 0.33 margin  -16.3  |td| 0.025  eval vs random win 1.00 (+130.4)  vs greedy win 0.47 (-3.5)  [677s]
 10000 games  eps 0.020  train win 0.36 margin  -14.8  |td| 0.025  eval vs random win 1.00 (+130.2)  vs greedy win 0.37 (-8.1)  [723s]
 10500 games  eps 0.020  train win 0.41 margin   -7.3  |td| 0.023  eval vs random win 1.00 (+143.6)  vs greedy win 0.61 (+4.6)  [760s]
 11000 games  eps 0.020  train win 0.48 margin   -1.4  |td| 0.020  eval vs random win 1.00 (+146.8)  vs greedy win 0.54 (+4.1)  [800s]
 11500 games  eps 0.020  train win 0.29 margin  -20.7  |td| 0.029  eval vs random win 1.00 (+133.2)  vs greedy win 0.37 (-15.4)  [851s]
 12000 games  eps 0.020  train win 0.25 margin  -24.4  |td| 0.026  eval vs random win 1.00 (+121.5)  vs greedy win 0.14 (-29.0)  [896s]
 12500 games  eps 0.020  train win 0.20 margin  -25.5  |td| 0.025  eval vs random win 1.00 (+135.0)  vs greedy win 0.37 (-8.7)  [946s]
 13000 games  eps 0.020  train win 0.42 margin   -9.9  |td| 0.026  eval vs random win 1.00 (+138.1)  vs greedy win 0.42 (-10.9)  [990s]
 13500 games  eps 0.020  train win 0.34 margin  -15.2  |td| 0.027  eval vs random win 1.00 (+143.0)  vs greedy win 0.40 (-12.4)  [1031s]
 14000 games  eps 0.020  train win 0.34 margin  -18.8  |td| 0.029  eval vs random win 1.00 (+139.3)  vs greedy win 0.46 (-9.0)  [1074s]
 14500 games  eps 0.020  train win 0.34 margin  -19.4  |td| 0.031  eval vs random win 1.00 (+140.0)  vs greedy win 0.44 (-15.3)  [1114s]
 15000 games  eps 0.020  train win 0.43 margin   -4.7  |td| 0.026  eval vs random win 1.00 (+142.3)  vs greedy win 0.63 (+9.3)  [1154s]
 15500 games  eps 0.020  train win 0.41 margin   -6.9  |td| 0.021  eval vs random win 1.00 (+133.8)  vs greedy win 0.33 (-13.1)  [1192s]
 16000 games  eps 0.020  train win 0.42 margin   -7.2  |td| 0.023  eval vs random win 1.00 (+147.6)  vs greedy win 0.67 (+9.0)  [1230s]
 16500 games  eps 0.020  train win 0.25 margin  -23.7  |td| 0.028  eval vs random win 1.00 (+132.8)  vs greedy win 0.50 (-2.9)  [1276s]
 17000 games  eps 0.020  train win 0.26 margin  -23.0  |td| 0.031  eval vs random win 1.00 (+131.3)  vs greedy win 0.33 (-11.8)  [1318s]
 17500 games  eps 0.020  train win 0.27 margin  -18.0  |td| 0.024  eval vs random win 1.00 (+134.8)  vs greedy win 0.28 (-18.0)  [1350s]
 18000 games  eps 0.020  train win 0.34 margin  -16.9  |td| 0.030  eval vs random win 1.00 (+130.5)  vs greedy win 0.42 (-16.5)  [1380s]
 18500 games  eps 0.020  train win 0.37 margin  -12.4  |td| 0.029  eval vs random win 1.00 (+127.6)  vs greedy win 0.49 (-5.2)  [1411s]
 19000 games  eps 0.020  train win 0.21 margin  -29.3  |td| 0.033  eval vs random win 1.00 (+116.4)  vs greedy win 0.21 (-18.7)  [1441s]
 19500 games  eps 0.020  train win 0.42 margin  -10.9  |td| 0.027  eval vs random win 1.00 (+135.6)  vs greedy win 0.43 (-11.1)  [1469s]
 20000 games  eps 0.020  train win 0.35 margin  -17.9  |td| 0.029  eval vs random win 1.00 (+141.2)  vs greedy win 0.41 (-15.7)  [1500s]
 20500 games  eps 0.020  train win 0.21 margin  -25.4  |td| 0.027  eval vs random win 1.00 (+126.6)  vs greedy win 0.17 (-28.6)  [1529s]
 21000 games  eps 0.020  train win 0.23 margin  -25.6  |td| 0.029  eval vs random win 1.00 (+138.0)  vs greedy win 0.36 (-7.5)  [1558s]
 21500 games  eps 0.020  train win 0.33 margin  -18.8  |td| 0.028  eval vs random win 1.00 (+131.2)  vs greedy win 0.46 (-5.1)  [1588s]
 22000 games  eps 0.020  train win 0.35 margin  -16.2  |td| 0.030  eval vs random win 1.00 (+127.3)  vs greedy win 0.49 (-3.6)  [1617s]
 22500 games  eps 0.020  train win 0.24 margin  -27.1  |td| 0.029  eval vs random win 1.00 (+135.5)  vs greedy win 0.60 (+6.2)  [1648s]
 23000 games  eps 0.020  train win 0.50 margin   +0.8  |td| 0.023  eval vs random win 1.00 (+140.8)  vs greedy win 0.42 (-3.5)  [1676s]
 23500 games  eps 0.020  train win 0.47 margin   -3.6  |td| 0.022  eval vs random win 1.00 (+134.4)  vs greedy win 0.43 (-6.9)  [1706s]
 24000 games  eps 0.020  train win 0.31 margin  -19.3  |td| 0.029  eval vs random win 1.00 (+142.1)  vs greedy win 0.39 (-12.1)  [1736s]
 24500 games  eps 0.020  train win 0.35 margin  -17.3  |td| 0.030  eval vs random win 1.00 (+131.6)  vs greedy win 0.42 (-8.5)  [1768s]
 25000 games  eps 0.020  train win 0.37 margin  -15.9  |td| 0.031  eval vs random win 1.00 (+140.2)  vs greedy win 0.41 (-9.2)  [1799s]
 25500 games  eps 0.020  train win 0.33 margin  -15.6  |td| 0.029  eval vs random win 1.00 (+126.9)  vs greedy win 0.46 (-2.9)  [1830s]
 26000 games  eps 0.020  train win 0.31 margin  -22.8  |td| 0.031  eval vs random win 1.00 (+130.9)  vs greedy win 0.42 (-11.4)  [1860s]
 26500 games  eps 0.020  train win 0.32 margin  -22.9  |td| 0.032  eval vs random win 1.00 (+114.2)  vs greedy win 0.10 (-41.1)  [1890s]
 27000 games  eps 0.020  train win 0.46 margin  -11.4  |td| 0.031  eval vs random win 1.00 (+141.9)  vs greedy win 0.68 (+17.1)  [1919s]
 27500 games  eps 0.020  train win 0.33 margin  -24.1  |td| 0.028  eval vs random win 1.00 (+148.5)  vs greedy win 0.76 (+16.1)  [1949s]
 28000 games  eps 0.020  train win 0.48 margin   -5.5  |td| 0.028  eval vs random win 1.00 (+143.4)  vs greedy win 0.54 (+6.6)  [1979s]
 28500 games  eps 0.020  train win 0.54 margin   -1.1  |td| 0.027  eval vs random win 1.00 (+147.5)  vs greedy win 0.64 (+12.0)  [2009s]
 29000 games  eps 0.020  train win 0.63 margin   +8.5  |td| 0.022  eval vs random win 1.00 (+151.7)  vs greedy win 0.78 (+18.7)  [2039s]
 29500 games  eps 0.020  train win 0.54 margin   -3.9  |td| 0.027  eval vs random win 1.00 (+146.8)  vs greedy win 0.53 (+3.3)  [2069s]
 30000 games  eps 0.020  train win 0.58 margin   +4.1  |td| 0.026  eval vs random win 1.00 (+150.9)  vs greedy win 0.75 (+16.7)  [2099s]
saved runs\linear\pass7\p7c_q_lam98_greedy_s1.json  (ttr-dash runs\linear\pass7\p7c_q_lam98_greedy_s1.json to analyze)
