training q vs greedy: 30000 games, alpha 0.2, epsilon 0.2 -> 0.02, reward margin; lam 0.98, average 100
(best checkpoint kept by margin vs greedy; play it as linear:runs\linear\pass7\p7c_q_lam98_greedy_s0.json@best)
live: runs\linear\pass7\p7c_q_lam98_greedy_s0.json rewritten every 500 games (watch with ttr-dash --live runs\linear\pass7\p7c_q_lam98_greedy_s0.json)
   500 games  eps 0.110  train win 0.00 margin -143.5  |td| 0.036  eval vs random win 0.99 (+117.4)  vs greedy win 0.00 (-100.0)  [33s]
  1000 games  eps 0.020  train win 0.00 margin -101.1  |td| 0.021  eval vs random win 0.98 (+112.9)  vs greedy win 0.00 (-100.2)  [68s]
  1500 games  eps 0.020  train win 0.00 margin -112.0  |td| 0.018  eval vs random win 0.92 (+93.7)  vs greedy win 0.00 (-106.0)  [106s]
  2000 games  eps 0.020  train win 0.01 margin  -98.7  |td| 0.017  eval vs random win 1.00 (+111.0)  vs greedy win 0.00 (-89.0)  [144s]
  2500 games  eps 0.020  train win 0.13 margin  -43.4  |td| 0.039  eval vs random win 1.00 (+134.4)  vs greedy win 0.39 (-7.8)  [185s]
  3000 games  eps 0.020  train win 0.20 margin  -31.1  |td| 0.037  eval vs random win 1.00 (+124.5)  vs greedy win 0.33 (-12.1)  [224s]
  3500 games  eps 0.020  train win 0.29 margin  -14.8  |td| 0.027  eval vs random win 1.00 (+123.8)  vs greedy win 0.29 (-10.2)  [262s]
  4000 games  eps 0.020  train win 0.30 margin  -17.7  |td| 0.030  eval vs random win 1.00 (+133.1)  vs greedy win 0.51 (+2.5)  [302s]
  4500 games  eps 0.020  train win 0.40 margin   -7.8  |td| 0.030  eval vs random win 1.00 (+131.0)  vs greedy win 0.45 (-1.4)  [340s]
  5000 games  eps 0.020  train win 0.39 margin  -11.8  |td| 0.029  eval vs random win 1.00 (+128.3)  vs greedy win 0.49 (-1.3)  [375s]
  5500 games  eps 0.020  train win 0.36 margin  -15.8  |td| 0.030  eval vs random win 1.00 (+133.1)  vs greedy win 0.53 (+2.9)  [408s]
  6000 games  eps 0.020  train win 0.43 margin   -6.1  |td| 0.027  eval vs random win 1.00 (+137.8)  vs greedy win 0.50 (+3.5)  [439s]
  6500 games  eps 0.020  train win 0.39 margin  -10.0  |td| 0.029  eval vs random win 1.00 (+135.9)  vs greedy win 0.58 (+9.1)  [472s]
  7000 games  eps 0.020  train win 0.58 margin   +6.0  |td| 0.024  eval vs random win 1.00 (+145.5)  vs greedy win 0.61 (+7.7)  [503s]
  7500 games  eps 0.020  train win 0.48 margin   -3.3  |td| 0.028  eval vs random win 1.00 (+144.9)  vs greedy win 0.54 (+2.9)  [534s]
  8000 games  eps 0.020  train win 0.52 margin   -1.3  |td| 0.028  eval vs random win 1.00 (+148.2)  vs greedy win 0.63 (+9.0)  [563s]
  8500 games  eps 0.020  train win 0.52 margin   +1.5  |td| 0.025  eval vs random win 1.00 (+150.6)  vs greedy win 0.72 (+16.2)  [595s]
  9000 games  eps 0.020  train win 0.54 margin   +0.8  |td| 0.027  eval vs random win 1.00 (+145.4)  vs greedy win 0.65 (+13.6)  [636s]
  9500 games  eps 0.020  train win 0.54 margin   +0.5  |td| 0.034  eval vs random win 1.00 (+149.2)  vs greedy win 0.60 (+8.2)  [679s]
 10000 games  eps 0.020  train win 0.47 margin   -2.9  |td| 0.030  eval vs random win 1.00 (+152.3)  vs greedy win 0.59 (+7.6)  [724s]
 10500 games  eps 0.020  train win 0.42 margin  -11.4  |td| 0.033  eval vs random win 1.00 (+142.6)  vs greedy win 0.68 (+13.4)  [773s]
 11000 games  eps 0.020  train win 0.55 margin   +5.0  |td| 0.026  eval vs random win 1.00 (+153.5)  vs greedy win 0.58 (+5.1)  [816s]
 11500 games  eps 0.020  train win 0.45 margin   -4.5  |td| 0.030  eval vs random win 1.00 (+153.0)  vs greedy win 0.49 (-0.8)  [866s]
 12000 games  eps 0.020  train win 0.40 margin   -7.2  |td| 0.029  eval vs random win 1.00 (+133.3)  vs greedy win 0.27 (-18.0)  [909s]
 12500 games  eps 0.020  train win 0.51 margin   -0.6  |td| 0.033  eval vs random win 1.00 (+147.6)  vs greedy win 0.64 (+8.0)  [950s]
 13000 games  eps 0.020  train win 0.38 margin  -17.3  |td| 0.034  eval vs random win 1.00 (+141.1)  vs greedy win 0.37 (-15.1)  [997s]
 13500 games  eps 0.020  train win 0.56 margin   +4.4  |td| 0.028  eval vs random win 1.00 (+153.2)  vs greedy win 0.61 (+4.2)  [1036s]
 14000 games  eps 0.020  train win 0.51 margin   +2.1  |td| 0.026  eval vs random win 1.00 (+150.8)  vs greedy win 0.46 (+0.4)  [1076s]
 14500 games  eps 0.020  train win 0.42 margin   -4.6  |td| 0.028  eval vs random win 1.00 (+150.6)  vs greedy win 0.50 (+0.6)  [1114s]
 15000 games  eps 0.020  train win 0.44 margin   -3.5  |td| 0.025  eval vs random win 1.00 (+135.9)  vs greedy win 0.39 (-5.5)  [1159s]
 15500 games  eps 0.020  train win 0.26 margin  -27.0  |td| 0.035  eval vs random win 1.00 (+122.4)  vs greedy win 0.13 (-51.7)  [1203s]
 16000 games  eps 0.020  train win 0.37 margin  -12.8  |td| 0.039  eval vs random win 1.00 (+133.7)  vs greedy win 0.50 (-0.7)  [1242s]
 16500 games  eps 0.020  train win 0.53 margin   +2.4  |td| 0.028  eval vs random win 1.00 (+133.2)  vs greedy win 0.60 (+4.4)  [1279s]
 17000 games  eps 0.020  train win 0.49 margin   -3.0  |td| 0.028  eval vs random win 1.00 (+153.4)  vs greedy win 0.68 (+12.1)  [1320s]
 17500 games  eps 0.020  train win 0.52 margin   +1.6  |td| 0.026  eval vs random win 1.00 (+150.4)  vs greedy win 0.64 (+11.6)  [1352s]
 18000 games  eps 0.020  train win 0.57 margin   +4.6  |td| 0.024  eval vs random win 1.00 (+155.2)  vs greedy win 0.65 (+12.2)  [1382s]
 18500 games  eps 0.020  train win 0.46 margin   -2.5  |td| 0.024  eval vs random win 1.00 (+152.3)  vs greedy win 0.46 (-5.6)  [1411s]
 19000 games  eps 0.020  train win 0.56 margin   +5.3  |td| 0.024  eval vs random win 1.00 (+155.9)  vs greedy win 0.65 (+8.5)  [1438s]
 19500 games  eps 0.020  train win 0.53 margin   +2.3  |td| 0.021  eval vs random win 1.00 (+154.5)  vs greedy win 0.51 (+0.5)  [1466s]
 20000 games  eps 0.020  train win 0.53 margin   +2.2  |td| 0.021  eval vs random win 1.00 (+148.4)  vs greedy win 0.58 (+8.9)  [1495s]
 20500 games  eps 0.020  train win 0.56 margin   +7.0  |td| 0.019  eval vs random win 1.00 (+159.5)  vs greedy win 0.65 (+13.8)  [1523s]
 21000 games  eps 0.020  train win 0.56 margin   +4.2  |td| 0.021  eval vs random win 1.00 (+150.0)  vs greedy win 0.55 (+5.7)  [1551s]
 21500 games  eps 0.020  train win 0.57 margin   +6.3  |td| 0.020  eval vs random win 1.00 (+157.2)  vs greedy win 0.63 (+12.9)  [1580s]
 22000 games  eps 0.020  train win 0.53 margin   +0.4  |td| 0.020  eval vs random win 1.00 (+148.0)  vs greedy win 0.66 (+14.2)  [1608s]
 22500 games  eps 0.020  train win 0.53 margin   +2.7  |td| 0.020  eval vs random win 1.00 (+142.9)  vs greedy win 0.48 (-1.9)  [1637s]
 23000 games  eps 0.020  train win 0.42 margin   -3.2  |td| 0.022  eval vs random win 1.00 (+154.0)  vs greedy win 0.54 (+3.7)  [1666s]
 23500 games  eps 0.020  train win 0.54 margin   +2.5  |td| 0.021  eval vs random win 1.00 (+145.8)  vs greedy win 0.56 (+4.0)  [1695s]
 24000 games  eps 0.020  train win 0.25 margin  -22.2  |td| 0.028  eval vs random win 1.00 (+138.8)  vs greedy win 0.25 (-20.0)  [1723s]
 24500 games  eps 0.020  train win 0.38 margin  -19.5  |td| 0.045  eval vs random win 1.00 (+151.7)  vs greedy win 0.73 (+15.6)  [1753s]
 25000 games  eps 0.020  train win 0.39 margin  -22.7  |td| 0.040  eval vs random win 1.00 (+124.4)  vs greedy win 0.44 (-5.3)  [1784s]
 25500 games  eps 0.020  train win 0.43 margin  -10.6  |td| 0.034  eval vs random win 1.00 (+140.4)  vs greedy win 0.50 (+2.6)  [1813s]
 26000 games  eps 0.020  train win 0.51 margin   +0.8  |td| 0.027  eval vs random win 1.00 (+148.2)  vs greedy win 0.48 (+0.1)  [1843s]
 26500 games  eps 0.020  train win 0.47 margin   -3.4  |td| 0.026  eval vs random win 1.00 (+159.0)  vs greedy win 0.68 (+13.7)  [1871s]
 27000 games  eps 0.020  train win 0.38 margin   -9.9  |td| 0.025  eval vs random win 1.00 (+127.4)  vs greedy win 0.31 (-18.2)  [1899s]
 27500 games  eps 0.020  train win 0.45 margin   -7.8  |td| 0.026  eval vs random win 1.00 (+150.2)  vs greedy win 0.57 (+6.4)  [1928s]
 28000 games  eps 0.020  train win 0.60 margin   +8.7  |td| 0.022  eval vs random win 1.00 (+158.1)  vs greedy win 0.64 (+13.7)  [1956s]
 28500 games  eps 0.020  train win 0.51 margin   +2.0  |td| 0.022  eval vs random win 1.00 (+156.9)  vs greedy win 0.57 (+6.8)  [1986s]
 29000 games  eps 0.020  train win 0.61 margin   +6.1  |td| 0.021  eval vs random win 1.00 (+155.2)  vs greedy win 0.74 (+17.0)  [2014s]
 29500 games  eps 0.020  train win 0.47 margin   -2.6  |td| 0.025  eval vs random win 1.00 (+145.1)  vs greedy win 0.45 (-4.5)  [2043s]
 30000 games  eps 0.020  train win 0.35 margin  -27.3  |td| 0.033  eval vs random win 1.00 (+134.7)  vs greedy win 0.35 (-22.9)  [2072s]
saved runs\linear\pass7\p7c_q_lam98_greedy_s0.json  (ttr-dash runs\linear\pass7\p7c_q_lam98_greedy_s0.json to analyze)
