training q vs self: 30000 games, alpha 0.2, epsilon 0.2 -> 0.02, reward margin; lam 0.98, average 100
(best checkpoint kept by margin vs greedy; play it as linear:runs\linear\pass7\p7d_q_lam98_self_s1.json@best)
live: runs\linear\pass7\p7d_q_lam98_self_s1.json rewritten every 500 games (watch with ttr-dash --live runs\linear\pass7\p7d_q_lam98_self_s1.json)
   500 games  eps 0.110  train win 0.00 margin -110.9  |td| 0.023  eval vs random win 1.00 (+110.0)  vs greedy win 0.00 (-93.4)  [31s]
  1000 games  eps 0.020  train win 0.33 margin  -31.0  |td| 0.032  eval vs random win 1.00 (+127.3)  vs greedy win 0.00 (-81.0)  [71s]
  1500 games  eps 0.020  train win 0.63 margin  +14.6  |td| 0.039  eval vs random win 1.00 (+152.2)  vs greedy win 0.26 (-31.6)  [109s]
  2000 games  eps 0.020  train win 0.32 margin  -16.4  |td| 0.028  eval vs random win 1.00 (+142.2)  vs greedy win 0.38 (-11.6)  [152s]
  2500 games  eps 0.020  train win 0.29 margin  -18.9  |td| 0.027  eval vs random win 1.00 (+147.3)  vs greedy win 0.37 (-15.9)  [192s]
  3000 games  eps 0.020  train win 0.33 margin  -15.1  |td| 0.025  eval vs random win 1.00 (+145.1)  vs greedy win 0.25 (-22.7)  [233s]
  3500 games  eps 0.020  train win 0.31 margin  -17.3  |td| 0.028  eval vs random win 1.00 (+139.0)  vs greedy win 0.04 (-38.6)  [273s]
  4000 games  eps 0.020  train win 0.28 margin  -18.9  |td| 0.026  eval vs random win 1.00 (+161.1)  vs greedy win 0.11 (-26.2)  [314s]
  4500 games  eps 0.020  train win 0.40 margin   -9.2  |td| 0.022  eval vs random win 1.00 (+155.7)  vs greedy win 0.08 (-24.6)  [354s]
  5000 games  eps 0.020  train win 0.40 margin   -7.5  |td| 0.021  eval vs random win 1.00 (+163.0)  vs greedy win 0.16 (-18.6)  [392s]
  5500 games  eps 0.020  train win 0.31 margin  -12.7  |td| 0.022  eval vs random win 1.00 (+154.5)  vs greedy win 0.13 (-23.6)  [426s]
  6000 games  eps 0.020  train win 0.30 margin  -18.2  |td| 0.020  eval vs random win 1.00 (+152.2)  vs greedy win 0.03 (-49.1)  [462s]
  6500 games  eps 0.020  train win 0.05 margin  -43.4  |td| 0.019  eval vs random win 0.99 (+143.0)  vs greedy win 0.05 (-57.7)  [497s]
  7000 games  eps 0.020  train win 0.04 margin  -60.7  |td| 0.019  eval vs random win 0.95 (+102.5)  vs greedy win 0.00 (-81.0)  [530s]
  7500 games  eps 0.020  train win 0.05 margin  -50.7  |td| 0.021  eval vs random win 0.98 (+135.9)  vs greedy win 0.03 (-65.3)  [562s]
  8000 games  eps 0.020  train win 0.07 margin  -48.6  |td| 0.018  eval vs random win 0.98 (+142.0)  vs greedy win 0.01 (-65.8)  [596s]
  8500 games  eps 0.020  train win 0.11 margin  -47.8  |td| 0.023  eval vs random win 1.00 (+146.0)  vs greedy win 0.03 (-55.9)  [645s]
  9000 games  eps 0.020  train win 0.07 margin  -48.0  |td| 0.022  eval vs random win 0.99 (+137.9)  vs greedy win 0.09 (-52.7)  [691s]
  9500 games  eps 0.020  train win 0.10 margin  -44.3  |td| 0.020  eval vs random win 1.00 (+144.2)  vs greedy win 0.05 (-53.2)  [741s]
 10000 games  eps 0.020  train win 0.10 margin  -46.1  |td| 0.017  eval vs random win 1.00 (+156.0)  vs greedy win 0.03 (-57.3)  [787s]
 10500 games  eps 0.020  train win 0.10 margin  -45.4  |td| 0.021  eval vs random win 1.00 (+172.5)  vs greedy win 0.08 (-42.5)  [829s]
 11000 games  eps 0.020  train win 0.09 margin  -48.6  |td| 0.025  eval vs random win 1.00 (+151.8)  vs greedy win 0.10 (-59.5)  [887s]
 11500 games  eps 0.020  train win 0.12 margin  -41.4  |td| 0.019  eval vs random win 1.00 (+160.2)  vs greedy win 0.05 (-50.5)  [935s]
 12000 games  eps 0.020  train win 0.13 margin  -38.4  |td| 0.021  eval vs random win 1.00 (+184.2)  vs greedy win 0.08 (-45.8)  [977s]
 12500 games  eps 0.020  train win 0.10 margin  -45.2  |td| 0.020  eval vs random win 1.00 (+147.7)  vs greedy win 0.04 (-55.8)  [1027s]
 13000 games  eps 0.020  train win 0.12 margin  -41.0  |td| 0.019  eval vs random win 1.00 (+165.3)  vs greedy win 0.05 (-49.3)  [1072s]
 13500 games  eps 0.020  train win 0.15 margin  -38.7  |td| 0.018  eval vs random win 1.00 (+159.9)  vs greedy win 0.06 (-53.2)  [1122s]
 14000 games  eps 0.020  train win 0.16 margin  -38.0  |td| 0.024  eval vs random win 1.00 (+162.2)  vs greedy win 0.12 (-52.2)  [1180s]
 14500 games  eps 0.020  train win 0.17 margin  -36.6  |td| 0.020  eval vs random win 1.00 (+166.9)  vs greedy win 0.10 (-40.1)  [1236s]
 15000 games  eps 0.020  train win 0.14 margin  -36.5  |td| 0.019  eval vs random win 1.00 (+156.5)  vs greedy win 0.08 (-46.6)  [1292s]
 15500 games  eps 0.020  train win 0.15 margin  -35.2  |td| 0.021  eval vs random win 1.00 (+189.6)  vs greedy win 0.19 (-29.6)  [1336s]
 16000 games  eps 0.020  train win 0.18 margin  -32.4  |td| 0.021  eval vs random win 1.00 (+179.5)  vs greedy win 0.20 (-32.9)  [1373s]
 16500 games  eps 0.020  train win 0.15 margin  -35.1  |td| 0.018  eval vs random win 1.00 (+161.1)  vs greedy win 0.10 (-34.2)  [1407s]
 17000 games  eps 0.020  train win 0.20 margin  -27.9  |td| 0.017  eval vs random win 1.00 (+168.5)  vs greedy win 0.18 (-37.3)  [1442s]
 17500 games  eps 0.020  train win 0.12 margin  -41.1  |td| 0.017  eval vs random win 1.00 (+157.5)  vs greedy win 0.20 (-35.6)  [1475s]
 18000 games  eps 0.020  train win 0.16 margin  -37.2  |td| 0.016  eval vs random win 1.00 (+164.1)  vs greedy win 0.18 (-34.4)  [1509s]
 18500 games  eps 0.020  train win 0.29 margin  -19.1  |td| 0.024  eval vs random win 0.99 (+132.0)  vs greedy win 0.03 (-62.6)  [1542s]
 19000 games  eps 0.020  train win 0.30 margin  -14.8  |td| 0.024  eval vs random win 1.00 (+165.0)  vs greedy win 0.47 (-6.4)  [1576s]
 19500 games  eps 0.020  train win 0.47 margin   -1.5  |td| 0.022  eval vs random win 1.00 (+158.9)  vs greedy win 0.61 (+7.7)  [1611s]
 20000 games  eps 0.020  train win 0.43 margin   -8.7  |td| 0.024  eval vs random win 1.00 (+145.0)  vs greedy win 0.42 (-0.8)  [1645s]
 20500 games  eps 0.020  train win 0.36 margin  -14.5  |td| 0.025  eval vs random win 1.00 (+159.9)  vs greedy win 0.34 (-6.3)  [1679s]
 21000 games  eps 0.020  train win 0.55 margin   +5.4  |td| 0.021  eval vs random win 1.00 (+145.1)  vs greedy win 0.69 (+14.4)  [1713s]
 21500 games  eps 0.020  train win 0.31 margin  -16.8  |td| 0.028  eval vs random win 1.00 (+146.3)  vs greedy win 0.55 (+3.5)  [1746s]
 22000 games  eps 0.020  train win 0.42 margin   -7.9  |td| 0.028  eval vs random win 1.00 (+139.8)  vs greedy win 0.59 (+8.9)  [1780s]
 22500 games  eps 0.020  train win 0.53 margin   +2.7  |td| 0.022  eval vs random win 1.00 (+149.4)  vs greedy win 0.66 (+11.3)  [1815s]
 23000 games  eps 0.020  train win 0.36 margin  -14.2  |td| 0.026  eval vs random win 1.00 (+146.6)  vs greedy win 0.56 (+6.7)  [1848s]
 23500 games  eps 0.020  train win 0.50 margin   -1.1  |td| 0.025  eval vs random win 1.00 (+149.8)  vs greedy win 0.72 (+14.1)  [1880s]
 24000 games  eps 0.020  train win 0.48 margin   -2.3  |td| 0.026  eval vs random win 0.99 (+145.4)  vs greedy win 0.50 (+0.9)  [1913s]
 24500 games  eps 0.020  train win 0.46 margin   -6.7  |td| 0.025  eval vs random win 1.00 (+169.1)  vs greedy win 0.54 (+6.4)  [1945s]
 25000 games  eps 0.020  train win 0.52 margin   -0.5  |td| 0.023  eval vs random win 1.00 (+147.9)  vs greedy win 0.37 (-7.9)  [1978s]
 25500 games  eps 0.020  train win 0.53 margin   +1.7  |td| 0.024  eval vs random win 1.00 (+157.9)  vs greedy win 0.53 (+6.3)  [2009s]
 26000 games  eps 0.020  train win 0.51 margin   -0.2  |td| 0.023  eval vs random win 1.00 (+163.5)  vs greedy win 0.53 (+6.6)  [2041s]
 26500 games  eps 0.020  train win 0.55 margin   +2.1  |td| 0.024  eval vs random win 1.00 (+165.3)  vs greedy win 0.47 (+3.1)  [2074s]
 27000 games  eps 0.020  train win 0.50 margin   -0.7  |td| 0.020  eval vs random win 1.00 (+160.7)  vs greedy win 0.50 (+3.7)  [2106s]
 27500 games  eps 0.020  train win 0.49 margin   -0.2  |td| 0.019  eval vs random win 1.00 (+149.8)  vs greedy win 0.51 (-0.5)  [2135s]
 28000 games  eps 0.020  train win 0.53 margin   +1.1  |td| 0.018  eval vs random win 1.00 (+156.8)  vs greedy win 0.55 (+5.6)  [2166s]
 28500 games  eps 0.020  train win 0.42 margin   -5.9  |td| 0.017  eval vs random win 1.00 (+146.4)  vs greedy win 0.36 (-7.7)  [2195s]
 29000 games  eps 0.020  train win 0.39 margin   -8.4  |td| 0.017  eval vs random win 1.00 (+140.6)  vs greedy win 0.36 (-7.0)  [2224s]
 29500 games  eps 0.020  train win 0.35 margin   -9.0  |td| 0.016  eval vs random win 1.00 (+143.1)  vs greedy win 0.36 (-10.3)  [2252s]
 30000 games  eps 0.020  train win 0.31 margin  -19.0  |td| 0.021  eval vs random win 1.00 (+143.1)  vs greedy win 0.51 (-2.9)  [2280s]
saved runs\linear\pass7\p7d_q_lam98_self_s1.json  (ttr-dash runs\linear\pass7\p7d_q_lam98_self_s1.json to analyze)
