training q vs self: 30000 games, alpha 0.2, epsilon 0.2 -> 0.02, reward margin; lam 0.98, average 100
(best checkpoint kept by margin vs greedy; play it as linear:runs\linear\pass7\p7d_q_lam98_self_s0.json@best)
live: runs\linear\pass7\p7d_q_lam98_self_s0.json rewritten every 500 games (watch with ttr-dash --live runs\linear\pass7\p7d_q_lam98_self_s0.json)
   500 games  eps 0.110  train win 0.00 margin -143.5  |td| 0.036  eval vs random win 0.99 (+117.4)  vs greedy win 0.00 (-100.0)  [33s]
  1000 games  eps 0.020  train win 0.28 margin  -45.2  |td| 0.036  eval vs random win 1.00 (+121.5)  vs greedy win 0.00 (-79.5)  [72s]
  1500 games  eps 0.020  train win 0.37 margin  -25.6  |td| 0.045  eval vs random win 1.00 (+117.0)  vs greedy win 0.00 (-68.2)  [115s]
  2000 games  eps 0.020  train win 0.57 margin   +3.7  |td| 0.042  eval vs random win 1.00 (+131.8)  vs greedy win 0.47 (-1.3)  [159s]
  2500 games  eps 0.020  train win 0.39 margin  -10.1  |td| 0.040  eval vs random win 1.00 (+130.4)  vs greedy win 0.52 (+2.8)  [203s]
  3000 games  eps 0.020  train win 0.46 margin   -1.8  |td| 0.023  eval vs random win 1.00 (+145.3)  vs greedy win 0.65 (+10.1)  [247s]
  3500 games  eps 0.020  train win 0.36 margin  -10.5  |td| 0.022  eval vs random win 1.00 (+122.5)  vs greedy win 0.47 (-4.3)  [290s]
  4000 games  eps 0.020  train win 0.42 margin   -4.4  |td| 0.021  eval vs random win 1.00 (+127.5)  vs greedy win 0.52 (+3.8)  [334s]
  4500 games  eps 0.020  train win 0.51 margin   +1.5  |td| 0.019  eval vs random win 1.00 (+133.6)  vs greedy win 0.58 (+8.5)  [375s]
  5000 games  eps 0.020  train win 0.39 margin   -6.1  |td| 0.017  eval vs random win 1.00 (+131.3)  vs greedy win 0.54 (+2.1)  [413s]
  5500 games  eps 0.020  train win 0.38 margin   -7.8  |td| 0.018  eval vs random win 1.00 (+122.8)  vs greedy win 0.41 (-4.4)  [450s]
  6000 games  eps 0.020  train win 0.25 margin  -30.5  |td| 0.024  eval vs random win 1.00 (+145.1)  vs greedy win 0.56 (+4.5)  [488s]
  6500 games  eps 0.020  train win 0.39 margin  -13.2  |td| 0.025  eval vs random win 1.00 (+139.8)  vs greedy win 0.63 (+8.9)  [526s]
  7000 games  eps 0.020  train win 0.57 margin   +6.9  |td| 0.020  eval vs random win 1.00 (+154.3)  vs greedy win 0.71 (+14.1)  [562s]
  7500 games  eps 0.020  train win 0.43 margin   -3.1  |td| 0.019  eval vs random win 1.00 (+144.6)  vs greedy win 0.52 (+4.4)  [600s]
  8000 games  eps 0.020  train win 0.41 margin   -4.5  |td| 0.017  eval vs random win 1.00 (+141.3)  vs greedy win 0.61 (+8.0)  [648s]
  8500 games  eps 0.020  train win 0.43 margin   -4.0  |td| 0.018  eval vs random win 1.00 (+147.7)  vs greedy win 0.54 (+4.2)  [698s]
  9000 games  eps 0.020  train win 0.41 margin   -7.2  |td| 0.020  eval vs random win 1.00 (+145.1)  vs greedy win 0.31 (-10.8)  [739s]
  9500 games  eps 0.020  train win 0.16 margin  -25.3  |td| 0.021  eval vs random win 1.00 (+142.3)  vs greedy win 0.13 (-30.3)  [791s]
 10000 games  eps 0.020  train win 0.19 margin  -42.1  |td| 0.032  eval vs random win 1.00 (+156.5)  vs greedy win 0.42 (-10.2)  [839s]
 10500 games  eps 0.020  train win 0.33 margin  -24.5  |td| 0.031  eval vs random win 1.00 (+168.2)  vs greedy win 0.63 (+8.2)  [884s]
 11000 games  eps 0.020  train win 0.58 margin   +5.2  |td| 0.023  eval vs random win 1.00 (+171.6)  vs greedy win 0.58 (+9.9)  [934s]
 11500 games  eps 0.020  train win 0.58 margin   +2.4  |td| 0.021  eval vs random win 1.00 (+165.1)  vs greedy win 0.50 (-0.3)  [981s]
 12000 games  eps 0.020  train win 0.50 margin   -0.9  |td| 0.020  eval vs random win 1.00 (+161.4)  vs greedy win 0.50 (+1.9)  [1026s]
 12500 games  eps 0.020  train win 0.39 margin   -6.9  |td| 0.018  eval vs random win 1.00 (+158.1)  vs greedy win 0.39 (-6.5)  [1070s]
 13000 games  eps 0.020  train win 0.34 margin  -11.2  |td| 0.019  eval vs random win 1.00 (+151.5)  vs greedy win 0.32 (-11.1)  [1124s]
 13500 games  eps 0.020  train win 0.25 margin  -17.6  |td| 0.022  eval vs random win 1.00 (+145.6)  vs greedy win 0.35 (-12.2)  [1167s]
 14000 games  eps 0.020  train win 0.10 margin  -62.1  |td| 0.034  eval vs random win 1.00 (+151.8)  vs greedy win 0.13 (-45.4)  [1224s]
 14500 games  eps 0.020  train win 0.40 margin  -10.1  |td| 0.029  eval vs random win 1.00 (+162.9)  vs greedy win 0.63 (+9.2)  [1288s]
 15000 games  eps 0.020  train win 0.36 margin  -20.3  |td| 0.028  eval vs random win 1.00 (+157.5)  vs greedy win 0.34 (-17.5)  [1332s]
 15500 games  eps 0.020  train win 0.41 margin  -15.5  |td| 0.027  eval vs random win 1.00 (+175.3)  vs greedy win 0.63 (+9.2)  [1365s]
 16000 games  eps 0.020  train win 0.56 margin   +3.7  |td| 0.026  eval vs random win 1.00 (+167.8)  vs greedy win 0.62 (+11.7)  [1398s]
 16500 games  eps 0.020  train win 0.55 margin   +3.2  |td| 0.023  eval vs random win 1.00 (+165.1)  vs greedy win 0.52 (+3.4)  [1431s]
 17000 games  eps 0.020  train win 0.46 margin   -2.6  |td| 0.023  eval vs random win 1.00 (+168.0)  vs greedy win 0.56 (+2.5)  [1464s]
 17500 games  eps 0.020  train win 0.60 margin   +5.4  |td| 0.019  eval vs random win 1.00 (+168.0)  vs greedy win 0.66 (+12.7)  [1496s]
 18000 games  eps 0.020  train win 0.50 margin   -0.0  |td| 0.019  eval vs random win 1.00 (+153.1)  vs greedy win 0.61 (+6.2)  [1528s]
 18500 games  eps 0.020  train win 0.32 margin  -11.0  |td| 0.021  eval vs random win 1.00 (+144.6)  vs greedy win 0.30 (-15.9)  [1558s]
 19000 games  eps 0.020  train win 0.28 margin  -16.1  |td| 0.020  eval vs random win 1.00 (+141.1)  vs greedy win 0.35 (-10.1)  [1589s]
 19500 games  eps 0.020  train win 0.18 margin  -46.5  |td| 0.033  eval vs random win 1.00 (+164.0)  vs greedy win 0.44 (-5.9)  [1620s]
 20000 games  eps 0.020  train win 0.40 margin  -11.4  |td| 0.028  eval vs random win 1.00 (+161.3)  vs greedy win 0.43 (-4.8)  [1652s]
 20500 games  eps 0.020  train win 0.38 margin  -14.7  |td| 0.027  eval vs random win 1.00 (+147.4)  vs greedy win 0.22 (-31.3)  [1685s]
 21000 games  eps 0.020  train win 0.56 margin   +3.3  |td| 0.028  eval vs random win 1.00 (+168.1)  vs greedy win 0.54 (+3.3)  [1717s]
 21500 games  eps 0.020  train win 0.56 margin   +3.4  |td| 0.026  eval vs random win 1.00 (+169.3)  vs greedy win 0.58 (+2.4)  [1749s]
 22000 games  eps 0.020  train win 0.50 margin   -0.7  |td| 0.022  eval vs random win 1.00 (+160.6)  vs greedy win 0.61 (+7.9)  [1781s]
 22500 games  eps 0.020  train win 0.46 margin   -2.0  |td| 0.019  eval vs random win 1.00 (+154.5)  vs greedy win 0.63 (+6.6)  [1813s]
 23000 games  eps 0.020  train win 0.45 margin   -4.4  |td| 0.020  eval vs random win 1.00 (+148.5)  vs greedy win 0.37 (-6.2)  [1846s]
 23500 games  eps 0.020  train win 0.39 margin   -8.6  |td| 0.018  eval vs random win 1.00 (+143.2)  vs greedy win 0.41 (-6.5)  [1876s]
 24000 games  eps 0.020  train win 0.45 margin  -10.6  |td| 0.027  eval vs random win 1.00 (+165.0)  vs greedy win 0.65 (+11.0)  [1909s]
 24500 games  eps 0.020  train win 0.53 margin   +1.3  |td| 0.023  eval vs random win 1.00 (+160.8)  vs greedy win 0.56 (+5.1)  [1942s]
 25000 games  eps 0.020  train win 0.44 margin   -5.0  |td| 0.025  eval vs random win 1.00 (+144.1)  vs greedy win 0.44 (-2.8)  [1974s]
 25500 games  eps 0.020  train win 0.36 margin  -10.1  |td| 0.020  eval vs random win 1.00 (+153.6)  vs greedy win 0.29 (-13.5)  [2004s]
 26000 games  eps 0.020  train win 0.37 margin  -10.2  |td| 0.021  eval vs random win 1.00 (+158.7)  vs greedy win 0.33 (-9.2)  [2036s]
 26500 games  eps 0.020  train win 0.39 margin  -10.5  |td| 0.027  eval vs random win 1.00 (+161.4)  vs greedy win 0.48 (-1.8)  [2067s]
 27000 games  eps 0.020  train win 0.36 margin   -7.7  |td| 0.022  eval vs random win 1.00 (+144.8)  vs greedy win 0.48 (-3.5)  [2099s]
 27500 games  eps 0.020  train win 0.34 margin  -10.7  |td| 0.020  eval vs random win 1.00 (+141.7)  vs greedy win 0.28 (-15.5)  [2129s]
 28000 games  eps 0.020  train win 0.21 margin  -35.4  |td| 0.030  eval vs random win 1.00 (+148.2)  vs greedy win 0.17 (-43.2)  [2159s]
 28500 games  eps 0.020  train win 0.53 margin   +1.9  |td| 0.026  eval vs random win 1.00 (+170.0)  vs greedy win 0.65 (+11.6)  [2190s]
 29000 games  eps 0.020  train win 0.55 margin   +2.3  |td| 0.025  eval vs random win 1.00 (+168.9)  vs greedy win 0.61 (+8.5)  [2221s]
 29500 games  eps 0.020  train win 0.48 margin   -2.0  |td| 0.024  eval vs random win 1.00 (+161.9)  vs greedy win 0.45 (+0.1)  [2251s]
 30000 games  eps 0.020  train win 0.43 margin   -6.0  |td| 0.023  eval vs random win 1.00 (+153.0)  vs greedy win 0.40 (-7.5)  [2280s]
saved runs\linear\pass7\p7d_q_lam98_self_s0.json  (ttr-dash runs\linear\pass7\p7d_q_lam98_self_s0.json to analyze)
