training q vs self: 30000 games, alpha 0.2, epsilon 0.2 -> 0.02, reward margin; lam 0.98, average 100
(best checkpoint kept by margin vs greedy; play it as linear:runs\linear\pass7\p7d_q_lam98_self_s2.json@best)
live: runs\linear\pass7\p7d_q_lam98_self_s2.json rewritten every 500 games (watch with ttr-dash --live runs\linear\pass7\p7d_q_lam98_self_s2.json)
   500 games  eps 0.110  train win 0.00 margin -159.4  |td| 0.046  eval vs random win 1.00 (+118.6)  vs greedy win 0.00 (-94.0)  [37s]
  1000 games  eps 0.020  train win 0.24 margin  -47.2  |td| 0.036  eval vs random win 1.00 (+114.2)  vs greedy win 0.00 (-89.3)  [77s]
  1500 games  eps 0.020  train win 0.32 margin  -31.5  |td| 0.042  eval vs random win 1.00 (+117.1)  vs greedy win 0.02 (-60.4)  [120s]
  2000 games  eps 0.020  train win 0.43 margin  -11.4  |td| 0.037  eval vs random win 1.00 (+126.1)  vs greedy win 0.09 (-36.1)  [166s]
  2500 games  eps 0.020  train win 0.38 margin  -10.8  |td| 0.034  eval vs random win 1.00 (+140.1)  vs greedy win 0.39 (-9.8)  [210s]
  3000 games  eps 0.020  train win 0.34 margin  -10.6  |td| 0.025  eval vs random win 1.00 (+140.9)  vs greedy win 0.43 (-2.2)  [254s]
  3500 games  eps 0.020  train win 0.41 margin   -5.6  |td| 0.018  eval vs random win 1.00 (+141.8)  vs greedy win 0.44 (-3.4)  [299s]
  4000 games  eps 0.020  train win 0.40 margin   -7.5  |td| 0.018  eval vs random win 1.00 (+143.7)  vs greedy win 0.45 (-6.1)  [343s]
  4500 games  eps 0.020  train win 0.24 margin  -16.3  |td| 0.019  eval vs random win 1.00 (+130.9)  vs greedy win 0.21 (-21.9)  [384s]
  5000 games  eps 0.020  train win 0.25 margin  -15.8  |td| 0.016  eval vs random win 1.00 (+136.4)  vs greedy win 0.36 (-9.2)  [422s]
  5500 games  eps 0.020  train win 0.13 margin  -24.0  |td| 0.015  eval vs random win 1.00 (+119.6)  vs greedy win 0.13 (-26.0)  [459s]
  6000 games  eps 0.020  train win 0.08 margin  -38.6  |td| 0.022  eval vs random win 1.00 (+140.8)  vs greedy win 0.33 (-13.8)  [496s]
  6500 games  eps 0.020  train win 0.19 margin  -23.8  |td| 0.019  eval vs random win 1.00 (+151.2)  vs greedy win 0.44 (-1.9)  [534s]
  7000 games  eps 0.020  train win 0.33 margin  -13.0  |td| 0.021  eval vs random win 1.00 (+140.3)  vs greedy win 0.46 (-3.3)  [570s]
  7500 games  eps 0.020  train win 0.33 margin  -16.0  |td| 0.025  eval vs random win 1.00 (+136.4)  vs greedy win 0.37 (-11.1)  [611s]
  8000 games  eps 0.020  train win 0.37 margin  -13.9  |td| 0.023  eval vs random win 1.00 (+150.6)  vs greedy win 0.54 (+2.9)  [656s]
  8500 games  eps 0.020  train win 0.31 margin  -13.8  |td| 0.022  eval vs random win 1.00 (+142.3)  vs greedy win 0.58 (+6.5)  [706s]
  9000 games  eps 0.020  train win 0.26 margin  -23.6  |td| 0.023  eval vs random win 1.00 (+130.0)  vs greedy win 0.25 (-16.7)  [755s]
  9500 games  eps 0.020  train win 0.35 margin  -14.5  |td| 0.025  eval vs random win 1.00 (+145.4)  vs greedy win 0.50 (+2.6)  [801s]
 10000 games  eps 0.020  train win 0.58 margin   +4.8  |td| 0.022  eval vs random win 1.00 (+158.2)  vs greedy win 0.65 (+11.7)  [848s]
 10500 games  eps 0.020  train win 0.30 margin  -17.7  |td| 0.024  eval vs random win 1.00 (+146.6)  vs greedy win 0.45 (-7.8)  [898s]
 11000 games  eps 0.020  train win 0.29 margin  -18.7  |td| 0.024  eval vs random win 1.00 (+141.1)  vs greedy win 0.43 (-1.2)  [944s]
 11500 games  eps 0.020  train win 0.30 margin  -21.0  |td| 0.025  eval vs random win 1.00 (+141.9)  vs greedy win 0.27 (-22.0)  [990s]
 12000 games  eps 0.020  train win 0.39 margin  -11.4  |td| 0.026  eval vs random win 1.00 (+153.1)  vs greedy win 0.65 (+12.6)  [1047s]
 12500 games  eps 0.020  train win 0.56 margin   +4.0  |td| 0.026  eval vs random win 1.00 (+157.5)  vs greedy win 0.67 (+14.8)  [1092s]
 13000 games  eps 0.020  train win 0.47 margin   -0.9  |td| 0.021  eval vs random win 1.00 (+156.7)  vs greedy win 0.44 (-2.3)  [1140s]
 13500 games  eps 0.020  train win 0.27 margin  -17.3  |td| 0.020  eval vs random win 1.00 (+152.3)  vs greedy win 0.38 (-7.2)  [1185s]
 14000 games  eps 0.020  train win 0.35 margin  -11.7  |td| 0.021  eval vs random win 1.00 (+154.2)  vs greedy win 0.55 (+2.3)  [1228s]
 14500 games  eps 0.020  train win 0.30 margin  -15.0  |td| 0.020  eval vs random win 1.00 (+151.5)  vs greedy win 0.39 (-9.2)  [1268s]
 15000 games  eps 0.020  train win 0.23 margin  -17.9  |td| 0.018  eval vs random win 1.00 (+143.7)  vs greedy win 0.36 (-7.3)  [1311s]
 15500 games  eps 0.020  train win 0.23 margin  -18.3  |td| 0.019  eval vs random win 1.00 (+146.1)  vs greedy win 0.44 (-8.2)  [1346s]
 16000 games  eps 0.020  train win 0.24 margin  -19.9  |td| 0.019  eval vs random win 1.00 (+145.4)  vs greedy win 0.48 (-3.2)  [1378s]
 16500 games  eps 0.020  train win 0.28 margin  -14.3  |td| 0.018  eval vs random win 1.00 (+146.0)  vs greedy win 0.39 (-4.4)  [1409s]
 17000 games  eps 0.020  train win 0.32 margin  -14.8  |td| 0.019  eval vs random win 1.00 (+140.8)  vs greedy win 0.50 (+0.2)  [1441s]
 17500 games  eps 0.020  train win 0.32 margin  -14.3  |td| 0.018  eval vs random win 1.00 (+147.8)  vs greedy win 0.53 (-2.0)  [1472s]
 18000 games  eps 0.020  train win 0.28 margin  -16.4  |td| 0.018  eval vs random win 1.00 (+139.9)  vs greedy win 0.45 (-3.2)  [1503s]
 18500 games  eps 0.020  train win 0.26 margin  -18.1  |td| 0.021  eval vs random win 1.00 (+139.5)  vs greedy win 0.32 (-12.3)  [1533s]
 19000 games  eps 0.020  train win 0.31 margin  -13.9  |td| 0.019  eval vs random win 1.00 (+138.6)  vs greedy win 0.54 (+2.4)  [1564s]
 19500 games  eps 0.020  train win 0.35 margin   -9.9  |td| 0.018  eval vs random win 1.00 (+144.7)  vs greedy win 0.48 (-0.2)  [1595s]
 20000 games  eps 0.020  train win 0.38 margin   -9.7  |td| 0.019  eval vs random win 1.00 (+148.5)  vs greedy win 0.57 (+2.6)  [1626s]
 20500 games  eps 0.020  train win 0.34 margin  -10.2  |td| 0.019  eval vs random win 1.00 (+151.7)  vs greedy win 0.42 (-1.6)  [1657s]
 21000 games  eps 0.020  train win 0.30 margin  -14.2  |td| 0.019  eval vs random win 1.00 (+151.4)  vs greedy win 0.43 (-4.8)  [1687s]
 21500 games  eps 0.020  train win 0.29 margin  -14.2  |td| 0.020  eval vs random win 1.00 (+141.5)  vs greedy win 0.46 (-1.8)  [1718s]
 22000 games  eps 0.020  train win 0.32 margin  -11.3  |td| 0.018  eval vs random win 1.00 (+145.8)  vs greedy win 0.47 (+1.0)  [1750s]
 22500 games  eps 0.020  train win 0.38 margin   -8.9  |td| 0.019  eval vs random win 1.00 (+152.2)  vs greedy win 0.58 (+4.4)  [1782s]
 23000 games  eps 0.020  train win 0.34 margin  -12.7  |td| 0.020  eval vs random win 1.00 (+142.1)  vs greedy win 0.45 (-2.0)  [1814s]
 23500 games  eps 0.020  train win 0.33 margin  -12.0  |td| 0.020  eval vs random win 1.00 (+144.4)  vs greedy win 0.50 (+1.0)  [1846s]
 24000 games  eps 0.020  train win 0.37 margin   -6.9  |td| 0.019  eval vs random win 1.00 (+158.3)  vs greedy win 0.56 (+4.5)  [1877s]
 24500 games  eps 0.020  train win 0.30 margin  -13.8  |td| 0.020  eval vs random win 1.00 (+148.9)  vs greedy win 0.50 (-4.1)  [1910s]
 25000 games  eps 0.020  train win 0.32 margin  -10.5  |td| 0.019  eval vs random win 1.00 (+158.5)  vs greedy win 0.53 (+2.1)  [1942s]
 25500 games  eps 0.020  train win 0.33 margin  -12.2  |td| 0.020  eval vs random win 1.00 (+144.5)  vs greedy win 0.46 (-0.1)  [1974s]
 26000 games  eps 0.020  train win 0.33 margin  -11.2  |td| 0.020  eval vs random win 1.00 (+155.0)  vs greedy win 0.47 (-0.3)  [2005s]
 26500 games  eps 0.020  train win 0.36 margin  -10.3  |td| 0.018  eval vs random win 1.00 (+156.1)  vs greedy win 0.49 (+1.3)  [2037s]
 27000 games  eps 0.020  train win 0.35 margin   -9.3  |td| 0.018  eval vs random win 1.00 (+145.0)  vs greedy win 0.50 (-0.8)  [2068s]
 27500 games  eps 0.020  train win 0.32 margin  -10.5  |td| 0.018  eval vs random win 1.00 (+146.9)  vs greedy win 0.50 (-1.6)  [2098s]
 28000 games  eps 0.020  train win 0.40 margin   -5.4  |td| 0.019  eval vs random win 1.00 (+162.6)  vs greedy win 0.61 (+9.4)  [2129s]
 28500 games  eps 0.020  train win 0.38 margin   -7.6  |td| 0.018  eval vs random win 1.00 (+164.6)  vs greedy win 0.59 (+10.2)  [2160s]
 29000 games  eps 0.020  train win 0.38 margin   -9.2  |td| 0.019  eval vs random win 1.00 (+156.1)  vs greedy win 0.54 (+3.1)  [2191s]
 29500 games  eps 0.020  train win 0.39 margin   -8.4  |td| 0.019  eval vs random win 1.00 (+161.9)  vs greedy win 0.49 (+0.5)  [2220s]
 30000 games  eps 0.020  train win 0.38 margin   -7.6  |td| 0.017  eval vs random win 1.00 (+147.5)  vs greedy win 0.55 (+3.4)  [2249s]
saved runs\linear\pass7\p7d_q_lam98_self_s2.json  (ttr-dash runs\linear\pass7\p7d_q_lam98_self_s2.json to analyze)
