training q vs self: 30000 games, alpha 0.2, epsilon 0.2 -> 0.02, reward margin; lam 0.98, average 100
(best checkpoint kept by margin vs greedy; play it as linear:runs\linear\pass7\p7d_q_lam98_self_s4.json@best)
live: runs\linear\pass7\p7d_q_lam98_self_s4.json rewritten every 500 games (watch with ttr-dash --live runs\linear\pass7\p7d_q_lam98_self_s4.json)
   500 games  eps 0.110  train win 0.00 margin -179.5  |td| 0.054  eval vs random win 0.98 (+113.7)  vs greedy win 0.00 (-104.9)  [30s]
  1000 games  eps 0.020  train win 0.27 margin  -48.0  |td| 0.037  eval vs random win 0.99 (+112.2)  vs greedy win 0.00 (-91.8)  [59s]
  1500 games  eps 0.020  train win 0.35 margin  -32.6  |td| 0.037  eval vs random win 1.00 (+119.3)  vs greedy win 0.00 (-67.2)  [90s]
  2000 games  eps 0.020  train win 0.24 margin  -50.2  |td| 0.050  eval vs random win 1.00 (+137.5)  vs greedy win 0.45 (-6.3)  [127s]
  2500 games  eps 0.020  train win 0.40 margin   -8.1  |td| 0.031  eval vs random win 1.00 (+143.0)  vs greedy win 0.55 (+5.4)  [163s]
  3000 games  eps 0.020  train win 0.41 margin   -7.1  |td| 0.025  eval vs random win 1.00 (+133.3)  vs greedy win 0.62 (+8.6)  [196s]
  3500 games  eps 0.020  train win 0.38 margin   -8.1  |td| 0.021  eval vs random win 1.00 (+136.2)  vs greedy win 0.53 (+2.4)  [223s]
  4000 games  eps 0.020  train win 0.41 margin   -5.2  |td| 0.020  eval vs random win 1.00 (+135.1)  vs greedy win 0.62 (+6.9)  [249s]
  4500 games  eps 0.020  train win 0.28 margin  -16.1  |td| 0.023  eval vs random win 1.00 (+126.2)  vs greedy win 0.40 (-3.3)  [276s]
  5000 games  eps 0.020  train win 0.35 margin   -9.8  |td| 0.017  eval vs random win 1.00 (+134.2)  vs greedy win 0.63 (+5.8)  [301s]
  5500 games  eps 0.020  train win 0.36 margin   -9.3  |td| 0.015  eval vs random win 1.00 (+120.1)  vs greedy win 0.22 (-15.6)  [327s]
  6000 games  eps 0.020  train win 0.26 margin  -16.1  |td| 0.013  eval vs random win 1.00 (+122.0)  vs greedy win 0.31 (-10.2)  [352s]
  6500 games  eps 0.020  train win 0.22 margin  -18.8  |td| 0.014  eval vs random win 1.00 (+116.4)  vs greedy win 0.25 (-16.6)  [377s]
  7000 games  eps 0.020  train win 0.05 margin  -43.9  |td| 0.014  eval vs random win 1.00 (+103.0)  vs greedy win 0.04 (-46.2)  [402s]
  7500 games  eps 0.020  train win 0.10 margin  -49.7  |td| 0.022  eval vs random win 1.00 (+141.9)  vs greedy win 0.32 (-23.9)  [425s]
  8000 games  eps 0.020  train win 0.32 margin  -15.8  |td| 0.021  eval vs random win 1.00 (+144.0)  vs greedy win 0.41 (-6.4)  [449s]
  8500 games  eps 0.020  train win 0.26 margin  -18.8  |td| 0.026  eval vs random win 1.00 (+149.3)  vs greedy win 0.23 (-19.8)  [472s]
  9000 games  eps 0.020  train win 0.28 margin  -16.2  |td| 0.023  eval vs random win 1.00 (+147.7)  vs greedy win 0.26 (-13.9)  [496s]
  9500 games  eps 0.020  train win 0.30 margin  -14.7  |td| 0.027  eval vs random win 1.00 (+146.4)  vs greedy win 0.24 (-17.1)  [520s]
 10000 games  eps 0.020  train win 0.19 margin  -38.5  |td| 0.027  eval vs random win 1.00 (+157.6)  vs greedy win 0.39 (-16.9)  [543s]
 10500 games  eps 0.020  train win 0.51 margin   +0.2  |td| 0.024  eval vs random win 1.00 (+154.0)  vs greedy win 0.46 (-2.2)  [567s]
 11000 games  eps 0.020  train win 0.35 margin  -17.9  |td| 0.029  eval vs random win 1.00 (+137.4)  vs greedy win 0.42 (-11.4)  [591s]
 11500 games  eps 0.020  train win 0.44 margin   -7.1  |td| 0.026  eval vs random win 1.00 (+160.1)  vs greedy win 0.56 (+2.2)  [615s]
 12000 games  eps 0.020  train win 0.54 margin   +1.9  |td| 0.023  eval vs random win 1.00 (+161.3)  vs greedy win 0.62 (+7.3)  [638s]
 12500 games  eps 0.020  train win 0.55 margin   +1.8  |td| 0.021  eval vs random win 1.00 (+152.2)  vs greedy win 0.46 (+2.3)  [662s]
 13000 games  eps 0.020  train win 0.43 margin   -5.9  |td| 0.023  eval vs random win 1.00 (+156.5)  vs greedy win 0.48 (+1.3)  [685s]
 13500 games  eps 0.020  train win 0.51 margin   -0.0  |td| 0.018  eval vs random win 1.00 (+163.2)  vs greedy win 0.48 (-2.1)  [709s]
 14000 games  eps 0.020  train win 0.52 margin   +0.3  |td| 0.019  eval vs random win 1.00 (+161.1)  vs greedy win 0.50 (+2.3)  [733s]
 14500 games  eps 0.020  train win 0.39 margin   -7.2  |td| 0.018  eval vs random win 1.00 (+156.6)  vs greedy win 0.24 (-14.0)  [756s]
 15000 games  eps 0.020  train win 0.25 margin  -18.4  |td| 0.021  eval vs random win 1.00 (+145.0)  vs greedy win 0.23 (-18.5)  [778s]
 15500 games  eps 0.020  train win 0.23 margin  -22.3  |td| 0.024  eval vs random win 1.00 (+154.8)  vs greedy win 0.16 (-23.9)  [800s]
 16000 games  eps 0.020  train win 0.10 margin  -46.3  |td| 0.024  eval vs random win 1.00 (+150.9)  vs greedy win 0.23 (-38.7)  [823s]
 16500 games  eps 0.020  train win 0.47 margin   -2.8  |td| 0.020  eval vs random win 1.00 (+157.3)  vs greedy win 0.54 (+7.1)  [847s]
 17000 games  eps 0.020  train win 0.37 margin   -8.9  |td| 0.022  eval vs random win 1.00 (+152.9)  vs greedy win 0.38 (-8.2)  [870s]
 17500 games  eps 0.020  train win 0.43 margin   -4.6  |td| 0.019  eval vs random win 1.00 (+152.3)  vs greedy win 0.52 (+1.0)  [893s]
 18000 games  eps 0.020  train win 0.34 margin  -12.0  |td| 0.020  eval vs random win 1.00 (+145.8)  vs greedy win 0.32 (-9.9)  [916s]
 18500 games  eps 0.020  train win 0.35 margin   -8.1  |td| 0.018  eval vs random win 1.00 (+153.4)  vs greedy win 0.48 (+3.6)  [938s]
 19000 games  eps 0.020  train win 0.35 margin  -10.0  |td| 0.025  eval vs random win 1.00 (+153.7)  vs greedy win 0.49 (-0.9)  [960s]
 19500 games  eps 0.020  train win 0.34 margin  -12.2  |td| 0.018  eval vs random win 1.00 (+152.5)  vs greedy win 0.37 (-9.9)  [982s]
 20000 games  eps 0.020  train win 0.31 margin  -13.1  |td| 0.017  eval vs random win 1.00 (+151.3)  vs greedy win 0.24 (-18.4)  [1004s]
 20500 games  eps 0.020  train win 0.34 margin  -11.2  |td| 0.020  eval vs random win 1.00 (+154.5)  vs greedy win 0.46 (-2.7)  [1024s]
 21000 games  eps 0.020  train win 0.24 margin  -20.7  |td| 0.024  eval vs random win 1.00 (+141.0)  vs greedy win 0.16 (-28.8)  [1044s]
 21500 games  eps 0.020  train win 0.26 margin  -17.6  |td| 0.022  eval vs random win 1.00 (+143.8)  vs greedy win 0.22 (-21.6)  [1063s]
 22000 games  eps 0.020  train win 0.23 margin  -33.8  |td| 0.023  eval vs random win 1.00 (+164.8)  vs greedy win 0.55 (+3.7)  [1086s]
 22500 games  eps 0.020  train win 0.44 margin   -3.5  |td| 0.018  eval vs random win 1.00 (+154.6)  vs greedy win 0.43 (+0.0)  [1109s]
 23000 games  eps 0.020  train win 0.51 margin   -1.3  |td| 0.020  eval vs random win 1.00 (+153.9)  vs greedy win 0.54 (-0.6)  [1133s]
 23500 games  eps 0.020  train win 0.37 margin   -8.8  |td| 0.021  eval vs random win 1.00 (+154.7)  vs greedy win 0.34 (-8.1)  [1155s]
 24000 games  eps 0.020  train win 0.34 margin   -8.8  |td| 0.018  eval vs random win 1.00 (+152.3)  vs greedy win 0.35 (-7.2)  [1177s]
 24500 games  eps 0.020  train win 0.36 margin  -11.6  |td| 0.021  eval vs random win 1.00 (+159.6)  vs greedy win 0.46 (-0.9)  [1199s]
 25000 games  eps 0.020  train win 0.34 margin  -11.3  |td| 0.020  eval vs random win 1.00 (+148.9)  vs greedy win 0.23 (-14.9)  [1221s]
 25500 games  eps 0.020  train win 0.32 margin  -13.5  |td| 0.019  eval vs random win 1.00 (+150.8)  vs greedy win 0.26 (-16.8)  [1242s]
 26000 games  eps 0.020  train win 0.32 margin  -13.2  |td| 0.015  eval vs random win 1.00 (+154.3)  vs greedy win 0.37 (-6.1)  [1266s]
 26500 games  eps 0.020  train win 0.33 margin  -15.3  |td| 0.021  eval vs random win 1.00 (+155.9)  vs greedy win 0.41 (-8.6)  [1288s]
 27000 games  eps 0.020  train win 0.53 margin   +1.9  |td| 0.017  eval vs random win 1.00 (+166.8)  vs greedy win 0.53 (+5.8)  [1308s]
 27500 games  eps 0.020  train win 0.31 margin  -10.3  |td| 0.021  eval vs random win 1.00 (+154.8)  vs greedy win 0.33 (-10.8)  [1328s]
 28000 games  eps 0.020  train win 0.31 margin  -11.9  |td| 0.018  eval vs random win 1.00 (+162.7)  vs greedy win 0.47 (+0.5)  [1348s]
 28500 games  eps 0.020  train win 0.26 margin  -17.7  |td| 0.020  eval vs random win 1.00 (+151.6)  vs greedy win 0.28 (-15.2)  [1366s]
 29000 games  eps 0.020  train win 0.27 margin  -18.4  |td| 0.021  eval vs random win 1.00 (+149.9)  vs greedy win 0.40 (-9.4)  [1385s]
 29500 games  eps 0.020  train win 0.21 margin  -22.4  |td| 0.021  eval vs random win 1.00 (+130.6)  vs greedy win 0.21 (-25.5)  [1404s]
 30000 games  eps 0.020  train win 0.27 margin  -16.9  |td| 0.017  eval vs random win 1.00 (+157.9)  vs greedy win 0.45 (-1.8)  [1422s]
saved runs\linear\pass7\p7d_q_lam98_self_s4.json  (ttr-dash runs\linear\pass7\p7d_q_lam98_self_s4.json to analyze)
