training q vs self: 30000 games, alpha 0.2, epsilon 0.2 -> 0.02, reward margin; lam 0.98, average 100
(best checkpoint kept by margin vs greedy; play it as linear:runs\linear\pass7\p7d_q_lam98_self_s3.json@best)
live: runs\linear\pass7\p7d_q_lam98_self_s3.json rewritten every 500 games (watch with ttr-dash --live runs\linear\pass7\p7d_q_lam98_self_s3.json)
   500 games  eps 0.110  train win 0.00 margin -152.6  |td| 0.041  eval vs random win 1.00 (+115.3)  vs greedy win 0.00 (-98.6)  [27s]
  1000 games  eps 0.020  train win 0.27 margin  -46.9  |td| 0.037  eval vs random win 1.00 (+115.2)  vs greedy win 0.00 (-81.1)  [59s]
  1500 games  eps 0.020  train win 0.51 margin   -7.7  |td| 0.050  eval vs random win 1.00 (+116.1)  vs greedy win 0.23 (-17.3)  [92s]
  2000 games  eps 0.020  train win 0.21 margin  -46.6  |td| 0.058  eval vs random win 1.00 (+117.0)  vs greedy win 0.21 (-19.1)  [128s]
  2500 games  eps 0.020  train win 0.57 margin   +1.3  |td| 0.028  eval vs random win 1.00 (+141.7)  vs greedy win 0.36 (-9.2)  [162s]
  3000 games  eps 0.020  train win 0.46 margin   -3.7  |td| 0.020  eval vs random win 1.00 (+151.0)  vs greedy win 0.40 (-4.0)  [201s]
  3500 games  eps 0.020  train win 0.42 margin   -6.5  |td| 0.018  eval vs random win 1.00 (+155.0)  vs greedy win 0.14 (-21.3)  [240s]
  4000 games  eps 0.020  train win 0.37 margin   -7.0  |td| 0.014  eval vs random win 1.00 (+152.5)  vs greedy win 0.29 (-11.9)  [278s]
  4500 games  eps 0.020  train win 0.49 margin   -1.0  |td| 0.014  eval vs random win 1.00 (+161.7)  vs greedy win 0.38 (-2.5)  [313s]
  5000 games  eps 0.020  train win 0.12 margin  -29.5  |td| 0.016  eval vs random win 1.00 (+142.1)  vs greedy win 0.05 (-37.9)  [343s]
  5500 games  eps 0.020  train win 0.01 margin  -61.5  |td| 0.019  eval vs random win 1.00 (+149.6)  vs greedy win 0.01 (-46.3)  [371s]
  6000 games  eps 0.020  train win 0.13 margin  -38.4  |td| 0.027  eval vs random win 1.00 (+169.2)  vs greedy win 0.20 (-15.6)  [403s]
  6500 games  eps 0.020  train win 0.20 margin  -23.7  |td| 0.026  eval vs random win 1.00 (+151.8)  vs greedy win 0.25 (-15.7)  [433s]
  7000 games  eps 0.020  train win 0.03 margin  -61.2  |td| 0.021  eval vs random win 1.00 (+125.3)  vs greedy win 0.01 (-63.4)  [455s]
  7500 games  eps 0.020  train win 0.01 margin  -60.6  |td| 0.017  eval vs random win 1.00 (+126.1)  vs greedy win 0.02 (-58.5)  [477s]
  8000 games  eps 0.020  train win 0.02 margin  -59.6  |td| 0.016  eval vs random win 0.99 (+121.7)  vs greedy win 0.01 (-62.4)  [499s]
  8500 games  eps 0.020  train win 0.08 margin  -44.8  |td| 0.027  eval vs random win 0.99 (+121.6)  vs greedy win 0.03 (-72.1)  [521s]
  9000 games  eps 0.020  train win 0.03 margin  -55.9  |td| 0.020  eval vs random win 1.00 (+131.2)  vs greedy win 0.01 (-56.6)  [543s]
  9500 games  eps 0.020  train win 0.04 margin  -53.8  |td| 0.023  eval vs random win 1.00 (+136.5)  vs greedy win 0.03 (-65.9)  [566s]
 10000 games  eps 0.020  train win 0.04 margin  -49.6  |td| 0.024  eval vs random win 1.00 (+153.3)  vs greedy win 0.08 (-44.3)  [588s]
 10500 games  eps 0.020  train win 0.04 margin  -52.8  |td| 0.021  eval vs random win 1.00 (+128.0)  vs greedy win 0.04 (-57.9)  [609s]
 11000 games  eps 0.020  train win 0.02 margin  -56.9  |td| 0.020  eval vs random win 1.00 (+134.3)  vs greedy win 0.03 (-48.5)  [631s]
 11500 games  eps 0.020  train win 0.02 margin  -56.5  |td| 0.025  eval vs random win 1.00 (+138.0)  vs greedy win 0.01 (-72.4)  [653s]
 12000 games  eps 0.020  train win 0.06 margin  -50.8  |td| 0.025  eval vs random win 1.00 (+153.3)  vs greedy win 0.24 (-21.2)  [675s]
 12500 games  eps 0.020  train win 0.12 margin  -46.2  |td| 0.039  eval vs random win 1.00 (+133.7)  vs greedy win 0.05 (-40.5)  [698s]
 13000 games  eps 0.020  train win 0.05 margin  -49.5  |td| 0.031  eval vs random win 1.00 (+133.6)  vs greedy win 0.06 (-56.7)  [720s]
 13500 games  eps 0.020  train win 0.16 margin  -32.3  |td| 0.025  eval vs random win 1.00 (+125.8)  vs greedy win 0.18 (-28.0)  [743s]
 14000 games  eps 0.020  train win 0.14 margin  -33.2  |td| 0.022  eval vs random win 1.00 (+133.7)  vs greedy win 0.14 (-33.5)  [766s]
 14500 games  eps 0.020  train win 0.14 margin  -32.3  |td| 0.023  eval vs random win 1.00 (+128.6)  vs greedy win 0.16 (-26.1)  [788s]
 15000 games  eps 0.020  train win 0.26 margin  -20.8  |td| 0.024  eval vs random win 1.00 (+155.8)  vs greedy win 0.22 (-22.7)  [812s]
 15500 games  eps 0.020  train win 0.22 margin  -25.6  |td| 0.027  eval vs random win 1.00 (+162.0)  vs greedy win 0.12 (-35.3)  [837s]
 16000 games  eps 0.020  train win 0.11 margin  -37.0  |td| 0.029  eval vs random win 1.00 (+129.4)  vs greedy win 0.05 (-41.6)  [861s]
 16500 games  eps 0.020  train win 0.11 margin  -48.7  |td| 0.039  eval vs random win 1.00 (+146.8)  vs greedy win 0.06 (-52.9)  [886s]
 17000 games  eps 0.020  train win 0.21 margin  -21.7  |td| 0.028  eval vs random win 1.00 (+164.9)  vs greedy win 0.39 (-7.8)  [911s]
 17500 games  eps 0.020  train win 0.19 margin  -28.8  |td| 0.026  eval vs random win 1.00 (+145.4)  vs greedy win 0.04 (-43.7)  [936s]
 18000 games  eps 0.020  train win 0.30 margin  -21.9  |td| 0.027  eval vs random win 1.00 (+152.0)  vs greedy win 0.56 (+6.2)  [961s]
 18500 games  eps 0.020  train win 0.28 margin  -14.0  |td| 0.022  eval vs random win 1.00 (+148.9)  vs greedy win 0.47 (-3.3)  [982s]
 19000 games  eps 0.020  train win 0.19 margin  -24.9  |td| 0.025  eval vs random win 1.00 (+129.1)  vs greedy win 0.21 (-23.7)  [1003s]
 19500 games  eps 0.020  train win 0.12 margin  -40.0  |td| 0.031  eval vs random win 1.00 (+125.7)  vs greedy win 0.07 (-48.1)  [1026s]
 20000 games  eps 0.020  train win 0.15 margin  -32.3  |td| 0.026  eval vs random win 1.00 (+134.8)  vs greedy win 0.13 (-28.2)  [1047s]
 20500 games  eps 0.020  train win 0.15 margin  -36.5  |td| 0.026  eval vs random win 0.99 (+138.3)  vs greedy win 0.06 (-55.1)  [1070s]
 21000 games  eps 0.020  train win 0.12 margin  -35.6  |td| 0.022  eval vs random win 1.00 (+125.0)  vs greedy win 0.03 (-46.7)  [1093s]
 21500 games  eps 0.020  train win 0.17 margin  -29.0  |td| 0.024  eval vs random win 1.00 (+141.1)  vs greedy win 0.15 (-37.2)  [1116s]
 22000 games  eps 0.020  train win 0.21 margin  -28.4  |td| 0.024  eval vs random win 1.00 (+134.6)  vs greedy win 0.15 (-29.3)  [1139s]
 22500 games  eps 0.020  train win 0.15 margin  -33.6  |td| 0.021  eval vs random win 1.00 (+147.8)  vs greedy win 0.12 (-39.6)  [1165s]
 23000 games  eps 0.020  train win 0.28 margin  -19.7  |td| 0.024  eval vs random win 1.00 (+144.0)  vs greedy win 0.37 (-11.0)  [1190s]
 23500 games  eps 0.020  train win 0.17 margin  -35.6  |td| 0.027  eval vs random win 1.00 (+137.5)  vs greedy win 0.10 (-52.1)  [1216s]
 24000 games  eps 0.020  train win 0.14 margin  -34.0  |td| 0.023  eval vs random win 1.00 (+130.2)  vs greedy win 0.09 (-34.3)  [1239s]
 24500 games  eps 0.020  train win 0.16 margin  -30.7  |td| 0.020  eval vs random win 1.00 (+134.9)  vs greedy win 0.18 (-36.2)  [1260s]
 25000 games  eps 0.020  train win 0.19 margin  -31.2  |td| 0.024  eval vs random win 1.00 (+143.6)  vs greedy win 0.03 (-56.5)  [1282s]
 25500 games  eps 0.020  train win 0.17 margin  -36.0  |td| 0.026  eval vs random win 1.00 (+148.7)  vs greedy win 0.42 (-3.7)  [1303s]
 26000 games  eps 0.020  train win 0.29 margin  -20.2  |td| 0.025  eval vs random win 1.00 (+141.2)  vs greedy win 0.43 (-7.1)  [1325s]
 26500 games  eps 0.020  train win 0.25 margin  -21.4  |td| 0.024  eval vs random win 1.00 (+139.6)  vs greedy win 0.16 (-27.4)  [1347s]
 27000 games  eps 0.020  train win 0.27 margin  -18.7  |td| 0.021  eval vs random win 0.99 (+142.1)  vs greedy win 0.26 (-11.7)  [1369s]
 27500 games  eps 0.020  train win 0.14 margin  -40.2  |td| 0.024  eval vs random win 1.00 (+130.1)  vs greedy win 0.30 (-16.6)  [1392s]
 28000 games  eps 0.020  train win 0.14 margin  -38.9  |td| 0.026  eval vs random win 1.00 (+144.4)  vs greedy win 0.06 (-40.4)  [1413s]
 28500 games  eps 0.020  train win 0.19 margin  -25.5  |td| 0.023  eval vs random win 1.00 (+144.8)  vs greedy win 0.08 (-41.8)  [1435s]
 29000 games  eps 0.020  train win 0.15 margin  -35.3  |td| 0.023  eval vs random win 1.00 (+141.9)  vs greedy win 0.25 (-21.2)  [1458s]
 29500 games  eps 0.020  train win 0.03 margin  -57.9  |td| 0.019  eval vs random win 1.00 (+132.0)  vs greedy win 0.00 (-72.3)  [1480s]
 30000 games  eps 0.020  train win 0.09 margin  -46.8  |td| 0.024  eval vs random win 1.00 (+126.4)  vs greedy win 0.02 (-54.8)  [1501s]
saved runs\linear\pass7\p7d_q_lam98_self_s3.json  (ttr-dash runs\linear\pass7\p7d_q_lam98_self_s3.json to analyze)
