started 2026-09-27T04:26:35
start 2026-09-27T04:26:35  p7a_q_lam98_random_s0
start 2026-09-27T04:26:35  p7b_sarsa_lam98_random_s0
start 2026-09-27T04:26:35  p7c_q_lam98_greedy_s0
start 2026-09-27T04:26:35  p7d_q_lam98_self_s0
start 2026-09-27T04:26:35  p7a_q_lam98_random_s1
start 2026-09-27T04:26:35  p7b_sarsa_lam98_random_s1
start 2026-09-27T04:26:35  p7c_q_lam98_greedy_s1
start 2026-09-27T04:26:35  p7d_q_lam98_self_s1
start 2026-09-27T04:26:35  p7a_q_lam98_random_s2
start 2026-09-27T04:26:35  p7b_sarsa_lam98_random_s2
start 2026-09-27T04:26:35  p7c_q_lam98_greedy_s2
start 2026-09-27T04:26:35  p7d_q_lam98_self_s2
start 2026-09-27T04:57:07  p7a_q_lam98_random_s3
start 2026-09-27T04:57:27  p7b_sarsa_lam98_random_s3
start 2026-09-27T04:57:37  p7c_q_lam98_greedy_s3
start 2026-09-27T04:57:37  p7d_q_lam98_self_s3
start 2026-09-27T04:57:37  p7a_q_lam98_random_s4
start 2026-09-27T04:58:17  p7b_sarsa_lam98_random_s4
start 2026-09-27T05:01:18  p7c_q_lam98_greedy_s4
start 2026-09-27T05:01:28  p7d_q_lam98_self_s4
exit 0  p7a_q_lam98_random_s0
exit 0  p7b_sarsa_lam98_random_s0
exit 0  p7c_q_lam98_greedy_s0
exit 0  p7d_q_lam98_self_s0
exit 0  p7a_q_lam98_random_s1
exit 0  p7b_sarsa_lam98_random_s1
exit 0  p7c_q_lam98_greedy_s1
exit 0  p7d_q_lam98_self_s1
exit 0  p7a_q_lam98_random_s2
exit 0  p7b_sarsa_lam98_random_s2
exit 0  p7c_q_lam98_greedy_s2
exit 0  p7d_q_lam98_self_s2
exit 0  p7a_q_lam98_random_s3
exit 0  p7b_sarsa_lam98_random_s3
exit 0  p7c_q_lam98_greedy_s3
exit 0  p7d_q_lam98_self_s3
exit 0  p7a_q_lam98_random_s4
exit 0  p7b_sarsa_lam98_random_s4
exit 0  p7c_q_lam98_greedy_s4
exit 0  p7d_q_lam98_self_s4
finished 2026-09-27T05:25:29
