training dqn vs greedy on cuda: 30000 games, hidden [512, 256] dueling, n-step 1, lr 0.0001, batch 256, epsilon 1.0 -> 0.02, reward margin, average 100
(best checkpoint kept by margin vs greedy; play it as dqn:runs\dqn\pass1\d1a_n1_s2.json@best)
live: runs\dqn\pass1\d1a_n1_s2.json rewritten every 500 games (watch with ttr-dash --live runs\dqn\pass1\d1a_n1_s2.json)
   500 games  eps 0.674  steps    3953  train win 0.00 margin -192.6  |td| 0.030  eval vs random win 0.56 (+11.9)  vs greedy win 0.00 (-189.7)  vs linear win 0.00 (-125.9)  [94s]
  1000 games  eps 0.347  steps    9196  train win 0.00 margin -181.3  |td| 0.027  eval vs random win 0.77 (+46.3)  vs greedy win 0.00 (-162.3)  vs linear win 0.00 (-168.1)  [230s]
  1500 games  eps 0.021  steps   14434  train win 0.00 margin -149.0  |td| 0.025  eval vs random win 0.89 (+81.2)  vs greedy win 0.00 (-136.4)  vs linear win 0.00 (-158.7)  [366s]
  2000 games  eps 0.020  steps   19575  train win 0.00 margin -114.6  |td| 0.023  eval vs random win 0.92 (+84.4)  vs greedy win 0.02 (-93.1)  vs linear win 0.00 (-130.4)  [499s]
  2500 games  eps 0.020  steps   24660  train win 0.01 margin  -94.3  |td| 0.021  eval vs random win 1.00 (+109.8)  vs greedy win 0.02 (-79.1)  vs linear win 0.00 (-106.2)  [634s]
  3000 games  eps 0.020  steps   29674  train win 0.02 margin  -81.4  |td| 0.021  eval vs random win 1.00 (+113.3)  vs greedy win 0.02 (-66.0)  vs linear win 0.00 (-72.8)  [768s]
  3500 games  eps 0.020  steps   34608  train win 0.03 margin  -63.4  |td| 0.019  eval vs random win 0.97 (+118.6)  vs greedy win 0.04 (-44.8)  vs linear win 0.00 (-67.2)  [898s]
  4000 games  eps 0.020  steps   39550  train win 0.08 margin  -47.8  |td| 0.017  eval vs random win 1.00 (+131.4)  vs greedy win 0.09 (-38.4)  vs linear win 0.00 (-57.1)  [1026s]
  4500 games  eps 0.020  steps   44541  train win 0.08 margin  -45.7  |td| 0.017  eval vs random win 0.99 (+133.2)  vs greedy win 0.07 (-49.9)  vs linear win 0.00 (-64.6)  [1152s]
  5000 games  eps 0.020  steps   49432  train win 0.11 margin  -37.3  |td| 0.017  eval vs random win 1.00 (+139.7)  vs greedy win 0.20 (-26.8)  vs linear win 0.06 (-47.7)  [1274s]
  5500 games  eps 0.020  steps   54340  train win 0.13 margin  -34.6  |td| 0.017  eval vs random win 1.00 (+133.3)  vs greedy win 0.14 (-35.1)  vs linear win 0.01 (-59.1)  [1398s]
  6000 games  eps 0.020  steps   59287  train win 0.12 margin  -34.8  |td| 0.018  eval vs random win 1.00 (+146.1)  vs greedy win 0.14 (-32.4)  vs linear win 0.04 (-55.8)  [1522s]
  6500 games  eps 0.020  steps   64319  train win 0.07 margin  -48.2  |td| 0.020  eval vs random win 1.00 (+141.4)  vs greedy win 0.10 (-53.7)  vs linear win 0.02 (-63.6)  [1648s]
  7000 games  eps 0.020  steps   69283  train win 0.08 margin  -50.3  |td| 0.018  eval vs random win 1.00 (+143.1)  vs greedy win 0.10 (-59.2)  vs linear win 0.01 (-71.6)  [1772s]
  7500 games  eps 0.020  steps   74120  train win 0.17 margin  -35.0  |td| 0.018  eval vs random win 1.00 (+137.3)  vs greedy win 0.22 (-26.1)  vs linear win 0.02 (-51.1)  [1897s]
  8000 games  eps 0.020  steps   78848  train win 0.27 margin  -18.8  |td| 0.018  eval vs random win 1.00 (+150.9)  vs greedy win 0.26 (-16.6)  vs linear win 0.03 (-51.1)  [2018s]
  8500 games  eps 0.020  steps   83435  train win 0.32 margin  -13.2  |td| 0.018  eval vs random win 1.00 (+143.8)  vs greedy win 0.52 (-1.2)  vs linear win 0.13 (-28.9)  [2136s]
  9000 games  eps 0.020  steps   87840  train win 0.43 margin   -6.4  |td| 0.018  eval vs random win 1.00 (+141.1)  vs greedy win 0.54 (+4.2)  vs linear win 0.05 (-29.5)  [2252s]
  9500 games  eps 0.020  steps   92181  train win 0.51 margin   -2.2  |td| 0.018  eval vs random win 1.00 (+146.8)  vs greedy win 0.49 (+0.0)  vs linear win 0.13 (-31.4)  [2365s]
 10000 games  eps 0.020  steps   96509  train win 0.48 margin   -2.5  |td| 0.018  eval vs random win 1.00 (+148.3)  vs greedy win 0.57 (+5.1)  vs linear win 0.18 (-23.3)  [2479s]
 10500 games  eps 0.020  steps  100796  train win 0.54 margin   +0.7  |td| 0.018  eval vs random win 1.00 (+147.0)  vs greedy win 0.61 (+6.4)  vs linear win 0.12 (-24.1)  [2595s]
 11000 games  eps 0.020  steps  105172  train win 0.49 margin   -5.7  |td| 0.018  eval vs random win 1.00 (+144.8)  vs greedy win 0.69 (+8.0)  vs linear win 0.14 (-23.6)  [2708s]
 11500 games  eps 0.020  steps  109561  train win 0.52 margin   -1.6  |td| 0.018  eval vs random win 1.00 (+155.9)  vs greedy win 0.56 (+4.8)  vs linear win 0.11 (-23.8)  [2822s]
 12000 games  eps 0.020  steps  113902  train win 0.53 margin   +2.0  |td| 0.018  eval vs random win 1.00 (+160.6)  vs greedy win 0.63 (+8.6)  vs linear win 0.12 (-33.6)  [2933s]
 12500 games  eps 0.020  steps  118310  train win 0.55 margin   +2.0  |td| 0.018  eval vs random win 1.00 (+156.5)  vs greedy win 0.55 (+6.7)  vs linear win 0.09 (-35.7)  [3046s]
 13000 games  eps 0.020  steps  122668  train win 0.59 margin   +4.2  |td| 0.017  eval vs random win 1.00 (+145.6)  vs greedy win 0.65 (+10.5)  vs linear win 0.10 (-34.1)  [3162s]
 13500 games  eps 0.020  steps  127039  train win 0.62 margin   +6.0  |td| 0.016  eval vs random win 1.00 (+159.2)  vs greedy win 0.70 (+9.6)  vs linear win 0.07 (-35.9)  [3278s]
 14000 games  eps 0.020  steps  131404  train win 0.62 margin   +6.7  |td| 0.016  eval vs random win 1.00 (+156.3)  vs greedy win 0.70 (+14.2)  vs linear win 0.22 (-26.0)  [3394s]
 14500 games  eps 0.020  steps  135767  train win 0.62 margin   +6.4  |td| 0.015  eval vs random win 1.00 (+150.7)  vs greedy win 0.71 (+12.4)  vs linear win 0.24 (-19.8)  [3506s]
 15000 games  eps 0.020  steps  140111  train win 0.64 margin   +8.7  |td| 0.015  eval vs random win 1.00 (+156.1)  vs greedy win 0.71 (+16.2)  vs linear win 0.22 (-20.2)  [3617s]
 15500 games  eps 0.020  steps  144478  train win 0.65 margin   +8.5  |td| 0.015  eval vs random win 1.00 (+166.4)  vs greedy win 0.76 (+13.0)  vs linear win 0.24 (-20.3)  [3726s]
 16000 games  eps 0.020  steps  148892  train win 0.61 margin   +6.1  |td| 0.015  eval vs random win 1.00 (+155.2)  vs greedy win 0.74 (+16.9)  vs linear win 0.17 (-26.4)  [3828s]
 16500 games  eps 0.020  steps  153280  train win 0.64 margin   +8.7  |td| 0.015  eval vs random win 1.00 (+148.1)  vs greedy win 0.77 (+13.7)  vs linear win 0.22 (-19.9)  [3934s]
 17000 games  eps 0.020  steps  157717  train win 0.63 margin   +6.8  |td| 0.015  eval vs random win 1.00 (+159.0)  vs greedy win 0.73 (+13.4)  vs linear win 0.21 (-23.0)  [4036s]
 17500 games  eps 0.020  steps  162098  train win 0.64 margin   +9.1  |td| 0.015  eval vs random win 1.00 (+149.1)  vs greedy win 0.76 (+16.3)  vs linear win 0.27 (-17.8)  [4147s]
 18000 games  eps 0.020  steps  166473  train win 0.63 margin   +7.7  |td| 0.015  eval vs random win 1.00 (+149.4)  vs greedy win 0.75 (+13.9)  vs linear win 0.23 (-17.9)  [4257s]
 18500 games  eps 0.020  steps  170866  train win 0.61 margin   +7.1  |td| 0.015  eval vs random win 1.00 (+147.7)  vs greedy win 0.76 (+14.5)  vs linear win 0.11 (-31.4)  [4363s]
 19000 games  eps 0.020  steps  175289  train win 0.63 margin   +7.8  |td| 0.015  eval vs random win 1.00 (+151.7)  vs greedy win 0.66 (+13.6)  vs linear win 0.17 (-30.8)  [4467s]
 19500 games  eps 0.020  steps  179728  train win 0.60 margin   +5.1  |td| 0.015  eval vs random win 1.00 (+157.7)  vs greedy win 0.67 (+13.8)  vs linear win 0.12 (-40.5)  [4565s]
 20000 games  eps 0.020  steps  184145  train win 0.62 margin   +7.5  |td| 0.015  eval vs random win 1.00 (+159.3)  vs greedy win 0.68 (+9.4)  vs linear win 0.12 (-34.9)  [4655s]
 20500 games  eps 0.020  steps  188500  train win 0.63 margin   +8.7  |td| 0.015  eval vs random win 1.00 (+161.4)  vs greedy win 0.73 (+14.1)  vs linear win 0.17 (-26.9)  [4743s]
 21000 games  eps 0.020  steps  192802  train win 0.68 margin   +8.7  |td| 0.015  eval vs random win 1.00 (+155.8)  vs greedy win 0.65 (+9.6)  vs linear win 0.20 (-22.8)  [4832s]
 21500 games  eps 0.020  steps  197145  train win 0.63 margin   +8.0  |td| 0.015  eval vs random win 1.00 (+153.0)  vs greedy win 0.67 (+9.6)  vs linear win 0.33 (-10.3)  [4920s]
 22000 games  eps 0.020  steps  201502  train win 0.67 margin  +10.6  |td| 0.015  eval vs random win 1.00 (+143.1)  vs greedy win 0.85 (+22.5)  vs linear win 0.19 (-24.6)  [5011s]
 22500 games  eps 0.020  steps  205879  train win 0.69 margin   +9.9  |td| 0.014  eval vs random win 1.00 (+153.8)  vs greedy win 0.73 (+13.6)  vs linear win 0.20 (-29.6)  [5101s]
 23000 games  eps 0.020  steps  210347  train win 0.60 margin   +3.8  |td| 0.014  eval vs random win 0.99 (+147.3)  vs greedy win 0.67 (+8.5)  vs linear win 0.16 (-34.2)  [5193s]
 23500 games  eps 0.020  steps  214762  train win 0.61 margin   +6.8  |td| 0.015  eval vs random win 1.00 (+154.0)  vs greedy win 0.77 (+16.6)  vs linear win 0.20 (-24.7)  [5283s]
 24000 games  eps 0.020  steps  219079  train win 0.65 margin   +7.6  |td| 0.015  eval vs random win 1.00 (+150.0)  vs greedy win 0.72 (+16.4)  vs linear win 0.31 (-15.3)  [5369s]
 24500 games  eps 0.020  steps  223424  train win 0.63 margin   +7.4  |td| 0.014  eval vs random win 1.00 (+153.8)  vs greedy win 0.74 (+16.9)  vs linear win 0.21 (-15.6)  [5467s]
 25000 games  eps 0.020  steps  227760  train win 0.65 margin   +8.7  |td| 0.014  eval vs random win 1.00 (+157.5)  vs greedy win 0.79 (+16.9)  vs linear win 0.25 (-12.8)  [5571s]
 25500 games  eps 0.020  steps  232141  train win 0.65 margin   +8.9  |td| 0.014  eval vs random win 1.00 (+151.6)  vs greedy win 0.70 (+13.5)  vs linear win 0.20 (-15.6)  [5681s]
 26000 games  eps 0.020  steps  236529  train win 0.66 margin   +8.9  |td| 0.014  eval vs random win 1.00 (+160.2)  vs greedy win 0.75 (+15.5)  vs linear win 0.22 (-16.9)  [5790s]
 26500 games  eps 0.020  steps  240929  train win 0.60 margin   +6.5  |td| 0.014  eval vs random win 1.00 (+161.0)  vs greedy win 0.74 (+14.0)  vs linear win 0.26 (-20.4)  [5889s]
 27000 games  eps 0.020  steps  245348  train win 0.60 margin   +6.3  |td| 0.014  eval vs random win 1.00 (+156.1)  vs greedy win 0.68 (+12.7)  vs linear win 0.20 (-23.3)  [5988s]
 27500 games  eps 0.020  steps  249747  train win 0.64 margin   +9.2  |td| 0.014  eval vs random win 1.00 (+163.9)  vs greedy win 0.69 (+13.8)  vs linear win 0.18 (-28.0)  [6091s]
 28000 games  eps 0.020  steps  254156  train win 0.63 margin   +7.6  |td| 0.014  eval vs random win 1.00 (+153.7)  vs greedy win 0.69 (+14.8)  vs linear win 0.14 (-26.9)  [6204s]
 28500 games  eps 0.020  steps  258570  train win 0.63 margin   +8.1  |td| 0.014  eval vs random win 1.00 (+165.2)  vs greedy win 0.59 (+11.5)  vs linear win 0.23 (-18.1)  [6325s]
 29000 games  eps 0.020  steps  263014  train win 0.63 margin   +6.6  |td| 0.014  eval vs random win 1.00 (+154.7)  vs greedy win 0.72 (+13.0)  vs linear win 0.18 (-19.5)  [6435s]
 29500 games  eps 0.020  steps  267434  train win 0.64 margin   +8.5  |td| 0.014  eval vs random win 1.00 (+146.0)  vs greedy win 0.70 (+15.6)  vs linear win 0.23 (-21.6)  [6542s]
 30000 games  eps 0.020  steps  271828  train win 0.62 margin   +6.6  |td| 0.014  eval vs random win 1.00 (+150.4)  vs greedy win 0.76 (+16.1)  vs linear win 0.12 (-34.0)  [6644s]
saved runs\dqn\pass1\d1a_n1_s2.json and runs\dqn\pass1\d1a_n1_s2.pt  (ttr-dash runs\dqn\pass1\d1a_n1_s2.json to analyze)
