training dqn vs greedy on cuda: 30000 games, hidden [512, 256] dueling, n-step 1, lr 0.0001, batch 256, epsilon 1.0 -> 0.02, reward margin, average 100
(best checkpoint kept by margin vs greedy; play it as dqn:runs\dqn\pass1\d1a_n1_s1.json@best)
live: runs\dqn\pass1\d1a_n1_s1.json rewritten every 500 games (watch with ttr-dash --live runs\dqn\pass1\d1a_n1_s1.json)
   500 games  eps 0.674  steps    3982  train win 0.00 margin -194.3  |td| 0.030  eval vs random win 0.58 (-0.4)  vs greedy win 0.00 (-183.7)  vs linear win 0.00 (-123.8)  [95s]
  1000 games  eps 0.347  steps    9157  train win 0.00 margin -180.6  |td| 0.027  eval vs random win 0.74 (+42.7)  vs greedy win 0.00 (-144.2)  vs linear win 0.00 (-97.7)  [229s]
  1500 games  eps 0.021  steps   14379  train win 0.00 margin -152.9  |td| 0.023  eval vs random win 0.83 (+55.2)  vs greedy win 0.00 (-140.6)  vs linear win 0.00 (-130.7)  [363s]
  2000 games  eps 0.020  steps   19636  train win 0.00 margin -145.9  |td| 0.021  eval vs random win 0.81 (+56.7)  vs greedy win 0.00 (-140.6)  vs linear win 0.00 (-109.8)  [498s]
  2500 games  eps 0.020  steps   24822  train win 0.00 margin -123.1  |td| 0.021  eval vs random win 0.90 (+78.1)  vs greedy win 0.00 (-105.0)  vs linear win 0.00 (-79.2)  [634s]
  3000 games  eps 0.020  steps   29783  train win 0.00 margin  -85.2  |td| 0.019  eval vs random win 0.98 (+94.3)  vs greedy win 0.02 (-75.2)  vs linear win 0.00 (-66.3)  [768s]
  3500 games  eps 0.020  steps   34596  train win 0.02 margin  -57.5  |td| 0.018  eval vs random win 1.00 (+114.9)  vs greedy win 0.06 (-48.8)  vs linear win 0.00 (-57.4)  [896s]
  4000 games  eps 0.020  steps   39293  train win 0.06 margin  -46.9  |td| 0.016  eval vs random win 1.00 (+120.2)  vs greedy win 0.04 (-47.4)  vs linear win 0.00 (-48.1)  [1019s]
  4500 games  eps 0.020  steps   43970  train win 0.04 margin  -47.4  |td| 0.015  eval vs random win 1.00 (+122.3)  vs greedy win 0.09 (-40.4)  vs linear win 0.00 (-51.2)  [1139s]
  5000 games  eps 0.020  steps   48682  train win 0.06 margin  -41.7  |td| 0.015  eval vs random win 1.00 (+123.4)  vs greedy win 0.10 (-40.0)  vs linear win 0.00 (-50.2)  [1258s]
  5500 games  eps 0.020  steps   53470  train win 0.08 margin  -40.7  |td| 0.015  eval vs random win 1.00 (+117.3)  vs greedy win 0.03 (-43.4)  vs linear win 0.01 (-61.6)  [1381s]
  6000 games  eps 0.020  steps   58233  train win 0.08 margin  -36.8  |td| 0.015  eval vs random win 1.00 (+137.1)  vs greedy win 0.10 (-31.0)  vs linear win 0.02 (-49.4)  [1503s]
  6500 games  eps 0.020  steps   62963  train win 0.12 margin  -31.7  |td| 0.015  eval vs random win 1.00 (+140.0)  vs greedy win 0.24 (-21.9)  vs linear win 0.02 (-46.0)  [1623s]
  7000 games  eps 0.020  steps   67635  train win 0.19 margin  -23.5  |td| 0.015  eval vs random win 1.00 (+134.3)  vs greedy win 0.20 (-22.3)  vs linear win 0.03 (-49.8)  [1744s]
  7500 games  eps 0.020  steps   72188  train win 0.29 margin  -16.8  |td| 0.015  eval vs random win 1.00 (+143.8)  vs greedy win 0.39 (-10.8)  vs linear win 0.12 (-35.5)  [1862s]
  8000 games  eps 0.020  steps   76682  train win 0.33 margin  -14.8  |td| 0.016  eval vs random win 1.00 (+144.5)  vs greedy win 0.42 (-10.9)  vs linear win 0.07 (-46.5)  [1981s]
  8500 games  eps 0.020  steps   81560  train win 0.19 margin  -49.6  |td| 0.016  eval vs random win 0.99 (+122.8)  vs greedy win 0.08 (-71.1)  vs linear win 0.00 (-92.6)  [2102s]
  9000 games  eps 0.020  steps   86409  train win 0.22 margin  -35.8  |td| 0.016  eval vs random win 1.00 (+149.4)  vs greedy win 0.15 (-37.8)  vs linear win 0.00 (-95.3)  [2228s]
  9500 games  eps 0.020  steps   91068  train win 0.32 margin  -15.1  |td| 0.017  eval vs random win 1.00 (+142.5)  vs greedy win 0.53 (-2.0)  vs linear win 0.02 (-52.1)  [2349s]
 10000 games  eps 0.020  steps   95508  train win 0.49 margin   -1.3  |td| 0.017  eval vs random win 1.00 (+150.1)  vs greedy win 0.54 (+6.5)  vs linear win 0.12 (-30.1)  [2466s]
 10500 games  eps 0.020  steps   99865  train win 0.52 margin   +0.1  |td| 0.017  eval vs random win 1.00 (+140.1)  vs greedy win 0.75 (+14.8)  vs linear win 0.16 (-25.4)  [2583s]
 11000 games  eps 0.020  steps  104186  train win 0.55 margin   +1.8  |td| 0.017  eval vs random win 1.00 (+147.8)  vs greedy win 0.65 (+10.6)  vs linear win 0.28 (-15.7)  [2693s]
 11500 games  eps 0.020  steps  108540  train win 0.55 margin   +1.8  |td| 0.017  eval vs random win 1.00 (+156.3)  vs greedy win 0.71 (+11.2)  vs linear win 0.26 (-16.9)  [2804s]
 12000 games  eps 0.020  steps  112966  train win 0.53 margin   +1.7  |td| 0.017  eval vs random win 1.00 (+157.2)  vs greedy win 0.66 (+10.9)  vs linear win 0.13 (-22.4)  [2918s]
 12500 games  eps 0.020  steps  117434  train win 0.55 margin   +1.9  |td| 0.016  eval vs random win 1.00 (+155.0)  vs greedy win 0.68 (+10.4)  vs linear win 0.06 (-28.2)  [3033s]
 13000 games  eps 0.020  steps  121936  train win 0.56 margin   +1.3  |td| 0.016  eval vs random win 1.00 (+155.7)  vs greedy win 0.60 (+6.5)  vs linear win 0.05 (-41.7)  [3153s]
 13500 games  eps 0.020  steps  126367  train win 0.60 margin   +4.1  |td| 0.016  eval vs random win 1.00 (+154.2)  vs greedy win 0.66 (+10.3)  vs linear win 0.08 (-32.6)  [3270s]
 14000 games  eps 0.020  steps  130703  train win 0.64 margin   +6.9  |td| 0.016  eval vs random win 1.00 (+162.6)  vs greedy win 0.76 (+16.1)  vs linear win 0.16 (-23.5)  [3383s]
 14500 games  eps 0.020  steps  135018  train win 0.61 margin   +8.3  |td| 0.015  eval vs random win 1.00 (+163.5)  vs greedy win 0.74 (+16.6)  vs linear win 0.16 (-25.1)  [3492s]
 15000 games  eps 0.020  steps  139355  train win 0.67 margin   +9.2  |td| 0.015  eval vs random win 1.00 (+160.4)  vs greedy win 0.75 (+12.8)  vs linear win 0.26 (-11.6)  [3603s]
 15500 games  eps 0.020  steps  143743  train win 0.64 margin   +7.5  |td| 0.015  eval vs random win 1.00 (+160.3)  vs greedy win 0.79 (+15.5)  vs linear win 0.25 (-15.6)  [3715s]
 16000 games  eps 0.020  steps  148133  train win 0.64 margin   +8.4  |td| 0.015  eval vs random win 1.00 (+158.7)  vs greedy win 0.67 (+10.6)  vs linear win 0.21 (-20.9)  [3818s]
 16500 games  eps 0.020  steps  152543  train win 0.61 margin   +7.5  |td| 0.015  eval vs random win 1.00 (+152.4)  vs greedy win 0.63 (+11.8)  vs linear win 0.18 (-19.8)  [3925s]
 17000 games  eps 0.020  steps  156915  train win 0.62 margin   +6.9  |td| 0.014  eval vs random win 1.00 (+159.1)  vs greedy win 0.73 (+14.3)  vs linear win 0.23 (-17.2)  [4026s]
 17500 games  eps 0.020  steps  161343  train win 0.62 margin   +6.8  |td| 0.014  eval vs random win 1.00 (+151.2)  vs greedy win 0.58 (+10.2)  vs linear win 0.24 (-21.3)  [4137s]
 18000 games  eps 0.020  steps  165739  train win 0.66 margin   +8.8  |td| 0.014  eval vs random win 1.00 (+152.3)  vs greedy win 0.74 (+16.9)  vs linear win 0.22 (-19.4)  [4246s]
 18500 games  eps 0.020  steps  170131  train win 0.68 margin   +9.8  |td| 0.014  eval vs random win 1.00 (+155.5)  vs greedy win 0.72 (+15.6)  vs linear win 0.27 (-21.9)  [4352s]
 19000 games  eps 0.020  steps  174484  train win 0.66 margin  +10.0  |td| 0.014  eval vs random win 1.00 (+153.5)  vs greedy win 0.78 (+20.1)  vs linear win 0.25 (-18.4)  [4452s]
 19500 games  eps 0.020  steps  178816  train win 0.69 margin  +10.8  |td| 0.014  eval vs random win 1.00 (+161.9)  vs greedy win 0.78 (+18.6)  vs linear win 0.22 (-17.2)  [4548s]
 20000 games  eps 0.020  steps  183217  train win 0.64 margin   +8.5  |td| 0.014  eval vs random win 1.00 (+152.8)  vs greedy win 0.74 (+16.1)  vs linear win 0.27 (-17.2)  [4635s]
 20500 games  eps 0.020  steps  187566  train win 0.67 margin  +10.0  |td| 0.014  eval vs random win 1.00 (+161.6)  vs greedy win 0.83 (+20.8)  vs linear win 0.36 (-11.7)  [4723s]
 21000 games  eps 0.020  steps  191993  train win 0.62 margin   +5.6  |td| 0.014  eval vs random win 1.00 (+155.8)  vs greedy win 0.76 (+13.7)  vs linear win 0.19 (-17.4)  [4816s]
 21500 games  eps 0.020  steps  196398  train win 0.66 margin   +8.7  |td| 0.014  eval vs random win 1.00 (+153.5)  vs greedy win 0.78 (+17.6)  vs linear win 0.24 (-15.4)  [4908s]
 22000 games  eps 0.020  steps  200820  train win 0.64 margin   +8.2  |td| 0.014  eval vs random win 1.00 (+150.6)  vs greedy win 0.70 (+14.8)  vs linear win 0.21 (-16.0)  [5000s]
 22500 games  eps 0.020  steps  205267  train win 0.63 margin   +7.0  |td| 0.014  eval vs random win 1.00 (+154.8)  vs greedy win 0.76 (+17.1)  vs linear win 0.29 (-14.0)  [5090s]
 23000 games  eps 0.020  steps  209656  train win 0.64 margin   +9.0  |td| 0.014  eval vs random win 1.00 (+152.8)  vs greedy win 0.68 (+13.9)  vs linear win 0.24 (-16.1)  [5178s]
 23500 games  eps 0.020  steps  214007  train win 0.66 margin   +8.7  |td| 0.014  eval vs random win 1.00 (+154.5)  vs greedy win 0.84 (+22.9)  vs linear win 0.19 (-18.4)  [5265s]
 24000 games  eps 0.020  steps  218346  train win 0.70 margin  +11.4  |td| 0.014  eval vs random win 1.00 (+155.3)  vs greedy win 0.76 (+15.0)  vs linear win 0.24 (-16.9)  [5351s]
 24500 games  eps 0.020  steps  222733  train win 0.62 margin   +6.8  |td| 0.014  eval vs random win 1.00 (+165.5)  vs greedy win 0.83 (+19.2)  vs linear win 0.14 (-28.4)  [5446s]
 25000 games  eps 0.020  steps  227115  train win 0.68 margin   +9.5  |td| 0.014  eval vs random win 1.00 (+149.5)  vs greedy win 0.72 (+11.5)  vs linear win 0.15 (-25.8)  [5552s]
 25500 games  eps 0.020  steps  231587  train win 0.59 margin   +3.2  |td| 0.014  eval vs random win 1.00 (+155.3)  vs greedy win 0.70 (+12.3)  vs linear win 0.11 (-23.5)  [5664s]
 26000 games  eps 0.020  steps  236044  train win 0.62 margin   +6.6  |td| 0.014  eval vs random win 1.00 (+154.6)  vs greedy win 0.66 (+14.2)  vs linear win 0.14 (-21.7)  [5776s]
 26500 games  eps 0.020  steps  240423  train win 0.66 margin   +8.3  |td| 0.014  eval vs random win 1.00 (+162.5)  vs greedy win 0.72 (+13.1)  vs linear win 0.30 (-13.0)  [5877s]
 27000 games  eps 0.020  steps  244771  train win 0.65 margin   +9.2  |td| 0.014  eval vs random win 1.00 (+151.1)  vs greedy win 0.77 (+16.8)  vs linear win 0.26 (-14.3)  [5974s]
 27500 games  eps 0.020  steps  249129  train win 0.67 margin   +8.8  |td| 0.014  eval vs random win 1.00 (+158.1)  vs greedy win 0.73 (+13.8)  vs linear win 0.25 (-14.2)  [6075s]
 28000 games  eps 0.020  steps  253592  train win 0.61 margin   +5.5  |td| 0.014  eval vs random win 1.00 (+159.9)  vs greedy win 0.68 (+12.7)  vs linear win 0.31 (-17.0)  [6186s]
 28500 games  eps 0.020  steps  258002  train win 0.60 margin   +7.8  |td| 0.014  eval vs random win 1.00 (+153.9)  vs greedy win 0.80 (+17.8)  vs linear win 0.32 (-11.6)  [6303s]
 29000 games  eps 0.020  steps  262410  train win 0.65 margin   +9.3  |td| 0.014  eval vs random win 1.00 (+156.7)  vs greedy win 0.70 (+11.2)  vs linear win 0.29 (-14.7)  [6411s]
 29500 games  eps 0.020  steps  266813  train win 0.63 margin   +8.1  |td| 0.014  eval vs random win 1.00 (+146.7)  vs greedy win 0.76 (+16.1)  vs linear win 0.35 (-11.5)  [6516s]
 30000 games  eps 0.020  steps  271197  train win 0.63 margin   +8.3  |td| 0.014  eval vs random win 1.00 (+154.6)  vs greedy win 0.70 (+11.8)  vs linear win 0.25 (-18.6)  [6619s]
saved runs\dqn\pass1\d1a_n1_s1.json and runs\dqn\pass1\d1a_n1_s1.pt  (ttr-dash runs\dqn\pass1\d1a_n1_s1.json to analyze)
