training dqn vs greedy on cuda: 30000 games, hidden [512, 256] dueling, n-step 1, lr 0.0001, batch 256, epsilon 1.0 -> 0.02, reward margin, average 100
(best checkpoint kept by margin vs greedy; play it as dqn:runs\dqn\pass1\d1a_n1_s0.json@best)
live: runs\dqn\pass1\d1a_n1_s0.json rewritten every 500 games (watch with ttr-dash --live runs\dqn\pass1\d1a_n1_s0.json)
   500 games  eps 0.674  steps    3942  train win 0.00 margin -197.5  |td| 0.030  eval vs random win 0.16 (-114.7)  vs greedy win 0.00 (-330.9)  vs linear win 0.00 (-240.2)  [95s]
  1000 games  eps 0.347  steps    9146  train win 0.00 margin -204.4  |td| 0.029  eval vs random win 0.51 (-1.7)  vs greedy win 0.00 (-269.9)  vs linear win 0.00 (-227.8)  [232s]
  1500 games  eps 0.021  steps   14372  train win 0.00 margin -184.6  |td| 0.027  eval vs random win 0.83 (+61.1)  vs greedy win 0.00 (-155.1)  vs linear win 0.00 (-104.4)  [369s]
  2000 games  eps 0.020  steps   19645  train win 0.00 margin -169.5  |td| 0.026  eval vs random win 0.73 (+42.6)  vs greedy win 0.00 (-168.6)  vs linear win 0.00 (-109.9)  [504s]
  2500 games  eps 0.020  steps   24892  train win 0.00 margin -155.4  |td| 0.026  eval vs random win 0.71 (+40.8)  vs greedy win 0.00 (-157.7)  vs linear win 0.00 (-124.5)  [642s]
  3000 games  eps 0.020  steps   30102  train win 0.00 margin -143.9  |td| 0.024  eval vs random win 0.73 (+48.2)  vs greedy win 0.00 (-133.0)  vs linear win 0.00 (-98.2)  [780s]
  3500 games  eps 0.020  steps   35252  train win 0.01 margin -125.4  |td| 0.022  eval vs random win 0.89 (+68.1)  vs greedy win 0.01 (-97.2)  vs linear win 0.00 (-79.3)  [915s]
  4000 games  eps 0.020  steps   40326  train win 0.00 margin -106.6  |td| 0.020  eval vs random win 0.95 (+100.1)  vs greedy win 0.00 (-78.6)  vs linear win 0.00 (-68.5)  [1044s]
  4500 games  eps 0.020  steps   45205  train win 0.03 margin  -71.0  |td| 0.019  eval vs random win 0.96 (+103.7)  vs greedy win 0.04 (-55.0)  vs linear win 0.00 (-61.8)  [1166s]
  5000 games  eps 0.020  steps   50012  train win 0.04 margin  -81.8  |td| 0.018  eval vs random win 0.95 (+109.2)  vs greedy win 0.05 (-55.9)  vs linear win 0.00 (-57.2)  [1286s]
  5500 games  eps 0.020  steps   54840  train win 0.07 margin  -76.9  |td| 0.018  eval vs random win 0.80 (+64.5)  vs greedy win 0.07 (-92.9)  vs linear win 0.01 (-69.8)  [1408s]
  6000 games  eps 0.020  steps   59898  train win 0.03 margin -138.4  |td| 0.019  eval vs random win 0.43 (-1.4)  vs greedy win 0.01 (-185.9)  vs linear win 0.01 (-217.7)  [1537s]
  6500 games  eps 0.020  steps   65102  train win 0.01 margin -188.0  |td| 0.020  eval vs random win 0.40 (-16.3)  vs greedy win 0.00 (-189.2)  vs linear win 0.00 (-215.9)  [1671s]
  7000 games  eps 0.020  steps   70106  train win 0.00 margin -158.0  |td| 0.021  eval vs random win 0.69 (+30.9)  vs greedy win 0.00 (-138.3)  vs linear win 0.00 (-179.9)  [1800s]
  7500 games  eps 0.020  steps   75058  train win 0.00 margin -114.6  |td| 0.021  eval vs random win 0.95 (+77.9)  vs greedy win 0.00 (-108.0)  vs linear win 0.00 (-162.2)  [1931s]
  8000 games  eps 0.020  steps   80159  train win 0.02 margin  -79.5  |td| 0.022  eval vs random win 0.99 (+116.8)  vs greedy win 0.04 (-81.6)  vs linear win 0.00 (-131.8)  [2062s]
  8500 games  eps 0.020  steps   85079  train win 0.15 margin  -35.1  |td| 0.021  eval vs random win 0.99 (+142.0)  vs greedy win 0.23 (-25.5)  vs linear win 0.00 (-98.1)  [2189s]
  9000 games  eps 0.020  steps   89705  train win 0.23 margin  -19.8  |td| 0.020  eval vs random win 1.00 (+146.3)  vs greedy win 0.23 (-14.1)  vs linear win 0.02 (-53.4)  [2306s]
  9500 games  eps 0.020  steps   94113  train win 0.32 margin  -11.4  |td| 0.020  eval vs random win 1.00 (+144.5)  vs greedy win 0.50 (-2.5)  vs linear win 0.04 (-34.9)  [2421s]
 10000 games  eps 0.020  steps   98488  train win 0.37 margin   -9.7  |td| 0.019  eval vs random win 1.00 (+153.3)  vs greedy win 0.48 (-1.6)  vs linear win 0.03 (-32.5)  [2539s]
 10500 games  eps 0.020  steps  102858  train win 0.45 margin   -4.1  |td| 0.018  eval vs random win 1.00 (+147.8)  vs greedy win 0.49 (+2.5)  vs linear win 0.06 (-33.9)  [2653s]
 11000 games  eps 0.020  steps  107178  train win 0.46 margin   -5.0  |td| 0.019  eval vs random win 1.00 (+143.5)  vs greedy win 0.55 (+3.3)  vs linear win 0.07 (-27.3)  [2766s]
 11500 games  eps 0.020  steps  111516  train win 0.43 margin   -7.0  |td| 0.019  eval vs random win 1.00 (+139.5)  vs greedy win 0.58 (+1.5)  vs linear win 0.09 (-25.3)  [2878s]
 12000 games  eps 0.020  steps  115829  train win 0.48 margin   -2.4  |td| 0.018  eval vs random win 1.00 (+149.0)  vs greedy win 0.50 (+1.0)  vs linear win 0.12 (-21.8)  [2988s]
 12500 games  eps 0.020  steps  120161  train win 0.43 margin   -5.0  |td| 0.018  eval vs random win 1.00 (+151.8)  vs greedy win 0.60 (+3.6)  vs linear win 0.14 (-21.6)  [3099s]
 13000 games  eps 0.020  steps  124611  train win 0.44 margin   -5.0  |td| 0.017  eval vs random win 1.00 (+147.4)  vs greedy win 0.48 (-3.0)  vs linear win 0.09 (-31.7)  [3214s]
 13500 games  eps 0.020  steps  129119  train win 0.45 margin   -6.1  |td| 0.017  eval vs random win 1.00 (+148.0)  vs greedy win 0.51 (+1.7)  vs linear win 0.06 (-36.1)  [3332s]
 14000 games  eps 0.020  steps  133693  train win 0.47 margin   -3.8  |td| 0.016  eval vs random win 1.00 (+160.3)  vs greedy win 0.54 (+3.3)  vs linear win 0.15 (-31.8)  [3450s]
 14500 games  eps 0.020  steps  138174  train win 0.56 margin   +2.7  |td| 0.016  eval vs random win 1.00 (+157.3)  vs greedy win 0.68 (+10.6)  vs linear win 0.11 (-26.3)  [3568s]
 15000 games  eps 0.020  steps  142591  train win 0.59 margin   +4.4  |td| 0.016  eval vs random win 1.00 (+157.2)  vs greedy win 0.72 (+12.4)  vs linear win 0.17 (-24.5)  [3686s]
 15500 games  eps 0.020  steps  146949  train win 0.59 margin   +4.8  |td| 0.015  eval vs random win 1.00 (+153.0)  vs greedy win 0.65 (+9.0)  vs linear win 0.12 (-22.7)  [3790s]
 16000 games  eps 0.020  steps  151281  train win 0.59 margin   +5.1  |td| 0.015  eval vs random win 1.00 (+162.5)  vs greedy win 0.63 (+7.7)  vs linear win 0.22 (-21.7)  [3895s]
 16500 games  eps 0.020  steps  155610  train win 0.61 margin   +6.5  |td| 0.015  eval vs random win 1.00 (+152.8)  vs greedy win 0.65 (+10.8)  vs linear win 0.27 (-18.9)  [3995s]
 17000 games  eps 0.020  steps  159953  train win 0.60 margin   +5.4  |td| 0.015  eval vs random win 1.00 (+160.1)  vs greedy win 0.67 (+11.5)  vs linear win 0.19 (-20.5)  [4100s]
 17500 games  eps 0.020  steps  164280  train win 0.61 margin   +8.2  |td| 0.015  eval vs random win 1.00 (+150.9)  vs greedy win 0.70 (+11.9)  vs linear win 0.23 (-20.1)  [4203s]
 18000 games  eps 0.020  steps  168587  train win 0.62 margin   +6.7  |td| 0.015  eval vs random win 1.00 (+152.0)  vs greedy win 0.74 (+18.0)  vs linear win 0.17 (-24.3)  [4307s]
 18500 games  eps 0.020  steps  172905  train win 0.62 margin   +8.1  |td| 0.015  eval vs random win 1.00 (+158.6)  vs greedy win 0.74 (+15.3)  vs linear win 0.22 (-21.7)  [4409s]
 19000 games  eps 0.020  steps  177305  train win 0.60 margin   +5.1  |td| 0.015  eval vs random win 1.00 (+150.3)  vs greedy win 0.69 (+14.6)  vs linear win 0.21 (-21.8)  [4513s]
 19500 games  eps 0.020  steps  181771  train win 0.59 margin   +4.4  |td| 0.015  eval vs random win 1.00 (+153.5)  vs greedy win 0.60 (+6.6)  vs linear win 0.11 (-27.8)  [4608s]
 20000 games  eps 0.020  steps  186262  train win 0.57 margin   +2.0  |td| 0.015  eval vs random win 0.98 (+144.9)  vs greedy win 0.66 (+7.1)  vs linear win 0.12 (-29.6)  [4702s]
 20500 games  eps 0.020  steps  190726  train win 0.59 margin   +4.2  |td| 0.015  eval vs random win 1.00 (+156.1)  vs greedy win 0.64 (+8.6)  vs linear win 0.11 (-30.8)  [4796s]
 21000 games  eps 0.020  steps  195092  train win 0.66 margin   +9.2  |td| 0.015  eval vs random win 1.00 (+155.1)  vs greedy win 0.74 (+13.5)  vs linear win 0.23 (-21.7)  [4887s]
 21500 games  eps 0.020  steps  199488  train win 0.62 margin   +6.8  |td| 0.015  eval vs random win 1.00 (+152.4)  vs greedy win 0.65 (+10.4)  vs linear win 0.19 (-18.6)  [4973s]
 22000 games  eps 0.020  steps  203858  train win 0.65 margin   +8.1  |td| 0.015  eval vs random win 1.00 (+146.7)  vs greedy win 0.80 (+18.3)  vs linear win 0.22 (-18.0)  [5060s]
 22500 games  eps 0.020  steps  208231  train win 0.64 margin   +8.8  |td| 0.015  eval vs random win 1.00 (+153.7)  vs greedy win 0.72 (+15.3)  vs linear win 0.23 (-18.4)  [5147s]
 23000 games  eps 0.020  steps  212626  train win 0.66 margin   +9.3  |td| 0.015  eval vs random win 1.00 (+155.5)  vs greedy win 0.64 (+9.9)  vs linear win 0.20 (-17.4)  [5235s]
 23500 games  eps 0.020  steps  216999  train win 0.65 margin  +10.2  |td| 0.015  eval vs random win 1.00 (+154.2)  vs greedy win 0.77 (+17.3)  vs linear win 0.25 (-19.1)  [5324s]
 24000 games  eps 0.020  steps  221391  train win 0.63 margin   +7.6  |td| 0.015  eval vs random win 1.00 (+155.0)  vs greedy win 0.66 (+9.8)  vs linear win 0.13 (-25.2)  [5416s]
 24500 games  eps 0.020  steps  225767  train win 0.64 margin   +8.1  |td| 0.015  eval vs random win 1.00 (+152.5)  vs greedy win 0.78 (+19.2)  vs linear win 0.16 (-20.7)  [5523s]
 25000 games  eps 0.020  steps  230156  train win 0.61 margin   +7.7  |td| 0.015  eval vs random win 1.00 (+146.1)  vs greedy win 0.68 (+13.3)  vs linear win 0.17 (-23.8)  [5634s]
 25500 games  eps 0.020  steps  234599  train win 0.63 margin   +7.6  |td| 0.015  eval vs random win 1.00 (+155.3)  vs greedy win 0.68 (+13.7)  vs linear win 0.11 (-38.5)  [5744s]
 26000 games  eps 0.020  steps  239029  train win 0.61 margin   +6.9  |td| 0.015  eval vs random win 1.00 (+164.3)  vs greedy win 0.68 (+11.0)  vs linear win 0.20 (-25.5)  [5849s]
 26500 games  eps 0.020  steps  243430  train win 0.66 margin  +10.0  |td| 0.015  eval vs random win 1.00 (+158.0)  vs greedy win 0.70 (+12.3)  vs linear win 0.19 (-22.1)  [5944s]
 27000 games  eps 0.020  steps  247837  train win 0.63 margin   +7.0  |td| 0.015  eval vs random win 1.00 (+149.3)  vs greedy win 0.68 (+13.5)  vs linear win 0.13 (-22.7)  [6040s]
 27500 games  eps 0.020  steps  252211  train win 0.62 margin   +7.4  |td| 0.014  eval vs random win 1.00 (+156.5)  vs greedy win 0.64 (+11.7)  vs linear win 0.13 (-21.1)  [6143s]
 28000 games  eps 0.020  steps  256591  train win 0.64 margin   +9.0  |td| 0.015  eval vs random win 1.00 (+147.3)  vs greedy win 0.74 (+17.7)  vs linear win 0.19 (-18.1)  [6261s]
 28500 games  eps 0.020  steps  260979  train win 0.60 margin   +6.6  |td| 0.015  eval vs random win 1.00 (+158.5)  vs greedy win 0.74 (+14.6)  vs linear win 0.23 (-19.2)  [6377s]
 29000 games  eps 0.020  steps  265378  train win 0.62 margin   +8.5  |td| 0.014  eval vs random win 1.00 (+154.8)  vs greedy win 0.68 (+13.1)  vs linear win 0.21 (-16.9)  [6484s]
 29500 games  eps 0.020  steps  269809  train win 0.59 margin   +4.4  |td| 0.014  eval vs random win 1.00 (+151.9)  vs greedy win 0.74 (+12.8)  vs linear win 0.20 (-23.1)  [6592s]
 30000 games  eps 0.020  steps  274286  train win 0.62 margin   +6.1  |td| 0.014  eval vs random win 1.00 (+157.5)  vs greedy win 0.72 (+13.6)  vs linear win 0.24 (-24.6)  [6688s]
saved runs\dqn\pass1\d1a_n1_s0.json and runs\dqn\pass1\d1a_n1_s0.pt  (ttr-dash runs\dqn\pass1\d1a_n1_s0.json to analyze)
