training dqn vs greedy on cuda: 30000 games, hidden [512, 256] dueling, n-step 8, lr 0.0001, batch 256, epsilon 1.0 -> 0.02, reward margin, average 100
(best checkpoint kept by margin vs greedy; play it as dqn:runs\dqn\pass1\d1b_n8_s0.json@best)
live: runs\dqn\pass1\d1b_n8_s0.json rewritten every 500 games (watch with ttr-dash --live runs\dqn\pass1\d1b_n8_s0.json)
   500 games  eps 0.674  steps    3983  train win 0.00 margin -184.8  |td| 0.066  eval vs random win 0.61 (+24.6)  vs greedy win 0.00 (-202.3)  vs linear win 0.00 (-121.1)  [95s]
  1000 games  eps 0.347  steps    9244  train win 0.00 margin -148.0  |td| 0.068  eval vs random win 0.99 (+112.8)  vs greedy win 0.00 (-91.1)  vs linear win 0.00 (-77.9)  [231s]
  1500 games  eps 0.021  steps   14499  train win 0.00 margin  -95.9  |td| 0.076  eval vs random win 1.00 (+113.7)  vs greedy win 0.06 (-58.3)  vs linear win 0.00 (-67.4)  [364s]
  2000 games  eps 0.020  steps   19422  train win 0.10 margin  -43.4  |td| 0.069  eval vs random win 1.00 (+112.7)  vs greedy win 0.16 (-31.6)  vs linear win 0.04 (-46.8)  [491s]
  2500 games  eps 0.020  steps   24193  train win 0.14 margin  -34.6  |td| 0.069  eval vs random win 1.00 (+122.8)  vs greedy win 0.24 (-23.6)  vs linear win 0.01 (-50.7)  [618s]
  3000 games  eps 0.020  steps   28973  train win 0.14 margin  -35.5  |td| 0.065  eval vs random win 1.00 (+117.2)  vs greedy win 0.21 (-24.4)  vs linear win 0.01 (-46.7)  [746s]
  3500 games  eps 0.020  steps   33750  train win 0.11 margin  -36.4  |td| 0.060  eval vs random win 1.00 (+126.0)  vs greedy win 0.22 (-23.6)  vs linear win 0.01 (-52.5)  [877s]
  4000 games  eps 0.020  steps   38593  train win 0.11 margin  -41.2  |td| 0.056  eval vs random win 1.00 (+121.3)  vs greedy win 0.17 (-33.6)  vs linear win 0.00 (-59.5)  [1004s]
  4500 games  eps 0.020  steps   43419  train win 0.13 margin  -38.0  |td| 0.053  eval vs random win 1.00 (+128.8)  vs greedy win 0.12 (-33.9)  vs linear win 0.00 (-54.4)  [1126s]
  5000 games  eps 0.020  steps   48245  train win 0.13 margin  -39.2  |td| 0.052  eval vs random win 1.00 (+127.2)  vs greedy win 0.15 (-32.8)  vs linear win 0.00 (-55.0)  [1246s]
  5500 games  eps 0.020  steps   53079  train win 0.10 margin  -42.7  |td| 0.051  eval vs random win 0.99 (+117.0)  vs greedy win 0.14 (-34.2)  vs linear win 0.00 (-61.8)  [1367s]
  6000 games  eps 0.020  steps   57927  train win 0.11 margin  -41.9  |td| 0.050  eval vs random win 1.00 (+119.9)  vs greedy win 0.19 (-30.7)  vs linear win 0.00 (-58.4)  [1488s]
  6500 games  eps 0.020  steps   62772  train win 0.11 margin  -40.8  |td| 0.049  eval vs random win 0.99 (+118.6)  vs greedy win 0.13 (-33.8)  vs linear win 0.00 (-56.0)  [1607s]
  7000 games  eps 0.020  steps   67646  train win 0.11 margin  -42.4  |td| 0.049  eval vs random win 0.99 (+123.5)  vs greedy win 0.09 (-38.6)  vs linear win 0.00 (-59.7)  [1729s]
  7500 games  eps 0.020  steps   72522  train win 0.10 margin  -44.3  |td| 0.049  eval vs random win 1.00 (+129.8)  vs greedy win 0.13 (-35.0)  vs linear win 0.00 (-61.9)  [1848s]
  8000 games  eps 0.020  steps   77400  train win 0.10 margin  -44.2  |td| 0.047  eval vs random win 1.00 (+133.3)  vs greedy win 0.11 (-38.1)  vs linear win 0.00 (-59.3)  [1975s]
  8500 games  eps 0.020  steps   82263  train win 0.10 margin  -41.7  |td| 0.047  eval vs random win 1.00 (+125.3)  vs greedy win 0.13 (-34.4)  vs linear win 0.00 (-62.3)  [2095s]
  9000 games  eps 0.020  steps   87119  train win 0.10 margin  -43.4  |td| 0.047  eval vs random win 1.00 (+133.7)  vs greedy win 0.08 (-42.5)  vs linear win 0.00 (-59.2)  [2219s]
  9500 games  eps 0.020  steps   92041  train win 0.07 margin  -45.8  |td| 0.048  eval vs random win 1.00 (+122.8)  vs greedy win 0.14 (-38.9)  vs linear win 0.00 (-68.2)  [2342s]
 10000 games  eps 0.020  steps   96925  train win 0.08 margin  -46.0  |td| 0.047  eval vs random win 1.00 (+128.9)  vs greedy win 0.10 (-41.2)  vs linear win 0.00 (-55.9)  [2466s]
 10500 games  eps 0.020  steps  101812  train win 0.10 margin  -44.0  |td| 0.046  eval vs random win 1.00 (+116.3)  vs greedy win 0.12 (-41.3)  vs linear win 0.01 (-61.2)  [2594s]
 11000 games  eps 0.020  steps  106690  train win 0.07 margin  -45.0  |td| 0.046  eval vs random win 1.00 (+124.2)  vs greedy win 0.11 (-37.4)  vs linear win 0.00 (-56.6)  [2718s]
 11500 games  eps 0.020  steps  111544  train win 0.12 margin  -40.6  |td| 0.046  eval vs random win 1.00 (+130.1)  vs greedy win 0.20 (-31.5)  vs linear win 0.00 (-57.0)  [2840s]
 12000 games  eps 0.020  steps  116455  train win 0.11 margin  -43.7  |td| 0.045  eval vs random win 1.00 (+122.1)  vs greedy win 0.16 (-37.3)  vs linear win 0.00 (-58.3)  [2962s]
 12500 games  eps 0.020  steps  121331  train win 0.08 margin  -43.7  |td| 0.046  eval vs random win 1.00 (+125.8)  vs greedy win 0.04 (-45.5)  vs linear win 0.00 (-57.4)  [3084s]
 13000 games  eps 0.020  steps  126191  train win 0.07 margin  -43.9  |td| 0.045  eval vs random win 1.00 (+123.9)  vs greedy win 0.10 (-38.4)  vs linear win 0.01 (-58.9)  [3208s]
 13500 games  eps 0.020  steps  131078  train win 0.05 margin  -43.2  |td| 0.044  eval vs random win 1.00 (+135.3)  vs greedy win 0.09 (-40.7)  vs linear win 0.00 (-63.7)  [3332s]
 14000 games  eps 0.020  steps  135972  train win 0.06 margin  -46.7  |td| 0.043  eval vs random win 0.99 (+129.2)  vs greedy win 0.11 (-38.1)  vs linear win 0.00 (-61.6)  [3456s]
 14500 games  eps 0.020  steps  140869  train win 0.07 margin  -47.4  |td| 0.044  eval vs random win 1.00 (+133.7)  vs greedy win 0.11 (-42.5)  vs linear win 0.00 (-61.8)  [3579s]
 15000 games  eps 0.020  steps  145778  train win 0.08 margin  -46.8  |td| 0.043  eval vs random win 1.00 (+132.7)  vs greedy win 0.11 (-38.7)  vs linear win 0.00 (-61.1)  [3704s]
 15500 games  eps 0.020  steps  150677  train win 0.07 margin  -47.4  |td| 0.044  eval vs random win 1.00 (+127.2)  vs greedy win 0.06 (-40.1)  vs linear win 0.00 (-57.7)  [3815s]
 16000 games  eps 0.020  steps  155566  train win 0.09 margin  -46.8  |td| 0.044  eval vs random win 1.00 (+125.3)  vs greedy win 0.05 (-47.7)  vs linear win 0.00 (-65.2)  [3931s]
 16500 games  eps 0.020  steps  160457  train win 0.09 margin  -47.1  |td| 0.044  eval vs random win 1.00 (+121.2)  vs greedy win 0.09 (-43.4)  vs linear win 0.00 (-63.2)  [4041s]
 17000 games  eps 0.020  steps  165369  train win 0.08 margin  -50.3  |td| 0.044  eval vs random win 1.00 (+122.9)  vs greedy win 0.06 (-43.9)  vs linear win 0.00 (-62.0)  [4161s]
 17500 games  eps 0.020  steps  170264  train win 0.08 margin  -48.5  |td| 0.044  eval vs random win 1.00 (+124.2)  vs greedy win 0.05 (-39.5)  vs linear win 0.00 (-60.5)  [4280s]
 18000 games  eps 0.020  steps  175155  train win 0.05 margin  -51.2  |td| 0.045  eval vs random win 1.00 (+130.1)  vs greedy win 0.07 (-44.9)  vs linear win 0.00 (-63.4)  [4394s]
 18500 games  eps 0.020  steps  180078  train win 0.05 margin  -51.8  |td| 0.044  eval vs random win 1.00 (+120.9)  vs greedy win 0.09 (-46.0)  vs linear win 0.00 (-61.7)  [4509s]
 19000 games  eps 0.020  steps  184958  train win 0.07 margin  -48.7  |td| 0.043  eval vs random win 1.00 (+113.4)  vs greedy win 0.09 (-39.8)  vs linear win 0.00 (-60.2)  [4610s]
 19500 games  eps 0.020  steps  189875  train win 0.06 margin  -49.5  |td| 0.043  eval vs random win 1.00 (+122.3)  vs greedy win 0.09 (-44.3)  vs linear win 0.00 (-57.8)  [4710s]
 20000 games  eps 0.020  steps  194766  train win 0.05 margin  -47.0  |td| 0.043  eval vs random win 1.00 (+125.7)  vs greedy win 0.07 (-47.2)  vs linear win 0.00 (-60.6)  [4810s]
 20500 games  eps 0.020  steps  199688  train win 0.05 margin  -48.5  |td| 0.043  eval vs random win 1.00 (+124.0)  vs greedy win 0.10 (-43.6)  vs linear win 0.00 (-59.0)  [4910s]
 21000 games  eps 0.020  steps  204617  train win 0.06 margin  -48.9  |td| 0.042  eval vs random win 1.00 (+117.8)  vs greedy win 0.09 (-44.6)  vs linear win 0.00 (-60.1)  [5008s]
 21500 games  eps 0.020  steps  209561  train win 0.04 margin  -53.0  |td| 0.043  eval vs random win 1.00 (+117.7)  vs greedy win 0.05 (-44.0)  vs linear win 0.01 (-58.5)  [5107s]
 22000 games  eps 0.020  steps  214492  train win 0.06 margin  -53.6  |td| 0.043  eval vs random win 1.00 (+127.4)  vs greedy win 0.06 (-43.8)  vs linear win 0.00 (-58.9)  [5204s]
 22500 games  eps 0.020  steps  219443  train win 0.06 margin  -50.1  |td| 0.043  eval vs random win 1.00 (+115.8)  vs greedy win 0.08 (-46.4)  vs linear win 0.00 (-55.4)  [5302s]
 23000 games  eps 0.020  steps  224388  train win 0.05 margin  -50.1  |td| 0.043  eval vs random win 1.00 (+116.8)  vs greedy win 0.07 (-50.7)  vs linear win 0.00 (-55.3)  [5401s]
 23500 games  eps 0.020  steps  229300  train win 0.06 margin  -49.1  |td| 0.043  eval vs random win 1.00 (+121.8)  vs greedy win 0.13 (-37.4)  vs linear win 0.00 (-57.6)  [5516s]
 24000 games  eps 0.020  steps  234225  train win 0.06 margin  -48.1  |td| 0.044  eval vs random win 1.00 (+122.4)  vs greedy win 0.06 (-47.3)  vs linear win 0.00 (-57.2)  [5636s]
 24500 games  eps 0.020  steps  239152  train win 0.04 margin  -49.3  |td| 0.043  eval vs random win 1.00 (+130.2)  vs greedy win 0.04 (-45.6)  vs linear win 0.00 (-57.9)  [5755s]
 25000 games  eps 0.020  steps  244057  train win 0.06 margin  -48.9  |td| 0.043  eval vs random win 1.00 (+125.4)  vs greedy win 0.10 (-40.4)  vs linear win 0.00 (-54.4)  [5866s]
 25500 games  eps 0.020  steps  248992  train win 0.04 margin  -49.6  |td| 0.043  eval vs random win 1.00 (+126.4)  vs greedy win 0.04 (-52.2)  vs linear win 0.00 (-60.1)  [5973s]
 26000 games  eps 0.020  steps  253933  train win 0.04 margin  -51.3  |td| 0.043  eval vs random win 1.00 (+121.2)  vs greedy win 0.07 (-49.4)  vs linear win 0.00 (-57.4)  [6085s]
 26500 games  eps 0.020  steps  258884  train win 0.05 margin  -51.4  |td| 0.043  eval vs random win 1.00 (+126.6)  vs greedy win 0.08 (-48.4)  vs linear win 0.00 (-56.9)  [6206s]
 27000 games  eps 0.020  steps  263810  train win 0.06 margin  -49.0  |td| 0.043  eval vs random win 1.00 (+126.8)  vs greedy win 0.10 (-40.6)  vs linear win 0.00 (-59.1)  [6336s]
 27500 games  eps 0.020  steps  268754  train win 0.04 margin  -55.1  |td| 0.043  eval vs random win 1.00 (+125.2)  vs greedy win 0.06 (-46.0)  vs linear win 0.00 (-60.7)  [6454s]
 28000 games  eps 0.020  steps  273696  train win 0.05 margin  -51.8  |td| 0.044  eval vs random win 1.00 (+125.1)  vs greedy win 0.06 (-49.0)  vs linear win 0.00 (-65.2)  [6572s]
 28500 games  eps 0.020  steps  278637  train win 0.04 margin  -53.3  |td| 0.043  eval vs random win 1.00 (+133.7)  vs greedy win 0.07 (-45.8)  vs linear win 0.00 (-60.5)  [6678s]
 29000 games  eps 0.020  steps  283592  train win 0.06 margin  -51.3  |td| 0.043  eval vs random win 1.00 (+125.7)  vs greedy win 0.05 (-44.6)  vs linear win 0.00 (-56.4)  [6763s]
 29500 games  eps 0.020  steps  288551  train win 0.03 margin  -53.6  |td| 0.043  eval vs random win 1.00 (+134.0)  vs greedy win 0.09 (-45.6)  vs linear win 0.00 (-56.3)  [6843s]
 30000 games  eps 0.020  steps  293498  train win 0.05 margin  -50.1  |td| 0.043  eval vs random win 1.00 (+127.9)  vs greedy win 0.12 (-39.4)  vs linear win 0.00 (-58.5)  [6924s]
saved runs\dqn\pass1\d1b_n8_s0.json and runs\dqn\pass1\d1b_n8_s0.pt  (ttr-dash runs\dqn\pass1\d1b_n8_s0.json to analyze)
