training dqn vs greedy on cuda: 30000 games, hidden [512, 256] dueling, n-step 8, lr 0.0001, batch 256, epsilon 1.0 -> 0.02, reward margin, average 100
(best checkpoint kept by margin vs greedy; play it as dqn:runs\dqn\pass1\d1b_n8_s1.json@best)
live: runs\dqn\pass1\d1b_n8_s1.json rewritten every 500 games (watch with ttr-dash --live runs\dqn\pass1\d1b_n8_s1.json)
   500 games  eps 0.674  steps    3984  train win 0.00 margin -183.3  |td| 0.066  eval vs random win 0.51 (-3.9)  vs greedy win 0.00 (-181.7)  vs linear win 0.00 (-132.8)  [95s]
  1000 games  eps 0.347  steps    9215  train win 0.00 margin -144.6  |td| 0.066  eval vs random win 1.00 (+120.8)  vs greedy win 0.00 (-87.0)  vs linear win 0.00 (-76.3)  [229s]
  1500 games  eps 0.021  steps   14514  train win 0.00 margin -103.8  |td| 0.072  eval vs random win 0.98 (+110.0)  vs greedy win 0.00 (-80.6)  vs linear win 0.00 (-76.8)  [362s]
  2000 games  eps 0.020  steps   19694  train win 0.02 margin  -68.0  |td| 0.064  eval vs random win 1.00 (+114.0)  vs greedy win 0.02 (-53.7)  vs linear win 0.00 (-57.5)  [492s]
  2500 games  eps 0.020  steps   24680  train win 0.08 margin  -45.8  |td| 0.063  eval vs random win 0.99 (+116.5)  vs greedy win 0.12 (-34.7)  vs linear win 0.00 (-60.4)  [624s]
  3000 games  eps 0.020  steps   29516  train win 0.12 margin  -37.7  |td| 0.063  eval vs random win 1.00 (+125.7)  vs greedy win 0.16 (-35.1)  vs linear win 0.01 (-53.1)  [753s]
  3500 games  eps 0.020  steps   34402  train win 0.12 margin  -40.9  |td| 0.061  eval vs random win 1.00 (+119.9)  vs greedy win 0.17 (-35.1)  vs linear win 0.00 (-49.0)  [883s]
  4000 games  eps 0.020  steps   39317  train win 0.08 margin  -44.9  |td| 0.059  eval vs random win 1.00 (+120.8)  vs greedy win 0.17 (-35.4)  vs linear win 0.00 (-54.7)  [1012s]
  4500 games  eps 0.020  steps   44242  train win 0.08 margin  -48.5  |td| 0.054  eval vs random win 1.00 (+119.0)  vs greedy win 0.09 (-37.0)  vs linear win 0.00 (-55.0)  [1135s]
  5000 games  eps 0.020  steps   49121  train win 0.09 margin  -42.9  |td| 0.053  eval vs random win 1.00 (+118.8)  vs greedy win 0.11 (-31.6)  vs linear win 0.01 (-51.9)  [1256s]
  5500 games  eps 0.020  steps   53933  train win 0.11 margin  -38.8  |td| 0.052  eval vs random win 1.00 (+127.3)  vs greedy win 0.11 (-34.6)  vs linear win 0.00 (-52.5)  [1378s]
  6000 games  eps 0.020  steps   58775  train win 0.09 margin  -40.3  |td| 0.051  eval vs random win 1.00 (+131.8)  vs greedy win 0.21 (-33.1)  vs linear win 0.00 (-53.1)  [1499s]
  6500 games  eps 0.020  steps   63600  train win 0.13 margin  -38.2  |td| 0.050  eval vs random win 1.00 (+123.3)  vs greedy win 0.18 (-33.0)  vs linear win 0.01 (-55.1)  [1620s]
  7000 games  eps 0.020  steps   68444  train win 0.12 margin  -38.7  |td| 0.049  eval vs random win 0.99 (+126.4)  vs greedy win 0.13 (-35.2)  vs linear win 0.00 (-57.8)  [1742s]
  7500 games  eps 0.020  steps   73301  train win 0.11 margin  -40.8  |td| 0.048  eval vs random win 1.00 (+126.9)  vs greedy win 0.18 (-32.0)  vs linear win 0.00 (-57.5)  [1864s]
  8000 games  eps 0.020  steps   78137  train win 0.10 margin  -40.9  |td| 0.048  eval vs random win 1.00 (+114.1)  vs greedy win 0.16 (-29.3)  vs linear win 0.00 (-59.6)  [1988s]
  8500 games  eps 0.020  steps   83015  train win 0.09 margin  -44.7  |td| 0.048  eval vs random win 1.00 (+124.5)  vs greedy win 0.14 (-31.6)  vs linear win 0.00 (-57.1)  [2108s]
  9000 games  eps 0.020  steps   87861  train win 0.11 margin  -40.0  |td| 0.047  eval vs random win 1.00 (+127.8)  vs greedy win 0.14 (-34.6)  vs linear win 0.00 (-60.7)  [2231s]
  9500 games  eps 0.020  steps   92730  train win 0.10 margin  -41.6  |td| 0.046  eval vs random win 1.00 (+125.7)  vs greedy win 0.09 (-39.5)  vs linear win 0.00 (-60.1)  [2352s]
 10000 games  eps 0.020  steps   97591  train win 0.10 margin  -39.8  |td| 0.046  eval vs random win 1.00 (+133.2)  vs greedy win 0.13 (-36.8)  vs linear win 0.00 (-56.7)  [2476s]
 10500 games  eps 0.020  steps  102494  train win 0.08 margin  -44.3  |td| 0.046  eval vs random win 1.00 (+113.3)  vs greedy win 0.08 (-39.3)  vs linear win 0.00 (-60.1)  [2604s]
 11000 games  eps 0.020  steps  107333  train win 0.10 margin  -41.6  |td| 0.046  eval vs random win 1.00 (+121.2)  vs greedy win 0.15 (-36.5)  vs linear win 0.00 (-60.5)  [2725s]
 11500 games  eps 0.020  steps  112191  train win 0.09 margin  -43.6  |td| 0.045  eval vs random win 1.00 (+127.9)  vs greedy win 0.08 (-38.1)  vs linear win 0.01 (-59.2)  [2847s]
 12000 games  eps 0.020  steps  117055  train win 0.09 margin  -42.2  |td| 0.045  eval vs random win 0.99 (+128.8)  vs greedy win 0.15 (-35.0)  vs linear win 0.00 (-59.2)  [2969s]
 12500 games  eps 0.020  steps  121971  train win 0.08 margin  -48.5  |td| 0.045  eval vs random win 1.00 (+120.4)  vs greedy win 0.09 (-36.7)  vs linear win 0.01 (-55.9)  [3092s]
 13000 games  eps 0.020  steps  126838  train win 0.08 margin  -43.1  |td| 0.046  eval vs random win 1.00 (+123.2)  vs greedy win 0.17 (-38.1)  vs linear win 0.01 (-56.5)  [3214s]
 13500 games  eps 0.020  steps  131712  train win 0.09 margin  -42.7  |td| 0.046  eval vs random win 1.00 (+125.0)  vs greedy win 0.09 (-38.4)  vs linear win 0.00 (-58.2)  [3337s]
 14000 games  eps 0.020  steps  136576  train win 0.07 margin  -42.2  |td| 0.046  eval vs random win 1.00 (+129.4)  vs greedy win 0.09 (-36.6)  vs linear win 0.00 (-56.3)  [3458s]
 14500 games  eps 0.020  steps  141459  train win 0.08 margin  -45.6  |td| 0.046  eval vs random win 1.00 (+123.8)  vs greedy win 0.20 (-31.6)  vs linear win 0.00 (-61.2)  [3582s]
 15000 games  eps 0.020  steps  146362  train win 0.07 margin  -46.1  |td| 0.045  eval vs random win 1.00 (+125.6)  vs greedy win 0.12 (-36.1)  vs linear win 0.03 (-50.1)  [3705s]
 15500 games  eps 0.020  steps  151268  train win 0.06 margin  -45.1  |td| 0.044  eval vs random win 1.00 (+131.4)  vs greedy win 0.12 (-40.9)  vs linear win 0.00 (-54.4)  [3817s]
 16000 games  eps 0.020  steps  156154  train win 0.10 margin  -42.7  |td| 0.043  eval vs random win 1.00 (+121.8)  vs greedy win 0.09 (-36.8)  vs linear win 0.00 (-57.4)  [3932s]
 16500 games  eps 0.020  steps  161041  train win 0.09 margin  -41.9  |td| 0.043  eval vs random win 1.00 (+125.8)  vs greedy win 0.10 (-37.1)  vs linear win 0.00 (-56.5)  [4041s]
 17000 games  eps 0.020  steps  165929  train win 0.08 margin  -44.6  |td| 0.043  eval vs random win 1.00 (+134.0)  vs greedy win 0.11 (-38.5)  vs linear win 0.00 (-58.8)  [4159s]
 17500 games  eps 0.020  steps  170824  train win 0.08 margin  -45.6  |td| 0.044  eval vs random win 1.00 (+124.4)  vs greedy win 0.11 (-39.8)  vs linear win 0.00 (-59.1)  [4277s]
 18000 games  eps 0.020  steps  175772  train win 0.07 margin  -47.7  |td| 0.043  eval vs random win 1.00 (+116.5)  vs greedy win 0.08 (-45.5)  vs linear win 0.00 (-62.1)  [4391s]
 18500 games  eps 0.020  steps  180691  train win 0.07 margin  -48.7  |td| 0.044  eval vs random win 1.00 (+134.9)  vs greedy win 0.09 (-41.9)  vs linear win 0.01 (-58.8)  [4505s]
 19000 games  eps 0.020  steps  185621  train win 0.07 margin  -48.0  |td| 0.043  eval vs random win 1.00 (+131.4)  vs greedy win 0.07 (-43.0)  vs linear win 0.01 (-59.7)  [4606s]
 19500 games  eps 0.020  steps  190570  train win 0.05 margin  -50.8  |td| 0.043  eval vs random win 1.00 (+123.9)  vs greedy win 0.06 (-51.7)  vs linear win 0.00 (-62.3)  [4705s]
 20000 games  eps 0.020  steps  195525  train win 0.06 margin  -48.5  |td| 0.043  eval vs random win 1.00 (+117.8)  vs greedy win 0.10 (-46.9)  vs linear win 0.00 (-62.2)  [4806s]
 20500 games  eps 0.020  steps  200441  train win 0.07 margin  -45.7  |td| 0.042  eval vs random win 1.00 (+129.9)  vs greedy win 0.10 (-39.5)  vs linear win 0.01 (-61.8)  [4905s]
 21000 games  eps 0.020  steps  205423  train win 0.04 margin  -53.7  |td| 0.042  eval vs random win 1.00 (+115.0)  vs greedy win 0.05 (-47.4)  vs linear win 0.00 (-60.8)  [5004s]
 21500 games  eps 0.020  steps  210394  train win 0.05 margin  -52.2  |td| 0.042  eval vs random win 1.00 (+114.2)  vs greedy win 0.05 (-52.3)  vs linear win 0.00 (-59.5)  [5103s]
 22000 games  eps 0.020  steps  215367  train win 0.05 margin  -52.6  |td| 0.043  eval vs random win 1.00 (+115.4)  vs greedy win 0.04 (-45.9)  vs linear win 0.00 (-61.0)  [5200s]
 22500 games  eps 0.020  steps  220322  train win 0.05 margin  -52.7  |td| 0.043  eval vs random win 1.00 (+121.2)  vs greedy win 0.10 (-41.8)  vs linear win 0.00 (-59.8)  [5298s]
 23000 games  eps 0.020  steps  225297  train win 0.04 margin  -51.0  |td| 0.042  eval vs random win 1.00 (+127.2)  vs greedy win 0.06 (-46.5)  vs linear win 0.00 (-58.7)  [5398s]
 23500 games  eps 0.020  steps  230228  train win 0.05 margin  -52.6  |td| 0.043  eval vs random win 1.00 (+123.3)  vs greedy win 0.11 (-39.3)  vs linear win 0.00 (-60.9)  [5512s]
 24000 games  eps 0.020  steps  235155  train win 0.06 margin  -47.5  |td| 0.043  eval vs random win 1.00 (+124.4)  vs greedy win 0.06 (-46.6)  vs linear win 0.00 (-58.8)  [5631s]
 24500 games  eps 0.020  steps  240087  train win 0.06 margin  -48.8  |td| 0.043  eval vs random win 1.00 (+133.4)  vs greedy win 0.06 (-44.4)  vs linear win 0.00 (-58.7)  [5748s]
 25000 games  eps 0.020  steps  245012  train win 0.06 margin  -47.5  |td| 0.042  eval vs random win 1.00 (+130.1)  vs greedy win 0.15 (-36.2)  vs linear win 0.00 (-60.0)  [5861s]
 25500 games  eps 0.020  steps  249929  train win 0.05 margin  -46.8  |td| 0.042  eval vs random win 1.00 (+122.8)  vs greedy win 0.10 (-43.8)  vs linear win 0.00 (-57.8)  [5967s]
 26000 games  eps 0.020  steps  254854  train win 0.07 margin  -47.5  |td| 0.043  eval vs random win 1.00 (+128.9)  vs greedy win 0.06 (-48.1)  vs linear win 0.01 (-54.6)  [6076s]
 26500 games  eps 0.020  steps  259803  train win 0.07 margin  -48.4  |td| 0.043  eval vs random win 1.00 (+136.7)  vs greedy win 0.04 (-44.5)  vs linear win 0.00 (-61.5)  [6198s]
 27000 games  eps 0.020  steps  264785  train win 0.06 margin  -49.9  |td| 0.043  eval vs random win 1.00 (+122.2)  vs greedy win 0.05 (-50.0)  vs linear win 0.00 (-60.9)  [6325s]
 27500 games  eps 0.020  steps  269760  train win 0.06 margin  -48.8  |td| 0.043  eval vs random win 1.00 (+128.8)  vs greedy win 0.06 (-41.2)  vs linear win 0.01 (-59.0)  [6443s]
 28000 games  eps 0.020  steps  274726  train win 0.07 margin  -50.6  |td| 0.043  eval vs random win 0.99 (+120.4)  vs greedy win 0.03 (-48.9)  vs linear win 0.00 (-57.6)  [6560s]
 28500 games  eps 0.020  steps  279686  train win 0.04 margin  -51.5  |td| 0.043  eval vs random win 1.00 (+129.4)  vs greedy win 0.09 (-47.9)  vs linear win 0.00 (-63.2)  [6669s]
 29000 games  eps 0.020  steps  284660  train win 0.06 margin  -51.9  |td| 0.043  eval vs random win 1.00 (+120.1)  vs greedy win 0.07 (-50.5)  vs linear win 0.00 (-59.6)  [6757s]
 29500 games  eps 0.020  steps  289645  train win 0.05 margin  -52.9  |td| 0.044  eval vs random win 1.00 (+126.3)  vs greedy win 0.06 (-48.4)  vs linear win 0.00 (-61.7)  [6837s]
 30000 games  eps 0.020  steps  294632  train win 0.04 margin  -53.7  |td| 0.044  eval vs random win 1.00 (+124.0)  vs greedy win 0.10 (-45.5)  vs linear win 0.00 (-59.1)  [6918s]
saved runs\dqn\pass1\d1b_n8_s1.json and runs\dqn\pass1\d1b_n8_s1.pt  (ttr-dash runs\dqn\pass1\d1b_n8_s1.json to analyze)
