training dqn vs greedy on cuda: 30000 games, hidden [512, 256] dueling, n-step 8, lr 0.0001, batch 256, epsilon 1.0 -> 0.02, reward margin, average 100
(best checkpoint kept by margin vs greedy; play it as dqn:runs\dqn\pass1\d1b_n8_s2.json@best)
live: runs\dqn\pass1\d1b_n8_s2.json rewritten every 500 games (watch with ttr-dash --live runs\dqn\pass1\d1b_n8_s2.json)
   500 games  eps 0.674  steps    3979  train win 0.00 margin -177.8  |td| 0.066  eval vs random win 0.91 (+90.4)  vs greedy win 0.00 (-125.8)  vs linear win 0.00 (-101.2)  [95s]
  1000 games  eps 0.347  steps    9238  train win 0.00 margin -141.4  |td| 0.065  eval vs random win 1.00 (+114.5)  vs greedy win 0.00 (-96.9)  vs linear win 0.00 (-79.8)  [229s]
  1500 games  eps 0.021  steps   14500  train win 0.00 margin  -99.3  |td| 0.071  eval vs random win 1.00 (+111.6)  vs greedy win 0.02 (-69.9)  vs linear win 0.01 (-64.1)  [362s]
  2000 games  eps 0.020  steps   19395  train win 0.14 margin  -38.5  |td| 0.066  eval vs random win 1.00 (+122.7)  vs greedy win 0.23 (-19.1)  vs linear win 0.00 (-59.6)  [487s]
  2500 games  eps 0.020  steps   24080  train win 0.27 margin  -22.0  |td| 0.070  eval vs random win 1.00 (+134.0)  vs greedy win 0.32 (-16.0)  vs linear win 0.04 (-45.5)  [612s]
  3000 games  eps 0.020  steps   28780  train win 0.21 margin  -23.8  |td| 0.070  eval vs random win 1.00 (+129.1)  vs greedy win 0.29 (-17.2)  vs linear win 0.03 (-46.1)  [737s]
  3500 games  eps 0.020  steps   33557  train win 0.19 margin  -29.8  |td| 0.065  eval vs random win 1.00 (+128.8)  vs greedy win 0.24 (-19.9)  vs linear win 0.01 (-44.6)  [864s]
  4000 games  eps 0.020  steps   38306  train win 0.15 margin  -33.2  |td| 0.060  eval vs random win 0.99 (+131.6)  vs greedy win 0.25 (-22.3)  vs linear win 0.00 (-44.7)  [985s]
  4500 games  eps 0.020  steps   43102  train win 0.13 margin  -35.2  |td| 0.057  eval vs random win 1.00 (+123.0)  vs greedy win 0.21 (-32.5)  vs linear win 0.00 (-50.3)  [1100s]
  5000 games  eps 0.020  steps   47871  train win 0.18 margin  -33.4  |td| 0.055  eval vs random win 1.00 (+123.4)  vs greedy win 0.16 (-32.6)  vs linear win 0.00 (-54.1)  [1216s]
  5500 games  eps 0.020  steps   52676  train win 0.14 margin  -35.8  |td| 0.055  eval vs random win 1.00 (+125.6)  vs greedy win 0.22 (-27.6)  vs linear win 0.03 (-54.7)  [1333s]
  6000 games  eps 0.020  steps   57542  train win 0.09 margin  -41.7  |td| 0.053  eval vs random win 1.00 (+117.9)  vs greedy win 0.24 (-32.5)  vs linear win 0.01 (-55.5)  [1450s]
  6500 games  eps 0.020  steps   62379  train win 0.12 margin  -37.1  |td| 0.052  eval vs random win 1.00 (+129.9)  vs greedy win 0.12 (-36.6)  vs linear win 0.00 (-61.2)  [1568s]
  7000 games  eps 0.020  steps   67220  train win 0.11 margin  -42.9  |td| 0.051  eval vs random win 1.00 (+124.8)  vs greedy win 0.16 (-34.3)  vs linear win 0.01 (-61.0)  [1687s]
  7500 games  eps 0.020  steps   72056  train win 0.11 margin  -40.5  |td| 0.051  eval vs random win 1.00 (+131.0)  vs greedy win 0.09 (-40.3)  vs linear win 0.00 (-59.2)  [1805s]
  8000 games  eps 0.020  steps   76892  train win 0.13 margin  -39.9  |td| 0.050  eval vs random win 1.00 (+127.0)  vs greedy win 0.15 (-31.6)  vs linear win 0.00 (-59.0)  [1928s]
  8500 games  eps 0.020  steps   81751  train win 0.08 margin  -46.9  |td| 0.051  eval vs random win 1.00 (+124.1)  vs greedy win 0.13 (-37.1)  vs linear win 0.00 (-60.3)  [2050s]
  9000 games  eps 0.020  steps   86576  train win 0.10 margin  -40.9  |td| 0.050  eval vs random win 1.00 (+129.8)  vs greedy win 0.08 (-43.5)  vs linear win 0.00 (-62.4)  [2169s]
  9500 games  eps 0.020  steps   91424  train win 0.08 margin  -44.9  |td| 0.049  eval vs random win 1.00 (+124.0)  vs greedy win 0.13 (-37.2)  vs linear win 0.01 (-62.5)  [2290s]
 10000 games  eps 0.020  steps   96259  train win 0.09 margin  -44.5  |td| 0.048  eval vs random win 1.00 (+126.9)  vs greedy win 0.05 (-46.1)  vs linear win 0.00 (-63.0)  [2412s]
 10500 games  eps 0.020  steps  101122  train win 0.08 margin  -43.6  |td| 0.047  eval vs random win 1.00 (+111.2)  vs greedy win 0.05 (-42.4)  vs linear win 0.00 (-58.4)  [2538s]
 11000 games  eps 0.020  steps  105986  train win 0.07 margin  -47.6  |td| 0.046  eval vs random win 1.00 (+127.2)  vs greedy win 0.09 (-42.0)  vs linear win 0.00 (-65.0)  [2662s]
 11500 games  eps 0.020  steps  110874  train win 0.08 margin  -44.4  |td| 0.046  eval vs random win 1.00 (+117.8)  vs greedy win 0.11 (-43.1)  vs linear win 0.00 (-62.5)  [2785s]
 12000 games  eps 0.020  steps  115769  train win 0.07 margin  -46.8  |td| 0.046  eval vs random win 1.00 (+126.6)  vs greedy win 0.10 (-47.0)  vs linear win 0.01 (-64.2)  [2910s]
 12500 games  eps 0.020  steps  120682  train win 0.08 margin  -44.2  |td| 0.045  eval vs random win 1.00 (+126.5)  vs greedy win 0.10 (-41.4)  vs linear win 0.00 (-61.2)  [3035s]
 13000 games  eps 0.020  steps  125592  train win 0.07 margin  -47.1  |td| 0.045  eval vs random win 1.00 (+124.6)  vs greedy win 0.09 (-42.5)  vs linear win 0.02 (-59.5)  [3162s]
 13500 games  eps 0.020  steps  130530  train win 0.07 margin  -50.4  |td| 0.045  eval vs random win 1.00 (+128.6)  vs greedy win 0.03 (-44.0)  vs linear win 0.00 (-65.4)  [3289s]
 14000 games  eps 0.020  steps  135448  train win 0.08 margin  -44.9  |td| 0.044  eval vs random win 1.00 (+127.3)  vs greedy win 0.04 (-46.8)  vs linear win 0.00 (-61.3)  [3415s]
 14500 games  eps 0.020  steps  140331  train win 0.09 margin  -45.3  |td| 0.044  eval vs random win 1.00 (+123.4)  vs greedy win 0.08 (-39.8)  vs linear win 0.01 (-63.9)  [3540s]
 15000 games  eps 0.020  steps  145241  train win 0.07 margin  -46.3  |td| 0.045  eval vs random win 1.00 (+125.3)  vs greedy win 0.06 (-42.5)  vs linear win 0.02 (-59.6)  [3665s]
 15500 games  eps 0.020  steps  150135  train win 0.08 margin  -45.4  |td| 0.045  eval vs random win 1.00 (+123.7)  vs greedy win 0.13 (-45.4)  vs linear win 0.00 (-61.4)  [3779s]
 16000 games  eps 0.020  steps  155088  train win 0.07 margin  -48.9  |td| 0.044  eval vs random win 0.98 (+122.7)  vs greedy win 0.09 (-46.1)  vs linear win 0.00 (-59.2)  [3893s]
 16500 games  eps 0.020  steps  159983  train win 0.07 margin  -47.9  |td| 0.044  eval vs random win 1.00 (+122.4)  vs greedy win 0.08 (-38.2)  vs linear win 0.00 (-58.0)  [4004s]
 17000 games  eps 0.020  steps  164901  train win 0.06 margin  -48.6  |td| 0.045  eval vs random win 1.00 (+131.8)  vs greedy win 0.08 (-36.0)  vs linear win 0.00 (-60.4)  [4121s]
 17500 games  eps 0.020  steps  169809  train win 0.07 margin  -47.8  |td| 0.044  eval vs random win 1.00 (+119.3)  vs greedy win 0.06 (-42.6)  vs linear win 0.00 (-59.7)  [4236s]
 18000 games  eps 0.020  steps  174730  train win 0.08 margin  -44.6  |td| 0.045  eval vs random win 1.00 (+123.6)  vs greedy win 0.08 (-40.9)  vs linear win 0.00 (-56.6)  [4352s]
 18500 games  eps 0.020  steps  179652  train win 0.06 margin  -50.0  |td| 0.045  eval vs random win 0.99 (+124.1)  vs greedy win 0.11 (-41.0)  vs linear win 0.00 (-58.4)  [4463s]
 19000 games  eps 0.020  steps  184570  train win 0.07 margin  -47.8  |td| 0.044  eval vs random win 1.00 (+125.1)  vs greedy win 0.09 (-40.1)  vs linear win 0.00 (-59.7)  [4569s]
 19500 games  eps 0.020  steps  189514  train win 0.08 margin  -48.4  |td| 0.044  eval vs random win 1.00 (+118.0)  vs greedy win 0.09 (-43.2)  vs linear win 0.00 (-60.1)  [4666s]
 20000 games  eps 0.020  steps  194444  train win 0.06 margin  -48.6  |td| 0.043  eval vs random win 1.00 (+126.7)  vs greedy win 0.04 (-51.1)  vs linear win 0.00 (-58.0)  [4763s]
 20500 games  eps 0.020  steps  199407  train win 0.06 margin  -49.1  |td| 0.043  eval vs random win 1.00 (+128.6)  vs greedy win 0.08 (-48.5)  vs linear win 0.00 (-61.6)  [4862s]
 21000 games  eps 0.020  steps  204362  train win 0.05 margin  -51.1  |td| 0.043  eval vs random win 1.00 (+123.6)  vs greedy win 0.03 (-50.1)  vs linear win 0.00 (-59.1)  [4956s]
 21500 games  eps 0.020  steps  209303  train win 0.06 margin  -48.6  |td| 0.043  eval vs random win 1.00 (+123.5)  vs greedy win 0.12 (-39.9)  vs linear win 0.00 (-58.6)  [5051s]
 22000 games  eps 0.020  steps  214258  train win 0.07 margin  -49.4  |td| 0.042  eval vs random win 1.00 (+123.1)  vs greedy win 0.10 (-40.2)  vs linear win 0.00 (-58.2)  [5148s]
 22500 games  eps 0.020  steps  219198  train win 0.06 margin  -49.4  |td| 0.043  eval vs random win 1.00 (+127.5)  vs greedy win 0.03 (-47.3)  vs linear win 0.00 (-59.5)  [5244s]
 23000 games  eps 0.020  steps  224165  train win 0.07 margin  -48.1  |td| 0.043  eval vs random win 1.00 (+122.4)  vs greedy win 0.07 (-46.9)  vs linear win 0.00 (-63.0)  [5340s]
 23500 games  eps 0.020  steps  229118  train win 0.05 margin  -51.3  |td| 0.043  eval vs random win 1.00 (+123.5)  vs greedy win 0.07 (-47.7)  vs linear win 0.00 (-63.1)  [5443s]
 24000 games  eps 0.020  steps  234075  train win 0.04 margin  -53.4  |td| 0.043  eval vs random win 1.00 (+124.7)  vs greedy win 0.08 (-48.6)  vs linear win 0.01 (-58.7)  [5560s]
 24500 games  eps 0.020  steps  239032  train win 0.06 margin  -53.6  |td| 0.044  eval vs random win 1.00 (+135.9)  vs greedy win 0.08 (-42.2)  vs linear win 0.00 (-60.8)  [5681s]
 25000 games  eps 0.020  steps  244016  train win 0.05 margin  -54.5  |td| 0.043  eval vs random win 1.00 (+132.1)  vs greedy win 0.06 (-50.4)  vs linear win 0.00 (-61.3)  [5800s]
 25500 games  eps 0.020  steps  248998  train win 0.07 margin  -48.6  |td| 0.043  eval vs random win 1.00 (+122.5)  vs greedy win 0.06 (-46.2)  vs linear win 0.00 (-61.6)  [5906s]
 26000 games  eps 0.020  steps  253942  train win 0.05 margin  -51.3  |td| 0.043  eval vs random win 1.00 (+126.6)  vs greedy win 0.09 (-45.0)  vs linear win 0.00 (-60.4)  [6014s]
 26500 games  eps 0.020  steps  258888  train win 0.06 margin  -54.0  |td| 0.043  eval vs random win 1.00 (+125.2)  vs greedy win 0.05 (-48.9)  vs linear win 0.00 (-59.8)  [6127s]
 27000 games  eps 0.020  steps  263843  train win 0.05 margin  -51.5  |td| 0.043  eval vs random win 1.00 (+123.5)  vs greedy win 0.12 (-48.3)  vs linear win 0.00 (-58.5)  [6257s]
 27500 games  eps 0.020  steps  268816  train win 0.05 margin  -53.3  |td| 0.044  eval vs random win 1.00 (+119.2)  vs greedy win 0.06 (-53.4)  vs linear win 0.00 (-59.6)  [6382s]
 28000 games  eps 0.020  steps  273805  train win 0.03 margin  -55.7  |td| 0.044  eval vs random win 1.00 (+128.7)  vs greedy win 0.04 (-45.5)  vs linear win 0.01 (-60.5)  [6500s]
 28500 games  eps 0.020  steps  278775  train win 0.03 margin  -54.5  |td| 0.043  eval vs random win 1.00 (+129.3)  vs greedy win 0.07 (-46.5)  vs linear win 0.00 (-58.5)  [6615s]
 29000 games  eps 0.020  steps  283793  train win 0.03 margin  -56.5  |td| 0.043  eval vs random win 1.00 (+126.5)  vs greedy win 0.05 (-51.9)  vs linear win 0.00 (-63.0)  [6717s]
 29500 games  eps 0.020  steps  288763  train win 0.06 margin  -51.9  |td| 0.043  eval vs random win 1.00 (+128.8)  vs greedy win 0.09 (-49.2)  vs linear win 0.00 (-63.2)  [6800s]
 30000 games  eps 0.020  steps  293732  train win 0.05 margin  -52.5  |td| 0.043  eval vs random win 1.00 (+120.1)  vs greedy win 0.02 (-50.3)  vs linear win 0.00 (-61.5)  [6880s]
saved runs\dqn\pass1\d1b_n8_s2.json and runs\dqn\pass1\d1b_n8_s2.pt  (ttr-dash runs\dqn\pass1\d1b_n8_s2.json to analyze)
