training dqn vs greedy on cuda: 30000 games, hidden [512, 256] dueling, n-step 32, lr 0.0001, batch 256, epsilon 1.0 -> 0.02, reward margin, average 100
(best checkpoint kept by margin vs greedy; play it as dqn:runs\dqn\pass1\d1c_n32_s2.json@best)
live: runs\dqn\pass1\d1c_n32_s2.json rewritten every 500 games (watch with ttr-dash --live runs\dqn\pass1\d1c_n32_s2.json)
   500 games  eps 0.674  steps    3957  train win 0.00 margin -177.6  |td| 0.112  eval vs random win 0.94 (+101.8)  vs greedy win 0.00 (-137.9)  vs linear win 0.00 (-144.3)  [95s]
  1000 games  eps 0.347  steps    9192  train win 0.00 margin -138.3  |td| 0.087  eval vs random win 0.98 (+114.2)  vs greedy win 0.00 (-89.3)  vs linear win 0.00 (-88.0)  [227s]
  1500 games  eps 0.021  steps   14449  train win 0.00 margin -102.6  |td| 0.075  eval vs random win 0.99 (+118.0)  vs greedy win 0.03 (-75.2)  vs linear win 0.00 (-74.0)  [360s]
  2000 games  eps 0.020  steps   19501  train win 0.06 margin  -53.9  |td| 0.075  eval vs random win 1.00 (+118.5)  vs greedy win 0.17 (-32.1)  vs linear win 0.03 (-55.2)  [489s]
  2500 games  eps 0.020  steps   24428  train win 0.10 margin  -38.4  |td| 0.079  eval vs random win 1.00 (+129.0)  vs greedy win 0.13 (-29.7)  vs linear win 0.00 (-47.9)  [621s]
  3000 games  eps 0.020  steps   29318  train win 0.13 margin  -38.5  |td| 0.078  eval vs random win 1.00 (+127.6)  vs greedy win 0.17 (-29.2)  vs linear win 0.00 (-45.8)  [752s]
  3500 games  eps 0.020  steps   34199  train win 0.11 margin  -38.2  |td| 0.074  eval vs random win 1.00 (+127.5)  vs greedy win 0.22 (-34.1)  vs linear win 0.00 (-45.6)  [884s]
  4000 games  eps 0.020  steps   39077  train win 0.10 margin  -40.1  |td| 0.069  eval vs random win 1.00 (+125.5)  vs greedy win 0.14 (-34.9)  vs linear win 0.01 (-51.1)  [1012s]
  4500 games  eps 0.020  steps   43968  train win 0.10 margin  -43.1  |td| 0.064  eval vs random win 0.99 (+119.8)  vs greedy win 0.13 (-41.3)  vs linear win 0.02 (-60.7)  [1136s]
  5000 games  eps 0.020  steps   48903  train win 0.10 margin  -43.9  |td| 0.061  eval vs random win 1.00 (+126.4)  vs greedy win 0.11 (-37.0)  vs linear win 0.00 (-57.9)  [1259s]
  5500 games  eps 0.020  steps   53838  train win 0.08 margin  -48.4  |td| 0.058  eval vs random win 1.00 (+122.4)  vs greedy win 0.15 (-40.0)  vs linear win 0.00 (-58.2)  [1385s]
  6000 games  eps 0.020  steps   58746  train win 0.07 margin  -48.9  |td| 0.056  eval vs random win 1.00 (+121.7)  vs greedy win 0.15 (-42.0)  vs linear win 0.00 (-58.1)  [1509s]
  6500 games  eps 0.020  steps   63675  train win 0.08 margin  -45.8  |td| 0.055  eval vs random win 1.00 (+126.3)  vs greedy win 0.11 (-42.0)  vs linear win 0.00 (-60.3)  [1632s]
  7000 games  eps 0.020  steps   68622  train win 0.06 margin  -50.5  |td| 0.053  eval vs random win 1.00 (+109.6)  vs greedy win 0.09 (-43.7)  vs linear win 0.00 (-63.1)  [1757s]
  7500 games  eps 0.020  steps   73571  train win 0.09 margin  -48.7  |td| 0.052  eval vs random win 1.00 (+123.4)  vs greedy win 0.07 (-41.4)  vs linear win 0.00 (-61.1)  [1883s]
  8000 games  eps 0.020  steps   78535  train win 0.05 margin  -52.2  |td| 0.051  eval vs random win 1.00 (+123.8)  vs greedy win 0.09 (-45.1)  vs linear win 0.00 (-63.8)  [2009s]
  8500 games  eps 0.020  steps   83511  train win 0.07 margin  -52.0  |td| 0.050  eval vs random win 1.00 (+118.0)  vs greedy win 0.08 (-51.3)  vs linear win 0.00 (-65.5)  [2133s]
  9000 games  eps 0.020  steps   88532  train win 0.04 margin  -56.6  |td| 0.050  eval vs random win 1.00 (+122.6)  vs greedy win 0.05 (-47.3)  vs linear win 0.00 (-67.2)  [2260s]
  9500 games  eps 0.020  steps   93565  train win 0.05 margin  -55.4  |td| 0.049  eval vs random win 1.00 (+120.7)  vs greedy win 0.03 (-55.0)  vs linear win 0.00 (-67.1)  [2388s]
 10000 games  eps 0.020  steps   98597  train win 0.05 margin  -58.0  |td| 0.048  eval vs random win 1.00 (+122.0)  vs greedy win 0.02 (-65.1)  vs linear win 0.00 (-66.9)  [2518s]
 10500 games  eps 0.020  steps  103645  train win 0.04 margin  -59.4  |td| 0.047  eval vs random win 1.00 (+111.0)  vs greedy win 0.04 (-53.5)  vs linear win 0.00 (-69.2)  [2647s]
 11000 games  eps 0.020  steps  108714  train win 0.03 margin  -63.5  |td| 0.047  eval vs random win 1.00 (+110.8)  vs greedy win 0.00 (-59.2)  vs linear win 0.00 (-70.9)  [2775s]
 11500 games  eps 0.020  steps  113793  train win 0.02 margin  -63.4  |td| 0.045  eval vs random win 1.00 (+115.4)  vs greedy win 0.03 (-56.3)  vs linear win 0.00 (-70.7)  [2904s]
 12000 games  eps 0.020  steps  118879  train win 0.02 margin  -66.2  |td| 0.044  eval vs random win 1.00 (+116.9)  vs greedy win 0.05 (-53.2)  vs linear win 0.00 (-71.0)  [3033s]
 12500 games  eps 0.020  steps  123972  train win 0.03 margin  -62.9  |td| 0.043  eval vs random win 0.99 (+122.6)  vs greedy win 0.03 (-62.3)  vs linear win 0.00 (-69.8)  [3164s]
 13000 games  eps 0.020  steps  129048  train win 0.03 margin  -61.2  |td| 0.043  eval vs random win 1.00 (+114.0)  vs greedy win 0.02 (-64.0)  vs linear win 0.00 (-73.0)  [3294s]
 13500 games  eps 0.020  steps  134124  train win 0.01 margin  -65.4  |td| 0.042  eval vs random win 1.00 (+114.1)  vs greedy win 0.03 (-56.8)  vs linear win 0.00 (-70.2)  [3422s]
 14000 games  eps 0.020  steps  139196  train win 0.02 margin  -61.8  |td| 0.042  eval vs random win 1.00 (+120.1)  vs greedy win 0.00 (-62.9)  vs linear win 0.00 (-71.4)  [3551s]
 14500 games  eps 0.020  steps  144278  train win 0.01 margin  -66.4  |td| 0.042  eval vs random win 1.00 (+113.7)  vs greedy win 0.00 (-59.9)  vs linear win 0.00 (-70.5)  [3682s]
 15000 games  eps 0.020  steps  149349  train win 0.03 margin  -64.4  |td| 0.042  eval vs random win 1.00 (+128.3)  vs greedy win 0.01 (-63.0)  vs linear win 0.00 (-68.8)  [3798s]
 15500 games  eps 0.020  steps  154441  train win 0.03 margin  -64.5  |td| 0.042  eval vs random win 1.00 (+118.6)  vs greedy win 0.01 (-65.3)  vs linear win 0.00 (-67.2)  [3917s]
 16000 games  eps 0.020  steps  159510  train win 0.03 margin  -62.0  |td| 0.041  eval vs random win 1.00 (+120.1)  vs greedy win 0.04 (-61.1)  vs linear win 0.00 (-69.2)  [4031s]
 16500 games  eps 0.020  steps  164562  train win 0.03 margin  -63.4  |td| 0.041  eval vs random win 0.98 (+112.3)  vs greedy win 0.05 (-53.4)  vs linear win 0.00 (-67.0)  [4154s]
 17000 games  eps 0.020  steps  169620  train win 0.02 margin  -63.6  |td| 0.041  eval vs random win 1.00 (+121.1)  vs greedy win 0.04 (-58.0)  vs linear win 0.00 (-73.1)  [4277s]
 17500 games  eps 0.020  steps  174669  train win 0.04 margin  -62.3  |td| 0.041  eval vs random win 1.00 (+123.1)  vs greedy win 0.01 (-56.4)  vs linear win 0.00 (-68.7)  [4393s]
 18000 games  eps 0.020  steps  179747  train win 0.02 margin  -63.6  |td| 0.041  eval vs random win 1.00 (+116.9)  vs greedy win 0.04 (-56.7)  vs linear win 0.00 (-68.9)  [4512s]
 18500 games  eps 0.020  steps  184815  train win 0.03 margin  -63.1  |td| 0.041  eval vs random win 1.00 (+115.4)  vs greedy win 0.02 (-63.9)  vs linear win 0.00 (-68.9)  [4616s]
 19000 games  eps 0.020  steps  189889  train win 0.02 margin  -64.9  |td| 0.041  eval vs random win 0.99 (+124.7)  vs greedy win 0.04 (-61.9)  vs linear win 0.00 (-69.0)  [4717s]
 19500 games  eps 0.020  steps  194957  train win 0.03 margin  -64.5  |td| 0.041  eval vs random win 1.00 (+118.3)  vs greedy win 0.03 (-61.0)  vs linear win 0.00 (-69.5)  [4820s]
 20000 games  eps 0.020  steps  200060  train win 0.02 margin  -63.7  |td| 0.041  eval vs random win 1.00 (+114.4)  vs greedy win 0.04 (-64.6)  vs linear win 0.00 (-68.4)  [4922s]
 20500 games  eps 0.020  steps  205158  train win 0.02 margin  -64.4  |td| 0.041  eval vs random win 1.00 (+126.7)  vs greedy win 0.03 (-61.3)  vs linear win 0.00 (-69.2)  [5022s]
 21000 games  eps 0.020  steps  210233  train win 0.02 margin  -66.3  |td| 0.041  eval vs random win 1.00 (+116.6)  vs greedy win 0.03 (-57.0)  vs linear win 0.00 (-70.0)  [5122s]
 21500 games  eps 0.020  steps  215323  train win 0.02 margin  -64.0  |td| 0.041  eval vs random win 1.00 (+110.7)  vs greedy win 0.02 (-61.5)  vs linear win 0.00 (-66.6)  [5222s]
 22000 games  eps 0.020  steps  220412  train win 0.02 margin  -66.0  |td| 0.041  eval vs random win 0.99 (+112.3)  vs greedy win 0.02 (-59.4)  vs linear win 0.00 (-70.0)  [5322s]
 22500 games  eps 0.020  steps  225533  train win 0.01 margin  -64.5  |td| 0.041  eval vs random win 0.99 (+113.9)  vs greedy win 0.02 (-63.6)  vs linear win 0.00 (-67.5)  [5424s]
 23000 games  eps 0.020  steps  230641  train win 0.02 margin  -65.6  |td| 0.041  eval vs random win 1.00 (+123.6)  vs greedy win 0.01 (-67.8)  vs linear win 0.00 (-69.3)  [5544s]
 23500 games  eps 0.020  steps  235708  train win 0.02 margin  -63.3  |td| 0.041  eval vs random win 1.00 (+118.9)  vs greedy win 0.04 (-58.3)  vs linear win 0.00 (-67.8)  [5668s]
 24000 games  eps 0.020  steps  240767  train win 0.02 margin  -63.8  |td| 0.041  eval vs random win 1.00 (+117.3)  vs greedy win 0.00 (-65.5)  vs linear win 0.00 (-70.4)  [5791s]
 24500 games  eps 0.020  steps  245817  train win 0.02 margin  -65.6  |td| 0.041  eval vs random win 1.00 (+123.6)  vs greedy win 0.04 (-60.8)  vs linear win 0.00 (-65.7)  [5899s]
 25000 games  eps 0.020  steps  250905  train win 0.01 margin  -66.8  |td| 0.040  eval vs random win 1.00 (+122.6)  vs greedy win 0.02 (-65.1)  vs linear win 0.00 (-66.6)  [6008s]
 25500 games  eps 0.020  steps  255996  train win 0.01 margin  -65.4  |td| 0.041  eval vs random win 1.00 (+113.0)  vs greedy win 0.00 (-68.0)  vs linear win 0.00 (-67.7)  [6126s]
 26000 games  eps 0.020  steps  261092  train win 0.02 margin  -65.2  |td| 0.041  eval vs random win 1.00 (+124.6)  vs greedy win 0.03 (-60.1)  vs linear win 0.00 (-66.3)  [6258s]
 26500 games  eps 0.020  steps  266175  train win 0.02 margin  -66.7  |td| 0.040  eval vs random win 0.99 (+113.6)  vs greedy win 0.01 (-63.2)  vs linear win 0.00 (-67.7)  [6386s]
 27000 games  eps 0.020  steps  271262  train win 0.03 margin  -67.6  |td| 0.040  eval vs random win 1.00 (+123.0)  vs greedy win 0.01 (-63.6)  vs linear win 0.00 (-66.3)  [6505s]
 27500 games  eps 0.020  steps  276311  train win 0.03 margin  -63.9  |td| 0.040  eval vs random win 1.00 (+115.7)  vs greedy win 0.04 (-61.3)  vs linear win 0.00 (-66.8)  [6623s]
 28000 games  eps 0.020  steps  281412  train win 0.03 margin  -66.9  |td| 0.041  eval vs random win 1.00 (+113.3)  vs greedy win 0.01 (-60.2)  vs linear win 0.00 (-69.2)  [6724s]
 28500 games  eps 0.020  steps  286506  train win 0.02 margin  -64.8  |td| 0.041  eval vs random win 1.00 (+117.5)  vs greedy win 0.01 (-60.5)  vs linear win 0.00 (-64.9)  [6807s]
 29000 games  eps 0.020  steps  291619  train win 0.02 margin  -66.7  |td| 0.041  eval vs random win 1.00 (+111.5)  vs greedy win 0.03 (-59.0)  vs linear win 0.00 (-67.9)  [6891s]
 29500 games  eps 0.020  steps  296718  train win 0.02 margin  -69.3  |td| 0.040  eval vs random win 0.99 (+111.4)  vs greedy win 0.02 (-66.1)  vs linear win 0.00 (-61.8)  [6966s]
 30000 games  eps 0.020  steps  301805  train win 0.04 margin  -61.4  |td| 0.041  eval vs random win 1.00 (+118.3)  vs greedy win 0.06 (-57.9)  vs linear win 0.00 (-62.9)  [7030s]
saved runs\dqn\pass1\d1c_n32_s2.json and runs\dqn\pass1\d1c_n32_s2.pt  (ttr-dash runs\dqn\pass1\d1c_n32_s2.json to analyze)
