training dqn vs greedy on cuda: 30000 games, hidden [512, 256] dueling, n-step 32, lr 0.0001, batch 256, epsilon 1.0 -> 0.02, reward margin, average 100
(best checkpoint kept by margin vs greedy; play it as dqn:runs\dqn\pass1\d1c_n32_s1.json@best)
live: runs\dqn\pass1\d1c_n32_s1.json rewritten every 500 games (watch with ttr-dash --live runs\dqn\pass1\d1c_n32_s1.json)
   500 games  eps 0.674  steps    3989  train win 0.00 margin -176.6  |td| 0.115  eval vs random win 0.96 (+111.3)  vs greedy win 0.00 (-97.8)  vs linear win 0.00 (-78.6)  [94s]
  1000 games  eps 0.347  steps    9200  train win 0.00 margin -138.5  |td| 0.086  eval vs random win 0.98 (+114.5)  vs greedy win 0.00 (-89.5)  vs linear win 0.00 (-76.2)  [226s]
  1500 games  eps 0.021  steps   14442  train win 0.00 margin  -98.2  |td| 0.075  eval vs random win 1.00 (+119.7)  vs greedy win 0.04 (-59.5)  vs linear win 0.00 (-70.5)  [357s]
  2000 games  eps 0.020  steps   19487  train win 0.03 margin  -53.6  |td| 0.077  eval vs random win 0.99 (+112.9)  vs greedy win 0.04 (-44.2)  vs linear win 0.00 (-64.8)  [484s]
  2500 games  eps 0.020  steps   24447  train win 0.08 margin  -47.0  |td| 0.075  eval vs random win 1.00 (+115.5)  vs greedy win 0.10 (-40.4)  vs linear win 0.02 (-47.2)  [614s]
  3000 games  eps 0.020  steps   29337  train win 0.08 margin  -45.9  |td| 0.075  eval vs random win 1.00 (+116.1)  vs greedy win 0.08 (-39.2)  vs linear win 0.02 (-46.0)  [743s]
  3500 games  eps 0.020  steps   34258  train win 0.07 margin  -46.2  |td| 0.070  eval vs random win 1.00 (+121.0)  vs greedy win 0.11 (-41.6)  vs linear win 0.00 (-55.5)  [875s]
  4000 games  eps 0.020  steps   39189  train win 0.05 margin  -50.3  |td| 0.066  eval vs random win 1.00 (+115.6)  vs greedy win 0.12 (-44.8)  vs linear win 0.00 (-57.5)  [1003s]
  4500 games  eps 0.020  steps   44163  train win 0.04 margin  -52.8  |td| 0.062  eval vs random win 1.00 (+119.8)  vs greedy win 0.12 (-44.1)  vs linear win 0.00 (-59.8)  [1128s]
  5000 games  eps 0.020  steps   49141  train win 0.08 margin  -51.7  |td| 0.058  eval vs random win 0.99 (+120.1)  vs greedy win 0.13 (-42.7)  vs linear win 0.00 (-63.0)  [1250s]
  5500 games  eps 0.020  steps   54137  train win 0.04 margin  -53.7  |td| 0.056  eval vs random win 1.00 (+119.7)  vs greedy win 0.08 (-43.7)  vs linear win 0.00 (-62.2)  [1375s]
  6000 games  eps 0.020  steps   59107  train win 0.07 margin  -52.2  |td| 0.054  eval vs random win 1.00 (+119.6)  vs greedy win 0.08 (-46.6)  vs linear win 0.00 (-55.7)  [1499s]
  6500 games  eps 0.020  steps   64105  train win 0.06 margin  -52.8  |td| 0.053  eval vs random win 1.00 (+126.5)  vs greedy win 0.04 (-48.5)  vs linear win 0.00 (-62.2)  [1624s]
  7000 games  eps 0.020  steps   69116  train win 0.06 margin  -54.9  |td| 0.051  eval vs random win 1.00 (+113.9)  vs greedy win 0.06 (-53.8)  vs linear win 0.00 (-65.1)  [1751s]
  7500 games  eps 0.020  steps   74148  train win 0.04 margin  -57.2  |td| 0.051  eval vs random win 1.00 (+116.0)  vs greedy win 0.03 (-57.6)  vs linear win 0.00 (-64.6)  [1878s]
  8000 games  eps 0.020  steps   79203  train win 0.05 margin  -57.3  |td| 0.050  eval vs random win 1.00 (+124.1)  vs greedy win 0.06 (-53.9)  vs linear win 0.00 (-64.8)  [2006s]
  8500 games  eps 0.020  steps   84232  train win 0.05 margin  -56.3  |td| 0.049  eval vs random win 1.00 (+123.3)  vs greedy win 0.05 (-54.1)  vs linear win 0.00 (-66.0)  [2130s]
  9000 games  eps 0.020  steps   89309  train win 0.03 margin  -57.7  |td| 0.047  eval vs random win 0.99 (+125.5)  vs greedy win 0.02 (-59.5)  vs linear win 0.00 (-68.8)  [2258s]
  9500 games  eps 0.020  steps   94380  train win 0.03 margin  -61.7  |td| 0.047  eval vs random win 1.00 (+118.6)  vs greedy win 0.02 (-58.6)  vs linear win 0.00 (-66.1)  [2385s]
 10000 games  eps 0.020  steps   99442  train win 0.04 margin  -58.2  |td| 0.047  eval vs random win 1.00 (+124.1)  vs greedy win 0.01 (-62.4)  vs linear win 0.00 (-67.9)  [2514s]
 10500 games  eps 0.020  steps  104521  train win 0.04 margin  -61.0  |td| 0.047  eval vs random win 0.99 (+114.3)  vs greedy win 0.03 (-60.0)  vs linear win 0.00 (-69.3)  [2642s]
 11000 games  eps 0.020  steps  109605  train win 0.03 margin  -60.2  |td| 0.045  eval vs random win 1.00 (+120.8)  vs greedy win 0.08 (-55.0)  vs linear win 0.00 (-66.8)  [2769s]
 11500 games  eps 0.020  steps  114703  train win 0.04 margin  -60.6  |td| 0.044  eval vs random win 1.00 (+125.6)  vs greedy win 0.04 (-52.0)  vs linear win 0.00 (-67.5)  [2896s]
 12000 games  eps 0.020  steps  119774  train win 0.04 margin  -59.9  |td| 0.044  eval vs random win 0.97 (+115.6)  vs greedy win 0.05 (-53.9)  vs linear win 0.00 (-67.1)  [3023s]
 12500 games  eps 0.020  steps  124866  train win 0.02 margin  -66.7  |td| 0.044  eval vs random win 1.00 (+122.7)  vs greedy win 0.05 (-59.4)  vs linear win 0.00 (-67.9)  [3152s]
 13000 games  eps 0.020  steps  129946  train win 0.03 margin  -63.0  |td| 0.043  eval vs random win 1.00 (+118.3)  vs greedy win 0.04 (-55.2)  vs linear win 0.00 (-67.4)  [3281s]
 13500 games  eps 0.020  steps  135024  train win 0.04 margin  -63.4  |td| 0.043  eval vs random win 1.00 (+131.9)  vs greedy win 0.00 (-61.3)  vs linear win 0.00 (-68.9)  [3410s]
 14000 games  eps 0.020  steps  140125  train win 0.04 margin  -62.9  |td| 0.043  eval vs random win 0.99 (+128.3)  vs greedy win 0.05 (-60.7)  vs linear win 0.00 (-69.4)  [3536s]
 14500 games  eps 0.020  steps  145224  train win 0.01 margin  -63.7  |td| 0.043  eval vs random win 1.00 (+119.5)  vs greedy win 0.04 (-59.5)  vs linear win 0.00 (-70.5)  [3664s]
 15000 games  eps 0.020  steps  150334  train win 0.01 margin  -66.8  |td| 0.042  eval vs random win 1.00 (+126.4)  vs greedy win 0.03 (-57.9)  vs linear win 0.00 (-69.7)  [3781s]
 15500 games  eps 0.020  steps  155449  train win 0.02 margin  -64.3  |td| 0.041  eval vs random win 1.00 (+131.0)  vs greedy win 0.01 (-62.6)  vs linear win 0.00 (-69.7)  [3898s]
 16000 games  eps 0.020  steps  160565  train win 0.02 margin  -63.7  |td| 0.042  eval vs random win 1.00 (+117.5)  vs greedy win 0.07 (-62.8)  vs linear win 0.00 (-72.4)  [4012s]
 16500 games  eps 0.020  steps  165660  train win 0.02 margin  -67.4  |td| 0.042  eval vs random win 1.00 (+124.4)  vs greedy win 0.08 (-59.3)  vs linear win 0.00 (-70.1)  [4133s]
 17000 games  eps 0.020  steps  170760  train win 0.02 margin  -67.5  |td| 0.042  eval vs random win 1.00 (+124.7)  vs greedy win 0.03 (-60.1)  vs linear win 0.00 (-71.5)  [4253s]
 17500 games  eps 0.020  steps  175861  train win 0.02 margin  -69.1  |td| 0.042  eval vs random win 1.00 (+113.7)  vs greedy win 0.02 (-63.7)  vs linear win 0.00 (-72.5)  [4370s]
 18000 games  eps 0.020  steps  180986  train win 0.01 margin  -69.7  |td| 0.041  eval vs random win 0.99 (+120.2)  vs greedy win 0.01 (-64.5)  vs linear win 0.00 (-73.5)  [4486s]
 18500 games  eps 0.020  steps  186124  train win 0.01 margin  -71.0  |td| 0.040  eval vs random win 0.98 (+116.6)  vs greedy win 0.00 (-65.4)  vs linear win 0.00 (-71.1)  [4592s]
 19000 games  eps 0.020  steps  191242  train win 0.03 margin  -68.7  |td| 0.040  eval vs random win 1.00 (+122.3)  vs greedy win 0.02 (-64.7)  vs linear win 0.00 (-69.1)  [4691s]
 19500 games  eps 0.020  steps  196370  train win 0.02 margin  -70.0  |td| 0.040  eval vs random win 1.00 (+123.6)  vs greedy win 0.04 (-70.5)  vs linear win 0.00 (-68.4)  [4792s]
 20000 games  eps 0.020  steps  201511  train win 0.02 margin  -71.0  |td| 0.040  eval vs random win 1.00 (+117.3)  vs greedy win 0.03 (-68.1)  vs linear win 0.00 (-72.9)  [4893s]
 20500 games  eps 0.020  steps  206630  train win 0.01 margin  -70.9  |td| 0.040  eval vs random win 1.00 (+118.2)  vs greedy win 0.03 (-67.5)  vs linear win 0.00 (-72.2)  [4992s]
 21000 games  eps 0.020  steps  211759  train win 0.02 margin  -69.3  |td| 0.040  eval vs random win 0.99 (+116.0)  vs greedy win 0.01 (-66.8)  vs linear win 0.00 (-69.5)  [5091s]
 21500 games  eps 0.020  steps  216914  train win 0.01 margin  -72.2  |td| 0.040  eval vs random win 1.00 (+117.2)  vs greedy win 0.01 (-70.8)  vs linear win 0.00 (-71.2)  [5191s]
 22000 games  eps 0.020  steps  222077  train win 0.01 margin  -71.7  |td| 0.040  eval vs random win 1.00 (+111.5)  vs greedy win 0.00 (-68.0)  vs linear win 0.00 (-70.3)  [5291s]
 22500 games  eps 0.020  steps  227230  train win 0.01 margin  -72.4  |td| 0.040  eval vs random win 0.99 (+118.1)  vs greedy win 0.00 (-69.5)  vs linear win 0.00 (-71.2)  [5392s]
 23000 games  eps 0.020  steps  232422  train win 0.01 margin  -74.9  |td| 0.039  eval vs random win 1.00 (+113.0)  vs greedy win 0.01 (-74.8)  vs linear win 0.00 (-71.0)  [5511s]
 23500 games  eps 0.020  steps  237582  train win 0.01 margin  -75.7  |td| 0.039  eval vs random win 1.00 (+122.5)  vs greedy win 0.00 (-67.9)  vs linear win 0.00 (-71.7)  [5633s]
 24000 games  eps 0.020  steps  242711  train win 0.02 margin  -70.2  |td| 0.039  eval vs random win 1.00 (+120.1)  vs greedy win 0.00 (-72.7)  vs linear win 0.00 (-68.1)  [5755s]
 24500 games  eps 0.020  steps  247871  train win 0.00 margin  -75.0  |td| 0.038  eval vs random win 1.00 (+115.5)  vs greedy win 0.00 (-64.5)  vs linear win 0.00 (-68.8)  [5871s]
 25000 games  eps 0.020  steps  253024  train win 0.01 margin  -73.4  |td| 0.037  eval vs random win 1.00 (+124.6)  vs greedy win 0.01 (-69.0)  vs linear win 0.00 (-66.8)  [5981s]
 25500 games  eps 0.020  steps  258175  train win 0.02 margin  -74.8  |td| 0.038  eval vs random win 1.00 (+119.3)  vs greedy win 0.04 (-68.5)  vs linear win 0.00 (-67.6)  [6096s]
 26000 games  eps 0.020  steps  263320  train win 0.01 margin  -74.7  |td| 0.038  eval vs random win 1.00 (+116.7)  vs greedy win 0.01 (-71.7)  vs linear win 0.00 (-72.3)  [6223s]
 26500 games  eps 0.020  steps  268492  train win 0.01 margin  -75.7  |td| 0.038  eval vs random win 1.00 (+121.8)  vs greedy win 0.02 (-71.6)  vs linear win 0.00 (-68.3)  [6354s]
 27000 games  eps 0.020  steps  273663  train win 0.01 margin  -73.7  |td| 0.037  eval vs random win 0.99 (+120.0)  vs greedy win 0.02 (-71.3)  vs linear win 0.01 (-71.1)  [6473s]
 27500 games  eps 0.020  steps  278803  train win 0.01 margin  -70.7  |td| 0.038  eval vs random win 1.00 (+123.3)  vs greedy win 0.02 (-66.7)  vs linear win 0.00 (-71.5)  [6592s]
 28000 games  eps 0.020  steps  284000  train win 0.01 margin  -77.1  |td| 0.038  eval vs random win 1.00 (+114.7)  vs greedy win 0.01 (-71.1)  vs linear win 0.00 (-71.1)  [6699s]
 28500 games  eps 0.020  steps  289167  train win 0.01 margin  -74.3  |td| 0.037  eval vs random win 1.00 (+118.8)  vs greedy win 0.01 (-70.0)  vs linear win 0.00 (-68.4)  [6785s]
 29000 games  eps 0.020  steps  294339  train win 0.01 margin  -73.2  |td| 0.037  eval vs random win 1.00 (+117.5)  vs greedy win 0.00 (-69.0)  vs linear win 0.00 (-71.2)  [6865s]
 29500 games  eps 0.020  steps  299538  train win 0.00 margin  -76.4  |td| 0.037  eval vs random win 1.00 (+114.2)  vs greedy win 0.04 (-70.3)  vs linear win 0.00 (-71.0)  [6947s]
 30000 games  eps 0.020  steps  304740  train win 0.01 margin  -75.3  |td| 0.037  eval vs random win 1.00 (+123.1)  vs greedy win 0.00 (-77.6)  vs linear win 0.00 (-73.4)  [7013s]
saved runs\dqn\pass1\d1c_n32_s1.json and runs\dqn\pass1\d1c_n32_s1.pt  (ttr-dash runs\dqn\pass1\d1c_n32_s1.json to analyze)
