training dqn vs greedy on cuda: 30000 games, hidden [512, 256] dueling, n-step 32, lr 0.0001, batch 256, epsilon 1.0 -> 0.02, reward margin, average 100
(best checkpoint kept by margin vs greedy; play it as dqn:runs\dqn\pass1\d1c_n32_s0.json@best)
live: runs\dqn\pass1\d1c_n32_s0.json rewritten every 500 games (watch with ttr-dash --live runs\dqn\pass1\d1c_n32_s0.json)
   500 games  eps 0.674  steps    3942  train win 0.00 margin -174.0  |td| 0.112  eval vs random win 0.95 (+99.7)  vs greedy win 0.00 (-100.6)  vs linear win 0.00 (-74.7)  [95s]
  1000 games  eps 0.347  steps    9146  train win 0.00 margin -139.7  |td| 0.081  eval vs random win 0.99 (+118.3)  vs greedy win 0.00 (-90.5)  vs linear win 0.00 (-80.7)  [227s]
  1500 games  eps 0.021  steps   14339  train win 0.01 margin  -96.9  |td| 0.072  eval vs random win 1.00 (+117.8)  vs greedy win 0.01 (-61.5)  vs linear win 0.00 (-71.5)  [359s]
  2000 games  eps 0.020  steps   19309  train win 0.07 margin  -44.6  |td| 0.076  eval vs random win 1.00 (+122.0)  vs greedy win 0.12 (-35.5)  vs linear win 0.01 (-58.6)  [487s]
  2500 games  eps 0.020  steps   24239  train win 0.07 margin  -42.0  |td| 0.075  eval vs random win 1.00 (+126.0)  vs greedy win 0.19 (-33.5)  vs linear win 0.00 (-51.7)  [618s]
  3000 games  eps 0.020  steps   29102  train win 0.09 margin  -42.0  |td| 0.072  eval vs random win 0.99 (+116.9)  vs greedy win 0.18 (-32.3)  vs linear win 0.00 (-60.7)  [748s]
  3500 games  eps 0.020  steps   33945  train win 0.07 margin  -42.5  |td| 0.071  eval vs random win 1.00 (+126.1)  vs greedy win 0.10 (-39.6)  vs linear win 0.00 (-59.7)  [879s]
  4000 games  eps 0.020  steps   38841  train win 0.07 margin  -46.9  |td| 0.066  eval vs random win 1.00 (+115.8)  vs greedy win 0.13 (-38.0)  vs linear win 0.00 (-63.2)  [1008s]
  4500 games  eps 0.020  steps   43770  train win 0.06 margin  -50.4  |td| 0.063  eval vs random win 0.99 (+123.5)  vs greedy win 0.03 (-44.9)  vs linear win 0.00 (-62.5)  [1133s]
  5000 games  eps 0.020  steps   48713  train win 0.07 margin  -51.5  |td| 0.061  eval vs random win 1.00 (+110.7)  vs greedy win 0.07 (-53.9)  vs linear win 0.00 (-67.9)  [1256s]
  5500 games  eps 0.020  steps   53680  train win 0.04 margin  -54.6  |td| 0.058  eval vs random win 1.00 (+117.9)  vs greedy win 0.05 (-48.6)  vs linear win 0.00 (-70.7)  [1382s]
  6000 games  eps 0.020  steps   58668  train win 0.06 margin  -55.3  |td| 0.056  eval vs random win 0.99 (+120.7)  vs greedy win 0.03 (-54.2)  vs linear win 0.00 (-68.9)  [1507s]
  6500 games  eps 0.020  steps   63702  train win 0.04 margin  -58.9  |td| 0.054  eval vs random win 1.00 (+113.4)  vs greedy win 0.07 (-51.4)  vs linear win 0.00 (-67.7)  [1633s]
  7000 games  eps 0.020  steps   68753  train win 0.04 margin  -59.6  |td| 0.053  eval vs random win 0.99 (+106.1)  vs greedy win 0.04 (-51.8)  vs linear win 0.00 (-72.8)  [1759s]
  7500 games  eps 0.020  steps   73816  train win 0.03 margin  -61.6  |td| 0.051  eval vs random win 1.00 (+108.2)  vs greedy win 0.03 (-57.2)  vs linear win 0.00 (-68.0)  [1889s]
  8000 games  eps 0.020  steps   78868  train win 0.03 margin  -62.8  |td| 0.050  eval vs random win 1.00 (+120.6)  vs greedy win 0.04 (-60.6)  vs linear win 0.00 (-70.2)  [2016s]
  8500 games  eps 0.020  steps   83949  train win 0.03 margin  -62.7  |td| 0.048  eval vs random win 1.00 (+114.8)  vs greedy win 0.02 (-59.3)  vs linear win 0.00 (-69.3)  [2143s]
  9000 games  eps 0.020  steps   89009  train win 0.02 margin  -63.6  |td| 0.047  eval vs random win 1.00 (+121.3)  vs greedy win 0.03 (-61.8)  vs linear win 0.00 (-73.5)  [2270s]
  9500 games  eps 0.020  steps   94073  train win 0.04 margin  -60.6  |td| 0.046  eval vs random win 1.00 (+118.1)  vs greedy win 0.02 (-60.1)  vs linear win 0.00 (-71.1)  [2399s]
 10000 games  eps 0.020  steps   99131  train win 0.03 margin  -63.4  |td| 0.045  eval vs random win 1.00 (+124.2)  vs greedy win 0.07 (-58.2)  vs linear win 0.00 (-75.3)  [2531s]
 10500 games  eps 0.020  steps  104214  train win 0.04 margin  -60.2  |td| 0.044  eval vs random win 1.00 (+120.5)  vs greedy win 0.06 (-51.4)  vs linear win 0.01 (-76.3)  [2658s]
 11000 games  eps 0.020  steps  109310  train win 0.04 margin  -62.9  |td| 0.043  eval vs random win 0.99 (+121.3)  vs greedy win 0.04 (-56.6)  vs linear win 0.00 (-72.7)  [2785s]
 11500 games  eps 0.020  steps  114374  train win 0.04 margin  -61.1  |td| 0.044  eval vs random win 1.00 (+127.6)  vs greedy win 0.06 (-51.9)  vs linear win 0.00 (-72.0)  [2914s]
 12000 games  eps 0.020  steps  119450  train win 0.03 margin  -60.9  |td| 0.044  eval vs random win 1.00 (+118.8)  vs greedy win 0.04 (-51.4)  vs linear win 0.00 (-77.4)  [3042s]
 12500 games  eps 0.020  steps  124529  train win 0.03 margin  -63.1  |td| 0.044  eval vs random win 1.00 (+126.8)  vs greedy win 0.06 (-57.1)  vs linear win 0.00 (-74.5)  [3171s]
 13000 games  eps 0.020  steps  129608  train win 0.04 margin  -62.9  |td| 0.044  eval vs random win 1.00 (+121.1)  vs greedy win 0.07 (-57.0)  vs linear win 0.00 (-76.2)  [3299s]
 13500 games  eps 0.020  steps  134679  train win 0.03 margin  -63.8  |td| 0.044  eval vs random win 1.00 (+117.0)  vs greedy win 0.03 (-63.8)  vs linear win 0.00 (-78.3)  [3427s]
 14000 games  eps 0.020  steps  139744  train win 0.04 margin  -63.0  |td| 0.043  eval vs random win 0.99 (+118.8)  vs greedy win 0.06 (-58.8)  vs linear win 0.00 (-73.0)  [3555s]
 14500 games  eps 0.020  steps  144806  train win 0.03 margin  -61.3  |td| 0.043  eval vs random win 1.00 (+115.0)  vs greedy win 0.03 (-54.8)  vs linear win 0.00 (-70.7)  [3684s]
 15000 games  eps 0.020  steps  149837  train win 0.04 margin  -57.7  |td| 0.044  eval vs random win 0.99 (+127.0)  vs greedy win 0.06 (-55.1)  vs linear win 0.00 (-76.6)  [3800s]
 15500 games  eps 0.020  steps  154878  train win 0.05 margin  -59.5  |td| 0.044  eval vs random win 1.00 (+130.3)  vs greedy win 0.06 (-57.0)  vs linear win 0.00 (-70.3)  [3917s]
 16000 games  eps 0.020  steps  159931  train win 0.03 margin  -62.2  |td| 0.045  eval vs random win 1.00 (+122.4)  vs greedy win 0.06 (-53.6)  vs linear win 0.00 (-67.7)  [4030s]
 16500 games  eps 0.020  steps  165010  train win 0.03 margin  -62.5  |td| 0.044  eval vs random win 1.00 (+115.0)  vs greedy win 0.07 (-54.2)  vs linear win 0.00 (-70.2)  [4155s]
 17000 games  eps 0.020  steps  170051  train win 0.02 margin  -60.5  |td| 0.044  eval vs random win 1.00 (+123.1)  vs greedy win 0.05 (-53.7)  vs linear win 0.00 (-67.1)  [4276s]
 17500 games  eps 0.020  steps  175091  train win 0.03 margin  -62.9  |td| 0.043  eval vs random win 1.00 (+110.7)  vs greedy win 0.02 (-60.9)  vs linear win 0.00 (-72.2)  [4393s]
 18000 games  eps 0.020  steps  180133  train win 0.04 margin  -61.7  |td| 0.044  eval vs random win 1.00 (+114.9)  vs greedy win 0.08 (-52.9)  vs linear win 0.00 (-69.0)  [4510s]
 18500 games  eps 0.020  steps  185185  train win 0.03 margin  -60.8  |td| 0.043  eval vs random win 1.00 (+113.6)  vs greedy win 0.11 (-50.2)  vs linear win 0.00 (-66.2)  [4614s]
 19000 games  eps 0.020  steps  190221  train win 0.05 margin  -60.5  |td| 0.043  eval vs random win 0.99 (+113.5)  vs greedy win 0.08 (-53.0)  vs linear win 0.01 (-66.4)  [4715s]
 19500 games  eps 0.020  steps  195259  train win 0.03 margin  -62.2  |td| 0.043  eval vs random win 1.00 (+126.6)  vs greedy win 0.06 (-56.7)  vs linear win 0.01 (-67.6)  [4818s]
 20000 games  eps 0.020  steps  200306  train win 0.03 margin  -60.5  |td| 0.042  eval vs random win 1.00 (+115.3)  vs greedy win 0.03 (-59.9)  vs linear win 0.00 (-69.4)  [4919s]
 20500 games  eps 0.020  steps  205331  train win 0.03 margin  -59.6  |td| 0.042  eval vs random win 1.00 (+126.0)  vs greedy win 0.05 (-55.8)  vs linear win 0.00 (-66.4)  [5018s]
 21000 games  eps 0.020  steps  210400  train win 0.02 margin  -61.0  |td| 0.042  eval vs random win 1.00 (+114.3)  vs greedy win 0.07 (-52.1)  vs linear win 0.00 (-65.5)  [5118s]
 21500 games  eps 0.020  steps  215439  train win 0.04 margin  -60.6  |td| 0.042  eval vs random win 1.00 (+121.2)  vs greedy win 0.03 (-61.7)  vs linear win 0.00 (-66.3)  [5217s]
 22000 games  eps 0.020  steps  220449  train win 0.04 margin  -58.6  |td| 0.041  eval vs random win 1.00 (+123.2)  vs greedy win 0.08 (-51.4)  vs linear win 0.00 (-64.2)  [5316s]
 22500 games  eps 0.020  steps  225489  train win 0.04 margin  -61.6  |td| 0.042  eval vs random win 1.00 (+118.5)  vs greedy win 0.05 (-59.3)  vs linear win 0.00 (-67.0)  [5418s]
 23000 games  eps 0.020  steps  230557  train win 0.04 margin  -62.3  |td| 0.042  eval vs random win 1.00 (+125.5)  vs greedy win 0.03 (-59.8)  vs linear win 0.00 (-68.7)  [5537s]
 23500 games  eps 0.020  steps  235642  train win 0.02 margin  -64.4  |td| 0.041  eval vs random win 1.00 (+116.9)  vs greedy win 0.03 (-53.9)  vs linear win 0.00 (-63.7)  [5659s]
 24000 games  eps 0.020  steps  240728  train win 0.02 margin  -64.7  |td| 0.041  eval vs random win 1.00 (+115.8)  vs greedy win 0.02 (-63.4)  vs linear win 0.00 (-63.9)  [5783s]
 24500 games  eps 0.020  steps  245793  train win 0.03 margin  -63.2  |td| 0.041  eval vs random win 1.00 (+120.4)  vs greedy win 0.03 (-57.7)  vs linear win 0.00 (-65.0)  [5893s]
 25000 games  eps 0.020  steps  250858  train win 0.02 margin  -65.0  |td| 0.042  eval vs random win 1.00 (+121.1)  vs greedy win 0.03 (-55.8)  vs linear win 0.00 (-63.0)  [6002s]
 25500 games  eps 0.020  steps  255947  train win 0.02 margin  -65.8  |td| 0.041  eval vs random win 1.00 (+120.8)  vs greedy win 0.04 (-61.0)  vs linear win 0.00 (-66.8)  [6119s]
 26000 games  eps 0.020  steps  261041  train win 0.02 margin  -66.2  |td| 0.040  eval vs random win 1.00 (+124.9)  vs greedy win 0.01 (-63.6)  vs linear win 0.01 (-67.2)  [6249s]
 26500 games  eps 0.020  steps  266161  train win 0.02 margin  -66.2  |td| 0.040  eval vs random win 1.00 (+122.9)  vs greedy win 0.03 (-57.2)  vs linear win 0.00 (-65.7)  [6378s]
 27000 games  eps 0.020  steps  271290  train win 0.02 margin  -67.1  |td| 0.040  eval vs random win 1.00 (+118.5)  vs greedy win 0.04 (-61.8)  vs linear win 0.00 (-65.7)  [6499s]
 27500 games  eps 0.020  steps  276408  train win 0.01 margin  -67.3  |td| 0.040  eval vs random win 1.00 (+115.3)  vs greedy win 0.01 (-66.3)  vs linear win 0.00 (-68.4)  [6617s]
 28000 games  eps 0.020  steps  281530  train win 0.01 margin  -68.9  |td| 0.039  eval vs random win 1.00 (+117.0)  vs greedy win 0.03 (-69.9)  vs linear win 0.00 (-69.9)  [6720s]
 28500 games  eps 0.020  steps  286656  train win 0.01 margin  -71.2  |td| 0.039  eval vs random win 1.00 (+119.4)  vs greedy win 0.00 (-63.6)  vs linear win 0.00 (-65.7)  [6804s]
 29000 games  eps 0.020  steps  291797  train win 0.01 margin  -71.4  |td| 0.039  eval vs random win 1.00 (+110.8)  vs greedy win 0.00 (-62.0)  vs linear win 0.00 (-68.2)  [6887s]
 29500 games  eps 0.020  steps  296935  train win 0.01 margin  -71.3  |td| 0.039  eval vs random win 1.00 (+120.8)  vs greedy win 0.02 (-70.7)  vs linear win 0.00 (-67.2)  [6964s]
 30000 games  eps 0.020  steps  302088  train win 0.01 margin  -70.7  |td| 0.038  eval vs random win 1.00 (+118.9)  vs greedy win 0.03 (-63.4)  vs linear win 0.00 (-69.0)  [7029s]
saved runs\dqn\pass1\d1c_n32_s0.json and runs\dqn\pass1\d1c_n32_s0.pt  (ttr-dash runs\dqn\pass1\d1c_n32_s0.json to analyze)
