training q vs random: 30000 games, alpha 0.05, epsilon 0.2 -> 0.02, reward margin; average 100
(best checkpoint kept by margin vs greedy; play it as linear:runs\linear\pass5\p5a_q_random_s4.json@best)
live: runs\linear\pass5\p5a_q_random_s4.json rewritten every 500 games (watch with ttr-dash --live runs\linear\pass5\p5a_q_random_s4.json)
   500 games  eps 0.110  train win 0.78 margin  +41.9  |td| 0.030  eval vs random win 1.00 (+125.2)  vs greedy win 0.00 (-77.2)  [28s]
  1000 games  eps 0.020  train win 0.98 margin +105.8  |td| 0.016  eval vs random win 0.99 (+136.9)  vs greedy win 0.06 (-43.9)  [52s]
  1500 games  eps 0.020  train win 1.00 margin +123.4  |td| 0.015  eval vs random win 1.00 (+132.9)  vs greedy win 0.23 (-25.0)  [74s]
  2000 games  eps 0.020  train win 1.00 margin +135.3  |td| 0.016  eval vs random win 1.00 (+137.3)  vs greedy win 0.32 (-14.4)  [101s]
  2500 games  eps 0.020  train win 1.00 margin +152.1  |td| 0.016  eval vs random win 1.00 (+145.5)  vs greedy win 0.51 (+2.5)  [129s]
  3000 games  eps 0.020  train win 1.00 margin +152.3  |td| 0.015  eval vs random win 1.00 (+151.7)  vs greedy win 0.36 (-8.9)  [156s]
  3500 games  eps 0.020  train win 1.00 margin +156.7  |td| 0.016  eval vs random win 1.00 (+159.8)  vs greedy win 0.47 (-7.7)  [186s]
  4000 games  eps 0.020  train win 1.00 margin +164.4  |td| 0.016  eval vs random win 1.00 (+158.5)  vs greedy win 0.56 (+5.7)  [216s]
  4500 games  eps 0.020  train win 1.00 margin +164.2  |td| 0.016  eval vs random win 1.00 (+170.4)  vs greedy win 0.44 (-7.9)  [242s]
  5000 games  eps 0.020  train win 1.00 margin +165.1  |td| 0.017  eval vs random win 1.00 (+162.3)  vs greedy win 0.44 (+0.3)  [269s]
  5500 games  eps 0.020  train win 1.00 margin +165.1  |td| 0.016  eval vs random win 1.00 (+175.9)  vs greedy win 0.31 (-11.4)  [296s]
  6000 games  eps 0.020  train win 1.00 margin +168.5  |td| 0.017  eval vs random win 1.00 (+168.9)  vs greedy win 0.27 (-16.0)  [323s]
  6500 games  eps 0.020  train win 1.00 margin +164.9  |td| 0.017  eval vs random win 1.00 (+161.1)  vs greedy win 0.37 (-4.9)  [349s]
  7000 games  eps 0.020  train win 1.00 margin +165.8  |td| 0.017  eval vs random win 1.00 (+170.3)  vs greedy win 0.45 (-8.3)  [375s]
  7500 games  eps 0.020  train win 1.00 margin +158.9  |td| 0.017  eval vs random win 1.00 (+162.6)  vs greedy win 0.38 (-10.9)  [400s]
  8000 games  eps 0.020  train win 1.00 margin +163.7  |td| 0.018  eval vs random win 1.00 (+152.0)  vs greedy win 0.35 (-6.8)  [426s]
  8500 games  eps 0.020  train win 1.00 margin +168.5  |td| 0.017  eval vs random win 1.00 (+169.6)  vs greedy win 0.23 (-22.4)  [453s]
  9000 games  eps 0.020  train win 1.00 margin +167.5  |td| 0.017  eval vs random win 1.00 (+172.0)  vs greedy win 0.30 (-17.5)  [481s]
  9500 games  eps 0.020  train win 1.00 margin +163.1  |td| 0.018  eval vs random win 1.00 (+163.1)  vs greedy win 0.35 (-10.2)  [505s]
 10000 games  eps 0.020  train win 1.00 margin +158.2  |td| 0.018  eval vs random win 1.00 (+158.3)  vs greedy win 0.30 (-13.1)  [529s]
 10500 games  eps 0.020  train win 1.00 margin +156.6  |td| 0.018  eval vs random win 1.00 (+160.0)  vs greedy win 0.43 (-7.7)  [553s]
 11000 games  eps 0.020  train win 1.00 margin +154.2  |td| 0.018  eval vs random win 1.00 (+161.6)  vs greedy win 0.34 (-11.0)  [576s]
 11500 games  eps 0.020  train win 1.00 margin +152.9  |td| 0.018  eval vs random win 1.00 (+151.0)  vs greedy win 0.35 (-10.0)  [599s]
 12000 games  eps 0.020  train win 1.00 margin +157.9  |td| 0.018  eval vs random win 1.00 (+159.3)  vs greedy win 0.41 (-6.6)  [623s]
 12500 games  eps 0.020  train win 1.00 margin +152.5  |td| 0.018  eval vs random win 1.00 (+158.1)  vs greedy win 0.37 (-10.7)  [646s]
 13000 games  eps 0.020  train win 1.00 margin +156.5  |td| 0.018  eval vs random win 1.00 (+160.0)  vs greedy win 0.33 (-8.9)  [670s]
 13500 games  eps 0.020  train win 1.00 margin +148.6  |td| 0.017  eval vs random win 1.00 (+158.9)  vs greedy win 0.31 (-17.2)  [693s]
 14000 games  eps 0.020  train win 1.00 margin +152.6  |td| 0.018  eval vs random win 1.00 (+156.5)  vs greedy win 0.47 (-5.6)  [717s]
 14500 games  eps 0.020  train win 1.00 margin +150.1  |td| 0.018  eval vs random win 1.00 (+155.6)  vs greedy win 0.39 (-6.7)  [741s]
 15000 games  eps 0.020  train win 1.00 margin +154.6  |td| 0.018  eval vs random win 1.00 (+155.2)  vs greedy win 0.37 (-9.0)  [764s]
 15500 games  eps 0.020  train win 1.00 margin +156.7  |td| 0.017  eval vs random win 1.00 (+155.4)  vs greedy win 0.38 (-10.4)  [787s]
 16000 games  eps 0.020  train win 1.00 margin +146.4  |td| 0.018  eval vs random win 1.00 (+147.3)  vs greedy win 0.31 (-12.4)  [809s]
 16500 games  eps 0.020  train win 1.00 margin +156.0  |td| 0.018  eval vs random win 1.00 (+151.3)  vs greedy win 0.34 (-9.4)  [832s]
 17000 games  eps 0.020  train win 1.00 margin +150.3  |td| 0.017  eval vs random win 1.00 (+161.6)  vs greedy win 0.33 (-9.2)  [856s]
 17500 games  eps 0.020  train win 1.00 margin +154.7  |td| 0.018  eval vs random win 1.00 (+146.9)  vs greedy win 0.35 (-9.5)  [879s]
 18000 games  eps 0.020  train win 1.00 margin +151.3  |td| 0.017  eval vs random win 1.00 (+148.9)  vs greedy win 0.32 (-11.2)  [901s]
 18500 games  eps 0.020  train win 1.00 margin +155.3  |td| 0.018  eval vs random win 1.00 (+149.9)  vs greedy win 0.39 (-9.2)  [924s]
 19000 games  eps 0.020  train win 1.00 margin +150.6  |td| 0.018  eval vs random win 1.00 (+148.0)  vs greedy win 0.29 (-12.8)  [947s]
 19500 games  eps 0.020  train win 1.00 margin +152.0  |td| 0.018  eval vs random win 0.99 (+159.4)  vs greedy win 0.29 (-20.7)  [971s]
 20000 games  eps 0.020  train win 1.00 margin +148.6  |td| 0.018  eval vs random win 1.00 (+158.0)  vs greedy win 0.28 (-20.0)  [994s]
 20500 games  eps 0.020  train win 1.00 margin +154.2  |td| 0.018  eval vs random win 1.00 (+159.4)  vs greedy win 0.36 (-13.4)  [1017s]
 21000 games  eps 0.020  train win 1.00 margin +150.0  |td| 0.018  eval vs random win 1.00 (+143.7)  vs greedy win 0.31 (-15.8)  [1039s]
 21500 games  eps 0.020  train win 1.00 margin +145.7  |td| 0.017  eval vs random win 1.00 (+147.4)  vs greedy win 0.25 (-15.0)  [1062s]
 22000 games  eps 0.020  train win 1.00 margin +149.8  |td| 0.017  eval vs random win 1.00 (+145.6)  vs greedy win 0.33 (-13.7)  [1084s]
 22500 games  eps 0.020  train win 1.00 margin +148.7  |td| 0.017  eval vs random win 1.00 (+153.6)  vs greedy win 0.26 (-14.7)  [1105s]
 23000 games  eps 0.020  train win 1.00 margin +153.1  |td| 0.017  eval vs random win 1.00 (+161.3)  vs greedy win 0.35 (-10.3)  [1126s]
 23500 games  eps 0.020  train win 1.00 margin +142.7  |td| 0.017  eval vs random win 1.00 (+142.2)  vs greedy win 0.41 (-8.8)  [1148s]
 24000 games  eps 0.020  train win 1.00 margin +150.4  |td| 0.017  eval vs random win 1.00 (+154.8)  vs greedy win 0.31 (-16.5)  [1169s]
 24500 games  eps 0.020  train win 1.00 margin +144.2  |td| 0.017  eval vs random win 1.00 (+139.6)  vs greedy win 0.31 (-18.2)  [1190s]
 25000 games  eps 0.020  train win 1.00 margin +142.8  |td| 0.016  eval vs random win 1.00 (+148.9)  vs greedy win 0.30 (-19.8)  [1211s]
 25500 games  eps 0.020  train win 1.00 margin +148.4  |td| 0.017  eval vs random win 1.00 (+151.4)  vs greedy win 0.22 (-28.0)  [1232s]
 26000 games  eps 0.020  train win 1.00 margin +140.5  |td| 0.017  eval vs random win 1.00 (+147.5)  vs greedy win 0.30 (-15.7)  [1253s]
 26500 games  eps 0.020  train win 1.00 margin +144.2  |td| 0.017  eval vs random win 1.00 (+145.3)  vs greedy win 0.28 (-17.4)  [1273s]
 27000 games  eps 0.020  train win 1.00 margin +146.7  |td| 0.017  eval vs random win 1.00 (+145.4)  vs greedy win 0.24 (-27.2)  [1294s]
 27500 games  eps 0.020  train win 1.00 margin +141.6  |td| 0.016  eval vs random win 1.00 (+142.8)  vs greedy win 0.29 (-18.0)  [1315s]
 28000 games  eps 0.020  train win 1.00 margin +143.0  |td| 0.017  eval vs random win 1.00 (+146.3)  vs greedy win 0.28 (-19.3)  [1336s]
 28500 games  eps 0.020  train win 1.00 margin +144.9  |td| 0.017  eval vs random win 1.00 (+141.1)  vs greedy win 0.29 (-15.0)  [1357s]
 29000 games  eps 0.020  train win 1.00 margin +146.3  |td| 0.017  eval vs random win 1.00 (+153.4)  vs greedy win 0.31 (-16.2)  [1379s]
 29500 games  eps 0.020  train win 1.00 margin +146.0  |td| 0.016  eval vs random win 1.00 (+153.1)  vs greedy win 0.33 (-13.9)  [1399s]
 30000 games  eps 0.020  train win 1.00 margin +148.7  |td| 0.017  eval vs random win 1.00 (+155.2)  vs greedy win 0.32 (-14.5)  [1420s]
saved runs\linear\pass5\p5a_q_random_s4.json  (ttr-dash runs\linear\pass5\p5a_q_random_s4.json to analyze)
