training q vs random: 30000 games, alpha 0.05, epsilon 0.2 -> 0.02, reward margin; average 100
(best checkpoint kept by margin vs greedy; play it as linear:runs\linear\pass5\p5a_q_random_s3.json@best)
live: runs\linear\pass5\p5a_q_random_s3.json rewritten every 500 games (watch with ttr-dash --live runs\linear\pass5\p5a_q_random_s3.json)
   500 games  eps 0.110  train win 0.76 margin  +39.9  |td| 0.031  eval vs random win 1.00 (+105.4)  vs greedy win 0.00 (-99.1)  [29s]
  1000 games  eps 0.020  train win 0.99 margin +106.3  |td| 0.015  eval vs random win 1.00 (+104.7)  vs greedy win 0.01 (-59.7)  [54s]
  1500 games  eps 0.020  train win 1.00 margin +107.7  |td| 0.013  eval vs random win 1.00 (+125.7)  vs greedy win 0.07 (-38.8)  [81s]
  2000 games  eps 0.020  train win 1.00 margin +125.4  |td| 0.014  eval vs random win 1.00 (+130.2)  vs greedy win 0.04 (-41.4)  [109s]
  2500 games  eps 0.020  train win 1.00 margin +132.1  |td| 0.014  eval vs random win 1.00 (+141.1)  vs greedy win 0.14 (-23.1)  [137s]
  3000 games  eps 0.020  train win 1.00 margin +136.7  |td| 0.014  eval vs random win 1.00 (+152.0)  vs greedy win 0.12 (-27.1)  [166s]
  3500 games  eps 0.020  train win 1.00 margin +143.1  |td| 0.014  eval vs random win 1.00 (+149.9)  vs greedy win 0.32 (-13.4)  [194s]
  4000 games  eps 0.020  train win 1.00 margin +133.3  |td| 0.014  eval vs random win 1.00 (+131.1)  vs greedy win 0.18 (-25.8)  [220s]
  4500 games  eps 0.020  train win 1.00 margin +143.9  |td| 0.014  eval vs random win 1.00 (+147.0)  vs greedy win 0.26 (-16.6)  [248s]
  5000 games  eps 0.020  train win 1.00 margin +148.2  |td| 0.015  eval vs random win 1.00 (+146.9)  vs greedy win 0.18 (-20.4)  [276s]
  5500 games  eps 0.020  train win 1.00 margin +145.5  |td| 0.015  eval vs random win 1.00 (+148.4)  vs greedy win 0.25 (-15.6)  [304s]
  6000 games  eps 0.020  train win 1.00 margin +149.0  |td| 0.015  eval vs random win 1.00 (+142.2)  vs greedy win 0.33 (-13.8)  [333s]
  6500 games  eps 0.020  train win 1.00 margin +150.5  |td| 0.015  eval vs random win 1.00 (+147.6)  vs greedy win 0.24 (-16.4)  [362s]
  7000 games  eps 0.020  train win 1.00 margin +155.1  |td| 0.016  eval vs random win 1.00 (+160.2)  vs greedy win 0.28 (-13.9)  [390s]
  7500 games  eps 0.020  train win 1.00 margin +157.2  |td| 0.016  eval vs random win 1.00 (+165.1)  vs greedy win 0.34 (-7.6)  [418s]
  8000 games  eps 0.020  train win 1.00 margin +163.9  |td| 0.017  eval vs random win 1.00 (+163.4)  vs greedy win 0.29 (-13.1)  [446s]
  8500 games  eps 0.020  train win 1.00 margin +168.9  |td| 0.017  eval vs random win 1.00 (+168.2)  vs greedy win 0.22 (-23.8)  [475s]
  9000 games  eps 0.020  train win 1.00 margin +167.0  |td| 0.017  eval vs random win 1.00 (+180.6)  vs greedy win 0.35 (-8.7)  [504s]
  9500 games  eps 0.020  train win 1.00 margin +165.9  |td| 0.017  eval vs random win 1.00 (+169.8)  vs greedy win 0.32 (-9.6)  [532s]
 10000 games  eps 0.020  train win 1.00 margin +164.6  |td| 0.017  eval vs random win 1.00 (+173.4)  vs greedy win 0.29 (-12.0)  [560s]
 10500 games  eps 0.020  train win 1.00 margin +166.0  |td| 0.017  eval vs random win 1.00 (+171.2)  vs greedy win 0.37 (-9.3)  [588s]
 11000 games  eps 0.020  train win 1.00 margin +161.6  |td| 0.017  eval vs random win 1.00 (+169.1)  vs greedy win 0.41 (-7.1)  [616s]
 11500 games  eps 0.020  train win 1.00 margin +161.9  |td| 0.018  eval vs random win 1.00 (+173.2)  vs greedy win 0.29 (-14.9)  [643s]
 12000 games  eps 0.020  train win 1.00 margin +169.3  |td| 0.018  eval vs random win 1.00 (+173.3)  vs greedy win 0.21 (-16.3)  [671s]
 12500 games  eps 0.020  train win 1.00 margin +166.9  |td| 0.017  eval vs random win 1.00 (+171.1)  vs greedy win 0.27 (-12.0)  [698s]
 13000 games  eps 0.020  train win 1.00 margin +167.8  |td| 0.017  eval vs random win 1.00 (+181.1)  vs greedy win 0.29 (-15.1)  [726s]
 13500 games  eps 0.020  train win 1.00 margin +166.1  |td| 0.017  eval vs random win 1.00 (+168.3)  vs greedy win 0.31 (-10.3)  [754s]
 14000 games  eps 0.020  train win 1.00 margin +169.4  |td| 0.017  eval vs random win 1.00 (+160.1)  vs greedy win 0.36 (-5.8)  [782s]
 14500 games  eps 0.020  train win 1.00 margin +164.8  |td| 0.017  eval vs random win 1.00 (+166.3)  vs greedy win 0.28 (-9.7)  [809s]
 15000 games  eps 0.020  train win 1.00 margin +170.3  |td| 0.017  eval vs random win 1.00 (+181.9)  vs greedy win 0.33 (-11.2)  [839s]
 15500 games  eps 0.020  train win 1.00 margin +168.1  |td| 0.018  eval vs random win 1.00 (+161.9)  vs greedy win 0.34 (-8.7)  [868s]
 16000 games  eps 0.020  train win 1.00 margin +161.2  |td| 0.018  eval vs random win 1.00 (+177.9)  vs greedy win 0.20 (-16.2)  [897s]
 16500 games  eps 0.020  train win 1.00 margin +170.1  |td| 0.017  eval vs random win 1.00 (+171.6)  vs greedy win 0.30 (-10.3)  [924s]
 17000 games  eps 0.020  train win 1.00 margin +162.1  |td| 0.017  eval vs random win 1.00 (+168.2)  vs greedy win 0.14 (-26.2)  [952s]
 17500 games  eps 0.020  train win 1.00 margin +170.8  |td| 0.017  eval vs random win 1.00 (+168.7)  vs greedy win 0.24 (-13.9)  [980s]
 18000 games  eps 0.020  train win 1.00 margin +165.2  |td| 0.017  eval vs random win 1.00 (+166.1)  vs greedy win 0.34 (-9.1)  [1010s]
 18500 games  eps 0.020  train win 1.00 margin +158.2  |td| 0.018  eval vs random win 1.00 (+162.9)  vs greedy win 0.19 (-17.9)  [1037s]
 19000 games  eps 0.020  train win 1.00 margin +164.8  |td| 0.017  eval vs random win 1.00 (+173.2)  vs greedy win 0.35 (-7.9)  [1064s]
 19500 games  eps 0.020  train win 1.00 margin +162.3  |td| 0.017  eval vs random win 1.00 (+169.5)  vs greedy win 0.35 (-11.8)  [1091s]
 20000 games  eps 0.020  train win 1.00 margin +167.4  |td| 0.017  eval vs random win 1.00 (+173.1)  vs greedy win 0.24 (-11.8)  [1120s]
 20500 games  eps 0.020  train win 1.00 margin +165.5  |td| 0.017  eval vs random win 1.00 (+174.0)  vs greedy win 0.42 (-7.4)  [1147s]
 21000 games  eps 0.020  train win 1.00 margin +161.7  |td| 0.017  eval vs random win 1.00 (+173.8)  vs greedy win 0.30 (-9.5)  [1175s]
 21500 games  eps 0.020  train win 1.00 margin +172.8  |td| 0.017  eval vs random win 1.00 (+169.3)  vs greedy win 0.28 (-10.4)  [1204s]
 22000 games  eps 0.020  train win 1.00 margin +161.4  |td| 0.017  eval vs random win 1.00 (+163.3)  vs greedy win 0.29 (-9.6)  [1231s]
 22500 games  eps 0.020  train win 1.00 margin +163.2  |td| 0.016  eval vs random win 1.00 (+164.5)  vs greedy win 0.19 (-19.9)  [1258s]
 23000 games  eps 0.020  train win 1.00 margin +165.5  |td| 0.017  eval vs random win 1.00 (+178.2)  vs greedy win 0.31 (-8.8)  [1286s]
 23500 games  eps 0.020  train win 1.00 margin +156.0  |td| 0.017  eval vs random win 1.00 (+168.1)  vs greedy win 0.40 (-6.1)  [1313s]
 24000 games  eps 0.020  train win 1.00 margin +165.8  |td| 0.016  eval vs random win 1.00 (+169.7)  vs greedy win 0.28 (-13.8)  [1340s]
 24500 games  eps 0.020  train win 1.00 margin +160.5  |td| 0.017  eval vs random win 1.00 (+164.9)  vs greedy win 0.13 (-25.8)  [1367s]
 25000 games  eps 0.020  train win 1.00 margin +167.1  |td| 0.017  eval vs random win 1.00 (+175.6)  vs greedy win 0.36 (-9.1)  [1393s]
 25500 games  eps 0.020  train win 1.00 margin +160.2  |td| 0.017  eval vs random win 1.00 (+183.2)  vs greedy win 0.31 (-10.9)  [1420s]
 26000 games  eps 0.020  train win 1.00 margin +155.5  |td| 0.016  eval vs random win 1.00 (+169.1)  vs greedy win 0.23 (-17.0)  [1447s]
 26500 games  eps 0.020  train win 1.00 margin +165.0  |td| 0.017  eval vs random win 1.00 (+168.5)  vs greedy win 0.38 (-8.6)  [1473s]
 27000 games  eps 0.020  train win 1.00 margin +170.0  |td| 0.017  eval vs random win 1.00 (+169.1)  vs greedy win 0.27 (-10.6)  [1499s]
 27500 games  eps 0.020  train win 1.00 margin +167.4  |td| 0.017  eval vs random win 1.00 (+176.7)  vs greedy win 0.37 (-6.2)  [1526s]
 28000 games  eps 0.020  train win 1.00 margin +163.0  |td| 0.018  eval vs random win 1.00 (+170.9)  vs greedy win 0.39 (-9.5)  [1555s]
 28500 games  eps 0.020  train win 1.00 margin +159.5  |td| 0.017  eval vs random win 1.00 (+169.2)  vs greedy win 0.28 (-12.7)  [1582s]
 29000 games  eps 0.020  train win 1.00 margin +166.8  |td| 0.016  eval vs random win 1.00 (+171.9)  vs greedy win 0.29 (-10.6)  [1608s]
 29500 games  eps 0.020  train win 1.00 margin +163.0  |td| 0.017  eval vs random win 1.00 (+169.8)  vs greedy win 0.19 (-19.7)  [1636s]
 30000 games  eps 0.020  train win 1.00 margin +157.2  |td| 0.017  eval vs random win 1.00 (+159.3)  vs greedy win 0.18 (-19.7)  [1660s]
saved runs\linear\pass5\p5a_q_random_s3.json  (ttr-dash runs\linear\pass5\p5a_q_random_s3.json to analyze)
