training q vs random: 30000 games, alpha 0.05, epsilon 0.2 -> 0.02, reward margin; average 100
(best checkpoint kept by margin vs greedy; play it as linear:runs\linear\pass5\p5a_q_random_s2.json@best)
live: runs\linear\pass5\p5a_q_random_s2.json rewritten every 500 games (watch with ttr-dash --live runs\linear\pass5\p5a_q_random_s2.json)
   500 games  eps 0.110  train win 0.86 margin  +67.5  |td| 0.030  eval vs random win 1.00 (+138.8)  vs greedy win 0.02 (-48.7)  [31s]
  1000 games  eps 0.020  train win 1.00 margin +139.6  |td| 0.018  eval vs random win 1.00 (+130.3)  vs greedy win 0.11 (-37.1)  [62s]
  1500 games  eps 0.020  train win 1.00 margin +145.8  |td| 0.016  eval vs random win 1.00 (+158.1)  vs greedy win 0.11 (-28.9)  [91s]
  2000 games  eps 0.020  train win 1.00 margin +148.0  |td| 0.016  eval vs random win 1.00 (+139.8)  vs greedy win 0.25 (-17.2)  [119s]
  2500 games  eps 0.020  train win 1.00 margin +151.3  |td| 0.016  eval vs random win 1.00 (+162.0)  vs greedy win 0.25 (-13.7)  [147s]
  3000 games  eps 0.020  train win 1.00 margin +154.8  |td| 0.016  eval vs random win 1.00 (+160.0)  vs greedy win 0.33 (-11.4)  [175s]
  3500 games  eps 0.020  train win 1.00 margin +160.1  |td| 0.017  eval vs random win 1.00 (+165.6)  vs greedy win 0.25 (-14.7)  [203s]
  4000 games  eps 0.020  train win 1.00 margin +163.3  |td| 0.017  eval vs random win 1.00 (+166.1)  vs greedy win 0.18 (-25.6)  [231s]
  4500 games  eps 0.020  train win 1.00 margin +164.4  |td| 0.017  eval vs random win 1.00 (+170.9)  vs greedy win 0.32 (-12.4)  [259s]
  5000 games  eps 0.020  train win 1.00 margin +158.3  |td| 0.018  eval vs random win 1.00 (+166.0)  vs greedy win 0.39 (-8.9)  [285s]
  5500 games  eps 0.020  train win 1.00 margin +160.0  |td| 0.018  eval vs random win 1.00 (+175.9)  vs greedy win 0.24 (-18.6)  [312s]
  6000 games  eps 0.020  train win 1.00 margin +167.7  |td| 0.018  eval vs random win 1.00 (+162.8)  vs greedy win 0.28 (-19.1)  [340s]
  6500 games  eps 0.020  train win 1.00 margin +168.6  |td| 0.019  eval vs random win 1.00 (+160.3)  vs greedy win 0.33 (-17.6)  [366s]
  7000 games  eps 0.020  train win 1.00 margin +170.4  |td| 0.018  eval vs random win 1.00 (+161.6)  vs greedy win 0.39 (-10.0)  [392s]
  7500 games  eps 0.020  train win 1.00 margin +170.3  |td| 0.019  eval vs random win 1.00 (+173.6)  vs greedy win 0.36 (-6.0)  [418s]
  8000 games  eps 0.020  train win 1.00 margin +163.3  |td| 0.019  eval vs random win 1.00 (+158.9)  vs greedy win 0.41 (-3.6)  [445s]
  8500 games  eps 0.020  train win 1.00 margin +166.0  |td| 0.018  eval vs random win 1.00 (+161.6)  vs greedy win 0.22 (-17.4)  [472s]
  9000 games  eps 0.020  train win 1.00 margin +170.5  |td| 0.018  eval vs random win 1.00 (+170.2)  vs greedy win 0.40 (-8.8)  [500s]
  9500 games  eps 0.020  train win 1.00 margin +168.2  |td| 0.018  eval vs random win 1.00 (+165.9)  vs greedy win 0.36 (-6.4)  [528s]
 10000 games  eps 0.020  train win 1.00 margin +171.5  |td| 0.019  eval vs random win 1.00 (+176.8)  vs greedy win 0.24 (-17.3)  [556s]
 10500 games  eps 0.020  train win 1.00 margin +171.6  |td| 0.018  eval vs random win 1.00 (+171.1)  vs greedy win 0.24 (-11.9)  [584s]
 11000 games  eps 0.020  train win 1.00 margin +167.2  |td| 0.018  eval vs random win 1.00 (+166.7)  vs greedy win 0.35 (-6.4)  [611s]
 11500 games  eps 0.020  train win 1.00 margin +170.6  |td| 0.018  eval vs random win 1.00 (+172.6)  vs greedy win 0.23 (-15.1)  [639s]
 12000 games  eps 0.020  train win 1.00 margin +168.8  |td| 0.018  eval vs random win 1.00 (+175.5)  vs greedy win 0.30 (-13.0)  [667s]
 12500 games  eps 0.020  train win 1.00 margin +169.1  |td| 0.018  eval vs random win 1.00 (+172.0)  vs greedy win 0.29 (-10.9)  [696s]
 13000 games  eps 0.020  train win 1.00 margin +159.1  |td| 0.019  eval vs random win 1.00 (+167.6)  vs greedy win 0.26 (-11.9)  [725s]
 13500 games  eps 0.020  train win 1.00 margin +172.3  |td| 0.017  eval vs random win 1.00 (+174.6)  vs greedy win 0.18 (-18.5)  [754s]
 14000 games  eps 0.020  train win 1.00 margin +163.7  |td| 0.018  eval vs random win 1.00 (+170.8)  vs greedy win 0.31 (-8.5)  [782s]
 14500 games  eps 0.020  train win 1.00 margin +166.5  |td| 0.017  eval vs random win 1.00 (+173.1)  vs greedy win 0.38 (-6.8)  [810s]
 15000 games  eps 0.020  train win 1.00 margin +169.3  |td| 0.017  eval vs random win 1.00 (+169.1)  vs greedy win 0.32 (-11.1)  [839s]
 15500 games  eps 0.020  train win 1.00 margin +168.0  |td| 0.017  eval vs random win 1.00 (+171.5)  vs greedy win 0.31 (-10.8)  [867s]
 16000 games  eps 0.020  train win 1.00 margin +164.5  |td| 0.017  eval vs random win 1.00 (+174.2)  vs greedy win 0.32 (-9.0)  [895s]
 16500 games  eps 0.020  train win 1.00 margin +166.8  |td| 0.017  eval vs random win 1.00 (+178.2)  vs greedy win 0.30 (-9.9)  [923s]
 17000 games  eps 0.020  train win 1.00 margin +169.3  |td| 0.017  eval vs random win 1.00 (+181.7)  vs greedy win 0.39 (-7.6)  [953s]
 17500 games  eps 0.020  train win 1.00 margin +168.1  |td| 0.017  eval vs random win 1.00 (+166.6)  vs greedy win 0.31 (-7.3)  [981s]
 18000 games  eps 0.020  train win 1.00 margin +169.4  |td| 0.017  eval vs random win 1.00 (+166.2)  vs greedy win 0.38 (-5.6)  [1008s]
 18500 games  eps 0.020  train win 1.00 margin +168.0  |td| 0.018  eval vs random win 1.00 (+168.1)  vs greedy win 0.27 (-13.3)  [1036s]
 19000 games  eps 0.020  train win 1.00 margin +167.4  |td| 0.018  eval vs random win 1.00 (+160.8)  vs greedy win 0.27 (-13.1)  [1064s]
 19500 games  eps 0.020  train win 1.00 margin +170.0  |td| 0.017  eval vs random win 1.00 (+174.2)  vs greedy win 0.25 (-12.8)  [1093s]
 20000 games  eps 0.020  train win 1.00 margin +165.4  |td| 0.017  eval vs random win 1.00 (+176.5)  vs greedy win 0.27 (-12.0)  [1121s]
 20500 games  eps 0.020  train win 1.00 margin +163.3  |td| 0.018  eval vs random win 1.00 (+178.8)  vs greedy win 0.36 (-8.1)  [1149s]
 21000 games  eps 0.020  train win 1.00 margin +166.9  |td| 0.018  eval vs random win 1.00 (+177.7)  vs greedy win 0.36 (-8.0)  [1177s]
 21500 games  eps 0.020  train win 1.00 margin +165.8  |td| 0.018  eval vs random win 1.00 (+167.8)  vs greedy win 0.27 (-11.6)  [1205s]
 22000 games  eps 0.020  train win 1.00 margin +161.4  |td| 0.018  eval vs random win 1.00 (+165.8)  vs greedy win 0.44 (-3.5)  [1232s]
 22500 games  eps 0.020  train win 1.00 margin +167.9  |td| 0.018  eval vs random win 1.00 (+161.6)  vs greedy win 0.36 (-7.5)  [1259s]
 23000 games  eps 0.020  train win 1.00 margin +158.4  |td| 0.018  eval vs random win 1.00 (+171.7)  vs greedy win 0.35 (-8.3)  [1287s]
 23500 games  eps 0.020  train win 1.00 margin +168.5  |td| 0.018  eval vs random win 1.00 (+173.6)  vs greedy win 0.34 (-9.8)  [1315s]
 24000 games  eps 0.020  train win 1.00 margin +165.7  |td| 0.017  eval vs random win 1.00 (+172.0)  vs greedy win 0.31 (-11.5)  [1343s]
 24500 games  eps 0.020  train win 1.00 margin +165.9  |td| 0.018  eval vs random win 1.00 (+168.6)  vs greedy win 0.37 (-9.2)  [1372s]
 25000 games  eps 0.020  train win 1.00 margin +163.6  |td| 0.018  eval vs random win 1.00 (+164.7)  vs greedy win 0.32 (-15.1)  [1400s]
 25500 games  eps 0.020  train win 1.00 margin +169.8  |td| 0.017  eval vs random win 1.00 (+180.5)  vs greedy win 0.32 (-9.2)  [1429s]
 26000 games  eps 0.020  train win 1.00 margin +162.0  |td| 0.018  eval vs random win 1.00 (+178.6)  vs greedy win 0.32 (-13.1)  [1459s]
 26500 games  eps 0.020  train win 1.00 margin +169.2  |td| 0.017  eval vs random win 1.00 (+149.9)  vs greedy win 0.03 (-48.6)  [1488s]
 27000 games  eps 0.020  train win 1.00 margin +164.2  |td| 0.018  eval vs random win 1.00 (+174.4)  vs greedy win 0.29 (-9.3)  [1516s]
 27500 games  eps 0.020  train win 1.00 margin +164.0  |td| 0.017  eval vs random win 1.00 (+164.9)  vs greedy win 0.33 (-11.0)  [1544s]
 28000 games  eps 0.020  train win 1.00 margin +164.4  |td| 0.017  eval vs random win 1.00 (+166.1)  vs greedy win 0.31 (-10.8)  [1571s]
 28500 games  eps 0.020  train win 1.00 margin +164.3  |td| 0.017  eval vs random win 1.00 (+172.8)  vs greedy win 0.30 (-11.1)  [1600s]
 29000 games  eps 0.020  train win 1.00 margin +158.5  |td| 0.017  eval vs random win 1.00 (+178.7)  vs greedy win 0.30 (-10.7)  [1628s]
 29500 games  eps 0.020  train win 1.00 margin +163.8  |td| 0.017  eval vs random win 1.00 (+165.0)  vs greedy win 0.27 (-12.9)  [1657s]
 30000 games  eps 0.020  train win 1.00 margin +166.0  |td| 0.017  eval vs random win 1.00 (+162.0)  vs greedy win 0.37 (-5.8)  [1685s]
saved runs\linear\pass5\p5a_q_random_s2.json  (ttr-dash runs\linear\pass5\p5a_q_random_s2.json to analyze)
