training q vs random: 30000 games, alpha 0.05, epsilon 0.2 -> 0.02, reward margin; average 100
(best checkpoint kept by margin vs greedy; play it as linear:runs\linear\pass5\p5a_q_random_s0.json@best)
live: runs\linear\pass5\p5a_q_random_s0.json rewritten every 500 games (watch with ttr-dash --live runs\linear\pass5\p5a_q_random_s0.json)
   500 games  eps 0.110  train win 0.86 margin  +66.7  |td| 0.031  eval vs random win 0.99 (+122.5)  vs greedy win 0.00 (-63.3)  [32s]
  1000 games  eps 0.020  train win 1.00 margin +141.0  |td| 0.019  eval vs random win 1.00 (+150.0)  vs greedy win 0.24 (-22.4)  [64s]
  1500 games  eps 0.020  train win 1.00 margin +150.1  |td| 0.018  eval vs random win 1.00 (+154.9)  vs greedy win 0.11 (-23.3)  [94s]
  2000 games  eps 0.020  train win 1.00 margin +155.4  |td| 0.017  eval vs random win 1.00 (+156.5)  vs greedy win 0.21 (-17.3)  [123s]
  2500 games  eps 0.020  train win 1.00 margin +157.6  |td| 0.016  eval vs random win 1.00 (+163.3)  vs greedy win 0.25 (-16.1)  [152s]
  3000 games  eps 0.020  train win 1.00 margin +162.4  |td| 0.017  eval vs random win 1.00 (+169.0)  vs greedy win 0.34 (-9.9)  [181s]
  3500 games  eps 0.020  train win 1.00 margin +159.4  |td| 0.018  eval vs random win 1.00 (+163.4)  vs greedy win 0.25 (-13.9)  [210s]
  4000 games  eps 0.020  train win 1.00 margin +165.0  |td| 0.018  eval vs random win 1.00 (+168.8)  vs greedy win 0.31 (-15.7)  [239s]
  4500 games  eps 0.020  train win 1.00 margin +163.4  |td| 0.019  eval vs random win 1.00 (+164.6)  vs greedy win 0.32 (-10.2)  [267s]
  5000 games  eps 0.020  train win 1.00 margin +168.6  |td| 0.019  eval vs random win 1.00 (+176.2)  vs greedy win 0.33 (-9.0)  [295s]
  5500 games  eps 0.020  train win 1.00 margin +166.7  |td| 0.019  eval vs random win 1.00 (+172.7)  vs greedy win 0.28 (-15.6)  [323s]
  6000 games  eps 0.020  train win 1.00 margin +163.8  |td| 0.018  eval vs random win 1.00 (+170.1)  vs greedy win 0.35 (-9.5)  [351s]
  6500 games  eps 0.020  train win 1.00 margin +167.6  |td| 0.019  eval vs random win 1.00 (+168.3)  vs greedy win 0.32 (-9.1)  [379s]
  7000 games  eps 0.020  train win 1.00 margin +166.2  |td| 0.019  eval vs random win 1.00 (+170.7)  vs greedy win 0.37 (-10.1)  [407s]
  7500 games  eps 0.020  train win 1.00 margin +167.7  |td| 0.018  eval vs random win 1.00 (+184.0)  vs greedy win 0.33 (-11.0)  [436s]
  8000 games  eps 0.020  train win 1.00 margin +170.0  |td| 0.018  eval vs random win 1.00 (+164.2)  vs greedy win 0.35 (-8.3)  [464s]
  8500 games  eps 0.020  train win 1.00 margin +167.6  |td| 0.018  eval vs random win 1.00 (+176.5)  vs greedy win 0.38 (-8.8)  [492s]
  9000 games  eps 0.020  train win 1.00 margin +168.1  |td| 0.018  eval vs random win 1.00 (+173.1)  vs greedy win 0.34 (-9.8)  [520s]
  9500 games  eps 0.020  train win 1.00 margin +165.6  |td| 0.018  eval vs random win 1.00 (+174.0)  vs greedy win 0.30 (-10.5)  [547s]
 10000 games  eps 0.020  train win 1.00 margin +164.5  |td| 0.018  eval vs random win 1.00 (+189.2)  vs greedy win 0.33 (-9.9)  [575s]
 10500 games  eps 0.020  train win 1.00 margin +164.8  |td| 0.018  eval vs random win 1.00 (+166.9)  vs greedy win 0.33 (-8.5)  [603s]
 11000 games  eps 0.020  train win 1.00 margin +170.3  |td| 0.019  eval vs random win 1.00 (+166.4)  vs greedy win 0.35 (-9.0)  [631s]
 11500 games  eps 0.020  train win 1.00 margin +167.7  |td| 0.018  eval vs random win 1.00 (+173.6)  vs greedy win 0.24 (-19.6)  [660s]
 12000 games  eps 0.020  train win 1.00 margin +170.4  |td| 0.018  eval vs random win 1.00 (+173.0)  vs greedy win 0.26 (-13.7)  [690s]
 12500 games  eps 0.020  train win 1.00 margin +164.7  |td| 0.019  eval vs random win 1.00 (+172.2)  vs greedy win 0.23 (-17.3)  [719s]
 13000 games  eps 0.020  train win 1.00 margin +169.1  |td| 0.018  eval vs random win 1.00 (+170.7)  vs greedy win 0.30 (-10.8)  [748s]
 13500 games  eps 0.020  train win 1.00 margin +165.9  |td| 0.018  eval vs random win 1.00 (+177.3)  vs greedy win 0.34 (-9.1)  [777s]
 14000 games  eps 0.020  train win 1.00 margin +166.7  |td| 0.018  eval vs random win 1.00 (+175.7)  vs greedy win 0.35 (-10.0)  [807s]
 14500 games  eps 0.020  train win 1.00 margin +165.3  |td| 0.019  eval vs random win 1.00 (+166.6)  vs greedy win 0.32 (-10.9)  [836s]
 15000 games  eps 0.020  train win 1.00 margin +164.6  |td| 0.018  eval vs random win 1.00 (+181.9)  vs greedy win 0.38 (-7.0)  [865s]
 15500 games  eps 0.020  train win 1.00 margin +172.8  |td| 0.018  eval vs random win 1.00 (+175.3)  vs greedy win 0.27 (-10.5)  [895s]
 16000 games  eps 0.020  train win 1.00 margin +164.8  |td| 0.018  eval vs random win 1.00 (+171.8)  vs greedy win 0.40 (-7.2)  [924s]
 16500 games  eps 0.020  train win 1.00 margin +169.7  |td| 0.017  eval vs random win 1.00 (+169.3)  vs greedy win 0.31 (-10.0)  [953s]
 17000 games  eps 0.020  train win 1.00 margin +171.1  |td| 0.017  eval vs random win 1.00 (+174.1)  vs greedy win 0.25 (-16.4)  [982s]
 17500 games  eps 0.020  train win 1.00 margin +165.4  |td| 0.019  eval vs random win 1.00 (+164.7)  vs greedy win 0.32 (-8.1)  [1012s]
 18000 games  eps 0.020  train win 1.00 margin +168.6  |td| 0.017  eval vs random win 1.00 (+180.4)  vs greedy win 0.28 (-12.8)  [1040s]
 18500 games  eps 0.020  train win 1.00 margin +163.3  |td| 0.018  eval vs random win 1.00 (+173.1)  vs greedy win 0.32 (-12.2)  [1070s]
 19000 games  eps 0.020  train win 1.00 margin +167.7  |td| 0.017  eval vs random win 1.00 (+166.7)  vs greedy win 0.38 (-7.0)  [1097s]
 19500 games  eps 0.020  train win 1.00 margin +167.1  |td| 0.017  eval vs random win 1.00 (+164.8)  vs greedy win 0.43 (-7.6)  [1125s]
 20000 games  eps 0.020  train win 1.00 margin +167.1  |td| 0.017  eval vs random win 1.00 (+173.1)  vs greedy win 0.38 (-8.2)  [1154s]
 20500 games  eps 0.020  train win 1.00 margin +167.9  |td| 0.017  eval vs random win 1.00 (+181.4)  vs greedy win 0.27 (-14.1)  [1182s]
 21000 games  eps 0.020  train win 1.00 margin +173.6  |td| 0.017  eval vs random win 1.00 (+177.9)  vs greedy win 0.24 (-9.6)  [1211s]
 21500 games  eps 0.020  train win 1.00 margin +172.6  |td| 0.017  eval vs random win 1.00 (+162.5)  vs greedy win 0.27 (-14.0)  [1240s]
 22000 games  eps 0.020  train win 1.00 margin +169.2  |td| 0.018  eval vs random win 1.00 (+167.7)  vs greedy win 0.37 (-7.3)  [1269s]
 22500 games  eps 0.020  train win 1.00 margin +169.1  |td| 0.017  eval vs random win 1.00 (+172.9)  vs greedy win 0.23 (-13.1)  [1298s]
 23000 games  eps 0.020  train win 1.00 margin +166.1  |td| 0.018  eval vs random win 1.00 (+164.4)  vs greedy win 0.33 (-13.2)  [1327s]
 23500 games  eps 0.020  train win 1.00 margin +171.2  |td| 0.017  eval vs random win 1.00 (+160.6)  vs greedy win 0.38 (-5.7)  [1356s]
 24000 games  eps 0.020  train win 1.00 margin +169.4  |td| 0.017  eval vs random win 1.00 (+179.2)  vs greedy win 0.24 (-11.2)  [1384s]
 24500 games  eps 0.020  train win 1.00 margin +162.9  |td| 0.017  eval vs random win 1.00 (+175.4)  vs greedy win 0.37 (-6.5)  [1413s]
 25000 games  eps 0.020  train win 1.00 margin +168.0  |td| 0.017  eval vs random win 1.00 (+178.6)  vs greedy win 0.42 (-5.6)  [1440s]
 25500 games  eps 0.020  train win 1.00 margin +165.0  |td| 0.018  eval vs random win 1.00 (+161.5)  vs greedy win 0.21 (-16.2)  [1468s]
 26000 games  eps 0.020  train win 1.00 margin +164.3  |td| 0.017  eval vs random win 1.00 (+176.8)  vs greedy win 0.43 (-5.6)  [1495s]
 26500 games  eps 0.020  train win 1.00 margin +167.7  |td| 0.017  eval vs random win 1.00 (+183.0)  vs greedy win 0.31 (-9.0)  [1522s]
 27000 games  eps 0.020  train win 1.00 margin +163.5  |td| 0.017  eval vs random win 1.00 (+167.0)  vs greedy win 0.29 (-9.9)  [1550s]
 27500 games  eps 0.020  train win 1.00 margin +166.7  |td| 0.017  eval vs random win 1.00 (+174.9)  vs greedy win 0.33 (-9.5)  [1579s]
 28000 games  eps 0.020  train win 1.00 margin +160.9  |td| 0.017  eval vs random win 1.00 (+148.7)  vs greedy win 0.02 (-51.5)  [1607s]
 28500 games  eps 0.020  train win 1.00 margin +168.3  |td| 0.019  eval vs random win 1.00 (+171.7)  vs greedy win 0.31 (-8.1)  [1636s]
 29000 games  eps 0.020  train win 1.00 margin +168.4  |td| 0.017  eval vs random win 1.00 (+169.5)  vs greedy win 0.25 (-12.8)  [1663s]
 29500 games  eps 0.020  train win 1.00 margin +154.6  |td| 0.018  eval vs random win 1.00 (+166.9)  vs greedy win 0.31 (-8.6)  [1691s]
 30000 games  eps 0.020  train win 1.00 margin +166.8  |td| 0.017  eval vs random win 1.00 (+170.6)  vs greedy win 0.27 (-14.7)  [1716s]
saved runs\linear\pass5\p5a_q_random_s0.json  (ttr-dash runs\linear\pass5\p5a_q_random_s0.json to analyze)
