training q vs random: 30000 games, alpha 0.05, epsilon 0.2 -> 0.02, reward margin; average 100
(best checkpoint kept by margin vs greedy; play it as linear:runs\linear\pass5\p5a_q_random_s1.json@best)
live: runs\linear\pass5\p5a_q_random_s1.json rewritten every 500 games (watch with ttr-dash --live runs\linear\pass5\p5a_q_random_s1.json)
   500 games  eps 0.110  train win 0.81 margin  +56.6  |td| 0.032  eval vs random win 1.00 (+139.3)  vs greedy win 0.03 (-55.4)  [32s]
  1000 games  eps 0.020  train win 1.00 margin +140.5  |td| 0.018  eval vs random win 1.00 (+152.1)  vs greedy win 0.41 (-9.8)  [62s]
  1500 games  eps 0.020  train win 1.00 margin +151.2  |td| 0.016  eval vs random win 1.00 (+154.9)  vs greedy win 0.18 (-21.2)  [90s]
  2000 games  eps 0.020  train win 1.00 margin +153.5  |td| 0.016  eval vs random win 1.00 (+165.7)  vs greedy win 0.14 (-19.1)  [118s]
  2500 games  eps 0.020  train win 1.00 margin +160.8  |td| 0.017  eval vs random win 1.00 (+166.2)  vs greedy win 0.28 (-16.0)  [147s]
  3000 games  eps 0.020  train win 1.00 margin +162.5  |td| 0.016  eval vs random win 1.00 (+165.0)  vs greedy win 0.24 (-15.1)  [175s]
  3500 games  eps 0.020  train win 1.00 margin +167.7  |td| 0.017  eval vs random win 1.00 (+177.1)  vs greedy win 0.24 (-12.5)  [205s]
  4000 games  eps 0.020  train win 1.00 margin +167.7  |td| 0.016  eval vs random win 1.00 (+169.3)  vs greedy win 0.25 (-21.6)  [235s]
  4500 games  eps 0.020  train win 1.00 margin +169.1  |td| 0.016  eval vs random win 1.00 (+172.5)  vs greedy win 0.28 (-13.3)  [263s]
  5000 games  eps 0.020  train win 1.00 margin +167.9  |td| 0.017  eval vs random win 1.00 (+169.4)  vs greedy win 0.36 (-6.9)  [291s]
  5500 games  eps 0.020  train win 1.00 margin +172.5  |td| 0.017  eval vs random win 1.00 (+168.9)  vs greedy win 0.38 (-11.3)  [320s]
  6000 games  eps 0.020  train win 1.00 margin +171.1  |td| 0.017  eval vs random win 1.00 (+168.7)  vs greedy win 0.25 (-12.4)  [346s]
  6500 games  eps 0.020  train win 1.00 margin +165.3  |td| 0.017  eval vs random win 1.00 (+167.4)  vs greedy win 0.39 (-8.3)  [374s]
  7000 games  eps 0.020  train win 1.00 margin +166.6  |td| 0.017  eval vs random win 1.00 (+169.3)  vs greedy win 0.36 (-14.0)  [400s]
  7500 games  eps 0.020  train win 1.00 margin +171.1  |td| 0.018  eval vs random win 1.00 (+169.8)  vs greedy win 0.35 (-9.9)  [428s]
  8000 games  eps 0.020  train win 1.00 margin +170.4  |td| 0.018  eval vs random win 1.00 (+158.3)  vs greedy win 0.38 (-6.0)  [454s]
  8500 games  eps 0.020  train win 1.00 margin +168.1  |td| 0.018  eval vs random win 1.00 (+164.4)  vs greedy win 0.32 (-13.8)  [482s]
  9000 games  eps 0.020  train win 1.00 margin +164.6  |td| 0.018  eval vs random win 1.00 (+171.9)  vs greedy win 0.35 (-11.8)  [507s]
  9500 games  eps 0.020  train win 1.00 margin +168.8  |td| 0.018  eval vs random win 1.00 (+169.0)  vs greedy win 0.33 (-15.9)  [534s]
 10000 games  eps 0.020  train win 1.00 margin +167.4  |td| 0.018  eval vs random win 1.00 (+173.8)  vs greedy win 0.30 (-11.7)  [562s]
 10500 games  eps 0.020  train win 1.00 margin +167.7  |td| 0.018  eval vs random win 1.00 (+177.0)  vs greedy win 0.36 (-11.2)  [588s]
 11000 games  eps 0.020  train win 1.00 margin +168.5  |td| 0.018  eval vs random win 1.00 (+166.5)  vs greedy win 0.36 (-6.0)  [616s]
 11500 games  eps 0.020  train win 1.00 margin +165.2  |td| 0.018  eval vs random win 1.00 (+166.5)  vs greedy win 0.32 (-12.4)  [643s]
 12000 games  eps 0.020  train win 1.00 margin +163.6  |td| 0.018  eval vs random win 1.00 (+169.0)  vs greedy win 0.31 (-14.9)  [669s]
 12500 games  eps 0.020  train win 1.00 margin +162.2  |td| 0.018  eval vs random win 1.00 (+169.5)  vs greedy win 0.34 (-9.8)  [696s]
 13000 games  eps 0.020  train win 1.00 margin +166.0  |td| 0.019  eval vs random win 1.00 (+172.1)  vs greedy win 0.30 (-9.0)  [723s]
 13500 games  eps 0.020  train win 1.00 margin +170.7  |td| 0.019  eval vs random win 1.00 (+177.5)  vs greedy win 0.32 (-10.2)  [750s]
 14000 games  eps 0.020  train win 1.00 margin +166.7  |td| 0.019  eval vs random win 1.00 (+180.1)  vs greedy win 0.34 (-10.8)  [777s]
 14500 games  eps 0.020  train win 1.00 margin +172.0  |td| 0.019  eval vs random win 1.00 (+172.8)  vs greedy win 0.37 (-9.7)  [806s]
 15000 games  eps 0.020  train win 1.00 margin +168.4  |td| 0.018  eval vs random win 1.00 (+172.7)  vs greedy win 0.34 (-11.5)  [835s]
 15500 games  eps 0.020  train win 1.00 margin +165.2  |td| 0.018  eval vs random win 1.00 (+171.3)  vs greedy win 0.34 (-10.2)  [863s]
 16000 games  eps 0.020  train win 1.00 margin +167.7  |td| 0.018  eval vs random win 1.00 (+180.2)  vs greedy win 0.36 (-6.4)  [892s]
 16500 games  eps 0.020  train win 1.00 margin +171.8  |td| 0.018  eval vs random win 1.00 (+166.9)  vs greedy win 0.31 (-10.5)  [921s]
 17000 games  eps 0.020  train win 1.00 margin +167.2  |td| 0.018  eval vs random win 1.00 (+170.6)  vs greedy win 0.30 (-12.6)  [949s]
 17500 games  eps 0.020  train win 1.00 margin +169.1  |td| 0.018  eval vs random win 1.00 (+172.2)  vs greedy win 0.34 (-9.0)  [978s]
 18000 games  eps 0.020  train win 1.00 margin +168.0  |td| 0.018  eval vs random win 1.00 (+157.8)  vs greedy win 0.40 (-8.7)  [1007s]
 18500 games  eps 0.020  train win 1.00 margin +167.0  |td| 0.019  eval vs random win 1.00 (+174.8)  vs greedy win 0.34 (-10.1)  [1036s]
 19000 games  eps 0.020  train win 1.00 margin +171.6  |td| 0.018  eval vs random win 1.00 (+177.6)  vs greedy win 0.30 (-12.7)  [1065s]
 19500 games  eps 0.020  train win 1.00 margin +162.3  |td| 0.019  eval vs random win 1.00 (+164.2)  vs greedy win 0.35 (-10.0)  [1093s]
 20000 games  eps 0.020  train win 1.00 margin +161.2  |td| 0.019  eval vs random win 1.00 (+170.8)  vs greedy win 0.35 (-6.4)  [1120s]
 20500 games  eps 0.020  train win 1.00 margin +171.0  |td| 0.018  eval vs random win 1.00 (+177.0)  vs greedy win 0.35 (-9.7)  [1148s]
 21000 games  eps 0.020  train win 1.00 margin +163.6  |td| 0.018  eval vs random win 1.00 (+175.6)  vs greedy win 0.26 (-12.0)  [1176s]
 21500 games  eps 0.020  train win 1.00 margin +163.2  |td| 0.017  eval vs random win 1.00 (+172.0)  vs greedy win 0.28 (-10.3)  [1204s]
 22000 games  eps 0.020  train win 1.00 margin +170.9  |td| 0.018  eval vs random win 1.00 (+170.7)  vs greedy win 0.36 (-9.4)  [1232s]
 22500 games  eps 0.020  train win 1.00 margin +163.5  |td| 0.018  eval vs random win 1.00 (+164.3)  vs greedy win 0.26 (-12.0)  [1260s]
 23000 games  eps 0.020  train win 1.00 margin +168.2  |td| 0.017  eval vs random win 1.00 (+171.5)  vs greedy win 0.30 (-10.8)  [1288s]
 23500 games  eps 0.020  train win 1.00 margin +163.4  |td| 0.018  eval vs random win 1.00 (+169.5)  vs greedy win 0.40 (-6.9)  [1316s]
 24000 games  eps 0.020  train win 1.00 margin +164.7  |td| 0.017  eval vs random win 1.00 (+174.3)  vs greedy win 0.33 (-8.6)  [1345s]
 24500 games  eps 0.020  train win 1.00 margin +167.6  |td| 0.017  eval vs random win 1.00 (+168.2)  vs greedy win 0.34 (-9.2)  [1374s]
 25000 games  eps 0.020  train win 1.00 margin +166.8  |td| 0.018  eval vs random win 1.00 (+172.2)  vs greedy win 0.27 (-14.1)  [1403s]
 25500 games  eps 0.020  train win 1.00 margin +166.7  |td| 0.017  eval vs random win 1.00 (+173.5)  vs greedy win 0.45 (-2.0)  [1431s]
 26000 games  eps 0.020  train win 1.00 margin +167.9  |td| 0.017  eval vs random win 1.00 (+174.1)  vs greedy win 0.36 (-8.0)  [1459s]
 26500 games  eps 0.020  train win 1.00 margin +167.7  |td| 0.017  eval vs random win 1.00 (+180.9)  vs greedy win 0.29 (-10.0)  [1488s]
 27000 games  eps 0.020  train win 1.00 margin +166.9  |td| 0.017  eval vs random win 1.00 (+171.4)  vs greedy win 0.38 (-6.5)  [1516s]
 27500 games  eps 0.020  train win 1.00 margin +168.4  |td| 0.017  eval vs random win 1.00 (+177.6)  vs greedy win 0.37 (-6.6)  [1545s]
 28000 games  eps 0.020  train win 1.00 margin +166.3  |td| 0.018  eval vs random win 1.00 (+173.0)  vs greedy win 0.40 (-6.4)  [1573s]
 28500 games  eps 0.020  train win 1.00 margin +159.3  |td| 0.017  eval vs random win 1.00 (+170.9)  vs greedy win 0.32 (-8.7)  [1601s]
 29000 games  eps 0.020  train win 1.00 margin +167.7  |td| 0.017  eval vs random win 1.00 (+171.9)  vs greedy win 0.31 (-7.6)  [1630s]
 29500 games  eps 0.020  train win 1.00 margin +167.5  |td| 0.017  eval vs random win 1.00 (+161.6)  vs greedy win 0.34 (-12.6)  [1659s]
 30000 games  eps 0.020  train win 1.00 margin +165.3  |td| 0.016  eval vs random win 1.00 (+172.1)  vs greedy win 0.32 (-8.7)  [1687s]
saved runs\linear\pass5\p5a_q_random_s1.json  (ttr-dash runs\linear\pass5\p5a_q_random_s1.json to analyze)
