training sarsa vs random: 30000 games, alpha 0.05, epsilon 0.2 -> 0.02, reward margin; average 100
(best checkpoint kept by margin vs greedy; play it as linear:runs\linear\pass5\p5b_sarsa_random_s3.json@best)
live: runs\linear\pass5\p5b_sarsa_random_s3.json rewritten every 500 games (watch with ttr-dash --live runs\linear\pass5\p5b_sarsa_random_s3.json)
   500 games  eps 0.110  train win 0.87 margin  +77.2  |td| 0.028  eval vs random win 1.00 (+138.4)  vs greedy win 0.12 (-37.2)  [26s]
  1000 games  eps 0.020  train win 1.00 margin +144.5  |td| 0.017  eval vs random win 1.00 (+148.5)  vs greedy win 0.04 (-42.4)  [58s]
  1500 games  eps 0.020  train win 1.00 margin +144.3  |td| 0.015  eval vs random win 1.00 (+151.6)  vs greedy win 0.38 (-11.1)  [86s]
  2000 games  eps 0.020  train win 1.00 margin +142.6  |td| 0.016  eval vs random win 1.00 (+141.6)  vs greedy win 0.06 (-33.4)  [115s]
  2500 games  eps 0.020  train win 1.00 margin +149.6  |td| 0.015  eval vs random win 1.00 (+151.7)  vs greedy win 0.20 (-18.9)  [143s]
  3000 games  eps 0.020  train win 1.00 margin +147.7  |td| 0.015  eval vs random win 1.00 (+151.3)  vs greedy win 0.17 (-18.9)  [172s]
  3500 games  eps 0.020  train win 1.00 margin +155.6  |td| 0.016  eval vs random win 1.00 (+153.6)  vs greedy win 0.21 (-18.3)  [201s]
  4000 games  eps 0.020  train win 1.00 margin +155.4  |td| 0.016  eval vs random win 1.00 (+174.8)  vs greedy win 0.27 (-17.1)  [229s]
  4500 games  eps 0.020  train win 1.00 margin +164.2  |td| 0.016  eval vs random win 1.00 (+174.2)  vs greedy win 0.20 (-18.2)  [260s]
  5000 games  eps 0.020  train win 1.00 margin +168.6  |td| 0.016  eval vs random win 1.00 (+167.2)  vs greedy win 0.25 (-14.8)  [290s]
  5500 games  eps 0.020  train win 1.00 margin +164.6  |td| 0.017  eval vs random win 1.00 (+161.1)  vs greedy win 0.37 (-7.4)  [320s]
  6000 games  eps 0.020  train win 1.00 margin +169.0  |td| 0.017  eval vs random win 1.00 (+163.2)  vs greedy win 0.27 (-19.6)  [349s]
  6500 games  eps 0.020  train win 1.00 margin +167.6  |td| 0.017  eval vs random win 1.00 (+157.9)  vs greedy win 0.32 (-9.2)  [377s]
  7000 games  eps 0.020  train win 1.00 margin +167.0  |td| 0.017  eval vs random win 1.00 (+171.6)  vs greedy win 0.37 (-9.3)  [404s]
  7500 games  eps 0.020  train win 1.00 margin +164.0  |td| 0.017  eval vs random win 1.00 (+160.2)  vs greedy win 0.34 (-6.7)  [431s]
  8000 games  eps 0.020  train win 1.00 margin +163.5  |td| 0.018  eval vs random win 1.00 (+160.3)  vs greedy win 0.43 (-2.9)  [457s]
  8500 games  eps 0.020  train win 1.00 margin +162.4  |td| 0.018  eval vs random win 1.00 (+162.4)  vs greedy win 0.43 (-7.5)  [483s]
  9000 games  eps 0.020  train win 1.00 margin +168.4  |td| 0.018  eval vs random win 1.00 (+164.6)  vs greedy win 0.35 (-9.0)  [510s]
  9500 games  eps 0.020  train win 1.00 margin +171.2  |td| 0.018  eval vs random win 1.00 (+176.5)  vs greedy win 0.42 (-7.2)  [537s]
 10000 games  eps 0.020  train win 1.00 margin +171.1  |td| 0.018  eval vs random win 1.00 (+172.3)  vs greedy win 0.38 (-7.5)  [563s]
 10500 games  eps 0.020  train win 1.00 margin +165.5  |td| 0.018  eval vs random win 1.00 (+163.2)  vs greedy win 0.43 (-5.0)  [591s]
 11000 games  eps 0.020  train win 1.00 margin +166.6  |td| 0.019  eval vs random win 1.00 (+167.9)  vs greedy win 0.34 (-10.7)  [618s]
 11500 games  eps 0.020  train win 1.00 margin +168.5  |td| 0.018  eval vs random win 1.00 (+167.9)  vs greedy win 0.25 (-15.8)  [645s]
 12000 games  eps 0.020  train win 1.00 margin +167.0  |td| 0.018  eval vs random win 1.00 (+170.8)  vs greedy win 0.31 (-14.2)  [672s]
 12500 games  eps 0.020  train win 1.00 margin +165.7  |td| 0.018  eval vs random win 1.00 (+180.6)  vs greedy win 0.26 (-12.0)  [700s]
 13000 games  eps 0.020  train win 1.00 margin +165.3  |td| 0.018  eval vs random win 1.00 (+175.8)  vs greedy win 0.30 (-12.2)  [728s]
 13500 games  eps 0.020  train win 1.00 margin +165.3  |td| 0.018  eval vs random win 1.00 (+171.6)  vs greedy win 0.22 (-22.8)  [756s]
 14000 games  eps 0.020  train win 1.00 margin +165.9  |td| 0.018  eval vs random win 1.00 (+178.7)  vs greedy win 0.36 (-7.6)  [784s]
 14500 games  eps 0.020  train win 1.00 margin +168.2  |td| 0.018  eval vs random win 1.00 (+172.3)  vs greedy win 0.40 (-7.2)  [812s]
 15000 games  eps 0.020  train win 1.00 margin +168.0  |td| 0.018  eval vs random win 1.00 (+180.2)  vs greedy win 0.30 (-14.4)  [842s]
 15500 games  eps 0.020  train win 1.00 margin +165.6  |td| 0.017  eval vs random win 1.00 (+175.2)  vs greedy win 0.31 (-9.7)  [870s]
 16000 games  eps 0.020  train win 1.00 margin +170.3  |td| 0.018  eval vs random win 1.00 (+177.0)  vs greedy win 0.21 (-16.3)  [898s]
 16500 games  eps 0.020  train win 1.00 margin +170.3  |td| 0.018  eval vs random win 1.00 (+173.1)  vs greedy win 0.30 (-8.6)  [928s]
 17000 games  eps 0.020  train win 1.00 margin +170.7  |td| 0.018  eval vs random win 1.00 (+181.5)  vs greedy win 0.26 (-13.6)  [956s]
 17500 games  eps 0.020  train win 1.00 margin +173.7  |td| 0.018  eval vs random win 1.00 (+166.7)  vs greedy win 0.35 (-11.1)  [986s]
 18000 games  eps 0.020  train win 1.00 margin +171.9  |td| 0.018  eval vs random win 1.00 (+167.6)  vs greedy win 0.34 (-7.3)  [1014s]
 18500 games  eps 0.020  train win 1.00 margin +163.1  |td| 0.019  eval vs random win 1.00 (+168.4)  vs greedy win 0.28 (-10.9)  [1044s]
 19000 games  eps 0.020  train win 1.00 margin +168.1  |td| 0.018  eval vs random win 1.00 (+178.0)  vs greedy win 0.29 (-10.0)  [1072s]
 19500 games  eps 0.020  train win 1.00 margin +167.5  |td| 0.018  eval vs random win 1.00 (+165.7)  vs greedy win 0.29 (-11.4)  [1102s]
 20000 games  eps 0.020  train win 1.00 margin +171.1  |td| 0.018  eval vs random win 1.00 (+176.2)  vs greedy win 0.38 (-9.1)  [1131s]
 20500 games  eps 0.020  train win 1.00 margin +170.5  |td| 0.018  eval vs random win 1.00 (+171.4)  vs greedy win 0.35 (-10.1)  [1160s]
 21000 games  eps 0.020  train win 1.00 margin +170.1  |td| 0.018  eval vs random win 1.00 (+169.2)  vs greedy win 0.37 (-5.2)  [1188s]
 21500 games  eps 0.020  train win 1.00 margin +163.7  |td| 0.019  eval vs random win 1.00 (+164.6)  vs greedy win 0.33 (-11.2)  [1216s]
 22000 games  eps 0.020  train win 1.00 margin +166.3  |td| 0.018  eval vs random win 1.00 (+168.5)  vs greedy win 0.39 (-6.8)  [1242s]
 22500 games  eps 0.020  train win 1.00 margin +169.8  |td| 0.017  eval vs random win 1.00 (+165.7)  vs greedy win 0.30 (-10.8)  [1270s]
 23000 games  eps 0.020  train win 1.00 margin +166.0  |td| 0.018  eval vs random win 1.00 (+171.4)  vs greedy win 0.32 (-9.8)  [1296s]
 23500 games  eps 0.020  train win 1.00 margin +167.5  |td| 0.018  eval vs random win 1.00 (+174.7)  vs greedy win 0.42 (-4.2)  [1324s]
 24000 games  eps 0.020  train win 1.00 margin +164.7  |td| 0.018  eval vs random win 1.00 (+172.0)  vs greedy win 0.34 (-6.0)  [1352s]
 24500 games  eps 0.020  train win 1.00 margin +166.3  |td| 0.018  eval vs random win 1.00 (+168.4)  vs greedy win 0.28 (-10.2)  [1380s]
 25000 games  eps 0.020  train win 1.00 margin +168.8  |td| 0.018  eval vs random win 1.00 (+170.0)  vs greedy win 0.39 (-7.4)  [1408s]
 25500 games  eps 0.020  train win 1.00 margin +171.8  |td| 0.018  eval vs random win 1.00 (+180.1)  vs greedy win 0.46 (-4.2)  [1435s]
 26000 games  eps 0.020  train win 1.00 margin +169.3  |td| 0.017  eval vs random win 1.00 (+172.4)  vs greedy win 0.39 (-10.5)  [1464s]
 26500 games  eps 0.020  train win 1.00 margin +160.3  |td| 0.019  eval vs random win 1.00 (+166.5)  vs greedy win 0.33 (-9.2)  [1492s]
 27000 games  eps 0.020  train win 1.00 margin +172.3  |td| 0.018  eval vs random win 1.00 (+164.5)  vs greedy win 0.33 (-8.8)  [1519s]
 27500 games  eps 0.020  train win 1.00 margin +156.1  |td| 0.018  eval vs random win 1.00 (+173.7)  vs greedy win 0.34 (-7.8)  [1548s]
 28000 games  eps 0.020  train win 1.00 margin +170.4  |td| 0.017  eval vs random win 1.00 (+174.6)  vs greedy win 0.33 (-10.9)  [1575s]
 28500 games  eps 0.020  train win 1.00 margin +165.3  |td| 0.018  eval vs random win 1.00 (+178.8)  vs greedy win 0.33 (-7.0)  [1604s]
 29000 games  eps 0.020  train win 1.00 margin +173.0  |td| 0.017  eval vs random win 1.00 (+172.7)  vs greedy win 0.32 (-8.4)  [1629s]
 29500 games  eps 0.020  train win 1.00 margin +163.8  |td| 0.017  eval vs random win 1.00 (+164.9)  vs greedy win 0.32 (-9.6)  [1654s]
 30000 games  eps 0.020  train win 1.00 margin +159.9  |td| 0.017  eval vs random win 1.00 (+163.6)  vs greedy win 0.27 (-16.2)  [1677s]
saved runs\linear\pass5\p5b_sarsa_random_s3.json  (ttr-dash runs\linear\pass5\p5b_sarsa_random_s3.json to analyze)
