training sarsa vs random: 30000 games, alpha 0.05, epsilon 0.2 -> 0.02, reward margin; average 100
(best checkpoint kept by margin vs greedy; play it as linear:runs\linear\pass5\p5b_sarsa_random_s0.json@best)
live: runs\linear\pass5\p5b_sarsa_random_s0.json rewritten every 500 games (watch with ttr-dash --live runs\linear\pass5\p5b_sarsa_random_s0.json)
   500 games  eps 0.110  train win 0.83 margin  +58.3  |td| 0.026  eval vs random win 1.00 (+124.6)  vs greedy win 0.04 (-44.2)  [26s]
  1000 games  eps 0.020  train win 0.96 margin +101.8  |td| 0.018  eval vs random win 1.00 (+121.1)  vs greedy win 0.14 (-41.6)  [52s]
  1500 games  eps 0.020  train win 1.00 margin +138.3  |td| 0.016  eval vs random win 1.00 (+143.3)  vs greedy win 0.21 (-18.0)  [81s]
  2000 games  eps 0.020  train win 1.00 margin +148.0  |td| 0.016  eval vs random win 1.00 (+150.6)  vs greedy win 0.15 (-22.1)  [109s]
  2500 games  eps 0.020  train win 1.00 margin +143.0  |td| 0.015  eval vs random win 1.00 (+143.4)  vs greedy win 0.26 (-14.6)  [138s]
  3000 games  eps 0.020  train win 1.00 margin +144.1  |td| 0.015  eval vs random win 1.00 (+146.6)  vs greedy win 0.25 (-15.5)  [166s]
  3500 games  eps 0.020  train win 1.00 margin +148.1  |td| 0.015  eval vs random win 1.00 (+157.8)  vs greedy win 0.23 (-16.9)  [195s]
  4000 games  eps 0.020  train win 1.00 margin +150.0  |td| 0.016  eval vs random win 1.00 (+158.2)  vs greedy win 0.31 (-13.2)  [223s]
  4500 games  eps 0.020  train win 1.00 margin +155.3  |td| 0.016  eval vs random win 1.00 (+160.5)  vs greedy win 0.30 (-14.9)  [252s]
  5000 games  eps 0.020  train win 1.00 margin +160.4  |td| 0.016  eval vs random win 1.00 (+156.3)  vs greedy win 0.19 (-13.4)  [281s]
  5500 games  eps 0.020  train win 1.00 margin +158.6  |td| 0.016  eval vs random win 1.00 (+164.5)  vs greedy win 0.40 (-7.2)  [309s]
  6000 games  eps 0.020  train win 1.00 margin +162.8  |td| 0.016  eval vs random win 1.00 (+164.1)  vs greedy win 0.25 (-13.2)  [337s]
  6500 games  eps 0.020  train win 1.00 margin +163.4  |td| 0.017  eval vs random win 1.00 (+173.4)  vs greedy win 0.33 (-10.0)  [366s]
  7000 games  eps 0.020  train win 1.00 margin +163.9  |td| 0.017  eval vs random win 1.00 (+170.1)  vs greedy win 0.34 (-11.4)  [394s]
  7500 games  eps 0.020  train win 1.00 margin +165.4  |td| 0.018  eval vs random win 1.00 (+174.9)  vs greedy win 0.34 (-14.4)  [422s]
  8000 games  eps 0.020  train win 1.00 margin +169.4  |td| 0.018  eval vs random win 1.00 (+168.3)  vs greedy win 0.42 (-5.0)  [451s]
  8500 games  eps 0.020  train win 1.00 margin +167.6  |td| 0.018  eval vs random win 1.00 (+167.7)  vs greedy win 0.30 (-11.8)  [478s]
  9000 games  eps 0.020  train win 1.00 margin +167.8  |td| 0.018  eval vs random win 1.00 (+181.4)  vs greedy win 0.36 (-10.3)  [505s]
  9500 games  eps 0.020  train win 1.00 margin +169.0  |td| 0.018  eval vs random win 1.00 (+168.4)  vs greedy win 0.35 (-10.0)  [534s]
 10000 games  eps 0.020  train win 1.00 margin +166.1  |td| 0.018  eval vs random win 1.00 (+171.6)  vs greedy win 0.33 (-10.8)  [562s]
 10500 games  eps 0.020  train win 1.00 margin +167.8  |td| 0.018  eval vs random win 1.00 (+176.6)  vs greedy win 0.29 (-12.1)  [590s]
 11000 games  eps 0.020  train win 1.00 margin +168.5  |td| 0.018  eval vs random win 1.00 (+160.9)  vs greedy win 0.28 (-12.2)  [618s]
 11500 games  eps 0.020  train win 1.00 margin +163.5  |td| 0.018  eval vs random win 1.00 (+175.8)  vs greedy win 0.31 (-13.5)  [646s]
 12000 games  eps 0.020  train win 1.00 margin +172.6  |td| 0.019  eval vs random win 1.00 (+171.3)  vs greedy win 0.32 (-11.9)  [675s]
 12500 games  eps 0.020  train win 1.00 margin +153.2  |td| 0.020  eval vs random win 1.00 (+169.3)  vs greedy win 0.29 (-10.4)  [703s]
 13000 games  eps 0.020  train win 1.00 margin +166.9  |td| 0.018  eval vs random win 1.00 (+170.6)  vs greedy win 0.28 (-15.1)  [731s]
 13500 games  eps 0.020  train win 1.00 margin +167.2  |td| 0.018  eval vs random win 1.00 (+174.2)  vs greedy win 0.28 (-12.1)  [758s]
 14000 games  eps 0.020  train win 1.00 margin +171.8  |td| 0.018  eval vs random win 1.00 (+174.0)  vs greedy win 0.29 (-12.7)  [786s]
 14500 games  eps 0.020  train win 1.00 margin +161.2  |td| 0.019  eval vs random win 1.00 (+170.1)  vs greedy win 0.24 (-13.5)  [815s]
 15000 games  eps 0.020  train win 1.00 margin +165.5  |td| 0.017  eval vs random win 1.00 (+184.8)  vs greedy win 0.23 (-22.4)  [843s]
 15500 games  eps 0.020  train win 1.00 margin +168.8  |td| 0.018  eval vs random win 1.00 (+177.2)  vs greedy win 0.29 (-10.4)  [871s]
 16000 games  eps 0.020  train win 1.00 margin +167.6  |td| 0.017  eval vs random win 1.00 (+174.6)  vs greedy win 0.28 (-12.1)  [899s]
 16500 games  eps 0.020  train win 1.00 margin +163.0  |td| 0.018  eval vs random win 1.00 (+165.7)  vs greedy win 0.38 (-9.4)  [927s]
 17000 games  eps 0.020  train win 1.00 margin +168.9  |td| 0.018  eval vs random win 1.00 (+177.9)  vs greedy win 0.28 (-12.0)  [956s]
 17500 games  eps 0.020  train win 1.00 margin +172.2  |td| 0.018  eval vs random win 1.00 (+172.7)  vs greedy win 0.31 (-7.2)  [984s]
 18000 games  eps 0.020  train win 1.00 margin +162.3  |td| 0.018  eval vs random win 1.00 (+161.7)  vs greedy win 0.34 (-9.8)  [1013s]
 18500 games  eps 0.020  train win 1.00 margin +168.8  |td| 0.018  eval vs random win 1.00 (+164.7)  vs greedy win 0.29 (-13.1)  [1041s]
 19000 games  eps 0.020  train win 1.00 margin +163.6  |td| 0.018  eval vs random win 1.00 (+173.7)  vs greedy win 0.37 (-8.8)  [1071s]
 19500 games  eps 0.020  train win 1.00 margin +172.3  |td| 0.018  eval vs random win 1.00 (+175.9)  vs greedy win 0.29 (-10.5)  [1100s]
 20000 games  eps 0.020  train win 1.00 margin +161.6  |td| 0.018  eval vs random win 1.00 (+159.9)  vs greedy win 0.34 (-9.0)  [1128s]
 20500 games  eps 0.020  train win 1.00 margin +170.5  |td| 0.018  eval vs random win 1.00 (+176.9)  vs greedy win 0.38 (-7.7)  [1156s]
 21000 games  eps 0.020  train win 1.00 margin +166.6  |td| 0.017  eval vs random win 1.00 (+174.9)  vs greedy win 0.22 (-13.6)  [1184s]
 21500 games  eps 0.020  train win 1.00 margin +170.7  |td| 0.018  eval vs random win 1.00 (+178.4)  vs greedy win 0.23 (-14.1)  [1212s]
 22000 games  eps 0.020  train win 1.00 margin +164.7  |td| 0.018  eval vs random win 1.00 (+176.9)  vs greedy win 0.49 (-3.7)  [1241s]
 22500 games  eps 0.020  train win 1.00 margin +165.1  |td| 0.018  eval vs random win 1.00 (+167.2)  vs greedy win 0.37 (-9.8)  [1270s]
 23000 games  eps 0.020  train win 1.00 margin +174.4  |td| 0.018  eval vs random win 1.00 (+179.2)  vs greedy win 0.33 (-12.1)  [1299s]
 23500 games  eps 0.020  train win 1.00 margin +159.7  |td| 0.018  eval vs random win 1.00 (+175.9)  vs greedy win 0.32 (-9.9)  [1328s]
 24000 games  eps 0.020  train win 1.00 margin +166.4  |td| 0.017  eval vs random win 1.00 (+170.2)  vs greedy win 0.34 (-8.5)  [1355s]
 24500 games  eps 0.020  train win 1.00 margin +160.0  |td| 0.018  eval vs random win 1.00 (+173.1)  vs greedy win 0.36 (-9.6)  [1384s]
 25000 games  eps 0.020  train win 1.00 margin +168.8  |td| 0.017  eval vs random win 1.00 (+173.6)  vs greedy win 0.31 (-8.5)  [1411s]
 25500 games  eps 0.020  train win 1.00 margin +166.2  |td| 0.017  eval vs random win 1.00 (+179.9)  vs greedy win 0.41 (-5.6)  [1439s]
 26000 games  eps 0.020  train win 1.00 margin +167.8  |td| 0.017  eval vs random win 1.00 (+174.9)  vs greedy win 0.35 (-10.9)  [1466s]
 26500 games  eps 0.020  train win 1.00 margin +169.0  |td| 0.017  eval vs random win 1.00 (+179.9)  vs greedy win 0.39 (-6.4)  [1495s]
 27000 games  eps 0.020  train win 1.00 margin +169.8  |td| 0.017  eval vs random win 1.00 (+169.9)  vs greedy win 0.25 (-11.8)  [1525s]
 27500 games  eps 0.020  train win 1.00 margin +159.0  |td| 0.017  eval vs random win 1.00 (+170.0)  vs greedy win 0.38 (-6.6)  [1553s]
 28000 games  eps 0.020  train win 1.00 margin +169.6  |td| 0.017  eval vs random win 1.00 (+168.2)  vs greedy win 0.34 (-8.9)  [1582s]
 28500 games  eps 0.020  train win 1.00 margin +165.1  |td| 0.018  eval vs random win 1.00 (+179.6)  vs greedy win 0.27 (-11.3)  [1610s]
 29000 games  eps 0.020  train win 1.00 margin +162.4  |td| 0.017  eval vs random win 1.00 (+165.7)  vs greedy win 0.36 (-8.6)  [1638s]
 29500 games  eps 0.020  train win 1.00 margin +167.3  |td| 0.017  eval vs random win 1.00 (+170.9)  vs greedy win 0.24 (-11.8)  [1667s]
 30000 games  eps 0.020  train win 1.00 margin +154.5  |td| 0.018  eval vs random win 1.00 (+167.4)  vs greedy win 0.30 (-11.1)  [1695s]
saved runs\linear\pass5\p5b_sarsa_random_s0.json  (ttr-dash runs\linear\pass5\p5b_sarsa_random_s0.json to analyze)
