training sarsa vs random: 30000 games, alpha 0.05, epsilon 0.2 -> 0.02, reward margin; average 100
(best checkpoint kept by margin vs greedy; play it as linear:runs\linear\pass5\p5b_sarsa_random_s1.json@best)
live: runs\linear\pass5\p5b_sarsa_random_s1.json rewritten every 500 games (watch with ttr-dash --live runs\linear\pass5\p5b_sarsa_random_s1.json)
   500 games  eps 0.110  train win 0.89 margin  +82.3  |td| 0.028  eval vs random win 1.00 (+136.3)  vs greedy win 0.07 (-41.6)  [26s]
  1000 games  eps 0.020  train win 1.00 margin +127.3  |td| 0.018  eval vs random win 1.00 (+128.3)  vs greedy win 0.06 (-44.8)  [56s]
  1500 games  eps 0.020  train win 1.00 margin +141.4  |td| 0.017  eval vs random win 1.00 (+149.7)  vs greedy win 0.37 (-7.9)  [85s]
  2000 games  eps 0.020  train win 1.00 margin +146.5  |td| 0.016  eval vs random win 1.00 (+151.7)  vs greedy win 0.15 (-23.3)  [115s]
  2500 games  eps 0.020  train win 1.00 margin +143.3  |td| 0.016  eval vs random win 1.00 (+155.9)  vs greedy win 0.24 (-13.5)  [145s]
  3000 games  eps 0.020  train win 1.00 margin +149.6  |td| 0.016  eval vs random win 1.00 (+146.2)  vs greedy win 0.21 (-18.6)  [176s]
  3500 games  eps 0.020  train win 1.00 margin +148.7  |td| 0.016  eval vs random win 1.00 (+146.6)  vs greedy win 0.41 (-6.3)  [206s]
  4000 games  eps 0.020  train win 1.00 margin +147.3  |td| 0.016  eval vs random win 1.00 (+149.0)  vs greedy win 0.26 (-14.9)  [234s]
  4500 games  eps 0.020  train win 1.00 margin +149.8  |td| 0.016  eval vs random win 1.00 (+156.0)  vs greedy win 0.28 (-18.6)  [264s]
  5000 games  eps 0.020  train win 1.00 margin +152.1  |td| 0.016  eval vs random win 1.00 (+147.1)  vs greedy win 0.25 (-16.2)  [294s]
  5500 games  eps 0.020  train win 1.00 margin +148.0  |td| 0.016  eval vs random win 1.00 (+148.2)  vs greedy win 0.24 (-15.1)  [325s]
  6000 games  eps 0.020  train win 1.00 margin +142.3  |td| 0.016  eval vs random win 1.00 (+153.6)  vs greedy win 0.30 (-12.7)  [354s]
  6500 games  eps 0.020  train win 1.00 margin +146.8  |td| 0.016  eval vs random win 1.00 (+151.8)  vs greedy win 0.22 (-16.5)  [382s]
  7000 games  eps 0.020  train win 1.00 margin +154.2  |td| 0.016  eval vs random win 1.00 (+148.7)  vs greedy win 0.39 (-4.7)  [412s]
  7500 games  eps 0.020  train win 1.00 margin +153.4  |td| 0.016  eval vs random win 1.00 (+153.1)  vs greedy win 0.23 (-16.4)  [442s]
  8000 games  eps 0.020  train win 1.00 margin +150.4  |td| 0.016  eval vs random win 1.00 (+154.6)  vs greedy win 0.31 (-8.7)  [472s]
  8500 games  eps 0.020  train win 1.00 margin +152.6  |td| 0.016  eval vs random win 1.00 (+150.1)  vs greedy win 0.22 (-16.6)  [503s]
  9000 games  eps 0.020  train win 1.00 margin +142.8  |td| 0.016  eval vs random win 1.00 (+147.9)  vs greedy win 0.40 (-5.4)  [532s]
  9500 games  eps 0.020  train win 1.00 margin +146.6  |td| 0.017  eval vs random win 1.00 (+145.6)  vs greedy win 0.32 (-10.2)  [561s]
 10000 games  eps 0.020  train win 1.00 margin +145.7  |td| 0.016  eval vs random win 1.00 (+150.9)  vs greedy win 0.29 (-13.5)  [590s]
 10500 games  eps 0.020  train win 1.00 margin +148.4  |td| 0.017  eval vs random win 1.00 (+147.9)  vs greedy win 0.37 (-9.1)  [618s]
 11000 games  eps 0.020  train win 1.00 margin +146.5  |td| 0.016  eval vs random win 1.00 (+152.1)  vs greedy win 0.20 (-17.8)  [648s]
 11500 games  eps 0.020  train win 1.00 margin +142.1  |td| 0.016  eval vs random win 1.00 (+153.8)  vs greedy win 0.24 (-14.7)  [677s]
 12000 games  eps 0.020  train win 1.00 margin +150.3  |td| 0.017  eval vs random win 1.00 (+148.7)  vs greedy win 0.34 (-9.8)  [707s]
 12500 games  eps 0.020  train win 1.00 margin +148.7  |td| 0.017  eval vs random win 1.00 (+154.8)  vs greedy win 0.33 (-9.5)  [737s]
 13000 games  eps 0.020  train win 1.00 margin +149.5  |td| 0.017  eval vs random win 1.00 (+149.3)  vs greedy win 0.23 (-14.2)  [767s]
 13500 games  eps 0.020  train win 1.00 margin +154.2  |td| 0.017  eval vs random win 1.00 (+156.5)  vs greedy win 0.24 (-15.7)  [799s]
 14000 games  eps 0.020  train win 1.00 margin +151.4  |td| 0.017  eval vs random win 1.00 (+158.7)  vs greedy win 0.22 (-15.5)  [831s]
 14500 games  eps 0.020  train win 1.00 margin +151.4  |td| 0.017  eval vs random win 1.00 (+160.4)  vs greedy win 0.20 (-17.6)  [862s]
 15000 games  eps 0.020  train win 1.00 margin +149.7  |td| 0.017  eval vs random win 1.00 (+157.6)  vs greedy win 0.41 (-3.4)  [892s]
 15500 games  eps 0.020  train win 1.00 margin +154.6  |td| 0.017  eval vs random win 1.00 (+165.9)  vs greedy win 0.39 (-3.1)  [922s]
 16000 games  eps 0.020  train win 1.00 margin +157.2  |td| 0.018  eval vs random win 1.00 (+162.6)  vs greedy win 0.29 (-11.8)  [953s]
 16500 games  eps 0.020  train win 1.00 margin +163.2  |td| 0.018  eval vs random win 1.00 (+165.9)  vs greedy win 0.39 (-6.1)  [984s]
 17000 games  eps 0.020  train win 1.00 margin +164.0  |td| 0.019  eval vs random win 1.00 (+161.8)  vs greedy win 0.35 (-6.5)  [1016s]
 17500 games  eps 0.020  train win 1.00 margin +169.3  |td| 0.019  eval vs random win 1.00 (+166.2)  vs greedy win 0.37 (-6.8)  [1046s]
 18000 games  eps 0.020  train win 1.00 margin +169.6  |td| 0.019  eval vs random win 1.00 (+172.6)  vs greedy win 0.38 (-4.1)  [1077s]
 18500 games  eps 0.020  train win 1.00 margin +156.0  |td| 0.020  eval vs random win 1.00 (+168.2)  vs greedy win 0.43 (+2.0)  [1108s]
 19000 games  eps 0.020  train win 1.00 margin +171.2  |td| 0.018  eval vs random win 1.00 (+172.9)  vs greedy win 0.53 (+2.5)  [1136s]
 19500 games  eps 0.020  train win 1.00 margin +170.1  |td| 0.018  eval vs random win 1.00 (+170.5)  vs greedy win 0.43 (-2.4)  [1165s]
 20000 games  eps 0.020  train win 1.00 margin +172.1  |td| 0.018  eval vs random win 1.00 (+179.9)  vs greedy win 0.46 (-2.0)  [1195s]
 20500 games  eps 0.020  train win 1.00 margin +170.7  |td| 0.018  eval vs random win 1.00 (+177.6)  vs greedy win 0.55 (+1.4)  [1224s]
 21000 games  eps 0.020  train win 1.00 margin +167.1  |td| 0.018  eval vs random win 1.00 (+170.4)  vs greedy win 0.49 (-3.8)  [1253s]
 21500 games  eps 0.020  train win 1.00 margin +171.6  |td| 0.018  eval vs random win 1.00 (+182.4)  vs greedy win 0.43 (-2.7)  [1283s]
 22000 games  eps 0.020  train win 1.00 margin +152.7  |td| 0.019  eval vs random win 1.00 (+159.1)  vs greedy win 0.50 (+3.0)  [1313s]
 22500 games  eps 0.020  train win 1.00 margin +165.0  |td| 0.018  eval vs random win 1.00 (+167.1)  vs greedy win 0.40 (-1.9)  [1342s]
 23000 games  eps 0.020  train win 1.00 margin +168.6  |td| 0.018  eval vs random win 1.00 (+169.3)  vs greedy win 0.34 (-6.3)  [1372s]
 23500 games  eps 0.020  train win 1.00 margin +173.4  |td| 0.017  eval vs random win 1.00 (+164.0)  vs greedy win 0.48 (-1.7)  [1403s]
 24000 games  eps 0.020  train win 1.00 margin +163.7  |td| 0.019  eval vs random win 1.00 (+170.7)  vs greedy win 0.41 (-1.1)  [1432s]
 24500 games  eps 0.020  train win 1.00 margin +167.0  |td| 0.018  eval vs random win 1.00 (+183.1)  vs greedy win 0.55 (+3.3)  [1461s]
 25000 games  eps 0.020  train win 1.00 margin +169.0  |td| 0.018  eval vs random win 1.00 (+173.4)  vs greedy win 0.48 (-3.0)  [1489s]
 25500 games  eps 0.020  train win 1.00 margin +157.9  |td| 0.019  eval vs random win 1.00 (+172.1)  vs greedy win 0.52 (+4.2)  [1518s]
 26000 games  eps 0.020  train win 1.00 margin +169.2  |td| 0.017  eval vs random win 1.00 (+179.4)  vs greedy win 0.34 (-7.6)  [1547s]
 26500 games  eps 0.020  train win 1.00 margin +169.9  |td| 0.017  eval vs random win 1.00 (+176.7)  vs greedy win 0.43 (-4.6)  [1576s]
 27000 games  eps 0.020  train win 1.00 margin +168.3  |td| 0.017  eval vs random win 1.00 (+166.1)  vs greedy win 0.46 (-2.7)  [1605s]
 27500 games  eps 0.020  train win 1.00 margin +169.8  |td| 0.018  eval vs random win 1.00 (+180.7)  vs greedy win 0.38 (-6.4)  [1634s]
 28000 games  eps 0.020  train win 1.00 margin +168.7  |td| 0.018  eval vs random win 1.00 (+194.2)  vs greedy win 0.53 (+1.6)  [1662s]
 28500 games  eps 0.020  train win 1.00 margin +165.8  |td| 0.018  eval vs random win 1.00 (+178.0)  vs greedy win 0.49 (-0.4)  [1690s]
 29000 games  eps 0.020  train win 1.00 margin +169.6  |td| 0.018  eval vs random win 1.00 (+168.1)  vs greedy win 0.53 (+1.8)  [1718s]
 29500 games  eps 0.020  train win 1.00 margin +170.6  |td| 0.018  eval vs random win 1.00 (+172.1)  vs greedy win 0.36 (-5.5)  [1748s]
 30000 games  eps 0.020  train win 1.00 margin +171.7  |td| 0.018  eval vs random win 1.00 (+174.1)  vs greedy win 0.32 (-7.3)  [1778s]
saved runs\linear\pass5\p5b_sarsa_random_s1.json  (ttr-dash runs\linear\pass5\p5b_sarsa_random_s1.json to analyze)
