training sarsa vs random: 30000 games, alpha 0.05, epsilon 0.2 -> 0.02, reward margin; average 100
(best checkpoint kept by margin vs greedy; play it as linear:runs\linear\pass5\p5b_sarsa_random_s4.json@best)
live: runs\linear\pass5\p5b_sarsa_random_s4.json rewritten every 500 games (watch with ttr-dash --live runs\linear\pass5\p5b_sarsa_random_s4.json)
   500 games  eps 0.110  train win 0.89 margin  +79.9  |td| 0.027  eval vs random win 1.00 (+132.1)  vs greedy win 0.04 (-38.9)  [26s]
  1000 games  eps 0.020  train win 1.00 margin +124.9  |td| 0.018  eval vs random win 1.00 (+135.8)  vs greedy win 0.03 (-49.5)  [57s]
  1500 games  eps 0.020  train win 1.00 margin +133.5  |td| 0.017  eval vs random win 1.00 (+136.3)  vs greedy win 0.07 (-44.3)  [88s]
  2000 games  eps 0.020  train win 1.00 margin +143.3  |td| 0.017  eval vs random win 1.00 (+128.0)  vs greedy win 0.14 (-33.7)  [119s]
  2500 games  eps 0.020  train win 1.00 margin +139.2  |td| 0.017  eval vs random win 1.00 (+146.5)  vs greedy win 0.43 (-4.7)  [150s]
  3000 games  eps 0.020  train win 1.00 margin +149.1  |td| 0.016  eval vs random win 1.00 (+148.9)  vs greedy win 0.32 (-9.7)  [178s]
  3500 games  eps 0.020  train win 1.00 margin +152.3  |td| 0.016  eval vs random win 1.00 (+153.1)  vs greedy win 0.48 (+0.4)  [210s]
  4000 games  eps 0.020  train win 1.00 margin +144.9  |td| 0.016  eval vs random win 1.00 (+146.0)  vs greedy win 0.47 (-3.1)  [237s]
  4500 games  eps 0.020  train win 1.00 margin +148.2  |td| 0.016  eval vs random win 1.00 (+155.8)  vs greedy win 0.31 (-10.1)  [265s]
  5000 games  eps 0.020  train win 1.00 margin +144.9  |td| 0.015  eval vs random win 1.00 (+159.2)  vs greedy win 0.25 (-17.3)  [294s]
  5500 games  eps 0.020  train win 1.00 margin +148.9  |td| 0.016  eval vs random win 1.00 (+150.6)  vs greedy win 0.39 (-6.1)  [322s]
  6000 games  eps 0.020  train win 1.00 margin +155.9  |td| 0.016  eval vs random win 1.00 (+156.4)  vs greedy win 0.41 (-3.6)  [352s]
  6500 games  eps 0.020  train win 1.00 margin +150.7  |td| 0.017  eval vs random win 1.00 (+155.9)  vs greedy win 0.43 (-4.0)  [379s]
  7000 games  eps 0.020  train win 1.00 margin +148.7  |td| 0.017  eval vs random win 1.00 (+151.5)  vs greedy win 0.24 (-15.8)  [408s]
  7500 games  eps 0.020  train win 1.00 margin +151.5  |td| 0.016  eval vs random win 1.00 (+158.6)  vs greedy win 0.44 (-5.2)  [438s]
  8000 games  eps 0.020  train win 1.00 margin +153.0  |td| 0.017  eval vs random win 1.00 (+161.1)  vs greedy win 0.41 (-0.2)  [470s]
  8500 games  eps 0.020  train win 1.00 margin +160.5  |td| 0.017  eval vs random win 1.00 (+160.9)  vs greedy win 0.38 (-5.3)  [501s]
  9000 games  eps 0.020  train win 1.00 margin +156.0  |td| 0.018  eval vs random win 1.00 (+166.0)  vs greedy win 0.44 (-1.5)  [530s]
  9500 games  eps 0.020  train win 1.00 margin +161.3  |td| 0.018  eval vs random win 1.00 (+167.7)  vs greedy win 0.41 (-7.2)  [560s]
 10000 games  eps 0.020  train win 1.00 margin +162.9  |td| 0.018  eval vs random win 1.00 (+179.4)  vs greedy win 0.36 (-6.3)  [590s]
 10500 games  eps 0.020  train win 1.00 margin +168.8  |td| 0.019  eval vs random win 1.00 (+176.4)  vs greedy win 0.47 (-7.0)  [620s]
 11000 games  eps 0.020  train win 1.00 margin +169.7  |td| 0.020  eval vs random win 1.00 (+161.7)  vs greedy win 0.47 (-0.6)  [648s]
 11500 games  eps 0.020  train win 1.00 margin +166.6  |td| 0.019  eval vs random win 1.00 (+165.6)  vs greedy win 0.33 (-11.1)  [678s]
 12000 games  eps 0.020  train win 1.00 margin +170.7  |td| 0.018  eval vs random win 1.00 (+178.0)  vs greedy win 0.41 (-4.5)  [710s]
 12500 games  eps 0.020  train win 1.00 margin +170.1  |td| 0.018  eval vs random win 1.00 (+175.1)  vs greedy win 0.41 (-6.0)  [741s]
 13000 games  eps 0.020  train win 1.00 margin +169.5  |td| 0.018  eval vs random win 1.00 (+171.8)  vs greedy win 0.31 (-8.9)  [770s]
 13500 games  eps 0.020  train win 1.00 margin +170.7  |td| 0.018  eval vs random win 1.00 (+171.1)  vs greedy win 0.34 (-7.8)  [800s]
 14000 games  eps 0.020  train win 1.00 margin +169.7  |td| 0.018  eval vs random win 1.00 (+165.8)  vs greedy win 0.55 (+4.3)  [829s]
 14500 games  eps 0.020  train win 1.00 margin +171.9  |td| 0.018  eval vs random win 1.00 (+183.0)  vs greedy win 0.40 (-7.8)  [857s]
 15000 games  eps 0.020  train win 1.00 margin +173.0  |td| 0.018  eval vs random win 1.00 (+178.5)  vs greedy win 0.47 (-2.2)  [886s]
 15500 games  eps 0.020  train win 1.00 margin +166.9  |td| 0.018  eval vs random win 1.00 (+177.4)  vs greedy win 0.46 (-2.0)  [914s]
 16000 games  eps 0.020  train win 1.00 margin +168.9  |td| 0.018  eval vs random win 1.00 (+177.1)  vs greedy win 0.42 (-3.4)  [944s]
 16500 games  eps 0.020  train win 1.00 margin +170.4  |td| 0.018  eval vs random win 1.00 (+172.5)  vs greedy win 0.45 (-0.1)  [975s]
 17000 games  eps 0.020  train win 1.00 margin +167.2  |td| 0.018  eval vs random win 1.00 (+159.4)  vs greedy win 0.43 (-3.7)  [1003s]
 17500 games  eps 0.020  train win 1.00 margin +169.4  |td| 0.019  eval vs random win 1.00 (+164.4)  vs greedy win 0.35 (-6.8)  [1031s]
 18000 games  eps 0.020  train win 1.00 margin +169.9  |td| 0.018  eval vs random win 1.00 (+168.7)  vs greedy win 0.45 (-3.2)  [1060s]
 18500 games  eps 0.020  train win 1.00 margin +171.0  |td| 0.018  eval vs random win 1.00 (+172.0)  vs greedy win 0.44 (-3.9)  [1090s]
 19000 games  eps 0.020  train win 1.00 margin +150.0  |td| 0.019  eval vs random win 1.00 (+171.8)  vs greedy win 0.48 (+1.9)  [1117s]
 19500 games  eps 0.020  train win 1.00 margin +169.1  |td| 0.018  eval vs random win 1.00 (+164.9)  vs greedy win 0.30 (-10.7)  [1145s]
 20000 games  eps 0.020  train win 1.00 margin +170.6  |td| 0.018  eval vs random win 1.00 (+168.0)  vs greedy win 0.36 (-6.7)  [1173s]
 20500 games  eps 0.020  train win 1.00 margin +164.2  |td| 0.017  eval vs random win 1.00 (+170.1)  vs greedy win 0.47 (-2.3)  [1201s]
 21000 games  eps 0.020  train win 1.00 margin +167.1  |td| 0.018  eval vs random win 1.00 (+166.2)  vs greedy win 0.37 (-6.2)  [1230s]
 21500 games  eps 0.020  train win 1.00 margin +171.7  |td| 0.018  eval vs random win 1.00 (+173.8)  vs greedy win 0.35 (-9.9)  [1258s]
 22000 games  eps 0.020  train win 1.00 margin +168.1  |td| 0.018  eval vs random win 1.00 (+163.5)  vs greedy win 0.49 (-0.7)  [1286s]
 22500 games  eps 0.020  train win 1.00 margin +166.9  |td| 0.018  eval vs random win 1.00 (+167.4)  vs greedy win 0.45 (-3.1)  [1314s]
 23000 games  eps 0.020  train win 1.00 margin +170.7  |td| 0.018  eval vs random win 1.00 (+169.6)  vs greedy win 0.36 (-7.7)  [1342s]
 23500 games  eps 0.020  train win 1.00 margin +167.9  |td| 0.018  eval vs random win 1.00 (+171.5)  vs greedy win 0.56 (+2.3)  [1371s]
 24000 games  eps 0.020  train win 1.00 margin +166.1  |td| 0.017  eval vs random win 1.00 (+176.9)  vs greedy win 0.34 (-5.9)  [1398s]
 24500 games  eps 0.020  train win 1.00 margin +166.5  |td| 0.017  eval vs random win 1.00 (+178.6)  vs greedy win 0.47 (-3.9)  [1427s]
 25000 games  eps 0.020  train win 1.00 margin +157.4  |td| 0.019  eval vs random win 1.00 (+172.5)  vs greedy win 0.45 (-2.5)  [1455s]
 25500 games  eps 0.020  train win 1.00 margin +168.7  |td| 0.017  eval vs random win 1.00 (+168.9)  vs greedy win 0.45 (-2.7)  [1484s]
 26000 games  eps 0.020  train win 1.00 margin +166.1  |td| 0.017  eval vs random win 1.00 (+177.3)  vs greedy win 0.41 (-5.6)  [1511s]
 26500 games  eps 0.020  train win 1.00 margin +169.8  |td| 0.017  eval vs random win 1.00 (+176.4)  vs greedy win 0.36 (-7.7)  [1537s]
 27000 games  eps 0.020  train win 1.00 margin +168.1  |td| 0.017  eval vs random win 1.00 (+167.4)  vs greedy win 0.44 (-0.6)  [1562s]
 27500 games  eps 0.020  train win 1.00 margin +168.1  |td| 0.017  eval vs random win 1.00 (+172.9)  vs greedy win 0.53 (+3.1)  [1586s]
 28000 games  eps 0.020  train win 1.00 margin +172.4  |td| 0.017  eval vs random win 1.00 (+180.9)  vs greedy win 0.46 (-1.7)  [1608s]
 28500 games  eps 0.020  train win 1.00 margin +167.6  |td| 0.017  eval vs random win 1.00 (+175.1)  vs greedy win 0.50 (+2.1)  [1629s]
 29000 games  eps 0.020  train win 1.00 margin +168.5  |td| 0.017  eval vs random win 1.00 (+173.4)  vs greedy win 0.47 (+2.0)  [1650s]
 29500 games  eps 0.020  train win 1.00 margin +168.3  |td| 0.017  eval vs random win 1.00 (+176.6)  vs greedy win 0.36 (-9.3)  [1670s]
 30000 games  eps 0.020  train win 1.00 margin +170.5  |td| 0.017  eval vs random win 1.00 (+172.6)  vs greedy win 0.39 (-4.8)  [1690s]
saved runs\linear\pass5\p5b_sarsa_random_s4.json  (ttr-dash runs\linear\pass5\p5b_sarsa_random_s4.json to analyze)
