training sarsa vs random: 30000 games, alpha 0.05, epsilon 0.2 -> 0.02, reward margin; average 100
(best checkpoint kept by margin vs greedy; play it as linear:runs\linear\pass5\p5b_sarsa_random_s2.json@best)
live: runs\linear\pass5\p5b_sarsa_random_s2.json rewritten every 500 games (watch with ttr-dash --live runs\linear\pass5\p5b_sarsa_random_s2.json)
   500 games  eps 0.110  train win 0.88 margin  +74.3  |td| 0.026  eval vs random win 1.00 (+126.5)  vs greedy win 0.07 (-44.0)  [25s]
  1000 games  eps 0.020  train win 0.98 margin +127.1  |td| 0.020  eval vs random win 1.00 (+145.3)  vs greedy win 0.11 (-41.5)  [56s]
  1500 games  eps 0.020  train win 1.00 margin +140.7  |td| 0.017  eval vs random win 1.00 (+130.1)  vs greedy win 0.02 (-50.2)  [87s]
  2000 games  eps 0.020  train win 1.00 margin +135.5  |td| 0.016  eval vs random win 1.00 (+135.0)  vs greedy win 0.16 (-24.4)  [115s]
  2500 games  eps 0.020  train win 1.00 margin +144.5  |td| 0.016  eval vs random win 1.00 (+140.1)  vs greedy win 0.15 (-24.5)  [144s]
  3000 games  eps 0.020  train win 1.00 margin +151.2  |td| 0.017  eval vs random win 1.00 (+161.7)  vs greedy win 0.21 (-18.4)  [172s]
  3500 games  eps 0.020  train win 1.00 margin +149.1  |td| 0.016  eval vs random win 1.00 (+153.2)  vs greedy win 0.16 (-23.6)  [202s]
  4000 games  eps 0.020  train win 1.00 margin +154.3  |td| 0.016  eval vs random win 1.00 (+160.9)  vs greedy win 0.15 (-22.0)  [230s]
  4500 games  eps 0.020  train win 1.00 margin +155.1  |td| 0.017  eval vs random win 1.00 (+161.7)  vs greedy win 0.15 (-22.6)  [260s]
  5000 games  eps 0.020  train win 1.00 margin +151.5  |td| 0.016  eval vs random win 1.00 (+152.0)  vs greedy win 0.25 (-13.6)  [289s]
  5500 games  eps 0.020  train win 1.00 margin +151.2  |td| 0.017  eval vs random win 1.00 (+152.7)  vs greedy win 0.14 (-21.2)  [318s]
  6000 games  eps 0.020  train win 1.00 margin +146.5  |td| 0.016  eval vs random win 1.00 (+142.4)  vs greedy win 0.22 (-19.5)  [347s]
  6500 games  eps 0.020  train win 1.00 margin +154.7  |td| 0.017  eval vs random win 1.00 (+154.3)  vs greedy win 0.15 (-17.5)  [376s]
  7000 games  eps 0.020  train win 1.00 margin +152.0  |td| 0.017  eval vs random win 1.00 (+156.3)  vs greedy win 0.23 (-14.2)  [404s]
  7500 games  eps 0.020  train win 1.00 margin +154.5  |td| 0.016  eval vs random win 1.00 (+149.0)  vs greedy win 0.21 (-17.5)  [432s]
  8000 games  eps 0.020  train win 1.00 margin +157.9  |td| 0.017  eval vs random win 1.00 (+157.3)  vs greedy win 0.27 (-12.4)  [461s]
  8500 games  eps 0.020  train win 1.00 margin +153.0  |td| 0.017  eval vs random win 1.00 (+153.9)  vs greedy win 0.29 (-14.3)  [489s]
  9000 games  eps 0.020  train win 1.00 margin +159.7  |td| 0.018  eval vs random win 1.00 (+169.4)  vs greedy win 0.32 (-14.0)  [519s]
  9500 games  eps 0.020  train win 1.00 margin +161.5  |td| 0.017  eval vs random win 1.00 (+171.2)  vs greedy win 0.26 (-17.7)  [548s]
 10000 games  eps 0.020  train win 1.00 margin +160.1  |td| 0.017  eval vs random win 1.00 (+168.3)  vs greedy win 0.20 (-18.1)  [578s]
 10500 games  eps 0.020  train win 1.00 margin +168.5  |td| 0.018  eval vs random win 1.00 (+169.7)  vs greedy win 0.23 (-17.2)  [608s]
 11000 games  eps 0.020  train win 1.00 margin +163.0  |td| 0.018  eval vs random win 1.00 (+164.6)  vs greedy win 0.30 (-10.2)  [638s]
 11500 games  eps 0.020  train win 1.00 margin +170.7  |td| 0.019  eval vs random win 1.00 (+168.5)  vs greedy win 0.32 (-10.2)  [667s]
 12000 games  eps 0.020  train win 1.00 margin +167.1  |td| 0.018  eval vs random win 1.00 (+176.9)  vs greedy win 0.28 (-12.3)  [695s]
 12500 games  eps 0.020  train win 1.00 margin +165.3  |td| 0.018  eval vs random win 1.00 (+169.2)  vs greedy win 0.27 (-11.8)  [724s]
 13000 games  eps 0.020  train win 1.00 margin +169.9  |td| 0.019  eval vs random win 1.00 (+172.3)  vs greedy win 0.25 (-15.1)  [753s]
 13500 games  eps 0.020  train win 1.00 margin +164.8  |td| 0.018  eval vs random win 1.00 (+176.7)  vs greedy win 0.31 (-9.7)  [782s]
 14000 games  eps 0.020  train win 1.00 margin +169.4  |td| 0.018  eval vs random win 1.00 (+174.3)  vs greedy win 0.33 (-14.8)  [811s]
 14500 games  eps 0.020  train win 1.00 margin +168.6  |td| 0.019  eval vs random win 1.00 (+169.1)  vs greedy win 0.35 (-10.9)  [840s]
 15000 games  eps 0.020  train win 1.00 margin +172.9  |td| 0.019  eval vs random win 1.00 (+173.3)  vs greedy win 0.29 (-11.5)  [868s]
 15500 games  eps 0.020  train win 1.00 margin +172.4  |td| 0.019  eval vs random win 1.00 (+179.6)  vs greedy win 0.29 (-11.8)  [897s]
 16000 games  eps 0.020  train win 1.00 margin +169.3  |td| 0.019  eval vs random win 1.00 (+179.9)  vs greedy win 0.30 (-11.7)  [926s]
 16500 games  eps 0.020  train win 1.00 margin +164.7  |td| 0.019  eval vs random win 1.00 (+164.8)  vs greedy win 0.34 (-10.0)  [956s]
 17000 games  eps 0.020  train win 1.00 margin +170.0  |td| 0.018  eval vs random win 1.00 (+173.7)  vs greedy win 0.30 (-9.6)  [985s]
 17500 games  eps 0.020  train win 1.00 margin +171.8  |td| 0.018  eval vs random win 1.00 (+161.3)  vs greedy win 0.34 (-8.1)  [1014s]
 18000 games  eps 0.020  train win 1.00 margin +170.5  |td| 0.018  eval vs random win 1.00 (+171.5)  vs greedy win 0.31 (-10.2)  [1042s]
 18500 games  eps 0.020  train win 1.00 margin +168.4  |td| 0.018  eval vs random win 1.00 (+159.0)  vs greedy win 0.28 (-12.2)  [1072s]
 19000 games  eps 0.020  train win 1.00 margin +170.8  |td| 0.018  eval vs random win 1.00 (+162.8)  vs greedy win 0.32 (-11.8)  [1101s]
 19500 games  eps 0.020  train win 1.00 margin +168.6  |td| 0.018  eval vs random win 1.00 (+178.1)  vs greedy win 0.25 (-12.6)  [1130s]
 20000 games  eps 0.020  train win 1.00 margin +164.4  |td| 0.018  eval vs random win 1.00 (+176.5)  vs greedy win 0.36 (-6.4)  [1158s]
 20500 games  eps 0.020  train win 1.00 margin +166.5  |td| 0.018  eval vs random win 1.00 (+168.3)  vs greedy win 0.37 (-8.9)  [1186s]
 21000 games  eps 0.020  train win 1.00 margin +168.3  |td| 0.018  eval vs random win 1.00 (+167.0)  vs greedy win 0.25 (-11.6)  [1215s]
 21500 games  eps 0.020  train win 1.00 margin +168.2  |td| 0.018  eval vs random win 1.00 (+165.0)  vs greedy win 0.28 (-11.4)  [1244s]
 22000 games  eps 0.020  train win 1.00 margin +170.9  |td| 0.018  eval vs random win 1.00 (+168.6)  vs greedy win 0.30 (-10.9)  [1273s]
 22500 games  eps 0.020  train win 1.00 margin +168.2  |td| 0.018  eval vs random win 1.00 (+166.0)  vs greedy win 0.23 (-14.1)  [1302s]
 23000 games  eps 0.020  train win 1.00 margin +172.1  |td| 0.018  eval vs random win 1.00 (+172.4)  vs greedy win 0.37 (-10.5)  [1332s]
 23500 games  eps 0.020  train win 1.00 margin +163.5  |td| 0.019  eval vs random win 1.00 (+174.7)  vs greedy win 0.45 (-2.7)  [1362s]
 24000 games  eps 0.020  train win 1.00 margin +166.6  |td| 0.017  eval vs random win 1.00 (+173.8)  vs greedy win 0.26 (-12.3)  [1390s]
 24500 games  eps 0.020  train win 1.00 margin +166.8  |td| 0.018  eval vs random win 1.00 (+160.7)  vs greedy win 0.28 (-11.8)  [1418s]
 25000 games  eps 0.020  train win 1.00 margin +165.8  |td| 0.018  eval vs random win 1.00 (+172.2)  vs greedy win 0.31 (-10.9)  [1447s]
 25500 games  eps 0.020  train win 1.00 margin +168.3  |td| 0.018  eval vs random win 1.00 (+179.2)  vs greedy win 0.42 (-6.2)  [1476s]
 26000 games  eps 0.020  train win 1.00 margin +164.2  |td| 0.018  eval vs random win 1.00 (+180.7)  vs greedy win 0.28 (-13.2)  [1504s]
 26500 games  eps 0.020  train win 1.00 margin +174.8  |td| 0.018  eval vs random win 1.00 (+175.1)  vs greedy win 0.26 (-11.2)  [1533s]
 27000 games  eps 0.020  train win 1.00 margin +169.3  |td| 0.018  eval vs random win 1.00 (+169.8)  vs greedy win 0.35 (-8.7)  [1561s]
 27500 games  eps 0.020  train win 1.00 margin +168.0  |td| 0.018  eval vs random win 1.00 (+178.8)  vs greedy win 0.27 (-11.0)  [1589s]
 28000 games  eps 0.020  train win 1.00 margin +155.2  |td| 0.019  eval vs random win 1.00 (+169.4)  vs greedy win 0.36 (-7.4)  [1618s]
 28500 games  eps 0.020  train win 1.00 margin +169.0  |td| 0.017  eval vs random win 1.00 (+168.3)  vs greedy win 0.30 (-10.4)  [1646s]
 29000 games  eps 0.020  train win 1.00 margin +155.1  |td| 0.018  eval vs random win 1.00 (+173.4)  vs greedy win 0.32 (-9.7)  [1674s]
 29500 games  eps 0.020  train win 1.00 margin +169.6  |td| 0.018  eval vs random win 1.00 (+179.1)  vs greedy win 0.30 (-13.5)  [1701s]
 30000 games  eps 0.020  train win 1.00 margin +165.1  |td| 0.018  eval vs random win 1.00 (+166.4)  vs greedy win 0.29 (-10.7)  [1727s]
saved runs\linear\pass5\p5b_sarsa_random_s2.json  (ttr-dash runs\linear\pass5\p5b_sarsa_random_s2.json to analyze)
