training q vs greedy: 30000 games, alpha 0.05, epsilon 0.2 -> 0.02, reward margin; average 100
(best checkpoint kept by margin vs greedy; play it as linear:runs\linear\pass5\p5c_q_greedy_s3.json@best)
live: runs\linear\pass5\p5c_q_greedy_s3.json rewritten every 500 games (watch with ttr-dash --live runs\linear\pass5\p5c_q_greedy_s3.json)
   500 games  eps 0.110  train win 0.00 margin  -98.6  |td| 0.015  eval vs random win 1.00 (+126.1)  vs greedy win 0.00 (-91.8)  [21s]
  1000 games  eps 0.020  train win 0.00 margin  -89.8  |td| 0.011  eval vs random win 1.00 (+117.5)  vs greedy win 0.00 (-83.2)  [47s]
  1500 games  eps 0.020  train win 0.22 margin  -34.5  |td| 0.013  eval vs random win 1.00 (+140.5)  vs greedy win 0.46 (-3.0)  [74s]
  2000 games  eps 0.020  train win 0.33 margin  -15.4  |td| 0.012  eval vs random win 1.00 (+131.9)  vs greedy win 0.46 (-1.1)  [103s]
  2500 games  eps 0.020  train win 0.39 margin   -8.1  |td| 0.011  eval vs random win 1.00 (+133.8)  vs greedy win 0.45 (-3.7)  [133s]
  3000 games  eps 0.020  train win 0.39 margin   -8.4  |td| 0.011  eval vs random win 1.00 (+138.9)  vs greedy win 0.44 (-8.0)  [161s]
  3500 games  eps 0.020  train win 0.40 margin   -9.3  |td| 0.011  eval vs random win 1.00 (+145.0)  vs greedy win 0.52 (+2.9)  [189s]
  4000 games  eps 0.020  train win 0.40 margin   -6.4  |td| 0.011  eval vs random win 1.00 (+140.6)  vs greedy win 0.49 (+1.0)  [217s]
  4500 games  eps 0.020  train win 0.39 margin  -10.3  |td| 0.010  eval vs random win 1.00 (+140.3)  vs greedy win 0.47 (-4.1)  [245s]
  5000 games  eps 0.020  train win 0.35 margin  -15.8  |td| 0.010  eval vs random win 1.00 (+124.0)  vs greedy win 0.21 (-22.1)  [273s]
  5500 games  eps 0.020  train win 0.32 margin  -17.8  |td| 0.011  eval vs random win 1.00 (+138.8)  vs greedy win 0.34 (-12.7)  [302s]
  6000 games  eps 0.020  train win 0.40 margin   -8.2  |td| 0.010  eval vs random win 1.00 (+131.0)  vs greedy win 0.27 (-14.3)  [330s]
  6500 games  eps 0.020  train win 0.39 margin   -8.5  |td| 0.010  eval vs random win 1.00 (+135.2)  vs greedy win 0.30 (-15.2)  [358s]
  7000 games  eps 0.020  train win 0.32 margin  -16.6  |td| 0.011  eval vs random win 1.00 (+145.9)  vs greedy win 0.44 (-2.2)  [386s]
  7500 games  eps 0.020  train win 0.35 margin  -12.4  |td| 0.010  eval vs random win 1.00 (+141.1)  vs greedy win 0.40 (-2.3)  [414s]
  8000 games  eps 0.020  train win 0.29 margin  -17.8  |td| 0.011  eval vs random win 1.00 (+141.6)  vs greedy win 0.49 (+1.2)  [442s]
  8500 games  eps 0.020  train win 0.38 margin   -9.6  |td| 0.010  eval vs random win 1.00 (+137.4)  vs greedy win 0.50 (-3.3)  [469s]
  9000 games  eps 0.020  train win 0.28 margin  -20.5  |td| 0.010  eval vs random win 1.00 (+134.7)  vs greedy win 0.41 (-5.2)  [497s]
  9500 games  eps 0.020  train win 0.31 margin  -16.3  |td| 0.010  eval vs random win 1.00 (+143.4)  vs greedy win 0.43 (-3.6)  [525s]
 10000 games  eps 0.020  train win 0.29 margin  -20.4  |td| 0.011  eval vs random win 1.00 (+143.4)  vs greedy win 0.54 (+2.9)  [553s]
 10500 games  eps 0.020  train win 0.28 margin  -21.9  |td| 0.011  eval vs random win 1.00 (+141.4)  vs greedy win 0.46 (-3.3)  [582s]
 11000 games  eps 0.020  train win 0.35 margin  -11.0  |td| 0.010  eval vs random win 1.00 (+137.6)  vs greedy win 0.40 (-5.8)  [610s]
 11500 games  eps 0.020  train win 0.32 margin  -13.1  |td| 0.010  eval vs random win 1.00 (+131.8)  vs greedy win 0.33 (-11.2)  [638s]
 12000 games  eps 0.020  train win 0.32 margin  -14.0  |td| 0.010  eval vs random win 1.00 (+144.4)  vs greedy win 0.49 (-1.1)  [666s]
 12500 games  eps 0.020  train win 0.30 margin  -19.3  |td| 0.010  eval vs random win 1.00 (+127.2)  vs greedy win 0.12 (-30.4)  [693s]
 13000 games  eps 0.020  train win 0.40 margin   -6.2  |td| 0.010  eval vs random win 1.00 (+136.2)  vs greedy win 0.54 (+0.5)  [721s]
 13500 games  eps 0.020  train win 0.39 margin   -7.0  |td| 0.009  eval vs random win 1.00 (+140.2)  vs greedy win 0.48 (-3.5)  [748s]
 14000 games  eps 0.020  train win 0.27 margin  -20.0  |td| 0.010  eval vs random win 1.00 (+137.8)  vs greedy win 0.41 (-4.7)  [775s]
 14500 games  eps 0.020  train win 0.28 margin  -14.0  |td| 0.009  eval vs random win 1.00 (+148.4)  vs greedy win 0.43 (-4.2)  [804s]
 15000 games  eps 0.020  train win 0.26 margin  -25.0  |td| 0.011  eval vs random win 1.00 (+146.1)  vs greedy win 0.39 (-5.4)  [832s]
 15500 games  eps 0.020  train win 0.27 margin  -21.0  |td| 0.010  eval vs random win 1.00 (+138.2)  vs greedy win 0.30 (-14.6)  [859s]
 16000 games  eps 0.020  train win 0.33 margin  -17.3  |td| 0.010  eval vs random win 1.00 (+134.0)  vs greedy win 0.17 (-28.6)  [886s]
 16500 games  eps 0.020  train win 0.36 margin  -15.8  |td| 0.010  eval vs random win 1.00 (+135.3)  vs greedy win 0.14 (-34.0)  [914s]
 17000 games  eps 0.020  train win 0.30 margin  -20.9  |td| 0.010  eval vs random win 1.00 (+143.6)  vs greedy win 0.45 (-3.8)  [942s]
 17500 games  eps 0.020  train win 0.41 margin   -5.8  |td| 0.010  eval vs random win 1.00 (+146.7)  vs greedy win 0.54 (+1.0)  [970s]
 18000 games  eps 0.020  train win 0.33 margin  -15.4  |td| 0.010  eval vs random win 1.00 (+136.1)  vs greedy win 0.44 (-2.0)  [997s]
 18500 games  eps 0.020  train win 0.25 margin  -23.3  |td| 0.010  eval vs random win 1.00 (+137.4)  vs greedy win 0.31 (-12.7)  [1024s]
 19000 games  eps 0.020  train win 0.34 margin  -12.2  |td| 0.010  eval vs random win 1.00 (+135.7)  vs greedy win 0.42 (-5.7)  [1051s]
 19500 games  eps 0.020  train win 0.22 margin  -22.9  |td| 0.009  eval vs random win 1.00 (+133.7)  vs greedy win 0.16 (-27.0)  [1080s]
 20000 games  eps 0.020  train win 0.33 margin  -16.3  |td| 0.010  eval vs random win 1.00 (+140.5)  vs greedy win 0.14 (-31.8)  [1108s]
 20500 games  eps 0.020  train win 0.29 margin  -25.5  |td| 0.011  eval vs random win 1.00 (+148.7)  vs greedy win 0.61 (+6.8)  [1134s]
 21000 games  eps 0.020  train win 0.25 margin  -30.8  |td| 0.011  eval vs random win 1.00 (+144.7)  vs greedy win 0.45 (-3.4)  [1163s]
 21500 games  eps 0.020  train win 0.08 margin  -42.7  |td| 0.010  eval vs random win 1.00 (+129.6)  vs greedy win 0.06 (-36.4)  [1190s]
 22000 games  eps 0.020  train win 0.14 margin  -31.1  |td| 0.010  eval vs random win 1.00 (+132.3)  vs greedy win 0.20 (-25.1)  [1216s]
 22500 games  eps 0.020  train win 0.19 margin  -27.5  |td| 0.010  eval vs random win 1.00 (+131.6)  vs greedy win 0.17 (-28.9)  [1243s]
 23000 games  eps 0.020  train win 0.13 margin  -33.9  |td| 0.010  eval vs random win 1.00 (+125.0)  vs greedy win 0.09 (-40.1)  [1268s]
 23500 games  eps 0.020  train win 0.34 margin  -15.5  |td| 0.010  eval vs random win 1.00 (+136.1)  vs greedy win 0.26 (-19.7)  [1295s]
 24000 games  eps 0.020  train win 0.33 margin  -16.2  |td| 0.010  eval vs random win 1.00 (+137.7)  vs greedy win 0.35 (-10.4)  [1322s]
 24500 games  eps 0.020  train win 0.13 margin  -32.1  |td| 0.010  eval vs random win 1.00 (+134.7)  vs greedy win 0.26 (-17.1)  [1347s]
 25000 games  eps 0.020  train win 0.27 margin  -16.1  |td| 0.009  eval vs random win 1.00 (+128.5)  vs greedy win 0.21 (-22.1)  [1374s]
 25500 games  eps 0.020  train win 0.16 margin  -29.7  |td| 0.009  eval vs random win 1.00 (+137.8)  vs greedy win 0.21 (-21.9)  [1401s]
 26000 games  eps 0.020  train win 0.28 margin  -17.6  |td| 0.009  eval vs random win 1.00 (+135.6)  vs greedy win 0.33 (-13.6)  [1428s]
 26500 games  eps 0.020  train win 0.34 margin  -10.2  |td| 0.009  eval vs random win 1.00 (+145.7)  vs greedy win 0.32 (-14.6)  [1455s]
 27000 games  eps 0.020  train win 0.26 margin  -21.6  |td| 0.009  eval vs random win 1.00 (+133.7)  vs greedy win 0.19 (-21.6)  [1482s]
 27500 games  eps 0.020  train win 0.27 margin  -21.0  |td| 0.010  eval vs random win 1.00 (+136.6)  vs greedy win 0.19 (-29.6)  [1510s]
 28000 games  eps 0.020  train win 0.28 margin  -18.4  |td| 0.010  eval vs random win 1.00 (+139.3)  vs greedy win 0.20 (-20.6)  [1535s]
 28500 games  eps 0.020  train win 0.27 margin  -22.2  |td| 0.010  eval vs random win 1.00 (+150.7)  vs greedy win 0.54 (+3.7)  [1561s]
 29000 games  eps 0.020  train win 0.25 margin  -25.4  |td| 0.010  eval vs random win 1.00 (+147.2)  vs greedy win 0.58 (+2.4)  [1588s]
 29500 games  eps 0.020  train win 0.20 margin  -24.9  |td| 0.010  eval vs random win 1.00 (+138.6)  vs greedy win 0.25 (-20.6)  [1613s]
 30000 games  eps 0.020  train win 0.31 margin  -15.0  |td| 0.010  eval vs random win 1.00 (+144.9)  vs greedy win 0.32 (-12.6)  [1639s]
saved runs\linear\pass5\p5c_q_greedy_s3.json  (ttr-dash runs\linear\pass5\p5c_q_greedy_s3.json to analyze)
