training q vs greedy: 30000 games, alpha 0.05, epsilon 0.2 -> 0.02, reward margin; average 100
(best checkpoint kept by margin vs greedy; play it as linear:runs\linear\pass5\p5c_q_greedy_s2.json@best)
live: runs\linear\pass5\p5c_q_greedy_s2.json rewritten every 500 games (watch with ttr-dash --live runs\linear\pass5\p5c_q_greedy_s2.json)
   500 games  eps 0.110  train win 0.00 margin  -98.3  |td| 0.015  eval vs random win 1.00 (+124.5)  vs greedy win 0.00 (-85.3)  [20s]
  1000 games  eps 0.020  train win 0.02 margin  -79.4  |td| 0.012  eval vs random win 1.00 (+144.1)  vs greedy win 0.06 (-60.0)  [44s]
  1500 games  eps 0.020  train win 0.29 margin  -19.9  |td| 0.013  eval vs random win 1.00 (+127.4)  vs greedy win 0.40 (-11.6)  [70s]
  2000 games  eps 0.020  train win 0.35 margin  -12.4  |td| 0.012  eval vs random win 1.00 (+134.1)  vs greedy win 0.47 (-4.2)  [99s]
  2500 games  eps 0.020  train win 0.41 margin   -7.0  |td| 0.012  eval vs random win 1.00 (+139.3)  vs greedy win 0.49 (-0.2)  [129s]
  3000 games  eps 0.020  train win 0.40 margin   -7.5  |td| 0.012  eval vs random win 1.00 (+136.1)  vs greedy win 0.49 (-1.6)  [157s]
  3500 games  eps 0.020  train win 0.44 margin   -8.7  |td| 0.012  eval vs random win 1.00 (+145.2)  vs greedy win 0.53 (+1.2)  [186s]
  4000 games  eps 0.020  train win 0.43 margin   -5.9  |td| 0.012  eval vs random win 1.00 (+134.0)  vs greedy win 0.48 (-3.3)  [214s]
  4500 games  eps 0.020  train win 0.40 margin  -11.4  |td| 0.012  eval vs random win 1.00 (+146.8)  vs greedy win 0.60 (+8.6)  [242s]
  5000 games  eps 0.020  train win 0.37 margin  -11.5  |td| 0.011  eval vs random win 1.00 (+135.0)  vs greedy win 0.41 (-2.3)  [270s]
  5500 games  eps 0.020  train win 0.45 margin   -5.2  |td| 0.011  eval vs random win 1.00 (+145.9)  vs greedy win 0.53 (+4.2)  [299s]
  6000 games  eps 0.020  train win 0.36 margin  -12.0  |td| 0.011  eval vs random win 1.00 (+137.2)  vs greedy win 0.42 (-7.5)  [327s]
  6500 games  eps 0.020  train win 0.41 margin   -6.4  |td| 0.011  eval vs random win 1.00 (+130.4)  vs greedy win 0.31 (-12.5)  [356s]
  7000 games  eps 0.020  train win 0.37 margin  -11.2  |td| 0.011  eval vs random win 1.00 (+137.4)  vs greedy win 0.45 (-5.0)  [385s]
  7500 games  eps 0.020  train win 0.33 margin  -17.6  |td| 0.011  eval vs random win 1.00 (+140.5)  vs greedy win 0.42 (-7.7)  [413s]
  8000 games  eps 0.020  train win 0.41 margin   -8.0  |td| 0.011  eval vs random win 1.00 (+140.0)  vs greedy win 0.52 (+2.1)  [440s]
  8500 games  eps 0.020  train win 0.39 margin   -8.7  |td| 0.010  eval vs random win 1.00 (+133.9)  vs greedy win 0.54 (+0.3)  [468s]
  9000 games  eps 0.020  train win 0.26 margin  -20.0  |td| 0.010  eval vs random win 1.00 (+134.4)  vs greedy win 0.21 (-19.9)  [495s]
  9500 games  eps 0.020  train win 0.28 margin  -19.4  |td| 0.010  eval vs random win 1.00 (+129.8)  vs greedy win 0.25 (-22.3)  [523s]
 10000 games  eps 0.020  train win 0.39 margin  -10.3  |td| 0.010  eval vs random win 1.00 (+137.2)  vs greedy win 0.22 (-15.0)  [550s]
 10500 games  eps 0.020  train win 0.31 margin  -19.4  |td| 0.011  eval vs random win 1.00 (+127.5)  vs greedy win 0.15 (-31.3)  [578s]
 11000 games  eps 0.020  train win 0.39 margin   -9.4  |td| 0.010  eval vs random win 1.00 (+143.8)  vs greedy win 0.49 (-1.0)  [605s]
 11500 games  eps 0.020  train win 0.32 margin  -15.6  |td| 0.010  eval vs random win 1.00 (+139.5)  vs greedy win 0.42 (-6.5)  [635s]
 12000 games  eps 0.020  train win 0.33 margin  -11.9  |td| 0.010  eval vs random win 1.00 (+129.2)  vs greedy win 0.36 (-10.3)  [662s]
 12500 games  eps 0.020  train win 0.39 margin  -11.8  |td| 0.010  eval vs random win 1.00 (+135.0)  vs greedy win 0.32 (-10.8)  [690s]
 13000 games  eps 0.020  train win 0.42 margin   -6.2  |td| 0.010  eval vs random win 1.00 (+145.0)  vs greedy win 0.43 (-4.7)  [718s]
 13500 games  eps 0.020  train win 0.21 margin  -29.6  |td| 0.011  eval vs random win 1.00 (+148.6)  vs greedy win 0.57 (+5.8)  [745s]
 14000 games  eps 0.020  train win 0.41 margin   -7.8  |td| 0.010  eval vs random win 1.00 (+149.8)  vs greedy win 0.49 (-0.7)  [773s]
 14500 games  eps 0.020  train win 0.41 margin   -6.5  |td| 0.010  eval vs random win 1.00 (+140.8)  vs greedy win 0.35 (-6.0)  [801s]
 15000 games  eps 0.020  train win 0.24 margin  -26.4  |td| 0.010  eval vs random win 1.00 (+134.2)  vs greedy win 0.34 (-15.7)  [828s]
 15500 games  eps 0.020  train win 0.28 margin  -24.2  |td| 0.010  eval vs random win 1.00 (+136.2)  vs greedy win 0.09 (-41.5)  [856s]
 16000 games  eps 0.020  train win 0.34 margin  -11.9  |td| 0.011  eval vs random win 1.00 (+139.4)  vs greedy win 0.38 (-6.2)  [885s]
 16500 games  eps 0.020  train win 0.38 margin  -13.1  |td| 0.010  eval vs random win 1.00 (+136.6)  vs greedy win 0.44 (-11.9)  [912s]
 17000 games  eps 0.020  train win 0.27 margin  -24.9  |td| 0.010  eval vs random win 1.00 (+128.0)  vs greedy win 0.07 (-34.9)  [940s]
 17500 games  eps 0.020  train win 0.31 margin  -17.1  |td| 0.010  eval vs random win 1.00 (+122.5)  vs greedy win 0.18 (-25.2)  [968s]
 18000 games  eps 0.020  train win 0.29 margin  -23.6  |td| 0.011  eval vs random win 1.00 (+124.8)  vs greedy win 0.07 (-43.8)  [995s]
 18500 games  eps 0.020  train win 0.31 margin  -19.9  |td| 0.010  eval vs random win 1.00 (+140.2)  vs greedy win 0.46 (-1.1)  [1023s]
 19000 games  eps 0.020  train win 0.23 margin  -21.6  |td| 0.010  eval vs random win 1.00 (+139.1)  vs greedy win 0.29 (-16.5)  [1051s]
 19500 games  eps 0.020  train win 0.28 margin  -19.8  |td| 0.010  eval vs random win 1.00 (+130.4)  vs greedy win 0.13 (-31.2)  [1079s]
 20000 games  eps 0.020  train win 0.34 margin  -16.4  |td| 0.011  eval vs random win 1.00 (+148.3)  vs greedy win 0.41 (-8.8)  [1107s]
 20500 games  eps 0.020  train win 0.33 margin  -18.5  |td| 0.011  eval vs random win 1.00 (+141.9)  vs greedy win 0.37 (-11.0)  [1136s]
 21000 games  eps 0.020  train win 0.31 margin  -18.2  |td| 0.010  eval vs random win 1.00 (+130.6)  vs greedy win 0.10 (-33.0)  [1165s]
 21500 games  eps 0.020  train win 0.35 margin  -14.6  |td| 0.011  eval vs random win 1.00 (+131.2)  vs greedy win 0.31 (-12.9)  [1193s]
 22000 games  eps 0.020  train win 0.32 margin  -16.4  |td| 0.010  eval vs random win 1.00 (+134.9)  vs greedy win 0.43 (-4.4)  [1221s]
 22500 games  eps 0.020  train win 0.30 margin  -14.7  |td| 0.010  eval vs random win 1.00 (+145.6)  vs greedy win 0.55 (+4.2)  [1248s]
 23000 games  eps 0.020  train win 0.21 margin  -32.4  |td| 0.010  eval vs random win 1.00 (+143.7)  vs greedy win 0.46 (-3.5)  [1274s]
 23500 games  eps 0.020  train win 0.21 margin  -32.0  |td| 0.010  eval vs random win 1.00 (+133.5)  vs greedy win 0.35 (-9.2)  [1300s]
 24000 games  eps 0.020  train win 0.35 margin  -10.5  |td| 0.010  eval vs random win 1.00 (+140.1)  vs greedy win 0.26 (-13.5)  [1327s]
 24500 games  eps 0.020  train win 0.29 margin  -19.9  |td| 0.010  eval vs random win 1.00 (+129.3)  vs greedy win 0.13 (-36.7)  [1353s]
 25000 games  eps 0.020  train win 0.26 margin  -24.2  |td| 0.010  eval vs random win 1.00 (+125.4)  vs greedy win 0.14 (-33.0)  [1380s]
 25500 games  eps 0.020  train win 0.34 margin  -15.1  |td| 0.010  eval vs random win 1.00 (+138.0)  vs greedy win 0.43 (-3.9)  [1406s]
 26000 games  eps 0.020  train win 0.07 margin  -43.2  |td| 0.010  eval vs random win 1.00 (+129.8)  vs greedy win 0.03 (-46.9)  [1432s]
 26500 games  eps 0.020  train win 0.30 margin  -17.3  |td| 0.010  eval vs random win 1.00 (+145.4)  vs greedy win 0.50 (-1.6)  [1460s]
 27000 games  eps 0.020  train win 0.33 margin  -18.6  |td| 0.010  eval vs random win 1.00 (+136.2)  vs greedy win 0.58 (+4.2)  [1487s]
 27500 games  eps 0.020  train win 0.34 margin  -14.2  |td| 0.010  eval vs random win 1.00 (+134.1)  vs greedy win 0.50 (+0.3)  [1514s]
 28000 games  eps 0.020  train win 0.33 margin  -17.0  |td| 0.010  eval vs random win 1.00 (+135.3)  vs greedy win 0.31 (-11.5)  [1540s]
 28500 games  eps 0.020  train win 0.25 margin  -27.2  |td| 0.010  eval vs random win 1.00 (+134.1)  vs greedy win 0.18 (-22.9)  [1567s]
 29000 games  eps 0.020  train win 0.27 margin  -28.4  |td| 0.011  eval vs random win 1.00 (+124.0)  vs greedy win 0.05 (-43.3)  [1594s]
 29500 games  eps 0.020  train win 0.31 margin  -26.1  |td| 0.011  eval vs random win 1.00 (+121.9)  vs greedy win 0.07 (-40.4)  [1620s]
 30000 games  eps 0.020  train win 0.28 margin  -21.2  |td| 0.011  eval vs random win 1.00 (+126.6)  vs greedy win 0.10 (-31.7)  [1646s]
saved runs\linear\pass5\p5c_q_greedy_s2.json  (ttr-dash runs\linear\pass5\p5c_q_greedy_s2.json to analyze)
