training q vs greedy: 30000 games, alpha 0.05, epsilon 0.2 -> 0.02, reward margin; average 100
(best checkpoint kept by margin vs greedy; play it as linear:runs\linear\pass5\p5c_q_greedy_s4.json@best)
live: runs\linear\pass5\p5c_q_greedy_s4.json rewritten every 500 games (watch with ttr-dash --live runs\linear\pass5\p5c_q_greedy_s4.json)
   500 games  eps 0.110  train win 0.00 margin -104.9  |td| 0.016  eval vs random win 1.00 (+130.9)  vs greedy win 0.00 (-90.9)  [20s]
  1000 games  eps 0.020  train win 0.11 margin  -47.2  |td| 0.014  eval vs random win 1.00 (+140.5)  vs greedy win 0.34 (-10.5)  [46s]
  1500 games  eps 0.020  train win 0.33 margin  -15.9  |td| 0.014  eval vs random win 1.00 (+132.1)  vs greedy win 0.32 (-11.4)  [74s]
  2000 games  eps 0.020  train win 0.42 margin   -7.6  |td| 0.013  eval vs random win 1.00 (+134.8)  vs greedy win 0.44 (-2.1)  [104s]
  2500 games  eps 0.020  train win 0.50 margin   -4.3  |td| 0.012  eval vs random win 1.00 (+137.6)  vs greedy win 0.51 (-1.4)  [133s]
  3000 games  eps 0.020  train win 0.38 margin  -10.2  |td| 0.012  eval vs random win 1.00 (+128.4)  vs greedy win 0.38 (-6.5)  [162s]
  3500 games  eps 0.020  train win 0.39 margin   -9.5  |td| 0.012  eval vs random win 1.00 (+138.9)  vs greedy win 0.41 (-8.3)  [192s]
  4000 games  eps 0.020  train win 0.39 margin  -10.0  |td| 0.012  eval vs random win 1.00 (+136.1)  vs greedy win 0.49 (-0.9)  [220s]
  4500 games  eps 0.020  train win 0.36 margin  -13.5  |td| 0.011  eval vs random win 1.00 (+133.7)  vs greedy win 0.36 (-10.8)  [249s]
  5000 games  eps 0.020  train win 0.46 margin   -4.9  |td| 0.011  eval vs random win 1.00 (+135.8)  vs greedy win 0.45 (-3.8)  [277s]
  5500 games  eps 0.020  train win 0.38 margin  -11.5  |td| 0.011  eval vs random win 1.00 (+141.1)  vs greedy win 0.43 (-6.2)  [306s]
  6000 games  eps 0.020  train win 0.41 margin   -6.6  |td| 0.011  eval vs random win 1.00 (+138.9)  vs greedy win 0.43 (-6.2)  [335s]
  6500 games  eps 0.020  train win 0.39 margin  -10.1  |td| 0.011  eval vs random win 1.00 (+144.2)  vs greedy win 0.53 (+1.0)  [363s]
  7000 games  eps 0.020  train win 0.36 margin  -13.1  |td| 0.011  eval vs random win 1.00 (+148.2)  vs greedy win 0.51 (+4.0)  [391s]
  7500 games  eps 0.020  train win 0.40 margin   -7.6  |td| 0.011  eval vs random win 1.00 (+135.2)  vs greedy win 0.43 (-5.7)  [418s]
  8000 games  eps 0.020  train win 0.40 margin   -8.4  |td| 0.011  eval vs random win 1.00 (+147.1)  vs greedy win 0.61 (+6.3)  [448s]
  8500 games  eps 0.020  train win 0.26 margin  -23.4  |td| 0.011  eval vs random win 1.00 (+140.5)  vs greedy win 0.57 (+1.8)  [475s]
  9000 games  eps 0.020  train win 0.47 margin   -2.6  |td| 0.010  eval vs random win 1.00 (+137.2)  vs greedy win 0.42 (-4.0)  [503s]
  9500 games  eps 0.020  train win 0.37 margin  -10.9  |td| 0.010  eval vs random win 1.00 (+134.5)  vs greedy win 0.41 (-6.5)  [531s]
 10000 games  eps 0.020  train win 0.37 margin  -12.9  |td| 0.011  eval vs random win 1.00 (+140.9)  vs greedy win 0.41 (-6.0)  [559s]
 10500 games  eps 0.020  train win 0.37 margin  -14.0  |td| 0.010  eval vs random win 1.00 (+130.4)  vs greedy win 0.18 (-26.5)  [587s]
 11000 games  eps 0.020  train win 0.38 margin  -11.2  |td| 0.011  eval vs random win 1.00 (+134.4)  vs greedy win 0.36 (-7.8)  [614s]
 11500 games  eps 0.020  train win 0.42 margin   -8.6  |td| 0.010  eval vs random win 1.00 (+141.9)  vs greedy win 0.51 (+1.5)  [642s]
 12000 games  eps 0.020  train win 0.35 margin  -12.7  |td| 0.010  eval vs random win 1.00 (+142.3)  vs greedy win 0.57 (+0.9)  [670s]
 12500 games  eps 0.020  train win 0.34 margin  -11.9  |td| 0.010  eval vs random win 1.00 (+137.0)  vs greedy win 0.45 (-8.3)  [699s]
 13000 games  eps 0.020  train win 0.24 margin  -28.3  |td| 0.010  eval vs random win 1.00 (+135.0)  vs greedy win 0.13 (-34.9)  [727s]
 13500 games  eps 0.020  train win 0.36 margin  -10.9  |td| 0.011  eval vs random win 1.00 (+130.4)  vs greedy win 0.30 (-18.2)  [754s]
 14000 games  eps 0.020  train win 0.30 margin  -17.2  |td| 0.010  eval vs random win 1.00 (+131.7)  vs greedy win 0.31 (-14.4)  [782s]
 14500 games  eps 0.020  train win 0.37 margin   -9.9  |td| 0.010  eval vs random win 1.00 (+148.7)  vs greedy win 0.38 (-7.5)  [809s]
 15000 games  eps 0.020  train win 0.38 margin  -10.0  |td| 0.010  eval vs random win 1.00 (+145.7)  vs greedy win 0.36 (-8.4)  [836s]
 15500 games  eps 0.020  train win 0.29 margin  -17.6  |td| 0.010  eval vs random win 1.00 (+132.1)  vs greedy win 0.25 (-19.2)  [864s]
 16000 games  eps 0.020  train win 0.37 margin  -13.6  |td| 0.010  eval vs random win 1.00 (+133.2)  vs greedy win 0.18 (-26.7)  [891s]
 16500 games  eps 0.020  train win 0.43 margin   -5.1  |td| 0.011  eval vs random win 1.00 (+141.2)  vs greedy win 0.42 (-5.8)  [920s]
 17000 games  eps 0.020  train win 0.40 margin   -9.3  |td| 0.010  eval vs random win 1.00 (+151.6)  vs greedy win 0.51 (+1.8)  [948s]
 17500 games  eps 0.020  train win 0.42 margin   -6.4  |td| 0.010  eval vs random win 1.00 (+145.1)  vs greedy win 0.62 (+8.9)  [977s]
 18000 games  eps 0.020  train win 0.38 margin  -10.5  |td| 0.010  eval vs random win 1.00 (+148.2)  vs greedy win 0.60 (+7.9)  [1005s]
 18500 games  eps 0.020  train win 0.29 margin  -21.8  |td| 0.011  eval vs random win 1.00 (+140.5)  vs greedy win 0.43 (-4.0)  [1033s]
 19000 games  eps 0.020  train win 0.28 margin  -19.9  |td| 0.010  eval vs random win 1.00 (+136.2)  vs greedy win 0.41 (-7.5)  [1061s]
 19500 games  eps 0.020  train win 0.32 margin  -18.0  |td| 0.010  eval vs random win 1.00 (+141.5)  vs greedy win 0.38 (-8.0)  [1087s]
 20000 games  eps 0.020  train win 0.37 margin  -10.5  |td| 0.010  eval vs random win 1.00 (+142.3)  vs greedy win 0.33 (-15.1)  [1114s]
 20500 games  eps 0.020  train win 0.29 margin  -19.0  |td| 0.010  eval vs random win 1.00 (+141.9)  vs greedy win 0.30 (-18.2)  [1140s]
 21000 games  eps 0.020  train win 0.28 margin  -16.4  |td| 0.010  eval vs random win 1.00 (+134.8)  vs greedy win 0.20 (-24.3)  [1166s]
 21500 games  eps 0.020  train win 0.28 margin  -21.2  |td| 0.011  eval vs random win 1.00 (+131.4)  vs greedy win 0.24 (-26.4)  [1193s]
 22000 games  eps 0.020  train win 0.25 margin  -30.2  |td| 0.011  eval vs random win 1.00 (+142.8)  vs greedy win 0.57 (+3.2)  [1219s]
 22500 games  eps 0.020  train win 0.26 margin  -27.5  |td| 0.011  eval vs random win 1.00 (+137.2)  vs greedy win 0.50 (+2.4)  [1245s]
 23000 games  eps 0.020  train win 0.35 margin  -13.9  |td| 0.010  eval vs random win 1.00 (+132.6)  vs greedy win 0.35 (-13.5)  [1272s]
 23500 games  eps 0.020  train win 0.35 margin  -12.0  |td| 0.010  eval vs random win 1.00 (+132.6)  vs greedy win 0.33 (-12.7)  [1298s]
 24000 games  eps 0.020  train win 0.24 margin  -27.7  |td| 0.010  eval vs random win 1.00 (+129.0)  vs greedy win 0.20 (-23.0)  [1325s]
 24500 games  eps 0.020  train win 0.42 margin   -7.0  |td| 0.010  eval vs random win 1.00 (+139.1)  vs greedy win 0.40 (-5.5)  [1352s]
 25000 games  eps 0.020  train win 0.38 margin   -9.2  |td| 0.010  eval vs random win 1.00 (+140.8)  vs greedy win 0.51 (-0.0)  [1377s]
 25500 games  eps 0.020  train win 0.29 margin  -23.7  |td| 0.010  eval vs random win 1.00 (+142.9)  vs greedy win 0.57 (+6.4)  [1404s]
 26000 games  eps 0.020  train win 0.25 margin  -26.7  |td| 0.010  eval vs random win 1.00 (+127.5)  vs greedy win 0.11 (-40.8)  [1430s]
 26500 games  eps 0.020  train win 0.36 margin  -14.0  |td| 0.010  eval vs random win 1.00 (+135.8)  vs greedy win 0.30 (-17.2)  [1457s]
 27000 games  eps 0.020  train win 0.36 margin  -12.7  |td| 0.010  eval vs random win 1.00 (+137.5)  vs greedy win 0.46 (-4.2)  [1484s]
 27500 games  eps 0.020  train win 0.25 margin  -25.3  |td| 0.010  eval vs random win 1.00 (+141.6)  vs greedy win 0.52 (-1.5)  [1508s]
 28000 games  eps 0.020  train win 0.40 margin   -7.7  |td| 0.010  eval vs random win 1.00 (+135.7)  vs greedy win 0.49 (-0.9)  [1535s]
 28500 games  eps 0.020  train win 0.36 margin  -11.2  |td| 0.010  eval vs random win 1.00 (+148.8)  vs greedy win 0.47 (-0.7)  [1558s]
 29000 games  eps 0.020  train win 0.23 margin  -23.4  |td| 0.010  eval vs random win 1.00 (+147.2)  vs greedy win 0.48 (-3.2)  [1579s]
 29500 games  eps 0.020  train win 0.36 margin   -9.8  |td| 0.010  eval vs random win 1.00 (+146.5)  vs greedy win 0.48 (-1.7)  [1600s]
 30000 games  eps 0.020  train win 0.20 margin  -32.5  |td| 0.010  eval vs random win 1.00 (+132.0)  vs greedy win 0.30 (-14.8)  [1622s]
saved runs\linear\pass5\p5c_q_greedy_s4.json  (ttr-dash runs\linear\pass5\p5c_q_greedy_s4.json to analyze)
