training q vs greedy: 30000 games, alpha 0.05, epsilon 0.2 -> 0.02, reward margin; average 100
(best checkpoint kept by margin vs greedy; play it as linear:runs\linear\pass5\p5c_q_greedy_s1.json@best)
live: runs\linear\pass5\p5c_q_greedy_s1.json rewritten every 500 games (watch with ttr-dash --live runs\linear\pass5\p5c_q_greedy_s1.json)
   500 games  eps 0.110  train win 0.00 margin  -99.7  |td| 0.015  eval vs random win 0.99 (+134.1)  vs greedy win 0.00 (-90.3)  [21s]
  1000 games  eps 0.020  train win 0.00 margin  -85.2  |td| 0.012  eval vs random win 1.00 (+145.0)  vs greedy win 0.03 (-67.8)  [47s]
  1500 games  eps 0.020  train win 0.34 margin  -15.4  |td| 0.014  eval vs random win 1.00 (+130.6)  vs greedy win 0.37 (-7.3)  [75s]
  2000 games  eps 0.020  train win 0.42 margin   -7.0  |td| 0.012  eval vs random win 1.00 (+142.2)  vs greedy win 0.43 (-7.1)  [104s]
  2500 games  eps 0.020  train win 0.45 margin   -4.7  |td| 0.012  eval vs random win 1.00 (+150.7)  vs greedy win 0.50 (+2.2)  [132s]
  3000 games  eps 0.020  train win 0.35 margin  -11.3  |td| 0.012  eval vs random win 1.00 (+142.9)  vs greedy win 0.56 (+0.2)  [161s]
  3500 games  eps 0.020  train win 0.39 margin  -10.3  |td| 0.011  eval vs random win 1.00 (+135.2)  vs greedy win 0.37 (-13.3)  [189s]
  4000 games  eps 0.020  train win 0.33 margin  -16.5  |td| 0.011  eval vs random win 1.00 (+129.3)  vs greedy win 0.31 (-14.8)  [217s]
  4500 games  eps 0.020  train win 0.36 margin  -10.2  |td| 0.011  eval vs random win 1.00 (+138.4)  vs greedy win 0.39 (-7.8)  [244s]
  5000 games  eps 0.020  train win 0.45 margin   -6.8  |td| 0.011  eval vs random win 1.00 (+135.4)  vs greedy win 0.42 (-3.5)  [272s]
  5500 games  eps 0.020  train win 0.47 margin   -2.5  |td| 0.011  eval vs random win 1.00 (+143.2)  vs greedy win 0.50 (+2.3)  [301s]
  6000 games  eps 0.020  train win 0.38 margin   -9.8  |td| 0.010  eval vs random win 1.00 (+144.6)  vs greedy win 0.50 (-2.7)  [329s]
  6500 games  eps 0.020  train win 0.41 margin   -8.2  |td| 0.010  eval vs random win 1.00 (+135.7)  vs greedy win 0.32 (-9.8)  [358s]
  7000 games  eps 0.020  train win 0.38 margin   -9.1  |td| 0.010  eval vs random win 1.00 (+136.6)  vs greedy win 0.50 (-0.1)  [386s]
  7500 games  eps 0.020  train win 0.35 margin  -11.8  |td| 0.010  eval vs random win 1.00 (+136.4)  vs greedy win 0.41 (-7.2)  [414s]
  8000 games  eps 0.020  train win 0.33 margin  -14.6  |td| 0.010  eval vs random win 1.00 (+140.8)  vs greedy win 0.39 (-5.2)  [442s]
  8500 games  eps 0.020  train win 0.40 margin   -7.9  |td| 0.010  eval vs random win 1.00 (+130.2)  vs greedy win 0.33 (-9.3)  [470s]
  9000 games  eps 0.020  train win 0.28 margin  -19.4  |td| 0.010  eval vs random win 1.00 (+133.3)  vs greedy win 0.22 (-22.6)  [497s]
  9500 games  eps 0.020  train win 0.28 margin  -24.1  |td| 0.011  eval vs random win 1.00 (+124.0)  vs greedy win 0.16 (-30.9)  [525s]
 10000 games  eps 0.020  train win 0.39 margin  -11.2  |td| 0.011  eval vs random win 1.00 (+142.7)  vs greedy win 0.29 (-11.3)  [553s]
 10500 games  eps 0.020  train win 0.41 margin   -9.4  |td| 0.010  eval vs random win 1.00 (+128.2)  vs greedy win 0.26 (-20.5)  [579s]
 11000 games  eps 0.020  train win 0.36 margin  -14.2  |td| 0.011  eval vs random win 1.00 (+147.1)  vs greedy win 0.51 (-1.3)  [608s]
 11500 games  eps 0.020  train win 0.23 margin  -27.0  |td| 0.011  eval vs random win 1.00 (+147.8)  vs greedy win 0.46 (-2.1)  [635s]
 12000 games  eps 0.020  train win 0.26 margin  -20.6  |td| 0.010  eval vs random win 1.00 (+134.9)  vs greedy win 0.29 (-19.8)  [662s]
 12500 games  eps 0.020  train win 0.27 margin  -16.8  |td| 0.010  eval vs random win 1.00 (+133.9)  vs greedy win 0.19 (-22.8)  [689s]
 13000 games  eps 0.020  train win 0.30 margin  -16.9  |td| 0.010  eval vs random win 1.00 (+130.4)  vs greedy win 0.25 (-22.9)  [718s]
 13500 games  eps 0.020  train win 0.46 margin   -3.2  |td| 0.010  eval vs random win 1.00 (+138.9)  vs greedy win 0.54 (-0.3)  [745s]
 14000 games  eps 0.020  train win 0.23 margin  -27.9  |td| 0.011  eval vs random win 1.00 (+153.4)  vs greedy win 0.50 (+1.4)  [774s]
 14500 games  eps 0.020  train win 0.31 margin  -15.4  |td| 0.010  eval vs random win 1.00 (+144.7)  vs greedy win 0.50 (-0.5)  [803s]
 15000 games  eps 0.020  train win 0.28 margin  -21.6  |td| 0.010  eval vs random win 1.00 (+146.3)  vs greedy win 0.43 (-7.0)  [831s]
 15500 games  eps 0.020  train win 0.25 margin  -24.2  |td| 0.010  eval vs random win 1.00 (+134.4)  vs greedy win 0.13 (-36.8)  [859s]
 16000 games  eps 0.020  train win 0.25 margin  -23.1  |td| 0.011  eval vs random win 1.00 (+137.5)  vs greedy win 0.13 (-30.0)  [886s]
 16500 games  eps 0.020  train win 0.31 margin  -16.0  |td| 0.010  eval vs random win 1.00 (+135.4)  vs greedy win 0.39 (-5.2)  [914s]
 17000 games  eps 0.020  train win 0.22 margin  -26.9  |td| 0.010  eval vs random win 1.00 (+138.5)  vs greedy win 0.33 (-11.2)  [941s]
 17500 games  eps 0.020  train win 0.32 margin  -18.3  |td| 0.010  eval vs random win 0.99 (+127.7)  vs greedy win 0.19 (-27.1)  [969s]
 18000 games  eps 0.020  train win 0.30 margin  -20.0  |td| 0.010  eval vs random win 1.00 (+128.6)  vs greedy win 0.11 (-38.5)  [996s]
 18500 games  eps 0.020  train win 0.35 margin  -13.1  |td| 0.010  eval vs random win 1.00 (+146.0)  vs greedy win 0.50 (+1.7)  [1024s]
 19000 games  eps 0.020  train win 0.21 margin  -26.7  |td| 0.009  eval vs random win 1.00 (+134.1)  vs greedy win 0.27 (-21.4)  [1051s]
 19500 games  eps 0.020  train win 0.44 margin   -4.6  |td| 0.010  eval vs random win 1.00 (+145.0)  vs greedy win 0.43 (-4.1)  [1079s]
 20000 games  eps 0.020  train win 0.23 margin  -25.3  |td| 0.010  eval vs random win 1.00 (+136.8)  vs greedy win 0.39 (-7.0)  [1106s]
 20500 games  eps 0.020  train win 0.23 margin  -31.5  |td| 0.010  eval vs random win 1.00 (+132.6)  vs greedy win 0.12 (-36.5)  [1133s]
 21000 games  eps 0.020  train win 0.25 margin  -20.8  |td| 0.010  eval vs random win 1.00 (+127.7)  vs greedy win 0.26 (-17.7)  [1160s]
 21500 games  eps 0.020  train win 0.23 margin  -27.4  |td| 0.010  eval vs random win 1.00 (+140.0)  vs greedy win 0.37 (-7.3)  [1188s]
 22000 games  eps 0.020  train win 0.27 margin  -17.9  |td| 0.010  eval vs random win 1.00 (+138.2)  vs greedy win 0.37 (-11.9)  [1216s]
 22500 games  eps 0.020  train win 0.35 margin  -17.2  |td| 0.010  eval vs random win 1.00 (+133.1)  vs greedy win 0.17 (-29.2)  [1244s]
 23000 games  eps 0.020  train win 0.29 margin  -19.2  |td| 0.010  eval vs random win 1.00 (+137.5)  vs greedy win 0.22 (-21.0)  [1272s]
 23500 games  eps 0.020  train win 0.27 margin  -19.1  |td| 0.010  eval vs random win 1.00 (+144.8)  vs greedy win 0.32 (-13.9)  [1300s]
 24000 games  eps 0.020  train win 0.32 margin  -16.0  |td| 0.010  eval vs random win 1.00 (+140.3)  vs greedy win 0.18 (-23.8)  [1328s]
 24500 games  eps 0.020  train win 0.30 margin  -20.4  |td| 0.010  eval vs random win 1.00 (+136.8)  vs greedy win 0.20 (-21.8)  [1356s]
 25000 games  eps 0.020  train win 0.34 margin  -16.8  |td| 0.010  eval vs random win 1.00 (+126.3)  vs greedy win 0.23 (-28.1)  [1383s]
 25500 games  eps 0.020  train win 0.28 margin  -17.6  |td| 0.010  eval vs random win 1.00 (+140.9)  vs greedy win 0.49 (-0.5)  [1412s]
 26000 games  eps 0.020  train win 0.33 margin  -13.3  |td| 0.010  eval vs random win 1.00 (+128.9)  vs greedy win 0.30 (-15.3)  [1440s]
 26500 games  eps 0.020  train win 0.24 margin  -23.4  |td| 0.010  eval vs random win 1.00 (+136.4)  vs greedy win 0.17 (-27.4)  [1468s]
 27000 games  eps 0.020  train win 0.24 margin  -37.2  |td| 0.011  eval vs random win 1.00 (+130.3)  vs greedy win 0.05 (-59.8)  [1496s]
 27500 games  eps 0.020  train win 0.28 margin  -19.0  |td| 0.010  eval vs random win 1.00 (+138.8)  vs greedy win 0.25 (-16.6)  [1524s]
 28000 games  eps 0.020  train win 0.21 margin  -25.2  |td| 0.010  eval vs random win 1.00 (+146.8)  vs greedy win 0.42 (-9.9)  [1552s]
 28500 games  eps 0.020  train win 0.30 margin  -16.6  |td| 0.010  eval vs random win 1.00 (+146.4)  vs greedy win 0.33 (-8.8)  [1580s]
 29000 games  eps 0.020  train win 0.28 margin  -17.9  |td| 0.010  eval vs random win 1.00 (+138.8)  vs greedy win 0.27 (-14.2)  [1608s]
 29500 games  eps 0.020  train win 0.31 margin  -16.0  |td| 0.010  eval vs random win 1.00 (+143.7)  vs greedy win 0.41 (-6.7)  [1636s]
 30000 games  eps 0.020  train win 0.29 margin  -17.5  |td| 0.010  eval vs random win 1.00 (+139.6)  vs greedy win 0.31 (-16.3)  [1664s]
saved runs\linear\pass5\p5c_q_greedy_s1.json  (ttr-dash runs\linear\pass5\p5c_q_greedy_s1.json to analyze)
