training q vs greedy: 30000 games, alpha 0.05, epsilon 0.2 -> 0.02, reward margin; average 100
(best checkpoint kept by margin vs greedy; play it as linear:runs\linear\pass5\p5c_q_greedy_s0.json@best)
live: runs\linear\pass5\p5c_q_greedy_s0.json rewritten every 500 games (watch with ttr-dash --live runs\linear\pass5\p5c_q_greedy_s0.json)
   500 games  eps 0.110  train win 0.00 margin -107.4  |td| 0.020  eval vs random win 0.98 (+133.7)  vs greedy win 0.00 (-92.8)  [21s]
  1000 games  eps 0.020  train win 0.00 margin  -91.7  |td| 0.014  eval vs random win 1.00 (+135.6)  vs greedy win 0.00 (-87.8)  [47s]
  1500 games  eps 0.020  train win 0.07 margin  -57.6  |td| 0.014  eval vs random win 1.00 (+137.8)  vs greedy win 0.22 (-26.9)  [73s]
  2000 games  eps 0.020  train win 0.30 margin  -16.8  |td| 0.013  eval vs random win 1.00 (+136.8)  vs greedy win 0.51 (-4.7)  [101s]
  2500 games  eps 0.020  train win 0.40 margin   -8.2  |td| 0.013  eval vs random win 1.00 (+138.2)  vs greedy win 0.57 (+0.2)  [130s]
  3000 games  eps 0.020  train win 0.43 margin   -6.2  |td| 0.012  eval vs random win 1.00 (+135.3)  vs greedy win 0.52 (+3.9)  [158s]
  3500 games  eps 0.020  train win 0.41 margin   -7.3  |td| 0.012  eval vs random win 1.00 (+140.2)  vs greedy win 0.43 (-8.2)  [187s]
  4000 games  eps 0.020  train win 0.44 margin   -4.3  |td| 0.012  eval vs random win 1.00 (+140.6)  vs greedy win 0.43 (-3.8)  [214s]
  4500 games  eps 0.020  train win 0.39 margin   -6.3  |td| 0.011  eval vs random win 1.00 (+142.9)  vs greedy win 0.45 (-2.7)  [242s]
  5000 games  eps 0.020  train win 0.45 margin   -4.6  |td| 0.011  eval vs random win 1.00 (+134.2)  vs greedy win 0.44 (-3.3)  [270s]
  5500 games  eps 0.020  train win 0.38 margin  -11.0  |td| 0.011  eval vs random win 1.00 (+133.7)  vs greedy win 0.37 (-10.8)  [299s]
  6000 games  eps 0.020  train win 0.41 margin   -7.1  |td| 0.011  eval vs random win 1.00 (+144.9)  vs greedy win 0.51 (+2.0)  [327s]
  6500 games  eps 0.020  train win 0.34 margin  -14.3  |td| 0.011  eval vs random win 1.00 (+141.0)  vs greedy win 0.54 (+2.1)  [354s]
  7000 games  eps 0.020  train win 0.40 margin   -8.5  |td| 0.010  eval vs random win 1.00 (+129.0)  vs greedy win 0.46 (-2.1)  [383s]
  7500 games  eps 0.020  train win 0.35 margin  -15.3  |td| 0.011  eval vs random win 1.00 (+135.2)  vs greedy win 0.22 (-18.6)  [411s]
  8000 games  eps 0.020  train win 0.38 margin  -10.2  |td| 0.011  eval vs random win 1.00 (+144.8)  vs greedy win 0.50 (-1.1)  [437s]
  8500 games  eps 0.020  train win 0.47 margin   -2.5  |td| 0.010  eval vs random win 1.00 (+141.7)  vs greedy win 0.65 (+8.0)  [466s]
  9000 games  eps 0.020  train win 0.41 margin   -8.1  |td| 0.010  eval vs random win 1.00 (+146.9)  vs greedy win 0.48 (-1.8)  [494s]
  9500 games  eps 0.020  train win 0.20 margin  -31.5  |td| 0.011  eval vs random win 1.00 (+137.6)  vs greedy win 0.44 (-4.3)  [521s]
 10000 games  eps 0.020  train win 0.17 margin  -40.0  |td| 0.010  eval vs random win 1.00 (+127.2)  vs greedy win 0.06 (-52.0)  [548s]
 10500 games  eps 0.020  train win 0.37 margin  -10.3  |td| 0.011  eval vs random win 1.00 (+131.3)  vs greedy win 0.24 (-21.0)  [575s]
 11000 games  eps 0.020  train win 0.36 margin  -11.6  |td| 0.010  eval vs random win 1.00 (+142.7)  vs greedy win 0.55 (+2.8)  [603s]
 11500 games  eps 0.020  train win 0.34 margin  -13.1  |td| 0.010  eval vs random win 1.00 (+129.7)  vs greedy win 0.46 (-3.8)  [630s]
 12000 games  eps 0.020  train win 0.31 margin  -17.8  |td| 0.010  eval vs random win 1.00 (+135.4)  vs greedy win 0.39 (-11.7)  [657s]
 12500 games  eps 0.020  train win 0.39 margin   -8.8  |td| 0.010  eval vs random win 1.00 (+138.8)  vs greedy win 0.38 (-8.2)  [684s]
 13000 games  eps 0.020  train win 0.36 margin  -11.3  |td| 0.010  eval vs random win 1.00 (+135.5)  vs greedy win 0.42 (-4.1)  [711s]
 13500 games  eps 0.020  train win 0.30 margin  -17.1  |td| 0.010  eval vs random win 1.00 (+127.6)  vs greedy win 0.19 (-24.4)  [740s]
 14000 games  eps 0.020  train win 0.31 margin  -17.1  |td| 0.010  eval vs random win 1.00 (+134.4)  vs greedy win 0.23 (-22.1)  [766s]
 14500 games  eps 0.020  train win 0.34 margin  -14.4  |td| 0.010  eval vs random win 1.00 (+136.2)  vs greedy win 0.45 (-7.5)  [794s]
 15000 games  eps 0.020  train win 0.32 margin  -17.2  |td| 0.010  eval vs random win 1.00 (+143.6)  vs greedy win 0.38 (-9.4)  [822s]
 15500 games  eps 0.020  train win 0.34 margin  -15.7  |td| 0.011  eval vs random win 1.00 (+149.8)  vs greedy win 0.45 (-3.4)  [849s]
 16000 games  eps 0.020  train win 0.27 margin  -27.2  |td| 0.011  eval vs random win 1.00 (+142.8)  vs greedy win 0.52 (+0.7)  [876s]
 16500 games  eps 0.020  train win 0.25 margin  -29.7  |td| 0.010  eval vs random win 1.00 (+116.7)  vs greedy win 0.01 (-56.9)  [904s]
 17000 games  eps 0.020  train win 0.26 margin  -24.2  |td| 0.011  eval vs random win 1.00 (+123.6)  vs greedy win 0.20 (-29.7)  [930s]
 17500 games  eps 0.020  train win 0.36 margin  -14.3  |td| 0.010  eval vs random win 1.00 (+138.8)  vs greedy win 0.58 (+7.8)  [958s]
 18000 games  eps 0.020  train win 0.27 margin  -19.0  |td| 0.010  eval vs random win 1.00 (+147.9)  vs greedy win 0.57 (+2.9)  [985s]
 18500 games  eps 0.020  train win 0.29 margin  -16.5  |td| 0.010  eval vs random win 1.00 (+132.4)  vs greedy win 0.29 (-16.1)  [1013s]
 19000 games  eps 0.020  train win 0.38 margin  -11.3  |td| 0.010  eval vs random win 1.00 (+138.0)  vs greedy win 0.40 (-9.1)  [1041s]
 19500 games  eps 0.020  train win 0.42 margin   -5.2  |td| 0.010  eval vs random win 1.00 (+138.6)  vs greedy win 0.47 (-0.0)  [1068s]
 20000 games  eps 0.020  train win 0.36 margin  -12.5  |td| 0.010  eval vs random win 1.00 (+136.4)  vs greedy win 0.38 (-12.5)  [1095s]
 20500 games  eps 0.020  train win 0.32 margin  -19.1  |td| 0.010  eval vs random win 1.00 (+150.1)  vs greedy win 0.56 (+3.1)  [1123s]
 21000 games  eps 0.020  train win 0.32 margin  -16.1  |td| 0.010  eval vs random win 1.00 (+138.1)  vs greedy win 0.37 (-11.2)  [1151s]
 21500 games  eps 0.020  train win 0.42 margin  -10.2  |td| 0.010  eval vs random win 1.00 (+152.1)  vs greedy win 0.49 (+1.2)  [1178s]
 22000 games  eps 0.020  train win 0.28 margin  -21.9  |td| 0.010  eval vs random win 1.00 (+139.0)  vs greedy win 0.52 (-2.2)  [1206s]
 22500 games  eps 0.020  train win 0.24 margin  -22.9  |td| 0.010  eval vs random win 1.00 (+139.3)  vs greedy win 0.43 (-4.2)  [1233s]
 23000 games  eps 0.020  train win 0.40 margin   -9.3  |td| 0.010  eval vs random win 1.00 (+139.8)  vs greedy win 0.40 (-6.9)  [1262s]
 23500 games  eps 0.020  train win 0.41 margin   -6.5  |td| 0.009  eval vs random win 1.00 (+138.4)  vs greedy win 0.41 (-6.3)  [1289s]
 24000 games  eps 0.020  train win 0.28 margin  -18.4  |td| 0.010  eval vs random win 1.00 (+143.4)  vs greedy win 0.37 (-4.2)  [1316s]
 24500 games  eps 0.020  train win 0.39 margin   -7.6  |td| 0.009  eval vs random win 1.00 (+139.1)  vs greedy win 0.56 (+5.3)  [1345s]
 25000 games  eps 0.020  train win 0.34 margin  -15.4  |td| 0.010  eval vs random win 1.00 (+144.9)  vs greedy win 0.49 (+1.4)  [1372s]
 25500 games  eps 0.020  train win 0.26 margin  -19.6  |td| 0.009  eval vs random win 1.00 (+137.2)  vs greedy win 0.47 (-1.2)  [1400s]
 26000 games  eps 0.020  train win 0.30 margin  -15.0  |td| 0.009  eval vs random win 1.00 (+136.4)  vs greedy win 0.27 (-14.6)  [1428s]
 26500 games  eps 0.020  train win 0.19 margin  -33.9  |td| 0.010  eval vs random win 1.00 (+135.5)  vs greedy win 0.09 (-34.4)  [1455s]
 27000 games  eps 0.020  train win 0.25 margin  -25.3  |td| 0.010  eval vs random win 1.00 (+125.2)  vs greedy win 0.11 (-41.7)  [1482s]
 27500 games  eps 0.020  train win 0.33 margin  -14.7  |td| 0.010  eval vs random win 0.99 (+125.5)  vs greedy win 0.22 (-20.7)  [1509s]
 28000 games  eps 0.020  train win 0.34 margin  -15.3  |td| 0.010  eval vs random win 1.00 (+135.3)  vs greedy win 0.44 (-4.4)  [1537s]
 28500 games  eps 0.020  train win 0.34 margin  -13.5  |td| 0.010  eval vs random win 1.00 (+147.6)  vs greedy win 0.48 (-0.9)  [1565s]
 29000 games  eps 0.020  train win 0.18 margin  -34.7  |td| 0.010  eval vs random win 1.00 (+128.8)  vs greedy win 0.18 (-28.1)  [1591s]
 29500 games  eps 0.020  train win 0.33 margin  -13.3  |td| 0.010  eval vs random win 1.00 (+127.1)  vs greedy win 0.23 (-23.6)  [1619s]
 30000 games  eps 0.020  train win 0.33 margin  -14.3  |td| 0.010  eval vs random win 1.00 (+128.7)  vs greedy win 0.25 (-18.9)  [1646s]
saved runs\linear\pass5\p5c_q_greedy_s0.json  (ttr-dash runs\linear\pass5\p5c_q_greedy_s0.json to analyze)
