training q vs mixed: 30000 games, alpha 0.05, epsilon 0.2 -> 0.02, reward margin; average 100
(best checkpoint kept by margin vs greedy; play it as linear:runs\linear\pass5\p5d_q_mixed_s0.json@best)
live: runs\linear\pass5\p5d_q_mixed_s0.json rewritten every 500 games (watch with ttr-dash --live runs\linear\pass5\p5d_q_mixed_s0.json)
   500 games  eps 0.110  train win 0.51 margin   -0.7  |td| 0.029  eval vs random win 0.98 (+114.0)  vs greedy win 0.00 (-75.0)  [22s]
  1000 games  eps 0.020  train win 0.53 margin  +26.3  |td| 0.031  eval vs random win 1.00 (+119.3)  vs greedy win 0.05 (-46.1)  [48s]
  1500 games  eps 0.020  train win 0.55 margin  +43.5  |td| 0.032  eval vs random win 1.00 (+125.8)  vs greedy win 0.34 (-11.2)  [76s]
  2000 games  eps 0.020  train win 0.65 margin  +56.2  |td| 0.031  eval vs random win 1.00 (+129.2)  vs greedy win 0.37 (-14.3)  [106s]
  2500 games  eps 0.020  train win 0.62 margin  +49.9  |td| 0.032  eval vs random win 1.00 (+125.3)  vs greedy win 0.54 (+0.6)  [136s]
  3000 games  eps 0.020  train win 0.68 margin  +63.7  |td| 0.030  eval vs random win 1.00 (+137.2)  vs greedy win 0.33 (-12.9)  [165s]
  3500 games  eps 0.020  train win 0.70 margin  +63.3  |td| 0.032  eval vs random win 1.00 (+135.1)  vs greedy win 0.49 (-2.7)  [194s]
  4000 games  eps 0.020  train win 0.66 margin  +56.2  |td| 0.033  eval vs random win 1.00 (+140.9)  vs greedy win 0.54 (-1.7)  [224s]
  4500 games  eps 0.020  train win 0.63 margin  +60.0  |td| 0.031  eval vs random win 1.00 (+134.2)  vs greedy win 0.29 (-12.6)  [253s]
  5000 games  eps 0.020  train win 0.66 margin  +60.8  |td| 0.033  eval vs random win 1.00 (+134.7)  vs greedy win 0.37 (-9.8)  [283s]
  5500 games  eps 0.020  train win 0.69 margin  +65.2  |td| 0.032  eval vs random win 1.00 (+136.3)  vs greedy win 0.35 (-9.1)  [312s]
  6000 games  eps 0.020  train win 0.73 margin  +65.1  |td| 0.032  eval vs random win 1.00 (+144.8)  vs greedy win 0.40 (-8.7)  [340s]
  6500 games  eps 0.020  train win 0.66 margin  +57.5  |td| 0.033  eval vs random win 1.00 (+138.2)  vs greedy win 0.29 (-9.8)  [370s]
  7000 games  eps 0.020  train win 0.68 margin  +65.3  |td| 0.033  eval vs random win 1.00 (+129.4)  vs greedy win 0.27 (-15.0)  [400s]
  7500 games  eps 0.020  train win 0.67 margin  +60.8  |td| 0.035  eval vs random win 1.00 (+133.9)  vs greedy win 0.45 (-6.7)  [429s]
  8000 games  eps 0.020  train win 0.72 margin  +64.1  |td| 0.032  eval vs random win 1.00 (+140.7)  vs greedy win 0.48 (-6.3)  [459s]
  8500 games  eps 0.020  train win 0.71 margin  +63.9  |td| 0.033  eval vs random win 1.00 (+146.2)  vs greedy win 0.59 (+4.6)  [489s]
  9000 games  eps 0.020  train win 0.69 margin  +65.0  |td| 0.033  eval vs random win 1.00 (+141.4)  vs greedy win 0.35 (-11.4)  [518s]
  9500 games  eps 0.020  train win 0.65 margin  +62.9  |td| 0.035  eval vs random win 1.00 (+145.8)  vs greedy win 0.39 (-11.1)  [547s]
 10000 games  eps 0.020  train win 0.69 margin  +61.5  |td| 0.034  eval vs random win 1.00 (+149.9)  vs greedy win 0.51 (-0.8)  [577s]
 10500 games  eps 0.020  train win 0.69 margin  +58.6  |td| 0.033  eval vs random win 1.00 (+140.2)  vs greedy win 0.38 (-9.0)  [606s]
 11000 games  eps 0.020  train win 0.66 margin  +55.6  |td| 0.034  eval vs random win 1.00 (+136.9)  vs greedy win 0.38 (-9.2)  [637s]
 11500 games  eps 0.020  train win 0.72 margin  +64.5  |td| 0.033  eval vs random win 1.00 (+135.5)  vs greedy win 0.42 (-7.8)  [667s]
 12000 games  eps 0.020  train win 0.68 margin  +60.9  |td| 0.036  eval vs random win 1.00 (+129.8)  vs greedy win 0.40 (-2.7)  [697s]
 12500 games  eps 0.020  train win 0.66 margin  +56.9  |td| 0.034  eval vs random win 1.00 (+135.4)  vs greedy win 0.40 (-8.5)  [727s]
 13000 games  eps 0.020  train win 0.68 margin  +64.0  |td| 0.033  eval vs random win 1.00 (+125.5)  vs greedy win 0.40 (-12.2)  [758s]
 13500 games  eps 0.020  train win 0.61 margin  +48.7  |td| 0.037  eval vs random win 1.00 (+124.3)  vs greedy win 0.19 (-26.6)  [789s]
 14000 games  eps 0.020  train win 0.65 margin  +59.8  |td| 0.034  eval vs random win 1.00 (+134.8)  vs greedy win 0.28 (-19.4)  [822s]
 14500 games  eps 0.020  train win 0.65 margin  +54.1  |td| 0.034  eval vs random win 1.00 (+133.1)  vs greedy win 0.33 (-17.2)  [853s]
 15000 games  eps 0.020  train win 0.69 margin  +59.6  |td| 0.034  eval vs random win 1.00 (+135.7)  vs greedy win 0.41 (-12.3)  [885s]
 15500 games  eps 0.020  train win 0.69 margin  +61.1  |td| 0.033  eval vs random win 1.00 (+133.5)  vs greedy win 0.40 (-11.1)  [916s]
 16000 games  eps 0.020  train win 0.68 margin  +61.6  |td| 0.035  eval vs random win 1.00 (+135.3)  vs greedy win 0.44 (-3.8)  [945s]
 16500 games  eps 0.020  train win 0.67 margin  +58.9  |td| 0.035  eval vs random win 1.00 (+127.2)  vs greedy win 0.44 (-7.9)  [976s]
 17000 games  eps 0.020  train win 0.65 margin  +54.3  |td| 0.036  eval vs random win 1.00 (+133.9)  vs greedy win 0.46 (-5.1)  [1005s]
 17500 games  eps 0.020  train win 0.69 margin  +58.9  |td| 0.035  eval vs random win 1.00 (+130.4)  vs greedy win 0.55 (-4.4)  [1035s]
 18000 games  eps 0.020  train win 0.66 margin  +54.7  |td| 0.035  eval vs random win 1.00 (+129.6)  vs greedy win 0.39 (-10.6)  [1066s]
 18500 games  eps 0.020  train win 0.70 margin  +61.2  |td| 0.034  eval vs random win 1.00 (+126.2)  vs greedy win 0.31 (-21.1)  [1095s]
 19000 games  eps 0.020  train win 0.68 margin  +55.4  |td| 0.034  eval vs random win 1.00 (+130.3)  vs greedy win 0.43 (-7.0)  [1126s]
 19500 games  eps 0.020  train win 0.66 margin  +60.3  |td| 0.035  eval vs random win 1.00 (+131.2)  vs greedy win 0.33 (-14.7)  [1158s]
 20000 games  eps 0.020  train win 0.69 margin  +62.1  |td| 0.034  eval vs random win 1.00 (+125.8)  vs greedy win 0.37 (-16.9)  [1189s]
 20500 games  eps 0.020  train win 0.65 margin  +53.3  |td| 0.035  eval vs random win 1.00 (+134.9)  vs greedy win 0.47 (-5.5)  [1220s]
 21000 games  eps 0.020  train win 0.66 margin  +59.1  |td| 0.034  eval vs random win 1.00 (+130.3)  vs greedy win 0.33 (-20.1)  [1250s]
 21500 games  eps 0.020  train win 0.68 margin  +57.9  |td| 0.036  eval vs random win 1.00 (+137.5)  vs greedy win 0.37 (-8.8)  [1281s]
 22000 games  eps 0.020  train win 0.66 margin  +54.9  |td| 0.035  eval vs random win 1.00 (+123.9)  vs greedy win 0.44 (-5.2)  [1311s]
 22500 games  eps 0.020  train win 0.67 margin  +57.2  |td| 0.034  eval vs random win 1.00 (+130.4)  vs greedy win 0.35 (-14.0)  [1342s]
 23000 games  eps 0.020  train win 0.68 margin  +57.2  |td| 0.035  eval vs random win 1.00 (+126.5)  vs greedy win 0.52 (-4.2)  [1373s]
 23500 games  eps 0.020  train win 0.61 margin  +49.0  |td| 0.036  eval vs random win 1.00 (+120.6)  vs greedy win 0.34 (-12.3)  [1404s]
 24000 games  eps 0.020  train win 0.68 margin  +61.5  |td| 0.036  eval vs random win 1.00 (+132.5)  vs greedy win 0.29 (-17.7)  [1434s]
 24500 games  eps 0.020  train win 0.67 margin  +54.1  |td| 0.034  eval vs random win 1.00 (+146.9)  vs greedy win 0.50 (-11.3)  [1467s]
 25000 games  eps 0.020  train win 0.68 margin  +54.5  |td| 0.034  eval vs random win 1.00 (+137.5)  vs greedy win 0.43 (-11.3)  [1498s]
 25500 games  eps 0.020  train win 0.66 margin  +53.6  |td| 0.035  eval vs random win 0.99 (+129.9)  vs greedy win 0.47 (-1.3)  [1530s]
 26000 games  eps 0.020  train win 0.67 margin  +58.0  |td| 0.035  eval vs random win 1.00 (+128.7)  vs greedy win 0.45 (-3.8)  [1559s]
 26500 games  eps 0.020  train win 0.70 margin  +65.0  |td| 0.036  eval vs random win 1.00 (+135.3)  vs greedy win 0.52 (-2.4)  [1590s]
 27000 games  eps 0.020  train win 0.61 margin  +49.1  |td| 0.036  eval vs random win 1.00 (+121.4)  vs greedy win 0.18 (-21.3)  [1622s]
 27500 games  eps 0.020  train win 0.66 margin  +59.9  |td| 0.036  eval vs random win 1.00 (+137.0)  vs greedy win 0.30 (-16.1)  [1653s]
 28000 games  eps 0.020  train win 0.67 margin  +57.4  |td| 0.034  eval vs random win 1.00 (+144.0)  vs greedy win 0.30 (-18.2)  [1685s]
 28500 games  eps 0.020  train win 0.69 margin  +61.5  |td| 0.034  eval vs random win 1.00 (+135.7)  vs greedy win 0.44 (-7.7)  [1715s]
 29000 games  eps 0.020  train win 0.67 margin  +55.2  |td| 0.035  eval vs random win 1.00 (+118.0)  vs greedy win 0.30 (-18.9)  [1746s]
 29500 games  eps 0.020  train win 0.65 margin  +58.0  |td| 0.034  eval vs random win 1.00 (+130.9)  vs greedy win 0.35 (-18.2)  [1779s]
 30000 games  eps 0.020  train win 0.68 margin  +60.8  |td| 0.034  eval vs random win 1.00 (+133.4)  vs greedy win 0.35 (-11.9)  [1810s]
saved runs\linear\pass5\p5d_q_mixed_s0.json  (ttr-dash runs\linear\pass5\p5d_q_mixed_s0.json to analyze)
