training q vs mixed: 30000 games, alpha 0.05, epsilon 0.2 -> 0.02, reward margin; average 100
(best checkpoint kept by margin vs greedy; play it as linear:runs\linear\pass5\p5d_q_mixed_s3.json@best)
live: runs\linear\pass5\p5d_q_mixed_s3.json rewritten every 500 games (watch with ttr-dash --live runs\linear\pass5\p5d_q_mixed_s3.json)
   500 games  eps 0.110  train win 0.44 margin  -10.3  |td| 0.027  eval vs random win 1.00 (+122.0)  vs greedy win 0.00 (-92.2)  [22s]
  1000 games  eps 0.020  train win 0.49 margin  +20.3  |td| 0.034  eval vs random win 1.00 (+128.1)  vs greedy win 0.03 (-44.7)  [52s]
  1500 games  eps 0.020  train win 0.52 margin  +36.9  |td| 0.032  eval vs random win 1.00 (+133.5)  vs greedy win 0.12 (-37.0)  [81s]
  2000 games  eps 0.020  train win 0.55 margin  +44.6  |td| 0.034  eval vs random win 1.00 (+120.9)  vs greedy win 0.13 (-30.7)  [109s]
  2500 games  eps 0.020  train win 0.56 margin  +48.4  |td| 0.035  eval vs random win 1.00 (+133.5)  vs greedy win 0.24 (-24.6)  [136s]
  3000 games  eps 0.020  train win 0.59 margin  +53.3  |td| 0.036  eval vs random win 1.00 (+142.9)  vs greedy win 0.26 (-18.7)  [164s]
  3500 games  eps 0.020  train win 0.59 margin  +51.1  |td| 0.036  eval vs random win 1.00 (+138.0)  vs greedy win 0.35 (-15.3)  [194s]
  4000 games  eps 0.020  train win 0.61 margin  +53.8  |td| 0.036  eval vs random win 1.00 (+138.1)  vs greedy win 0.36 (-11.5)  [223s]
  4500 games  eps 0.020  train win 0.65 margin  +63.7  |td| 0.037  eval vs random win 1.00 (+140.4)  vs greedy win 0.29 (-14.8)  [250s]
  5000 games  eps 0.020  train win 0.66 margin  +64.1  |td| 0.038  eval vs random win 1.00 (+137.7)  vs greedy win 0.28 (-17.6)  [279s]
  5500 games  eps 0.020  train win 0.62 margin  +57.1  |td| 0.039  eval vs random win 1.00 (+149.8)  vs greedy win 0.34 (-15.0)  [308s]
  6000 games  eps 0.020  train win 0.63 margin  +60.8  |td| 0.040  eval vs random win 1.00 (+139.9)  vs greedy win 0.31 (-13.6)  [337s]
  6500 games  eps 0.020  train win 0.65 margin  +58.8  |td| 0.038  eval vs random win 1.00 (+144.3)  vs greedy win 0.32 (-12.9)  [366s]
  7000 games  eps 0.020  train win 0.67 margin  +61.2  |td| 0.038  eval vs random win 1.00 (+139.2)  vs greedy win 0.41 (-8.5)  [394s]
  7500 games  eps 0.020  train win 0.64 margin  +62.3  |td| 0.039  eval vs random win 1.00 (+145.0)  vs greedy win 0.35 (-14.8)  [423s]
  8000 games  eps 0.020  train win 0.61 margin  +56.9  |td| 0.040  eval vs random win 1.00 (+137.5)  vs greedy win 0.31 (-14.8)  [451s]
  8500 games  eps 0.020  train win 0.67 margin  +66.8  |td| 0.040  eval vs random win 1.00 (+139.4)  vs greedy win 0.39 (-8.4)  [480s]
  9000 games  eps 0.020  train win 0.64 margin  +60.8  |td| 0.041  eval vs random win 1.00 (+134.0)  vs greedy win 0.29 (-17.6)  [508s]
  9500 games  eps 0.020  train win 0.62 margin  +56.8  |td| 0.042  eval vs random win 1.00 (+138.1)  vs greedy win 0.31 (-14.4)  [536s]
 10000 games  eps 0.020  train win 0.61 margin  +56.3  |td| 0.043  eval vs random win 1.00 (+141.4)  vs greedy win 0.34 (-14.9)  [567s]
 10500 games  eps 0.020  train win 0.64 margin  +61.8  |td| 0.042  eval vs random win 1.00 (+144.4)  vs greedy win 0.32 (-13.2)  [596s]
 11000 games  eps 0.020  train win 0.66 margin  +65.1  |td| 0.042  eval vs random win 1.00 (+136.8)  vs greedy win 0.35 (-12.9)  [625s]
 11500 games  eps 0.020  train win 0.64 margin  +56.7  |td| 0.041  eval vs random win 1.00 (+140.8)  vs greedy win 0.33 (-9.2)  [655s]
 12000 games  eps 0.020  train win 0.61 margin  +57.3  |td| 0.043  eval vs random win 1.00 (+142.2)  vs greedy win 0.22 (-19.9)  [683s]
 12500 games  eps 0.020  train win 0.66 margin  +65.2  |td| 0.042  eval vs random win 1.00 (+143.0)  vs greedy win 0.31 (-13.9)  [712s]
 13000 games  eps 0.020  train win 0.67 margin  +63.5  |td| 0.042  eval vs random win 1.00 (+142.3)  vs greedy win 0.34 (-10.5)  [740s]
 13500 games  eps 0.020  train win 0.65 margin  +60.4  |td| 0.044  eval vs random win 1.00 (+139.2)  vs greedy win 0.28 (-17.8)  [769s]
 14000 games  eps 0.020  train win 0.60 margin  +53.4  |td| 0.044  eval vs random win 1.00 (+132.6)  vs greedy win 0.21 (-25.6)  [799s]
 14500 games  eps 0.020  train win 0.57 margin  +45.1  |td| 0.043  eval vs random win 1.00 (+134.9)  vs greedy win 0.32 (-14.6)  [829s]
 15000 games  eps 0.020  train win 0.57 margin  +49.5  |td| 0.043  eval vs random win 1.00 (+137.2)  vs greedy win 0.28 (-17.1)  [859s]
 15500 games  eps 0.020  train win 0.59 margin  +48.3  |td| 0.043  eval vs random win 1.00 (+135.6)  vs greedy win 0.29 (-17.9)  [890s]
 16000 games  eps 0.020  train win 0.64 margin  +57.3  |td| 0.042  eval vs random win 1.00 (+127.8)  vs greedy win 0.21 (-23.2)  [919s]
 16500 games  eps 0.020  train win 0.60 margin  +50.3  |td| 0.044  eval vs random win 1.00 (+119.7)  vs greedy win 0.24 (-23.1)  [949s]
 17000 games  eps 0.020  train win 0.58 margin  +51.5  |td| 0.043  eval vs random win 1.00 (+130.6)  vs greedy win 0.30 (-16.3)  [979s]
 17500 games  eps 0.020  train win 0.58 margin  +50.5  |td| 0.043  eval vs random win 1.00 (+130.9)  vs greedy win 0.24 (-20.5)  [1009s]
 18000 games  eps 0.020  train win 0.59 margin  +47.6  |td| 0.042  eval vs random win 1.00 (+124.7)  vs greedy win 0.23 (-20.7)  [1039s]
 18500 games  eps 0.020  train win 0.60 margin  +52.7  |td| 0.043  eval vs random win 1.00 (+132.4)  vs greedy win 0.25 (-18.0)  [1072s]
 19000 games  eps 0.020  train win 0.61 margin  +52.2  |td| 0.043  eval vs random win 1.00 (+117.5)  vs greedy win 0.22 (-19.2)  [1102s]
 19500 games  eps 0.020  train win 0.57 margin  +50.0  |td| 0.043  eval vs random win 1.00 (+123.2)  vs greedy win 0.20 (-23.7)  [1132s]
 20000 games  eps 0.020  train win 0.61 margin  +54.0  |td| 0.043  eval vs random win 1.00 (+132.4)  vs greedy win 0.28 (-17.4)  [1162s]
 20500 games  eps 0.020  train win 0.60 margin  +48.2  |td| 0.042  eval vs random win 1.00 (+140.0)  vs greedy win 0.28 (-19.8)  [1190s]
 21000 games  eps 0.020  train win 0.62 margin  +52.6  |td| 0.044  eval vs random win 1.00 (+137.7)  vs greedy win 0.28 (-20.2)  [1219s]
 21500 games  eps 0.020  train win 0.60 margin  +53.0  |td| 0.043  eval vs random win 1.00 (+138.9)  vs greedy win 0.23 (-26.5)  [1248s]
 22000 games  eps 0.020  train win 0.60 margin  +48.8  |td| 0.044  eval vs random win 1.00 (+130.2)  vs greedy win 0.32 (-15.8)  [1277s]
 22500 games  eps 0.020  train win 0.58 margin  +46.6  |td| 0.043  eval vs random win 1.00 (+133.9)  vs greedy win 0.17 (-21.3)  [1306s]
 23000 games  eps 0.020  train win 0.60 margin  +48.8  |td| 0.043  eval vs random win 1.00 (+130.9)  vs greedy win 0.14 (-25.0)  [1334s]
 23500 games  eps 0.020  train win 0.61 margin  +52.6  |td| 0.042  eval vs random win 1.00 (+132.6)  vs greedy win 0.26 (-19.4)  [1364s]
 24000 games  eps 0.020  train win 0.58 margin  +46.9  |td| 0.044  eval vs random win 1.00 (+129.2)  vs greedy win 0.20 (-26.4)  [1394s]
 24500 games  eps 0.020  train win 0.61 margin  +52.9  |td| 0.042  eval vs random win 1.00 (+128.9)  vs greedy win 0.34 (-15.1)  [1422s]
 25000 games  eps 0.020  train win 0.57 margin  +47.5  |td| 0.043  eval vs random win 1.00 (+132.1)  vs greedy win 0.24 (-23.0)  [1452s]
 25500 games  eps 0.020  train win 0.61 margin  +56.6  |td| 0.043  eval vs random win 1.00 (+141.7)  vs greedy win 0.22 (-21.3)  [1480s]
 26000 games  eps 0.020  train win 0.56 margin  +45.6  |td| 0.044  eval vs random win 1.00 (+126.5)  vs greedy win 0.22 (-24.0)  [1510s]
 26500 games  eps 0.020  train win 0.63 margin  +54.5  |td| 0.044  eval vs random win 1.00 (+144.1)  vs greedy win 0.30 (-20.2)  [1540s]
 27000 games  eps 0.020  train win 0.59 margin  +52.0  |td| 0.045  eval vs random win 1.00 (+127.0)  vs greedy win 0.29 (-22.1)  [1569s]
 27500 games  eps 0.020  train win 0.58 margin  +45.1  |td| 0.045  eval vs random win 1.00 (+126.5)  vs greedy win 0.17 (-26.1)  [1597s]
 28000 games  eps 0.020  train win 0.57 margin  +48.6  |td| 0.045  eval vs random win 1.00 (+117.7)  vs greedy win 0.33 (-16.8)  [1625s]
 28500 games  eps 0.020  train win 0.62 margin  +56.0  |td| 0.043  eval vs random win 1.00 (+135.3)  vs greedy win 0.34 (-12.7)  [1651s]
 29000 games  eps 0.020  train win 0.61 margin  +52.8  |td| 0.043  eval vs random win 1.00 (+139.2)  vs greedy win 0.24 (-18.5)  [1676s]
 29500 games  eps 0.020  train win 0.56 margin  +46.2  |td| 0.044  eval vs random win 1.00 (+133.0)  vs greedy win 0.33 (-21.9)  [1698s]
 30000 games  eps 0.020  train win 0.60 margin  +53.9  |td| 0.044  eval vs random win 1.00 (+134.0)  vs greedy win 0.27 (-18.9)  [1722s]
saved runs\linear\pass5\p5d_q_mixed_s3.json  (ttr-dash runs\linear\pass5\p5d_q_mixed_s3.json to analyze)
