training q vs mixed: 30000 games, alpha 0.05, epsilon 0.2 -> 0.02, reward margin; average 100
(best checkpoint kept by margin vs greedy; play it as linear:runs\linear\pass5\p5d_q_mixed_s1.json@best)
live: runs\linear\pass5\p5d_q_mixed_s1.json rewritten every 500 games (watch with ttr-dash --live runs\linear\pass5\p5d_q_mixed_s1.json)
   500 games  eps 0.110  train win 0.49 margin   -5.9  |td| 0.027  eval vs random win 1.00 (+114.5)  vs greedy win 0.00 (-91.1)  [22s]
  1000 games  eps 0.020  train win 0.51 margin  +19.4  |td| 0.033  eval vs random win 1.00 (+118.4)  vs greedy win 0.02 (-55.3)  [51s]
  1500 games  eps 0.020  train win 0.55 margin  +39.9  |td| 0.030  eval vs random win 0.99 (+124.1)  vs greedy win 0.23 (-25.9)  [79s]
  2000 games  eps 0.020  train win 0.63 margin  +56.1  |td| 0.030  eval vs random win 1.00 (+126.3)  vs greedy win 0.38 (-13.6)  [109s]
  2500 games  eps 0.020  train win 0.71 margin  +59.8  |td| 0.030  eval vs random win 1.00 (+131.1)  vs greedy win 0.44 (-4.0)  [139s]
  3000 games  eps 0.020  train win 0.66 margin  +59.1  |td| 0.031  eval vs random win 1.00 (+138.8)  vs greedy win 0.29 (-18.1)  [168s]
  3500 games  eps 0.020  train win 0.69 margin  +66.7  |td| 0.031  eval vs random win 0.99 (+131.4)  vs greedy win 0.52 (+1.1)  [198s]
  4000 games  eps 0.020  train win 0.68 margin  +57.6  |td| 0.031  eval vs random win 1.00 (+133.3)  vs greedy win 0.41 (-8.7)  [226s]
  4500 games  eps 0.020  train win 0.62 margin  +55.3  |td| 0.033  eval vs random win 1.00 (+135.8)  vs greedy win 0.32 (-18.7)  [255s]
  5000 games  eps 0.020  train win 0.66 margin  +56.4  |td| 0.031  eval vs random win 1.00 (+126.3)  vs greedy win 0.35 (-14.1)  [286s]
  5500 games  eps 0.020  train win 0.65 margin  +60.2  |td| 0.031  eval vs random win 1.00 (+125.9)  vs greedy win 0.34 (-16.2)  [317s]
  6000 games  eps 0.020  train win 0.60 margin  +48.0  |td| 0.033  eval vs random win 1.00 (+132.5)  vs greedy win 0.41 (-8.7)  [348s]
  6500 games  eps 0.020  train win 0.61 margin  +52.3  |td| 0.033  eval vs random win 1.00 (+126.7)  vs greedy win 0.16 (-31.8)  [378s]
  7000 games  eps 0.020  train win 0.66 margin  +57.2  |td| 0.032  eval vs random win 1.00 (+127.8)  vs greedy win 0.32 (-17.3)  [409s]
  7500 games  eps 0.020  train win 0.62 margin  +52.2  |td| 0.032  eval vs random win 1.00 (+124.7)  vs greedy win 0.27 (-16.9)  [439s]
  8000 games  eps 0.020  train win 0.63 margin  +56.7  |td| 0.034  eval vs random win 1.00 (+127.6)  vs greedy win 0.48 (-5.0)  [468s]
  8500 games  eps 0.020  train win 0.65 margin  +56.4  |td| 0.032  eval vs random win 1.00 (+134.7)  vs greedy win 0.38 (-15.2)  [498s]
  9000 games  eps 0.020  train win 0.65 margin  +54.0  |td| 0.033  eval vs random win 1.00 (+124.8)  vs greedy win 0.35 (-10.9)  [528s]
  9500 games  eps 0.020  train win 0.58 margin  +44.4  |td| 0.035  eval vs random win 1.00 (+120.5)  vs greedy win 0.31 (-16.2)  [558s]
 10000 games  eps 0.020  train win 0.68 margin  +58.7  |td| 0.033  eval vs random win 1.00 (+136.2)  vs greedy win 0.50 (-5.0)  [588s]
 10500 games  eps 0.020  train win 0.65 margin  +56.0  |td| 0.033  eval vs random win 1.00 (+132.1)  vs greedy win 0.30 (-14.9)  [618s]
 11000 games  eps 0.020  train win 0.65 margin  +52.7  |td| 0.033  eval vs random win 1.00 (+131.8)  vs greedy win 0.22 (-21.4)  [648s]
 11500 games  eps 0.020  train win 0.66 margin  +54.4  |td| 0.035  eval vs random win 1.00 (+130.7)  vs greedy win 0.46 (-4.8)  [679s]
 12000 games  eps 0.020  train win 0.66 margin  +54.6  |td| 0.033  eval vs random win 1.00 (+130.8)  vs greedy win 0.34 (-13.0)  [711s]
 12500 games  eps 0.020  train win 0.64 margin  +49.8  |td| 0.035  eval vs random win 1.00 (+138.6)  vs greedy win 0.41 (-9.6)  [740s]
 13000 games  eps 0.020  train win 0.65 margin  +58.5  |td| 0.033  eval vs random win 1.00 (+132.4)  vs greedy win 0.41 (-13.4)  [772s]
 13500 games  eps 0.020  train win 0.62 margin  +46.5  |td| 0.033  eval vs random win 1.00 (+134.0)  vs greedy win 0.30 (-15.2)  [804s]
 14000 games  eps 0.020  train win 0.65 margin  +48.3  |td| 0.033  eval vs random win 1.00 (+133.8)  vs greedy win 0.31 (-15.9)  [834s]
 14500 games  eps 0.020  train win 0.66 margin  +56.6  |td| 0.033  eval vs random win 1.00 (+132.4)  vs greedy win 0.37 (-10.2)  [865s]
 15000 games  eps 0.020  train win 0.58 margin  +41.5  |td| 0.035  eval vs random win 1.00 (+131.0)  vs greedy win 0.25 (-20.0)  [896s]
 15500 games  eps 0.020  train win 0.63 margin  +52.4  |td| 0.034  eval vs random win 1.00 (+129.9)  vs greedy win 0.27 (-16.1)  [928s]
 16000 games  eps 0.020  train win 0.65 margin  +58.3  |td| 0.034  eval vs random win 1.00 (+133.9)  vs greedy win 0.44 (-10.6)  [959s]
 16500 games  eps 0.020  train win 0.63 margin  +52.6  |td| 0.035  eval vs random win 1.00 (+124.4)  vs greedy win 0.39 (-8.6)  [990s]
 17000 games  eps 0.020  train win 0.62 margin  +47.2  |td| 0.034  eval vs random win 1.00 (+137.3)  vs greedy win 0.32 (-14.6)  [1020s]
 17500 games  eps 0.020  train win 0.64 margin  +49.4  |td| 0.035  eval vs random win 1.00 (+130.2)  vs greedy win 0.51 (-4.2)  [1051s]
 18000 games  eps 0.020  train win 0.63 margin  +53.1  |td| 0.032  eval vs random win 1.00 (+132.2)  vs greedy win 0.36 (-14.9)  [1083s]
 18500 games  eps 0.020  train win 0.59 margin  +38.8  |td| 0.034  eval vs random win 1.00 (+114.9)  vs greedy win 0.24 (-21.7)  [1114s]
 19000 games  eps 0.020  train win 0.70 margin  +68.0  |td| 0.034  eval vs random win 1.00 (+132.0)  vs greedy win 0.33 (-19.3)  [1145s]
 19500 games  eps 0.020  train win 0.65 margin  +52.5  |td| 0.033  eval vs random win 1.00 (+129.5)  vs greedy win 0.35 (-16.4)  [1177s]
 20000 games  eps 0.020  train win 0.65 margin  +50.9  |td| 0.033  eval vs random win 0.99 (+126.7)  vs greedy win 0.36 (-16.7)  [1208s]
 20500 games  eps 0.020  train win 0.61 margin  +48.6  |td| 0.035  eval vs random win 1.00 (+136.9)  vs greedy win 0.36 (-17.6)  [1239s]
 21000 games  eps 0.020  train win 0.61 margin  +47.6  |td| 0.034  eval vs random win 1.00 (+130.6)  vs greedy win 0.28 (-17.1)  [1271s]
 21500 games  eps 0.020  train win 0.60 margin  +47.3  |td| 0.034  eval vs random win 1.00 (+111.6)  vs greedy win 0.13 (-25.4)  [1302s]
 22000 games  eps 0.020  train win 0.63 margin  +50.6  |td| 0.034  eval vs random win 1.00 (+121.0)  vs greedy win 0.32 (-15.8)  [1334s]
 22500 games  eps 0.020  train win 0.61 margin  +44.5  |td| 0.035  eval vs random win 1.00 (+127.1)  vs greedy win 0.58 (-0.1)  [1367s]
 23000 games  eps 0.020  train win 0.69 margin  +60.0  |td| 0.031  eval vs random win 1.00 (+132.3)  vs greedy win 0.44 (-10.9)  [1397s]
 23500 games  eps 0.020  train win 0.67 margin  +58.3  |td| 0.034  eval vs random win 1.00 (+129.4)  vs greedy win 0.60 (+2.5)  [1428s]
 24000 games  eps 0.020  train win 0.60 margin  +46.1  |td| 0.034  eval vs random win 1.00 (+133.8)  vs greedy win 0.33 (-18.9)  [1460s]
 24500 games  eps 0.020  train win 0.66 margin  +54.3  |td| 0.032  eval vs random win 1.00 (+142.6)  vs greedy win 0.41 (-12.1)  [1490s]
 25000 games  eps 0.020  train win 0.63 margin  +45.9  |td| 0.034  eval vs random win 1.00 (+134.9)  vs greedy win 0.40 (-6.5)  [1521s]
 25500 games  eps 0.020  train win 0.63 margin  +52.5  |td| 0.037  eval vs random win 1.00 (+132.5)  vs greedy win 0.42 (-10.7)  [1552s]
 26000 games  eps 0.020  train win 0.62 margin  +45.5  |td| 0.034  eval vs random win 1.00 (+136.5)  vs greedy win 0.34 (-19.1)  [1586s]
 26500 games  eps 0.020  train win 0.65 margin  +51.6  |td| 0.031  eval vs random win 1.00 (+136.0)  vs greedy win 0.39 (-6.5)  [1617s]
 27000 games  eps 0.020  train win 0.65 margin  +51.6  |td| 0.032  eval vs random win 1.00 (+117.1)  vs greedy win 0.19 (-30.3)  [1649s]
 27500 games  eps 0.020  train win 0.62 margin  +53.2  |td| 0.035  eval vs random win 1.00 (+136.7)  vs greedy win 0.40 (-11.7)  [1681s]
 28000 games  eps 0.020  train win 0.61 margin  +47.4  |td| 0.033  eval vs random win 1.00 (+140.6)  vs greedy win 0.38 (-16.0)  [1712s]
 28500 games  eps 0.020  train win 0.58 margin  +44.6  |td| 0.036  eval vs random win 1.00 (+144.7)  vs greedy win 0.40 (-10.4)  [1745s]
 29000 games  eps 0.020  train win 0.63 margin  +56.2  |td| 0.031  eval vs random win 1.00 (+141.2)  vs greedy win 0.36 (-11.5)  [1780s]
 29500 games  eps 0.020  train win 0.64 margin  +54.8  |td| 0.031  eval vs random win 1.00 (+132.5)  vs greedy win 0.38 (-13.9)  [1811s]
 30000 games  eps 0.020  train win 0.65 margin  +51.1  |td| 0.033  eval vs random win 1.00 (+128.3)  vs greedy win 0.16 (-25.3)  [1842s]
saved runs\linear\pass5\p5d_q_mixed_s1.json  (ttr-dash runs\linear\pass5\p5d_q_mixed_s1.json to analyze)
