training q vs mixed: 30000 games, alpha 0.05, epsilon 0.2 -> 0.02, reward margin; average 100
(best checkpoint kept by margin vs greedy; play it as linear:runs\linear\pass5\p5d_q_mixed_s4.json@best)
live: runs\linear\pass5\p5d_q_mixed_s4.json rewritten every 500 games (watch with ttr-dash --live runs\linear\pass5\p5d_q_mixed_s4.json)
   500 games  eps 0.110  train win 0.49 margin   +0.1  |td| 0.029  eval vs random win 1.00 (+113.1)  vs greedy win 0.00 (-61.0)  [22s]
  1000 games  eps 0.020  train win 0.49 margin  +15.7  |td| 0.032  eval vs random win 1.00 (+130.9)  vs greedy win 0.09 (-40.2)  [50s]
  1500 games  eps 0.020  train win 0.53 margin  +35.3  |td| 0.033  eval vs random win 1.00 (+110.4)  vs greedy win 0.03 (-43.7)  [79s]
  2000 games  eps 0.020  train win 0.53 margin  +43.8  |td| 0.033  eval vs random win 1.00 (+121.5)  vs greedy win 0.08 (-35.5)  [107s]
  2500 games  eps 0.020  train win 0.58 margin  +47.1  |td| 0.035  eval vs random win 1.00 (+139.9)  vs greedy win 0.20 (-24.1)  [138s]
  3000 games  eps 0.020  train win 0.60 margin  +54.1  |td| 0.035  eval vs random win 1.00 (+139.8)  vs greedy win 0.20 (-22.3)  [168s]
  3500 games  eps 0.020  train win 0.56 margin  +48.1  |td| 0.036  eval vs random win 1.00 (+128.9)  vs greedy win 0.22 (-20.8)  [196s]
  4000 games  eps 0.020  train win 0.61 margin  +55.3  |td| 0.036  eval vs random win 1.00 (+140.1)  vs greedy win 0.33 (-16.0)  [225s]
  4500 games  eps 0.020  train win 0.63 margin  +57.9  |td| 0.036  eval vs random win 1.00 (+137.4)  vs greedy win 0.23 (-17.7)  [253s]
  5000 games  eps 0.020  train win 0.64 margin  +54.3  |td| 0.038  eval vs random win 1.00 (+140.2)  vs greedy win 0.28 (-15.0)  [281s]
  5500 games  eps 0.020  train win 0.62 margin  +60.2  |td| 0.038  eval vs random win 1.00 (+139.6)  vs greedy win 0.23 (-20.1)  [310s]
  6000 games  eps 0.020  train win 0.63 margin  +55.8  |td| 0.040  eval vs random win 1.00 (+138.3)  vs greedy win 0.29 (-14.7)  [339s]
  6500 games  eps 0.020  train win 0.63 margin  +58.9  |td| 0.038  eval vs random win 1.00 (+139.4)  vs greedy win 0.33 (-9.3)  [367s]
  7000 games  eps 0.020  train win 0.65 margin  +60.2  |td| 0.038  eval vs random win 1.00 (+123.1)  vs greedy win 0.21 (-19.5)  [396s]
  7500 games  eps 0.020  train win 0.64 margin  +57.4  |td| 0.038  eval vs random win 1.00 (+133.9)  vs greedy win 0.19 (-22.8)  [425s]
  8000 games  eps 0.020  train win 0.58 margin  +52.0  |td| 0.041  eval vs random win 1.00 (+131.6)  vs greedy win 0.36 (-13.6)  [453s]
  8500 games  eps 0.020  train win 0.61 margin  +58.0  |td| 0.039  eval vs random win 1.00 (+127.0)  vs greedy win 0.31 (-13.0)  [481s]
  9000 games  eps 0.020  train win 0.63 margin  +55.0  |td| 0.039  eval vs random win 1.00 (+139.8)  vs greedy win 0.31 (-15.9)  [510s]
  9500 games  eps 0.020  train win 0.58 margin  +47.3  |td| 0.041  eval vs random win 1.00 (+117.8)  vs greedy win 0.24 (-23.5)  [538s]
 10000 games  eps 0.020  train win 0.59 margin  +50.4  |td| 0.040  eval vs random win 1.00 (+138.1)  vs greedy win 0.17 (-25.1)  [567s]
 10500 games  eps 0.020  train win 0.54 margin  +44.9  |td| 0.042  eval vs random win 1.00 (+109.8)  vs greedy win 0.12 (-31.2)  [596s]
 11000 games  eps 0.020  train win 0.57 margin  +45.7  |td| 0.040  eval vs random win 1.00 (+127.4)  vs greedy win 0.23 (-22.5)  [626s]
 11500 games  eps 0.020  train win 0.59 margin  +47.6  |td| 0.040  eval vs random win 1.00 (+132.7)  vs greedy win 0.23 (-23.8)  [656s]
 12000 games  eps 0.020  train win 0.62 margin  +50.8  |td| 0.040  eval vs random win 1.00 (+123.2)  vs greedy win 0.28 (-22.2)  [685s]
 12500 games  eps 0.020  train win 0.58 margin  +49.1  |td| 0.040  eval vs random win 1.00 (+137.4)  vs greedy win 0.21 (-26.6)  [714s]
 13000 games  eps 0.020  train win 0.54 margin  +41.4  |td| 0.042  eval vs random win 1.00 (+112.8)  vs greedy win 0.13 (-32.7)  [744s]
 13500 games  eps 0.020  train win 0.57 margin  +46.2  |td| 0.041  eval vs random win 1.00 (+116.2)  vs greedy win 0.14 (-26.3)  [772s]
 14000 games  eps 0.020  train win 0.58 margin  +44.7  |td| 0.039  eval vs random win 1.00 (+132.6)  vs greedy win 0.25 (-22.8)  [801s]
 14500 games  eps 0.020  train win 0.61 margin  +50.8  |td| 0.040  eval vs random win 1.00 (+132.7)  vs greedy win 0.23 (-22.4)  [831s]
 15000 games  eps 0.020  train win 0.60 margin  +49.7  |td| 0.040  eval vs random win 1.00 (+121.3)  vs greedy win 0.27 (-18.9)  [860s]
 15500 games  eps 0.020  train win 0.58 margin  +43.7  |td| 0.042  eval vs random win 1.00 (+120.4)  vs greedy win 0.11 (-30.5)  [890s]
 16000 games  eps 0.020  train win 0.58 margin  +47.0  |td| 0.039  eval vs random win 1.00 (+118.0)  vs greedy win 0.18 (-23.4)  [921s]
 16500 games  eps 0.020  train win 0.57 margin  +43.8  |td| 0.040  eval vs random win 1.00 (+123.0)  vs greedy win 0.20 (-23.8)  [952s]
 17000 games  eps 0.020  train win 0.62 margin  +49.8  |td| 0.040  eval vs random win 1.00 (+125.5)  vs greedy win 0.14 (-26.4)  [980s]
 17500 games  eps 0.020  train win 0.56 margin  +40.6  |td| 0.041  eval vs random win 1.00 (+128.3)  vs greedy win 0.28 (-22.3)  [1009s]
 18000 games  eps 0.020  train win 0.58 margin  +47.0  |td| 0.041  eval vs random win 1.00 (+121.8)  vs greedy win 0.24 (-24.4)  [1037s]
 18500 games  eps 0.020  train win 0.54 margin  +40.4  |td| 0.043  eval vs random win 1.00 (+123.3)  vs greedy win 0.19 (-27.4)  [1066s]
 19000 games  eps 0.020  train win 0.65 margin  +57.7  |td| 0.040  eval vs random win 1.00 (+129.3)  vs greedy win 0.30 (-18.2)  [1095s]
 19500 games  eps 0.020  train win 0.63 margin  +55.0  |td| 0.040  eval vs random win 1.00 (+130.6)  vs greedy win 0.22 (-19.7)  [1123s]
 20000 games  eps 0.020  train win 0.56 margin  +41.2  |td| 0.042  eval vs random win 1.00 (+133.1)  vs greedy win 0.21 (-25.3)  [1152s]
 20500 games  eps 0.020  train win 0.58 margin  +48.6  |td| 0.041  eval vs random win 1.00 (+129.4)  vs greedy win 0.25 (-23.6)  [1180s]
 21000 games  eps 0.020  train win 0.61 margin  +53.1  |td| 0.041  eval vs random win 1.00 (+125.7)  vs greedy win 0.10 (-31.7)  [1207s]
 21500 games  eps 0.020  train win 0.56 margin  +43.0  |td| 0.041  eval vs random win 1.00 (+132.3)  vs greedy win 0.31 (-22.8)  [1236s]
 22000 games  eps 0.020  train win 0.59 margin  +44.9  |td| 0.041  eval vs random win 1.00 (+123.0)  vs greedy win 0.33 (-16.9)  [1264s]
 22500 games  eps 0.020  train win 0.60 margin  +49.5  |td| 0.041  eval vs random win 1.00 (+129.9)  vs greedy win 0.32 (-16.2)  [1293s]
 23000 games  eps 0.020  train win 0.55 margin  +43.8  |td| 0.041  eval vs random win 1.00 (+136.2)  vs greedy win 0.19 (-25.4)  [1322s]
 23500 games  eps 0.020  train win 0.56 margin  +40.7  |td| 0.042  eval vs random win 1.00 (+136.2)  vs greedy win 0.32 (-15.1)  [1352s]
 24000 games  eps 0.020  train win 0.63 margin  +54.6  |td| 0.040  eval vs random win 1.00 (+131.6)  vs greedy win 0.26 (-20.0)  [1380s]
 24500 games  eps 0.020  train win 0.63 margin  +54.2  |td| 0.041  eval vs random win 1.00 (+129.9)  vs greedy win 0.35 (-15.5)  [1408s]
 25000 games  eps 0.020  train win 0.60 margin  +55.4  |td| 0.042  eval vs random win 1.00 (+130.1)  vs greedy win 0.19 (-24.5)  [1437s]
 25500 games  eps 0.020  train win 0.61 margin  +51.1  |td| 0.041  eval vs random win 1.00 (+134.1)  vs greedy win 0.28 (-17.0)  [1464s]
 26000 games  eps 0.020  train win 0.59 margin  +49.6  |td| 0.041  eval vs random win 1.00 (+125.2)  vs greedy win 0.24 (-23.0)  [1491s]
 26500 games  eps 0.020  train win 0.61 margin  +51.9  |td| 0.042  eval vs random win 1.00 (+147.1)  vs greedy win 0.23 (-21.6)  [1516s]
 27000 games  eps 0.020  train win 0.58 margin  +48.7  |td| 0.042  eval vs random win 1.00 (+132.6)  vs greedy win 0.25 (-22.2)  [1539s]
 27500 games  eps 0.020  train win 0.62 margin  +50.0  |td| 0.042  eval vs random win 1.00 (+133.6)  vs greedy win 0.27 (-20.7)  [1561s]
 28000 games  eps 0.020  train win 0.62 margin  +52.3  |td| 0.043  eval vs random win 1.00 (+128.3)  vs greedy win 0.37 (-13.6)  [1584s]
 28500 games  eps 0.020  train win 0.63 margin  +55.8  |td| 0.044  eval vs random win 1.00 (+127.3)  vs greedy win 0.26 (-20.5)  [1605s]
 29000 games  eps 0.020  train win 0.61 margin  +51.5  |td| 0.045  eval vs random win 1.00 (+136.6)  vs greedy win 0.34 (-16.0)  [1626s]
 29500 games  eps 0.020  train win 0.61 margin  +54.4  |td| 0.044  eval vs random win 1.00 (+125.5)  vs greedy win 0.27 (-19.8)  [1646s]
 30000 games  eps 0.020  train win 0.61 margin  +50.5  |td| 0.043  eval vs random win 1.00 (+129.2)  vs greedy win 0.21 (-23.1)  [1664s]
saved runs\linear\pass5\p5d_q_mixed_s4.json  (ttr-dash runs\linear\pass5\p5d_q_mixed_s4.json to analyze)
