training q vs mixed: 30000 games, alpha 0.05, epsilon 0.2 -> 0.02, reward margin; average 100
(best checkpoint kept by margin vs greedy; play it as linear:runs\linear\pass5\p5d_q_mixed_s2.json@best)
live: runs\linear\pass5\p5d_q_mixed_s2.json rewritten every 500 games (watch with ttr-dash --live runs\linear\pass5\p5d_q_mixed_s2.json)
   500 games  eps 0.110  train win 0.49 margin   -3.4  |td| 0.028  eval vs random win 0.99 (+103.7)  vs greedy win 0.00 (-97.8)  [20s]
  1000 games  eps 0.020  train win 0.51 margin  +11.3  |td| 0.031  eval vs random win 1.00 (+111.5)  vs greedy win 0.00 (-70.4)  [46s]
  1500 games  eps 0.020  train win 0.50 margin  +29.6  |td| 0.035  eval vs random win 1.00 (+129.9)  vs greedy win 0.08 (-46.8)  [74s]
  2000 games  eps 0.020  train win 0.55 margin  +45.4  |td| 0.034  eval vs random win 1.00 (+124.6)  vs greedy win 0.12 (-38.8)  [105s]
  2500 games  eps 0.020  train win 0.57 margin  +52.6  |td| 0.035  eval vs random win 1.00 (+130.3)  vs greedy win 0.22 (-26.9)  [134s]
  3000 games  eps 0.020  train win 0.55 margin  +47.2  |td| 0.036  eval vs random win 1.00 (+138.1)  vs greedy win 0.19 (-24.6)  [164s]
  3500 games  eps 0.020  train win 0.55 margin  +46.8  |td| 0.036  eval vs random win 1.00 (+134.3)  vs greedy win 0.25 (-17.5)  [193s]
  4000 games  eps 0.020  train win 0.61 margin  +54.2  |td| 0.035  eval vs random win 1.00 (+132.9)  vs greedy win 0.29 (-18.0)  [220s]
  4500 games  eps 0.020  train win 0.63 margin  +54.6  |td| 0.036  eval vs random win 1.00 (+138.8)  vs greedy win 0.32 (-20.1)  [249s]
  5000 games  eps 0.020  train win 0.58 margin  +46.4  |td| 0.037  eval vs random win 1.00 (+135.6)  vs greedy win 0.33 (-12.5)  [277s]
  5500 games  eps 0.020  train win 0.60 margin  +51.3  |td| 0.037  eval vs random win 1.00 (+113.3)  vs greedy win 0.17 (-24.7)  [305s]
  6000 games  eps 0.020  train win 0.56 margin  +45.3  |td| 0.038  eval vs random win 1.00 (+132.9)  vs greedy win 0.24 (-17.8)  [333s]
  6500 games  eps 0.020  train win 0.60 margin  +53.1  |td| 0.038  eval vs random win 1.00 (+115.7)  vs greedy win 0.25 (-19.7)  [363s]
  7000 games  eps 0.020  train win 0.60 margin  +52.1  |td| 0.038  eval vs random win 1.00 (+122.4)  vs greedy win 0.21 (-26.4)  [391s]
  7500 games  eps 0.020  train win 0.58 margin  +45.2  |td| 0.038  eval vs random win 1.00 (+142.7)  vs greedy win 0.19 (-27.3)  [420s]
  8000 games  eps 0.020  train win 0.61 margin  +53.0  |td| 0.038  eval vs random win 1.00 (+113.6)  vs greedy win 0.21 (-22.6)  [450s]
  8500 games  eps 0.020  train win 0.59 margin  +45.3  |td| 0.038  eval vs random win 1.00 (+123.8)  vs greedy win 0.16 (-26.8)  [479s]
  9000 games  eps 0.020  train win 0.59 margin  +45.9  |td| 0.039  eval vs random win 1.00 (+119.1)  vs greedy win 0.09 (-31.2)  [509s]
  9500 games  eps 0.020  train win 0.51 margin  +33.7  |td| 0.040  eval vs random win 1.00 (+123.6)  vs greedy win 0.21 (-25.8)  [539s]
 10000 games  eps 0.020  train win 0.56 margin  +45.6  |td| 0.040  eval vs random win 1.00 (+121.9)  vs greedy win 0.14 (-29.9)  [569s]
 10500 games  eps 0.020  train win 0.56 margin  +41.6  |td| 0.040  eval vs random win 1.00 (+102.3)  vs greedy win 0.08 (-34.1)  [598s]
 11000 games  eps 0.020  train win 0.57 margin  +45.9  |td| 0.041  eval vs random win 1.00 (+126.2)  vs greedy win 0.17 (-22.0)  [630s]
 11500 games  eps 0.020  train win 0.55 margin  +41.8  |td| 0.039  eval vs random win 1.00 (+134.1)  vs greedy win 0.28 (-22.6)  [659s]
 12000 games  eps 0.020  train win 0.56 margin  +41.7  |td| 0.039  eval vs random win 1.00 (+128.2)  vs greedy win 0.22 (-23.4)  [690s]
 12500 games  eps 0.020  train win 0.58 margin  +41.9  |td| 0.039  eval vs random win 1.00 (+124.0)  vs greedy win 0.14 (-26.9)  [719s]
 13000 games  eps 0.020  train win 0.60 margin  +49.1  |td| 0.040  eval vs random win 1.00 (+119.4)  vs greedy win 0.17 (-29.2)  [748s]
 13500 games  eps 0.020  train win 0.58 margin  +42.7  |td| 0.039  eval vs random win 1.00 (+129.8)  vs greedy win 0.16 (-27.6)  [779s]
 14000 games  eps 0.020  train win 0.57 margin  +45.9  |td| 0.040  eval vs random win 1.00 (+133.8)  vs greedy win 0.19 (-25.5)  [808s]
 14500 games  eps 0.020  train win 0.63 margin  +51.2  |td| 0.040  eval vs random win 1.00 (+119.3)  vs greedy win 0.10 (-30.2)  [838s]
 15000 games  eps 0.020  train win 0.56 margin  +41.4  |td| 0.041  eval vs random win 1.00 (+129.5)  vs greedy win 0.22 (-21.5)  [868s]
 15500 games  eps 0.020  train win 0.59 margin  +46.6  |td| 0.040  eval vs random win 1.00 (+117.5)  vs greedy win 0.11 (-30.2)  [898s]
 16000 games  eps 0.020  train win 0.54 margin  +38.7  |td| 0.041  eval vs random win 1.00 (+120.3)  vs greedy win 0.15 (-27.1)  [927s]
 16500 games  eps 0.020  train win 0.60 margin  +48.6  |td| 0.041  eval vs random win 1.00 (+119.7)  vs greedy win 0.30 (-21.9)  [956s]
 17000 games  eps 0.020  train win 0.58 margin  +45.5  |td| 0.040  eval vs random win 1.00 (+122.1)  vs greedy win 0.21 (-25.2)  [986s]
 17500 games  eps 0.020  train win 0.58 margin  +43.2  |td| 0.041  eval vs random win 1.00 (+116.8)  vs greedy win 0.16 (-26.1)  [1014s]
 18000 games  eps 0.020  train win 0.63 margin  +54.3  |td| 0.041  eval vs random win 1.00 (+125.4)  vs greedy win 0.22 (-27.9)  [1044s]
 18500 games  eps 0.020  train win 0.60 margin  +49.7  |td| 0.041  eval vs random win 1.00 (+120.9)  vs greedy win 0.29 (-22.0)  [1072s]
 19000 games  eps 0.020  train win 0.55 margin  +43.4  |td| 0.041  eval vs random win 1.00 (+123.3)  vs greedy win 0.20 (-26.5)  [1102s]
 19500 games  eps 0.020  train win 0.54 margin  +36.7  |td| 0.041  eval vs random win 1.00 (+127.3)  vs greedy win 0.31 (-23.6)  [1133s]
 20000 games  eps 0.020  train win 0.61 margin  +50.7  |td| 0.040  eval vs random win 1.00 (+121.8)  vs greedy win 0.17 (-24.1)  [1165s]
 20500 games  eps 0.020  train win 0.59 margin  +45.9  |td| 0.042  eval vs random win 1.00 (+123.0)  vs greedy win 0.28 (-21.1)  [1194s]
 21000 games  eps 0.020  train win 0.57 margin  +42.2  |td| 0.042  eval vs random win 1.00 (+123.7)  vs greedy win 0.20 (-25.0)  [1223s]
 21500 games  eps 0.020  train win 0.57 margin  +43.0  |td| 0.041  eval vs random win 1.00 (+125.8)  vs greedy win 0.20 (-23.6)  [1253s]
 22000 games  eps 0.020  train win 0.63 margin  +54.5  |td| 0.040  eval vs random win 1.00 (+124.6)  vs greedy win 0.31 (-15.0)  [1282s]
 22500 games  eps 0.020  train win 0.56 margin  +41.6  |td| 0.041  eval vs random win 1.00 (+118.4)  vs greedy win 0.24 (-19.6)  [1311s]
 23000 games  eps 0.020  train win 0.56 margin  +44.1  |td| 0.041  eval vs random win 1.00 (+127.5)  vs greedy win 0.24 (-26.5)  [1339s]
 23500 games  eps 0.020  train win 0.52 margin  +30.9  |td| 0.041  eval vs random win 1.00 (+100.8)  vs greedy win 0.16 (-38.8)  [1369s]
 24000 games  eps 0.020  train win 0.60 margin  +49.9  |td| 0.041  eval vs random win 1.00 (+127.9)  vs greedy win 0.22 (-24.1)  [1398s]
 24500 games  eps 0.020  train win 0.57 margin  +39.4  |td| 0.042  eval vs random win 1.00 (+131.6)  vs greedy win 0.31 (-18.7)  [1427s]
 25000 games  eps 0.020  train win 0.57 margin  +40.7  |td| 0.041  eval vs random win 1.00 (+121.3)  vs greedy win 0.21 (-25.3)  [1456s]
 25500 games  eps 0.020  train win 0.56 margin  +38.8  |td| 0.042  eval vs random win 1.00 (+125.1)  vs greedy win 0.18 (-26.9)  [1486s]
 26000 games  eps 0.020  train win 0.57 margin  +46.5  |td| 0.041  eval vs random win 1.00 (+122.0)  vs greedy win 0.17 (-29.2)  [1514s]
 26500 games  eps 0.020  train win 0.56 margin  +47.6  |td| 0.042  eval vs random win 1.00 (+133.4)  vs greedy win 0.15 (-27.9)  [1543s]
 27000 games  eps 0.020  train win 0.60 margin  +48.8  |td| 0.041  eval vs random win 1.00 (+125.7)  vs greedy win 0.25 (-24.0)  [1573s]
 27500 games  eps 0.020  train win 0.57 margin  +43.8  |td| 0.043  eval vs random win 1.00 (+123.3)  vs greedy win 0.21 (-26.4)  [1601s]
 28000 games  eps 0.020  train win 0.56 margin  +44.8  |td| 0.040  eval vs random win 1.00 (+129.0)  vs greedy win 0.29 (-21.1)  [1630s]
 28500 games  eps 0.020  train win 0.57 margin  +44.4  |td| 0.041  eval vs random win 1.00 (+130.2)  vs greedy win 0.20 (-26.8)  [1659s]
 29000 games  eps 0.020  train win 0.61 margin  +48.5  |td| 0.041  eval vs random win 1.00 (+126.0)  vs greedy win 0.19 (-24.2)  [1685s]
 29500 games  eps 0.020  train win 0.63 margin  +52.9  |td| 0.041  eval vs random win 1.00 (+129.8)  vs greedy win 0.17 (-27.6)  [1713s]
 30000 games  eps 0.020  train win 0.59 margin  +47.4  |td| 0.041  eval vs random win 1.00 (+130.5)  vs greedy win 0.22 (-22.4)  [1739s]
saved runs\linear\pass5\p5d_q_mixed_s2.json  (ttr-dash runs\linear\pass5\p5d_q_mixed_s2.json to analyze)
