training q vs self: 30000 games, alpha 0.05, epsilon 0.2 -> 0.02, reward margin; average 100
(best checkpoint kept by margin vs greedy; play it as linear:runs\linear\pass5\p5e_q_self_s0.json@best)
live: runs\linear\pass5\p5e_q_self_s0.json rewritten every 500 games (watch with ttr-dash --live runs\linear\pass5\p5e_q_self_s0.json)
   500 games  eps 0.110  train win 0.00 margin -107.4  |td| 0.020  eval vs random win 0.98 (+133.7)  vs greedy win 0.00 (-92.8)  [21s]
  1000 games  eps 0.020  train win 0.43 margin  -18.8  |td| 0.018  eval vs random win 1.00 (+146.9)  vs greedy win 0.19 (-25.8)  [49s]
  1500 games  eps 0.020  train win 0.12 margin  -38.3  |td| 0.018  eval vs random win 1.00 (+136.3)  vs greedy win 0.13 (-29.5)  [77s]
  2000 games  eps 0.020  train win 0.29 margin  -18.8  |td| 0.015  eval vs random win 1.00 (+129.3)  vs greedy win 0.12 (-26.8)  [109s]
  2500 games  eps 0.020  train win 0.43 margin   -4.1  |td| 0.014  eval vs random win 1.00 (+145.1)  vs greedy win 0.44 (-4.8)  [143s]
  3000 games  eps 0.020  train win 0.45 margin   -5.8  |td| 0.017  eval vs random win 1.00 (+135.2)  vs greedy win 0.58 (+2.9)  [180s]
  3500 games  eps 0.020  train win 0.45 margin   -5.8  |td| 0.014  eval vs random win 1.00 (+147.7)  vs greedy win 0.42 (-4.4)  [215s]
  4000 games  eps 0.020  train win 0.46 margin   -3.2  |td| 0.013  eval vs random win 1.00 (+143.6)  vs greedy win 0.55 (+3.2)  [250s]
  4500 games  eps 0.020  train win 0.50 margin   +0.3  |td| 0.011  eval vs random win 1.00 (+151.3)  vs greedy win 0.57 (+5.1)  [284s]
  5000 games  eps 0.020  train win 0.51 margin   -0.2  |td| 0.011  eval vs random win 1.00 (+146.0)  vs greedy win 0.49 (-2.0)  [317s]
  5500 games  eps 0.020  train win 0.46 margin   -3.5  |td| 0.010  eval vs random win 1.00 (+150.4)  vs greedy win 0.46 (-0.9)  [350s]
  6000 games  eps 0.020  train win 0.43 margin   -6.7  |td| 0.010  eval vs random win 1.00 (+150.7)  vs greedy win 0.63 (+9.0)  [382s]
  6500 games  eps 0.020  train win 0.07 margin  -49.8  |td| 0.009  eval vs random win 0.99 (+123.5)  vs greedy win 0.02 (-56.8)  [412s]
  7000 games  eps 0.020  train win 0.15 margin  -26.3  |td| 0.009  eval vs random win 1.00 (+147.4)  vs greedy win 0.31 (-16.8)  [442s]
  7500 games  eps 0.020  train win 0.11 margin  -30.3  |td| 0.008  eval vs random win 1.00 (+141.9)  vs greedy win 0.10 (-28.5)  [472s]
  8000 games  eps 0.020  train win 0.26 margin  -18.8  |td| 0.008  eval vs random win 1.00 (+144.6)  vs greedy win 0.17 (-25.7)  [504s]
  8500 games  eps 0.020  train win 0.11 margin  -35.5  |td| 0.008  eval vs random win 1.00 (+139.0)  vs greedy win 0.38 (-12.3)  [534s]
  9000 games  eps 0.020  train win 0.10 margin  -42.7  |td| 0.008  eval vs random win 1.00 (+124.4)  vs greedy win 0.01 (-65.1)  [564s]
  9500 games  eps 0.020  train win 0.19 margin  -33.2  |td| 0.009  eval vs random win 1.00 (+144.2)  vs greedy win 0.50 (+3.1)  [594s]
 10000 games  eps 0.020  train win 0.10 margin  -45.7  |td| 0.009  eval vs random win 1.00 (+132.3)  vs greedy win 0.01 (-62.9)  [624s]
 10500 games  eps 0.020  train win 0.18 margin  -34.3  |td| 0.010  eval vs random win 1.00 (+125.2)  vs greedy win 0.00 (-60.8)  [654s]
 11000 games  eps 0.020  train win 0.12 margin  -36.9  |td| 0.010  eval vs random win 1.00 (+138.6)  vs greedy win 0.18 (-27.9)  [684s]
 11500 games  eps 0.020  train win 0.02 margin  -61.6  |td| 0.009  eval vs random win 1.00 (+125.1)  vs greedy win 0.00 (-72.1)  [712s]
 12000 games  eps 0.020  train win 0.17 margin  -34.4  |td| 0.011  eval vs random win 1.00 (+146.8)  vs greedy win 0.21 (-18.9)  [742s]
 12500 games  eps 0.020  train win 0.13 margin  -41.4  |td| 0.010  eval vs random win 1.00 (+143.5)  vs greedy win 0.16 (-30.2)  [772s]
 13000 games  eps 0.020  train win 0.06 margin  -55.2  |td| 0.009  eval vs random win 1.00 (+127.4)  vs greedy win 0.00 (-76.9)  [802s]
 13500 games  eps 0.020  train win 0.09 margin  -47.7  |td| 0.009  eval vs random win 1.00 (+155.5)  vs greedy win 0.38 (-9.7)  [832s]
 14000 games  eps 0.020  train win 0.12 margin  -40.2  |td| 0.009  eval vs random win 1.00 (+133.1)  vs greedy win 0.04 (-58.9)  [862s]
 14500 games  eps 0.020  train win 0.16 margin  -36.1  |td| 0.010  eval vs random win 1.00 (+139.3)  vs greedy win 0.14 (-39.7)  [891s]
 15000 games  eps 0.020  train win 0.11 margin  -45.4  |td| 0.010  eval vs random win 1.00 (+131.5)  vs greedy win 0.00 (-73.5)  [920s]
 15500 games  eps 0.020  train win 0.08 margin  -44.8  |td| 0.010  eval vs random win 1.00 (+128.8)  vs greedy win 0.01 (-49.2)  [950s]
 16000 games  eps 0.020  train win 0.06 margin  -53.2  |td| 0.009  eval vs random win 1.00 (+146.4)  vs greedy win 0.31 (-19.8)  [979s]
 16500 games  eps 0.020  train win 0.16 margin  -37.7  |td| 0.009  eval vs random win 0.99 (+129.1)  vs greedy win 0.00 (-70.0)  [1009s]
 17000 games  eps 0.020  train win 0.10 margin  -39.4  |td| 0.009  eval vs random win 1.00 (+152.4)  vs greedy win 0.32 (-11.9)  [1039s]
 17500 games  eps 0.020  train win 0.20 margin  -22.9  |td| 0.009  eval vs random win 1.00 (+137.9)  vs greedy win 0.23 (-21.8)  [1070s]
 18000 games  eps 0.020  train win 0.23 margin  -23.5  |td| 0.009  eval vs random win 1.00 (+123.2)  vs greedy win 0.03 (-52.4)  [1100s]
 18500 games  eps 0.020  train win 0.11 margin  -43.0  |td| 0.009  eval vs random win 1.00 (+159.4)  vs greedy win 0.44 (-1.5)  [1129s]
 19000 games  eps 0.020  train win 0.28 margin  -22.2  |td| 0.009  eval vs random win 1.00 (+144.6)  vs greedy win 0.18 (-23.5)  [1160s]
 19500 games  eps 0.020  train win 0.17 margin  -33.1  |td| 0.008  eval vs random win 1.00 (+129.4)  vs greedy win 0.06 (-59.0)  [1191s]
 20000 games  eps 0.020  train win 0.21 margin  -30.8  |td| 0.009  eval vs random win 1.00 (+133.5)  vs greedy win 0.21 (-23.2)  [1221s]
 20500 games  eps 0.020  train win 0.07 margin  -54.4  |td| 0.009  eval vs random win 1.00 (+168.2)  vs greedy win 0.48 (-4.7)  [1250s]
 21000 games  eps 0.020  train win 0.04 margin  -59.6  |td| 0.009  eval vs random win 1.00 (+124.1)  vs greedy win 0.00 (-75.7)  [1279s]
 21500 games  eps 0.020  train win 0.11 margin  -37.4  |td| 0.010  eval vs random win 1.00 (+139.6)  vs greedy win 0.19 (-23.7)  [1309s]
 22000 games  eps 0.020  train win 0.01 margin  -69.2  |td| 0.008  eval vs random win 0.99 (+116.9)  vs greedy win 0.00 (-76.6)  [1338s]
 22500 games  eps 0.020  train win 0.14 margin  -36.3  |td| 0.010  eval vs random win 1.00 (+144.3)  vs greedy win 0.26 (-17.9)  [1367s]
 23000 games  eps 0.020  train win 0.05 margin  -50.9  |td| 0.009  eval vs random win 1.00 (+142.4)  vs greedy win 0.07 (-44.6)  [1396s]
 23500 games  eps 0.020  train win 0.19 margin  -27.9  |td| 0.010  eval vs random win 1.00 (+140.0)  vs greedy win 0.11 (-35.6)  [1426s]
 24000 games  eps 0.020  train win 0.09 margin  -47.3  |td| 0.009  eval vs random win 1.00 (+159.9)  vs greedy win 0.39 (-6.8)  [1456s]
 24500 games  eps 0.020  train win 0.05 margin  -50.4  |td| 0.009  eval vs random win 1.00 (+132.2)  vs greedy win 0.04 (-50.8)  [1486s]
 25000 games  eps 0.020  train win 0.23 margin  -18.2  |td| 0.010  eval vs random win 1.00 (+141.6)  vs greedy win 0.33 (-14.2)  [1516s]
 25500 games  eps 0.020  train win 0.20 margin  -21.8  |td| 0.009  eval vs random win 1.00 (+146.7)  vs greedy win 0.24 (-19.8)  [1546s]
 26000 games  eps 0.020  train win 0.34 margin  -11.2  |td| 0.008  eval vs random win 1.00 (+143.2)  vs greedy win 0.23 (-18.7)  [1577s]
 26500 games  eps 0.020  train win 0.22 margin  -27.1  |td| 0.008  eval vs random win 1.00 (+134.3)  vs greedy win 0.04 (-46.7)  [1608s]
 27000 games  eps 0.020  train win 0.18 margin  -31.1  |td| 0.009  eval vs random win 1.00 (+154.5)  vs greedy win 0.27 (-12.7)  [1639s]
 27500 games  eps 0.020  train win 0.04 margin  -56.7  |td| 0.009  eval vs random win 1.00 (+135.2)  vs greedy win 0.13 (-26.8)  [1668s]
 28000 games  eps 0.020  train win 0.20 margin  -29.9  |td| 0.009  eval vs random win 1.00 (+124.8)  vs greedy win 0.03 (-51.6)  [1699s]
 28500 games  eps 0.020  train win 0.17 margin  -31.4  |td| 0.010  eval vs random win 1.00 (+143.2)  vs greedy win 0.06 (-43.8)  [1728s]
 29000 games  eps 0.020  train win 0.13 margin  -39.1  |td| 0.009  eval vs random win 1.00 (+126.2)  vs greedy win 0.01 (-69.1)  [1757s]
 29500 games  eps 0.020  train win 0.17 margin  -32.7  |td| 0.009  eval vs random win 1.00 (+159.8)  vs greedy win 0.36 (-12.1)  [1789s]
 30000 games  eps 0.020  train win 0.19 margin  -28.9  |td| 0.009  eval vs random win 1.00 (+154.5)  vs greedy win 0.29 (-12.1)  [1819s]
saved runs\linear\pass5\p5e_q_self_s0.json  (ttr-dash runs\linear\pass5\p5e_q_self_s0.json to analyze)
