training q vs self: 30000 games, alpha 0.05, epsilon 0.2 -> 0.02, reward margin; average 100
(best checkpoint kept by margin vs greedy; play it as linear:runs\linear\pass5\p5e_q_self_s3.json@best)
live: runs\linear\pass5\p5e_q_self_s3.json rewritten every 500 games (watch with ttr-dash --live runs\linear\pass5\p5e_q_self_s3.json)
   500 games  eps 0.110  train win 0.00 margin  -98.6  |td| 0.015  eval vs random win 1.00 (+126.1)  vs greedy win 0.00 (-91.8)  [20s]
  1000 games  eps 0.020  train win 0.46 margin  -18.4  |td| 0.017  eval vs random win 1.00 (+139.2)  vs greedy win 0.27 (-16.6)  [48s]
  1500 games  eps 0.020  train win 0.16 margin  -31.8  |td| 0.018  eval vs random win 1.00 (+146.4)  vs greedy win 0.12 (-32.5)  [78s]
  2000 games  eps 0.020  train win 0.24 margin  -20.1  |td| 0.014  eval vs random win 1.00 (+135.3)  vs greedy win 0.11 (-30.6)  [110s]
  2500 games  eps 0.020  train win 0.42 margin   -8.2  |td| 0.014  eval vs random win 1.00 (+145.5)  vs greedy win 0.41 (-9.5)  [143s]
  3000 games  eps 0.020  train win 0.44 margin   -7.2  |td| 0.016  eval vs random win 1.00 (+132.9)  vs greedy win 0.48 (-1.6)  [182s]
  3500 games  eps 0.020  train win 0.50 margin   +0.7  |td| 0.014  eval vs random win 1.00 (+141.0)  vs greedy win 0.52 (+1.5)  [218s]
  4000 games  eps 0.020  train win 0.47 margin   -4.5  |td| 0.013  eval vs random win 1.00 (+144.4)  vs greedy win 0.61 (+8.1)  [254s]
  4500 games  eps 0.020  train win 0.43 margin   -5.7  |td| 0.011  eval vs random win 1.00 (+152.5)  vs greedy win 0.48 (-1.0)  [287s]
  5000 games  eps 0.020  train win 0.49 margin   -2.6  |td| 0.010  eval vs random win 1.00 (+155.7)  vs greedy win 0.57 (+7.3)  [320s]
  5500 games  eps 0.020  train win 0.51 margin   -1.5  |td| 0.010  eval vs random win 1.00 (+146.2)  vs greedy win 0.41 (-1.0)  [354s]
  6000 games  eps 0.020  train win 0.43 margin   -7.6  |td| 0.009  eval vs random win 1.00 (+135.4)  vs greedy win 0.37 (-10.4)  [387s]
  6500 games  eps 0.020  train win 0.48 margin   -1.4  |td| 0.009  eval vs random win 1.00 (+142.1)  vs greedy win 0.47 (-0.8)  [419s]
  7000 games  eps 0.020  train win 0.36 margin  -12.8  |td| 0.009  eval vs random win 1.00 (+142.8)  vs greedy win 0.43 (-0.9)  [451s]
  7500 games  eps 0.020  train win 0.51 margin   +0.5  |td| 0.008  eval vs random win 1.00 (+149.4)  vs greedy win 0.44 (-5.2)  [484s]
  8000 games  eps 0.020  train win 0.35 margin  -15.0  |td| 0.009  eval vs random win 1.00 (+147.5)  vs greedy win 0.30 (-10.4)  [517s]
  8500 games  eps 0.020  train win 0.12 margin  -49.8  |td| 0.010  eval vs random win 0.99 (+127.5)  vs greedy win 0.00 (-72.3)  [547s]
  9000 games  eps 0.020  train win 0.19 margin  -39.2  |td| 0.011  eval vs random win 1.00 (+121.5)  vs greedy win 0.03 (-47.4)  [578s]
  9500 games  eps 0.020  train win 0.01 margin  -67.0  |td| 0.009  eval vs random win 1.00 (+136.1)  vs greedy win 0.01 (-72.7)  [606s]
 10000 games  eps 0.020  train win 0.00 margin  -67.7  |td| 0.009  eval vs random win 1.00 (+144.2)  vs greedy win 0.00 (-77.4)  [634s]
 10500 games  eps 0.020  train win 0.07 margin  -47.0  |td| 0.011  eval vs random win 1.00 (+165.6)  vs greedy win 0.34 (-12.1)  [664s]
 11000 games  eps 0.020  train win 0.00 margin  -72.1  |td| 0.009  eval vs random win 0.99 (+133.1)  vs greedy win 0.00 (-82.1)  [692s]
 11500 games  eps 0.020  train win 0.02 margin  -58.6  |td| 0.010  eval vs random win 1.00 (+150.3)  vs greedy win 0.00 (-66.6)  [723s]
 12000 games  eps 0.020  train win 0.00 margin  -67.0  |td| 0.010  eval vs random win 1.00 (+135.2)  vs greedy win 0.00 (-81.2)  [753s]
 12500 games  eps 0.020  train win 0.01 margin  -62.0  |td| 0.010  eval vs random win 1.00 (+135.3)  vs greedy win 0.00 (-67.0)  [783s]
 13000 games  eps 0.020  train win 0.00 margin  -61.7  |td| 0.009  eval vs random win 0.99 (+140.8)  vs greedy win 0.00 (-73.6)  [813s]
 13500 games  eps 0.020  train win 0.01 margin  -60.6  |td| 0.009  eval vs random win 1.00 (+130.9)  vs greedy win 0.00 (-79.3)  [844s]
 14000 games  eps 0.020  train win 0.01 margin  -61.8  |td| 0.009  eval vs random win 0.99 (+145.6)  vs greedy win 0.00 (-67.1)  [874s]
 14500 games  eps 0.020  train win 0.01 margin  -59.6  |td| 0.009  eval vs random win 1.00 (+145.6)  vs greedy win 0.00 (-68.2)  [906s]
 15000 games  eps 0.020  train win 0.01 margin  -56.9  |td| 0.010  eval vs random win 1.00 (+156.2)  vs greedy win 0.00 (-71.4)  [938s]
 15500 games  eps 0.020  train win 0.01 margin  -61.0  |td| 0.009  eval vs random win 1.00 (+154.8)  vs greedy win 0.00 (-69.3)  [969s]
 16000 games  eps 0.020  train win 0.00 margin  -61.1  |td| 0.009  eval vs random win 1.00 (+150.2)  vs greedy win 0.00 (-66.9)  [1001s]
 16500 games  eps 0.020  train win 0.01 margin  -61.0  |td| 0.009  eval vs random win 1.00 (+130.9)  vs greedy win 0.00 (-72.8)  [1033s]
 17000 games  eps 0.020  train win 0.00 margin  -61.8  |td| 0.009  eval vs random win 1.00 (+128.8)  vs greedy win 0.00 (-69.5)  [1065s]
 17500 games  eps 0.020  train win 0.00 margin  -58.7  |td| 0.008  eval vs random win 0.99 (+139.4)  vs greedy win 0.01 (-63.8)  [1097s]
 18000 games  eps 0.020  train win 0.01 margin  -60.5  |td| 0.009  eval vs random win 1.00 (+138.5)  vs greedy win 0.00 (-69.3)  [1128s]
 18500 games  eps 0.020  train win 0.00 margin  -60.5  |td| 0.008  eval vs random win 1.00 (+114.3)  vs greedy win 0.00 (-73.6)  [1157s]
 19000 games  eps 0.020  train win 0.00 margin  -64.6  |td| 0.009  eval vs random win 0.98 (+115.0)  vs greedy win 0.00 (-78.0)  [1187s]
 19500 games  eps 0.020  train win 0.01 margin  -62.8  |td| 0.008  eval vs random win 1.00 (+123.7)  vs greedy win 0.00 (-75.4)  [1218s]
 20000 games  eps 0.020  train win 0.00 margin  -65.5  |td| 0.008  eval vs random win 1.00 (+124.9)  vs greedy win 0.00 (-74.0)  [1249s]
 20500 games  eps 0.020  train win 0.01 margin  -63.2  |td| 0.009  eval vs random win 1.00 (+120.8)  vs greedy win 0.00 (-72.4)  [1280s]
 21000 games  eps 0.020  train win 0.01 margin  -61.8  |td| 0.009  eval vs random win 0.98 (+126.5)  vs greedy win 0.00 (-75.3)  [1310s]
 21500 games  eps 0.020  train win 0.01 margin  -64.0  |td| 0.009  eval vs random win 0.98 (+121.7)  vs greedy win 0.00 (-75.5)  [1340s]
 22000 games  eps 0.020  train win 0.01 margin  -60.9  |td| 0.008  eval vs random win 1.00 (+130.0)  vs greedy win 0.00 (-65.6)  [1370s]
 22500 games  eps 0.020  train win 0.01 margin  -61.6  |td| 0.009  eval vs random win 1.00 (+131.8)  vs greedy win 0.00 (-70.3)  [1401s]
 23000 games  eps 0.020  train win 0.00 margin  -63.4  |td| 0.008  eval vs random win 1.00 (+131.6)  vs greedy win 0.00 (-76.8)  [1431s]
 23500 games  eps 0.020  train win 0.00 margin  -63.5  |td| 0.009  eval vs random win 1.00 (+143.4)  vs greedy win 0.00 (-66.2)  [1462s]
 24000 games  eps 0.020  train win 0.01 margin  -62.7  |td| 0.008  eval vs random win 1.00 (+124.8)  vs greedy win 0.00 (-68.4)  [1492s]
 24500 games  eps 0.020  train win 0.00 margin  -66.6  |td| 0.009  eval vs random win 0.99 (+110.7)  vs greedy win 0.00 (-78.0)  [1523s]
 25000 games  eps 0.020  train win 0.01 margin  -62.9  |td| 0.009  eval vs random win 1.00 (+124.1)  vs greedy win 0.00 (-70.3)  [1552s]
 25500 games  eps 0.020  train win 0.00 margin  -65.4  |td| 0.008  eval vs random win 1.00 (+125.5)  vs greedy win 0.00 (-72.1)  [1581s]
 26000 games  eps 0.020  train win 0.01 margin  -59.7  |td| 0.008  eval vs random win 0.99 (+117.2)  vs greedy win 0.00 (-78.5)  [1609s]
 26500 games  eps 0.020  train win 0.02 margin  -61.1  |td| 0.008  eval vs random win 1.00 (+124.8)  vs greedy win 0.00 (-73.4)  [1635s]
 27000 games  eps 0.020  train win 0.01 margin  -63.4  |td| 0.008  eval vs random win 0.99 (+120.7)  vs greedy win 0.00 (-73.1)  [1659s]
 27500 games  eps 0.020  train win 0.01 margin  -63.2  |td| 0.008  eval vs random win 1.00 (+121.4)  vs greedy win 0.00 (-75.8)  [1682s]
 28000 games  eps 0.020  train win 0.00 margin  -62.5  |td| 0.009  eval vs random win 1.00 (+127.7)  vs greedy win 0.00 (-72.9)  [1705s]
 28500 games  eps 0.020  train win 0.01 margin  -61.8  |td| 0.008  eval vs random win 1.00 (+141.7)  vs greedy win 0.00 (-67.4)  [1727s]
 29000 games  eps 0.020  train win 0.01 margin  -65.1  |td| 0.009  eval vs random win 1.00 (+140.2)  vs greedy win 0.00 (-75.8)  [1749s]
 29500 games  eps 0.020  train win 0.01 margin  -61.2  |td| 0.009  eval vs random win 1.00 (+127.3)  vs greedy win 0.00 (-75.5)  [1769s]
 30000 games  eps 0.020  train win 0.00 margin  -64.6  |td| 0.008  eval vs random win 0.99 (+133.5)  vs greedy win 0.00 (-75.9)  [1788s]
saved runs\linear\pass5\p5e_q_self_s3.json  (ttr-dash runs\linear\pass5\p5e_q_self_s3.json to analyze)
