training q vs self: 30000 games, alpha 0.05, epsilon 0.2 -> 0.02, reward margin; average 100
(best checkpoint kept by margin vs greedy; play it as linear:runs\linear\pass5\p5e_q_self_s1.json@best)
live: runs\linear\pass5\p5e_q_self_s1.json rewritten every 500 games (watch with ttr-dash --live runs\linear\pass5\p5e_q_self_s1.json)
   500 games  eps 0.110  train win 0.00 margin  -99.7  |td| 0.015  eval vs random win 0.99 (+134.1)  vs greedy win 0.00 (-90.3)  [21s]
  1000 games  eps 0.020  train win 0.32 margin  -33.2  |td| 0.016  eval vs random win 0.99 (+135.4)  vs greedy win 0.00 (-84.3)  [48s]
  1500 games  eps 0.020  train win 0.46 margin   -9.4  |td| 0.017  eval vs random win 1.00 (+122.1)  vs greedy win 0.16 (-26.8)  [77s]
  2000 games  eps 0.020  train win 0.34 margin  -15.0  |td| 0.019  eval vs random win 1.00 (+124.4)  vs greedy win 0.22 (-23.3)  [110s]
  2500 games  eps 0.020  train win 0.36 margin  -13.1  |td| 0.018  eval vs random win 1.00 (+132.8)  vs greedy win 0.35 (-16.2)  [146s]
  3000 games  eps 0.020  train win 0.43 margin   -5.3  |td| 0.016  eval vs random win 1.00 (+138.2)  vs greedy win 0.45 (-3.4)  [184s]
  3500 games  eps 0.020  train win 0.46 margin   -4.2  |td| 0.014  eval vs random win 1.00 (+144.7)  vs greedy win 0.48 (+1.3)  [219s]
  4000 games  eps 0.020  train win 0.50 margin   -1.1  |td| 0.013  eval vs random win 1.00 (+141.4)  vs greedy win 0.55 (+2.3)  [254s]
  4500 games  eps 0.020  train win 0.44 margin   -3.1  |td| 0.012  eval vs random win 1.00 (+155.7)  vs greedy win 0.48 (-0.8)  [288s]
  5000 games  eps 0.020  train win 0.48 margin   -3.1  |td| 0.011  eval vs random win 1.00 (+153.2)  vs greedy win 0.45 (-5.0)  [321s]
  5500 games  eps 0.020  train win 0.51 margin   +0.7  |td| 0.010  eval vs random win 1.00 (+162.2)  vs greedy win 0.44 (-6.2)  [355s]
  6000 games  eps 0.020  train win 0.42 margin   -5.8  |td| 0.009  eval vs random win 1.00 (+155.4)  vs greedy win 0.40 (-7.2)  [387s]
  6500 games  eps 0.020  train win 0.23 margin  -28.3  |td| 0.010  eval vs random win 1.00 (+138.2)  vs greedy win 0.13 (-40.5)  [419s]
  7000 games  eps 0.020  train win 0.37 margin  -10.0  |td| 0.009  eval vs random win 1.00 (+148.9)  vs greedy win 0.17 (-23.3)  [451s]
  7500 games  eps 0.020  train win 0.44 margin   -5.8  |td| 0.009  eval vs random win 1.00 (+147.1)  vs greedy win 0.19 (-20.1)  [483s]
  8000 games  eps 0.020  train win 0.16 margin  -33.5  |td| 0.010  eval vs random win 1.00 (+135.8)  vs greedy win 0.09 (-33.7)  [512s]
  8500 games  eps 0.020  train win 0.32 margin  -16.4  |td| 0.010  eval vs random win 1.00 (+151.6)  vs greedy win 0.44 (-6.5)  [543s]
  9000 games  eps 0.020  train win 0.07 margin  -55.1  |td| 0.010  eval vs random win 1.00 (+131.8)  vs greedy win 0.01 (-81.5)  [571s]
  9500 games  eps 0.020  train win 0.01 margin  -60.7  |td| 0.010  eval vs random win 0.99 (+140.4)  vs greedy win 0.00 (-67.8)  [600s]
 10000 games  eps 0.020  train win 0.01 margin  -57.5  |td| 0.010  eval vs random win 1.00 (+147.4)  vs greedy win 0.00 (-68.1)  [631s]
 10500 games  eps 0.020  train win 0.01 margin  -61.1  |td| 0.009  eval vs random win 1.00 (+138.8)  vs greedy win 0.00 (-69.3)  [661s]
 11000 games  eps 0.020  train win 0.02 margin  -55.3  |td| 0.010  eval vs random win 1.00 (+129.5)  vs greedy win 0.00 (-71.8)  [692s]
 11500 games  eps 0.020  train win 0.03 margin  -57.2  |td| 0.009  eval vs random win 1.00 (+142.1)  vs greedy win 0.00 (-71.9)  [724s]
 12000 games  eps 0.020  train win 0.01 margin  -55.8  |td| 0.010  eval vs random win 1.00 (+136.9)  vs greedy win 0.01 (-66.5)  [757s]
 12500 games  eps 0.020  train win 0.01 margin  -59.6  |td| 0.009  eval vs random win 1.00 (+142.3)  vs greedy win 0.00 (-77.6)  [789s]
 13000 games  eps 0.020  train win 0.01 margin  -63.8  |td| 0.009  eval vs random win 1.00 (+152.4)  vs greedy win 0.00 (-75.8)  [822s]
 13500 games  eps 0.020  train win 0.02 margin  -57.4  |td| 0.010  eval vs random win 1.00 (+143.4)  vs greedy win 0.00 (-72.9)  [852s]
 14000 games  eps 0.020  train win 0.02 margin  -57.5  |td| 0.010  eval vs random win 1.00 (+145.2)  vs greedy win 0.00 (-70.1)  [884s]
 14500 games  eps 0.020  train win 0.01 margin  -60.7  |td| 0.010  eval vs random win 1.00 (+150.5)  vs greedy win 0.00 (-68.5)  [915s]
 15000 games  eps 0.020  train win 0.00 margin  -59.7  |td| 0.010  eval vs random win 1.00 (+142.2)  vs greedy win 0.00 (-71.8)  [945s]
 15500 games  eps 0.020  train win 0.01 margin  -56.6  |td| 0.010  eval vs random win 1.00 (+141.8)  vs greedy win 0.01 (-69.2)  [975s]
 16000 games  eps 0.020  train win 0.01 margin  -60.2  |td| 0.010  eval vs random win 1.00 (+141.4)  vs greedy win 0.00 (-69.5)  [1006s]
 16500 games  eps 0.020  train win 0.02 margin  -57.9  |td| 0.010  eval vs random win 0.98 (+136.9)  vs greedy win 0.00 (-71.3)  [1036s]
 17000 games  eps 0.020  train win 0.02 margin  -56.6  |td| 0.010  eval vs random win 1.00 (+140.4)  vs greedy win 0.00 (-70.1)  [1067s]
 17500 games  eps 0.020  train win 0.01 margin  -59.4  |td| 0.010  eval vs random win 0.99 (+115.2)  vs greedy win 0.00 (-69.2)  [1098s]
 18000 games  eps 0.020  train win 0.01 margin  -62.8  |td| 0.010  eval vs random win 0.99 (+131.8)  vs greedy win 0.00 (-74.3)  [1129s]
 18500 games  eps 0.020  train win 0.00 margin  -59.6  |td| 0.010  eval vs random win 1.00 (+132.1)  vs greedy win 0.00 (-73.2)  [1160s]
 19000 games  eps 0.020  train win 0.00 margin  -62.3  |td| 0.010  eval vs random win 0.99 (+128.0)  vs greedy win 0.00 (-74.7)  [1190s]
 19500 games  eps 0.020  train win 0.02 margin  -58.8  |td| 0.010  eval vs random win 1.00 (+142.8)  vs greedy win 0.00 (-70.1)  [1221s]
 20000 games  eps 0.020  train win 0.01 margin  -62.9  |td| 0.010  eval vs random win 0.99 (+138.7)  vs greedy win 0.00 (-80.6)  [1252s]
 20500 games  eps 0.020  train win 0.00 margin  -63.4  |td| 0.010  eval vs random win 1.00 (+129.0)  vs greedy win 0.00 (-77.4)  [1282s]
 21000 games  eps 0.020  train win 0.01 margin  -58.9  |td| 0.010  eval vs random win 1.00 (+131.9)  vs greedy win 0.00 (-68.3)  [1313s]
 21500 games  eps 0.020  train win 0.00 margin  -63.1  |td| 0.010  eval vs random win 1.00 (+116.7)  vs greedy win 0.00 (-73.4)  [1344s]
 22000 games  eps 0.020  train win 0.01 margin  -61.7  |td| 0.010  eval vs random win 0.97 (+109.9)  vs greedy win 0.00 (-70.7)  [1376s]
 22500 games  eps 0.020  train win 0.01 margin  -59.7  |td| 0.010  eval vs random win 0.98 (+110.3)  vs greedy win 0.00 (-72.2)  [1407s]
 23000 games  eps 0.020  train win 0.00 margin  -60.7  |td| 0.010  eval vs random win 0.99 (+122.2)  vs greedy win 0.00 (-73.4)  [1438s]
 23500 games  eps 0.020  train win 0.01 margin  -61.4  |td| 0.010  eval vs random win 1.00 (+116.2)  vs greedy win 0.00 (-77.6)  [1470s]
 24000 games  eps 0.020  train win 0.01 margin  -59.9  |td| 0.010  eval vs random win 1.00 (+118.1)  vs greedy win 0.00 (-74.4)  [1502s]
 24500 games  eps 0.020  train win 0.01 margin  -61.7  |td| 0.010  eval vs random win 1.00 (+132.1)  vs greedy win 0.01 (-71.5)  [1535s]
 25000 games  eps 0.020  train win 0.01 margin  -61.1  |td| 0.009  eval vs random win 1.00 (+113.9)  vs greedy win 0.00 (-73.8)  [1565s]
 25500 games  eps 0.020  train win 0.00 margin  -61.0  |td| 0.009  eval vs random win 1.00 (+125.5)  vs greedy win 0.00 (-73.2)  [1597s]
 26000 games  eps 0.020  train win 0.01 margin  -61.9  |td| 0.010  eval vs random win 1.00 (+139.7)  vs greedy win 0.00 (-70.2)  [1628s]
 26500 games  eps 0.020  train win 0.01 margin  -63.1  |td| 0.010  eval vs random win 1.00 (+130.6)  vs greedy win 0.00 (-77.6)  [1659s]
 27000 games  eps 0.020  train win 0.00 margin  -60.7  |td| 0.009  eval vs random win 1.00 (+124.9)  vs greedy win 0.00 (-71.2)  [1689s]
 27500 games  eps 0.020  train win 0.01 margin  -59.5  |td| 0.009  eval vs random win 1.00 (+118.7)  vs greedy win 0.00 (-83.2)  [1719s]
 28000 games  eps 0.020  train win 0.00 margin  -62.4  |td| 0.010  eval vs random win 0.98 (+119.1)  vs greedy win 0.00 (-73.0)  [1749s]
 28500 games  eps 0.020  train win 0.01 margin  -61.0  |td| 0.009  eval vs random win 1.00 (+126.5)  vs greedy win 0.00 (-73.4)  [1781s]
 29000 games  eps 0.020  train win 0.00 margin  -64.8  |td| 0.009  eval vs random win 1.00 (+128.0)  vs greedy win 0.00 (-74.8)  [1813s]
 29500 games  eps 0.020  train win 0.01 margin  -59.6  |td| 0.009  eval vs random win 0.97 (+125.4)  vs greedy win 0.00 (-74.8)  [1845s]
 30000 games  eps 0.020  train win 0.01 margin  -61.8  |td| 0.009  eval vs random win 0.99 (+110.3)  vs greedy win 0.00 (-76.8)  [1878s]
saved runs\linear\pass5\p5e_q_self_s1.json  (ttr-dash runs\linear\pass5\p5e_q_self_s1.json to analyze)
