training q vs self: 30000 games, alpha 0.05, epsilon 0.2 -> 0.02, reward margin; average 100
(best checkpoint kept by margin vs greedy; play it as linear:runs\linear\pass5\p5e_q_self_s2.json@best)
live: runs\linear\pass5\p5e_q_self_s2.json rewritten every 500 games (watch with ttr-dash --live runs\linear\pass5\p5e_q_self_s2.json)
   500 games  eps 0.110  train win 0.00 margin  -98.3  |td| 0.015  eval vs random win 1.00 (+124.5)  vs greedy win 0.00 (-85.3)  [20s]
  1000 games  eps 0.020  train win 0.41 margin  -20.9  |td| 0.016  eval vs random win 1.00 (+140.0)  vs greedy win 0.45 (-8.6)  [48s]
  1500 games  eps 0.020  train win 0.12 margin  -35.8  |td| 0.017  eval vs random win 1.00 (+132.5)  vs greedy win 0.14 (-30.2)  [80s]
  2000 games  eps 0.020  train win 0.24 margin  -21.3  |td| 0.013  eval vs random win 1.00 (+138.4)  vs greedy win 0.18 (-26.1)  [113s]
  2500 games  eps 0.020  train win 0.39 margin  -10.5  |td| 0.013  eval vs random win 1.00 (+149.2)  vs greedy win 0.38 (-8.3)  [149s]
  3000 games  eps 0.020  train win 0.44 margin   -5.4  |td| 0.015  eval vs random win 1.00 (+138.1)  vs greedy win 0.57 (+3.9)  [184s]
  3500 games  eps 0.020  train win 0.49 margin   -2.6  |td| 0.012  eval vs random win 1.00 (+147.2)  vs greedy win 0.55 (+5.7)  [219s]
  4000 games  eps 0.020  train win 0.45 margin   -2.7  |td| 0.011  eval vs random win 1.00 (+144.1)  vs greedy win 0.54 (+1.6)  [253s]
  4500 games  eps 0.020  train win 0.43 margin   -5.7  |td| 0.011  eval vs random win 1.00 (+159.3)  vs greedy win 0.54 (+3.6)  [288s]
  5000 games  eps 0.020  train win 0.42 margin   -6.3  |td| 0.009  eval vs random win 1.00 (+148.8)  vs greedy win 0.55 (+2.9)  [321s]
  5500 games  eps 0.020  train win 0.25 margin  -29.5  |td| 0.010  eval vs random win 1.00 (+141.8)  vs greedy win 0.22 (-26.9)  [353s]
  6000 games  eps 0.020  train win 0.24 margin  -28.4  |td| 0.010  eval vs random win 1.00 (+135.2)  vs greedy win 0.01 (-60.1)  [384s]
  6500 games  eps 0.020  train win 0.22 margin  -28.9  |td| 0.010  eval vs random win 1.00 (+127.0)  vs greedy win 0.04 (-57.6)  [416s]
  7000 games  eps 0.020  train win 0.01 margin  -63.3  |td| 0.009  eval vs random win 1.00 (+138.8)  vs greedy win 0.02 (-64.2)  [444s]
  7500 games  eps 0.020  train win 0.07 margin  -39.7  |td| 0.010  eval vs random win 1.00 (+145.7)  vs greedy win 0.02 (-59.4)  [474s]
  8000 games  eps 0.020  train win 0.04 margin  -46.3  |td| 0.009  eval vs random win 1.00 (+147.9)  vs greedy win 0.01 (-59.5)  [504s]
  8500 games  eps 0.020  train win 0.03 margin  -48.9  |td| 0.009  eval vs random win 1.00 (+146.7)  vs greedy win 0.01 (-57.8)  [534s]
  9000 games  eps 0.020  train win 0.01 margin  -58.0  |td| 0.008  eval vs random win 1.00 (+133.5)  vs greedy win 0.01 (-72.6)  [563s]
  9500 games  eps 0.020  train win 0.05 margin  -50.1  |td| 0.009  eval vs random win 1.00 (+138.2)  vs greedy win 0.01 (-58.5)  [596s]
 10000 games  eps 0.020  train win 0.01 margin  -65.6  |td| 0.009  eval vs random win 1.00 (+137.2)  vs greedy win 0.01 (-67.9)  [627s]
 10500 games  eps 0.020  train win 0.01 margin  -57.6  |td| 0.009  eval vs random win 1.00 (+142.6)  vs greedy win 0.00 (-66.0)  [658s]
 11000 games  eps 0.020  train win 0.01 margin  -56.5  |td| 0.008  eval vs random win 1.00 (+139.4)  vs greedy win 0.00 (-70.6)  [690s]
 11500 games  eps 0.020  train win 0.01 margin  -57.6  |td| 0.009  eval vs random win 1.00 (+137.8)  vs greedy win 0.00 (-71.7)  [721s]
 12000 games  eps 0.020  train win 0.00 margin  -61.7  |td| 0.008  eval vs random win 1.00 (+133.6)  vs greedy win 0.00 (-72.4)  [752s]
 12500 games  eps 0.020  train win 0.02 margin  -60.2  |td| 0.009  eval vs random win 1.00 (+138.9)  vs greedy win 0.00 (-73.4)  [784s]
 13000 games  eps 0.020  train win 0.01 margin  -62.5  |td| 0.009  eval vs random win 1.00 (+133.4)  vs greedy win 0.00 (-69.2)  [815s]
 13500 games  eps 0.020  train win 0.01 margin  -60.5  |td| 0.009  eval vs random win 1.00 (+142.8)  vs greedy win 0.01 (-69.9)  [846s]
 14000 games  eps 0.020  train win 0.01 margin  -57.7  |td| 0.009  eval vs random win 1.00 (+143.2)  vs greedy win 0.00 (-73.1)  [878s]
 14500 games  eps 0.020  train win 0.02 margin  -57.5  |td| 0.009  eval vs random win 0.98 (+125.1)  vs greedy win 0.00 (-68.3)  [910s]
 15000 games  eps 0.020  train win 0.01 margin  -58.3  |td| 0.009  eval vs random win 1.00 (+151.4)  vs greedy win 0.00 (-67.2)  [941s]
 15500 games  eps 0.020  train win 0.01 margin  -60.0  |td| 0.009  eval vs random win 1.00 (+127.8)  vs greedy win 0.00 (-72.3)  [971s]
 16000 games  eps 0.020  train win 0.02 margin  -57.1  |td| 0.009  eval vs random win 1.00 (+130.8)  vs greedy win 0.00 (-70.6)  [1004s]
 16500 games  eps 0.020  train win 0.01 margin  -61.5  |td| 0.009  eval vs random win 1.00 (+130.2)  vs greedy win 0.00 (-77.0)  [1034s]
 17000 games  eps 0.020  train win 0.01 margin  -61.8  |td| 0.009  eval vs random win 1.00 (+151.5)  vs greedy win 0.00 (-62.7)  [1066s]
 17500 games  eps 0.020  train win 0.01 margin  -59.3  |td| 0.009  eval vs random win 1.00 (+125.8)  vs greedy win 0.00 (-68.2)  [1098s]
 18000 games  eps 0.020  train win 0.01 margin  -59.7  |td| 0.009  eval vs random win 0.99 (+132.3)  vs greedy win 0.00 (-72.6)  [1130s]
 18500 games  eps 0.020  train win 0.01 margin  -60.4  |td| 0.008  eval vs random win 0.98 (+120.5)  vs greedy win 0.00 (-76.5)  [1162s]
 19000 games  eps 0.020  train win 0.00 margin  -62.6  |td| 0.008  eval vs random win 1.00 (+115.0)  vs greedy win 0.00 (-78.2)  [1194s]
 19500 games  eps 0.020  train win 0.02 margin  -60.0  |td| 0.009  eval vs random win 1.00 (+128.3)  vs greedy win 0.00 (-66.6)  [1226s]
 20000 games  eps 0.020  train win 0.01 margin  -60.4  |td| 0.008  eval vs random win 1.00 (+124.7)  vs greedy win 0.00 (-73.8)  [1257s]
 20500 games  eps 0.020  train win 0.01 margin  -64.0  |td| 0.008  eval vs random win 1.00 (+129.1)  vs greedy win 0.00 (-78.6)  [1287s]
 21000 games  eps 0.020  train win 0.01 margin  -62.1  |td| 0.008  eval vs random win 1.00 (+119.3)  vs greedy win 0.00 (-66.7)  [1317s]
 21500 games  eps 0.020  train win 0.01 margin  -58.4  |td| 0.009  eval vs random win 1.00 (+127.1)  vs greedy win 0.00 (-69.5)  [1349s]
 22000 games  eps 0.020  train win 0.01 margin  -62.2  |td| 0.008  eval vs random win 1.00 (+122.2)  vs greedy win 0.00 (-75.7)  [1379s]
 22500 games  eps 0.020  train win 0.00 margin  -61.0  |td| 0.008  eval vs random win 0.99 (+121.8)  vs greedy win 0.00 (-76.0)  [1410s]
 23000 games  eps 0.020  train win 0.01 margin  -62.2  |td| 0.008  eval vs random win 0.99 (+113.1)  vs greedy win 0.00 (-78.0)  [1441s]
 23500 games  eps 0.020  train win 0.01 margin  -62.5  |td| 0.008  eval vs random win 0.99 (+122.1)  vs greedy win 0.00 (-73.1)  [1472s]
 24000 games  eps 0.020  train win 0.01 margin  -64.0  |td| 0.008  eval vs random win 1.00 (+117.2)  vs greedy win 0.00 (-78.8)  [1502s]
 24500 games  eps 0.020  train win 0.01 margin  -64.4  |td| 0.008  eval vs random win 1.00 (+115.4)  vs greedy win 0.00 (-69.2)  [1532s]
 25000 games  eps 0.020  train win 0.01 margin  -61.3  |td| 0.009  eval vs random win 1.00 (+137.8)  vs greedy win 0.00 (-77.4)  [1563s]
 25500 games  eps 0.020  train win 0.01 margin  -62.7  |td| 0.009  eval vs random win 0.99 (+132.3)  vs greedy win 0.00 (-77.0)  [1593s]
 26000 games  eps 0.020  train win 0.01 margin  -61.1  |td| 0.009  eval vs random win 0.99 (+130.9)  vs greedy win 0.00 (-69.5)  [1624s]
 26500 games  eps 0.020  train win 0.01 margin  -60.1  |td| 0.009  eval vs random win 1.00 (+132.2)  vs greedy win 0.00 (-73.2)  [1652s]
 27000 games  eps 0.020  train win 0.00 margin  -63.5  |td| 0.008  eval vs random win 1.00 (+133.9)  vs greedy win 0.00 (-74.7)  [1681s]
 27500 games  eps 0.020  train win 0.01 margin  -62.7  |td| 0.009  eval vs random win 1.00 (+123.6)  vs greedy win 0.00 (-77.0)  [1706s]
 28000 games  eps 0.020  train win 0.01 margin  -59.8  |td| 0.008  eval vs random win 1.00 (+115.2)  vs greedy win 0.00 (-69.8)  [1731s]
 28500 games  eps 0.020  train win 0.01 margin  -60.7  |td| 0.009  eval vs random win 1.00 (+121.5)  vs greedy win 0.00 (-72.5)  [1757s]
 29000 games  eps 0.020  train win 0.00 margin  -63.9  |td| 0.008  eval vs random win 1.00 (+116.1)  vs greedy win 0.00 (-76.3)  [1780s]
 29500 games  eps 0.020  train win 0.01 margin  -64.2  |td| 0.008  eval vs random win 0.99 (+123.6)  vs greedy win 0.00 (-77.1)  [1803s]
 30000 games  eps 0.020  train win 0.00 margin  -62.2  |td| 0.008  eval vs random win 1.00 (+128.2)  vs greedy win 0.00 (-70.1)  [1824s]
saved runs\linear\pass5\p5e_q_self_s2.json  (ttr-dash runs\linear\pass5\p5e_q_self_s2.json to analyze)
