training q vs self: 30000 games, alpha 0.05, epsilon 0.2 -> 0.02, reward margin; average 100
(best checkpoint kept by margin vs greedy; play it as linear:runs\linear\pass5\p5e_q_self_s4.json@best)
live: runs\linear\pass5\p5e_q_self_s4.json rewritten every 500 games (watch with ttr-dash --live runs\linear\pass5\p5e_q_self_s4.json)
   500 games  eps 0.110  train win 0.00 margin -104.9  |td| 0.016  eval vs random win 1.00 (+130.9)  vs greedy win 0.00 (-90.9)  [20s]
  1000 games  eps 0.020  train win 0.43 margin  -18.0  |td| 0.016  eval vs random win 1.00 (+139.3)  vs greedy win 0.27 (-16.8)  [45s]
  1500 games  eps 0.020  train win 0.13 margin  -35.1  |td| 0.017  eval vs random win 1.00 (+129.6)  vs greedy win 0.23 (-26.6)  [73s]
  2000 games  eps 0.020  train win 0.26 margin  -20.5  |td| 0.014  eval vs random win 1.00 (+127.4)  vs greedy win 0.20 (-23.1)  [102s]
  2500 games  eps 0.020  train win 0.34 margin  -11.4  |td| 0.013  eval vs random win 1.00 (+146.7)  vs greedy win 0.22 (-22.4)  [130s]
  3000 games  eps 0.020  train win 0.44 margin   -5.3  |td| 0.012  eval vs random win 1.00 (+150.5)  vs greedy win 0.26 (-19.5)  [154s]
  3500 games  eps 0.020  train win 0.43 margin   -4.0  |td| 0.011  eval vs random win 1.00 (+154.4)  vs greedy win 0.22 (-18.1)  [178s]
  4000 games  eps 0.020  train win 0.52 margin   +0.3  |td| 0.011  eval vs random win 1.00 (+151.2)  vs greedy win 0.30 (-15.1)  [200s]
  4500 games  eps 0.020  train win 0.35 margin  -12.7  |td| 0.011  eval vs random win 1.00 (+159.7)  vs greedy win 0.30 (-10.6)  [224s]
  5000 games  eps 0.020  train win 0.45 margin   -4.0  |td| 0.011  eval vs random win 1.00 (+145.3)  vs greedy win 0.34 (-8.9)  [244s]
  5500 games  eps 0.020  train win 0.42 margin   -7.1  |td| 0.010  eval vs random win 1.00 (+157.0)  vs greedy win 0.48 (+0.2)  [266s]
  6000 games  eps 0.020  train win 0.25 margin  -16.7  |td| 0.010  eval vs random win 1.00 (+143.4)  vs greedy win 0.27 (-18.1)  [285s]
  6500 games  eps 0.020  train win 0.26 margin  -21.6  |td| 0.009  eval vs random win 1.00 (+148.4)  vs greedy win 0.33 (-9.1)  [304s]
  7000 games  eps 0.020  train win 0.25 margin  -23.0  |td| 0.009  eval vs random win 1.00 (+133.1)  vs greedy win 0.34 (-12.1)  [323s]
  7500 games  eps 0.020  train win 0.10 margin  -53.9  |td| 0.010  eval vs random win 1.00 (+158.7)  vs greedy win 0.26 (-13.2)  [340s]
  8000 games  eps 0.020  train win 0.20 margin  -26.0  |td| 0.010  eval vs random win 1.00 (+142.2)  vs greedy win 0.37 (-6.4)  [358s]
  8500 games  eps 0.020  train win 0.24 margin  -21.9  |td| 0.010  eval vs random win 1.00 (+126.7)  vs greedy win 0.21 (-22.2)  [376s]
  9000 games  eps 0.020  train win 0.22 margin  -22.2  |td| 0.010  eval vs random win 1.00 (+139.1)  vs greedy win 0.24 (-18.1)  [394s]
  9500 games  eps 0.020  train win 0.22 margin  -33.5  |td| 0.010  eval vs random win 1.00 (+147.0)  vs greedy win 0.30 (-15.0)  [412s]
 10000 games  eps 0.020  train win 0.13 margin  -40.0  |td| 0.011  eval vs random win 1.00 (+135.5)  vs greedy win 0.22 (-24.2)  [430s]
 10500 games  eps 0.020  train win 0.23 margin  -26.6  |td| 0.011  eval vs random win 1.00 (+140.2)  vs greedy win 0.26 (-20.4)  [450s]
 11000 games  eps 0.020  train win 0.25 margin  -19.6  |td| 0.010  eval vs random win 1.00 (+142.1)  vs greedy win 0.28 (-15.5)  [478s]
 11500 games  eps 0.020  train win 0.16 margin  -30.0  |td| 0.010  eval vs random win 1.00 (+136.9)  vs greedy win 0.16 (-22.6)  [504s]
 12000 games  eps 0.020  train win 0.26 margin  -20.9  |td| 0.010  eval vs random win 1.00 (+143.7)  vs greedy win 0.40 (-10.5)  [530s]
 12500 games  eps 0.020  train win 0.26 margin  -17.4  |td| 0.010  eval vs random win 1.00 (+152.5)  vs greedy win 0.31 (-11.8)  [559s]
 13000 games  eps 0.020  train win 0.12 margin  -33.4  |td| 0.010  eval vs random win 1.00 (+138.9)  vs greedy win 0.16 (-26.0)  [585s]
 13500 games  eps 0.020  train win 0.22 margin  -23.8  |td| 0.010  eval vs random win 1.00 (+130.9)  vs greedy win 0.03 (-43.1)  [611s]
 14000 games  eps 0.020  train win 0.14 margin  -36.1  |td| 0.010  eval vs random win 1.00 (+134.5)  vs greedy win 0.17 (-26.3)  [639s]
 14500 games  eps 0.020  train win 0.20 margin  -26.7  |td| 0.010  eval vs random win 1.00 (+138.2)  vs greedy win 0.15 (-28.0)  [665s]
 15000 games  eps 0.020  train win 0.13 margin  -33.8  |td| 0.010  eval vs random win 1.00 (+136.7)  vs greedy win 0.23 (-19.9)  [693s]
 15500 games  eps 0.020  train win 0.17 margin  -34.5  |td| 0.010  eval vs random win 1.00 (+134.0)  vs greedy win 0.09 (-36.2)  [719s]
 16000 games  eps 0.020  train win 0.35 margin  -12.3  |td| 0.010  eval vs random win 1.00 (+149.2)  vs greedy win 0.30 (-13.5)  [746s]
 16500 games  eps 0.020  train win 0.15 margin  -31.7  |td| 0.011  eval vs random win 1.00 (+134.6)  vs greedy win 0.22 (-19.6)  [774s]
 17000 games  eps 0.020  train win 0.22 margin  -20.8  |td| 0.010  eval vs random win 1.00 (+150.9)  vs greedy win 0.23 (-18.6)  [800s]
 17500 games  eps 0.020  train win 0.29 margin  -16.3  |td| 0.010  eval vs random win 1.00 (+148.6)  vs greedy win 0.35 (-11.8)  [827s]
 18000 games  eps 0.020  train win 0.14 margin  -37.7  |td| 0.011  eval vs random win 1.00 (+133.0)  vs greedy win 0.21 (-23.3)  [855s]
 18500 games  eps 0.020  train win 0.17 margin  -30.3  |td| 0.010  eval vs random win 1.00 (+133.7)  vs greedy win 0.14 (-29.7)  [880s]
 19000 games  eps 0.020  train win 0.17 margin  -30.6  |td| 0.010  eval vs random win 1.00 (+125.2)  vs greedy win 0.07 (-40.6)  [908s]
 19500 games  eps 0.020  train win 0.17 margin  -33.3  |td| 0.011  eval vs random win 1.00 (+133.8)  vs greedy win 0.11 (-30.9)  [934s]
 20000 games  eps 0.020  train win 0.19 margin  -26.4  |td| 0.011  eval vs random win 1.00 (+151.8)  vs greedy win 0.33 (-11.8)  [960s]
 20500 games  eps 0.020  train win 0.12 margin  -43.4  |td| 0.010  eval vs random win 1.00 (+135.4)  vs greedy win 0.13 (-31.8)  [988s]
 21000 games  eps 0.020  train win 0.13 margin  -43.0  |td| 0.011  eval vs random win 1.00 (+132.5)  vs greedy win 0.04 (-43.0)  [1014s]
 21500 games  eps 0.020  train win 0.19 margin  -34.6  |td| 0.011  eval vs random win 1.00 (+138.8)  vs greedy win 0.02 (-49.8)  [1039s]
 22000 games  eps 0.020  train win 0.21 margin  -21.6  |td| 0.010  eval vs random win 1.00 (+141.2)  vs greedy win 0.33 (-11.4)  [1068s]
 22500 games  eps 0.020  train win 0.12 margin  -40.4  |td| 0.010  eval vs random win 1.00 (+128.8)  vs greedy win 0.04 (-50.0)  [1094s]
 23000 games  eps 0.020  train win 0.22 margin  -24.8  |td| 0.010  eval vs random win 1.00 (+127.0)  vs greedy win 0.09 (-38.0)  [1122s]
 23500 games  eps 0.020  train win 0.21 margin  -24.2  |td| 0.011  eval vs random win 1.00 (+135.6)  vs greedy win 0.29 (-14.9)  [1150s]
 24000 games  eps 0.020  train win 0.16 margin  -32.2  |td| 0.010  eval vs random win 1.00 (+145.9)  vs greedy win 0.28 (-19.2)  [1175s]
 24500 games  eps 0.020  train win 0.23 margin  -31.5  |td| 0.011  eval vs random win 1.00 (+146.4)  vs greedy win 0.39 (-5.9)  [1205s]
 25000 games  eps 0.020  train win 0.17 margin  -40.5  |td| 0.011  eval vs random win 1.00 (+146.4)  vs greedy win 0.30 (-13.1)  [1230s]
 25500 games  eps 0.020  train win 0.16 margin  -34.5  |td| 0.011  eval vs random win 1.00 (+154.0)  vs greedy win 0.35 (-9.3)  [1256s]
 26000 games  eps 0.020  train win 0.09 margin  -51.5  |td| 0.011  eval vs random win 1.00 (+116.0)  vs greedy win 0.04 (-59.5)  [1285s]
 26500 games  eps 0.020  train win 0.11 margin  -50.4  |td| 0.011  eval vs random win 1.00 (+131.9)  vs greedy win 0.00 (-77.0)  [1310s]
 27000 games  eps 0.020  train win 0.09 margin  -42.8  |td| 0.012  eval vs random win 1.00 (+140.2)  vs greedy win 0.07 (-42.9)  [1338s]
 27500 games  eps 0.020  train win 0.19 margin  -23.8  |td| 0.011  eval vs random win 1.00 (+140.7)  vs greedy win 0.25 (-17.6)  [1364s]
 28000 games  eps 0.020  train win 0.17 margin  -35.7  |td| 0.011  eval vs random win 1.00 (+138.2)  vs greedy win 0.29 (-20.9)  [1389s]
 28500 games  eps 0.020  train win 0.09 margin  -46.9  |td| 0.011  eval vs random win 0.99 (+125.8)  vs greedy win 0.05 (-54.7)  [1418s]
 29000 games  eps 0.020  train win 0.16 margin  -32.5  |td| 0.011  eval vs random win 1.00 (+135.0)  vs greedy win 0.10 (-31.7)  [1443s]
 29500 games  eps 0.020  train win 0.17 margin  -23.6  |td| 0.011  eval vs random win 1.00 (+135.9)  vs greedy win 0.23 (-20.0)  [1470s]
 30000 games  eps 0.020  train win 0.11 margin  -38.0  |td| 0.011  eval vs random win 1.00 (+139.1)  vs greedy win 0.23 (-21.3)  [1498s]
saved runs\linear\pass5\p5e_q_self_s4.json  (ttr-dash runs\linear\pass5\p5e_q_self_s4.json to analyze)
