started 2026-09-27T01:43:25
start 2026-09-27T01:43:25  p5a_q_random_s0
start 2026-09-27T01:43:25  p5b_sarsa_random_s0
start 2026-09-27T01:43:25  p5c_q_greedy_s0
start 2026-09-27T01:43:25  p5d_q_mixed_s0
start 2026-09-27T01:43:25  p5e_q_self_s0
start 2026-09-27T01:43:25  p5a_q_random_s1
start 2026-09-27T01:43:25  p5b_sarsa_random_s1
start 2026-09-27T01:43:25  p5c_q_greedy_s1
start 2026-09-27T01:43:25  p5d_q_mixed_s1
start 2026-09-27T01:43:25  p5e_q_self_s1
start 2026-09-27T01:43:25  p5a_q_random_s2
start 2026-09-27T01:43:25  p5b_sarsa_random_s2
start 2026-09-27T02:11:16  p5c_q_greedy_s2
start 2026-09-27T02:11:26  p5d_q_mixed_s2
start 2026-09-27T02:11:56  p5e_q_self_s2
start 2026-09-27T02:11:56  p5a_q_random_s3
start 2026-09-27T02:12:07  p5b_sarsa_random_s3
start 2026-09-27T02:12:27  p5c_q_greedy_s3
start 2026-09-27T02:12:37  p5d_q_mixed_s3
start 2026-09-27T02:13:27  p5e_q_self_s3
start 2026-09-27T02:13:57  p5a_q_random_s4
start 2026-09-27T02:14:07  p5b_sarsa_random_s4
start 2026-09-27T02:14:27  p5c_q_greedy_s4
start 2026-09-27T02:15:07  p5d_q_mixed_s4
start 2026-09-27T02:37:58  p5e_q_self_s4
exit 0  p5a_q_random_s0
exit 0  p5b_sarsa_random_s0
exit 0  p5c_q_greedy_s0
exit 0  p5d_q_mixed_s0
exit 0  p5e_q_self_s0
exit 0  p5a_q_random_s1
exit 0  p5b_sarsa_random_s1
exit 0  p5c_q_greedy_s1
exit 0  p5d_q_mixed_s1
exit 0  p5e_q_self_s1
exit 0  p5a_q_random_s2
exit 0  p5b_sarsa_random_s2
exit 0  p5c_q_greedy_s2
exit 0  p5d_q_mixed_s2
exit 0  p5e_q_self_s2
exit 0  p5a_q_random_s3
exit 0  p5b_sarsa_random_s3
exit 0  p5c_q_greedy_s3
exit 0  p5d_q_mixed_s3
exit 0  p5e_q_self_s3
exit 0  p5a_q_random_s4
exit 0  p5b_sarsa_random_s4
exit 0  p5c_q_greedy_s4
exit 0  p5d_q_mixed_s4
exit 0  p5e_q_self_s4
finished 2026-09-27T03:03:19
